******************************************************************************
            TI ARM Clang Linker PC v2.1.0                      
******************************************************************************
>> Linked Tue Jun 20 21:04:52 2023

OUTPUT FILE NAME:   <_device_tortoiseV1.1_ticlang.out>
ENTRY POINT SYMBOL: "ResetISR"  address: 00013f35


MEMORY CONFIGURATION

         name            origin    length      used     unused   attr    fill
----------------------  --------  ---------  --------  --------  ----  --------
  FLASH                 00000000   00058000  00017eb8  00040148  R  X
  GPRAM                 11000000   00002000  00000000  00002000  RW X
  SRAM                  20000000   00014000  00010349  00003cb7  RW X
  LOG_DATA              90000000   00040000  00000000  00040000  R   


SEGMENT ALLOCATION MAP

run origin  load origin   length   init length attrs members
----------  ----------- ---------- ----------- ----- -------
00000000    00000000    00017928   00017928    r-x
  00000000    00000000    0000003c   0000003c    r-- .resetVecs
  00000040    00000040    00013f84   00013f84    r-x .text
  00013fc4    00013fc4    00000008   00000008    r-- .init_array
  00013fd0    00013fd0    00003958   00003958    r-- .rodata
00017928    00017928    00000008   00000008    rw-
  00017928    00017928    00000008   00000008    rw- .args
00017930    00017930    00000538   00000538    r--
  00017930    00017930    00000530   00000530    r-- .cinit
  00017e60    00017e60    00000008   00000008    r-- .ARM.exidx
00057fa8    00057fa8    00000058   00000058    r--
  00057fa8    00057fa8    00000058   00000058    r-- .ccfg
20001810    20001810    00000010   00000000    rw-
  20001810    20001810    00000010   00000000    rw- .TI.bound:dmaUart0RxControlTableEntry
20001820    20001820    00000010   00000000    rw-
  20001820    20001820    00000010   00000000    rw- .TI.bound:dmaUart0TxControlTableEntry
20001830    20001830    00000010   00000000    rw-
  20001830    20001830    00000010   00000000    rw- .TI.bound:dmaSpi0RxControlTableEntry
20001840    20001840    00000010   00000000    rw-
  20001840    20001840    00000010   00000000    rw- .TI.bound:dmaSpi0TxControlTableEntry
20001850    20001850    00000010   00000000    rw-
  20001850    20001850    00000010   00000000    rw- .TI.bound:dmaUart1RxControlTableEntry
20001860    20001860    00000010   00000000    rw-
  20001860    20001860    00000010   00000000    rw- .TI.bound:dmaUart1TxControlTableEntry
20001a30    20001a30    00000010   00000000    rw-
  20001a30    20001a30    00000010   00000000    rw- .TI.bound:dmaSpi0RxAltControlTableEntry
20001a40    20001a40    00007db0   00000000    rw-
  20001a40    20001a40    00000010   00000000    rw- .TI.bound:dmaSpi0TxAltControlTableEntry
  20001a50    20001a50    00007da0   00000000    rw- .bss
200097f0    200097f0    00004000   00000000    r--
  200097f0    200097f0    00004000   00000000    r-- .priheap
2000d7f0    2000d7f0    00003e51   00000000    rw-
  2000d7f0    2000d7f0    00003e51   00000000    rw- .data
20013a00    20013a00    00000600   00000000    rw-
  20013a00    20013a00    00000600   00000000    rw- .stack


SECTION ALLOCATION MAP

 output                                  attributes/
section   page    origin      length       input sections
--------  ----  ----------  ----------   ----------------
.binit     0    00000000    00000000     

.cinit     0    00017930    00000530     
                  00017930    00000489     (.cinit..data.load) [load image, compression = lzss]
                  00017db9    00000003     --HOLE-- [fill = 0]
                  00017dbc    0000000c     (__TI_handler_table)
                  00017dc8    00000008     (.cinit..TI.bound:dmaSpi0RxAltControlTableEntry.load) [load image, compression = zero_init]
                  00017dd0    00000008     (.cinit..TI.bound:dmaSpi0RxControlTableEntry.load) [load image, compression = zero_init]
                  00017dd8    00000008     (.cinit..TI.bound:dmaSpi0TxAltControlTableEntry.load) [load image, compression = zero_init]
                  00017de0    00000008     (.cinit..TI.bound:dmaSpi0TxControlTableEntry.load) [load image, compression = zero_init]
                  00017de8    00000008     (.cinit..TI.bound:dmaUart0RxControlTableEntry.load) [load image, compression = zero_init]
                  00017df0    00000008     (.cinit..TI.bound:dmaUart0TxControlTableEntry.load) [load image, compression = zero_init]
                  00017df8    00000008     (.cinit..TI.bound:dmaUart1RxControlTableEntry.load) [load image, compression = zero_init]
                  00017e00    00000008     (.cinit..TI.bound:dmaUart1TxControlTableEntry.load) [load image, compression = zero_init]
                  00017e08    00000008     (.cinit..bss.load) [load image, compression = zero_init]
                  00017e10    00000050     (__TI_cinit_table)

.init_array 
*          0    00013fc4    00000008     
                  00013fc4    00000004     task_i2c0_imu_accel_gyro.o (.init_array)
                  00013fc8    00000004     state_machine.o (.init_array)

.ccfg      0    00057fa8    00000058     
                  00057fa8    00000058     ti_devices_config.o (.ccfg)

.bss       0    20001a50    00007da0     UNINITIALIZED
                  20001a50    00004a38     (.common:rtos_tasks_stack)
                  20006488    00001000     task_spi0_microsd.o (.bss.microsd_write_buffer)
                  20007488    00000400     (.common:ti_sysbios_knl_Idle_taskStack)
                  20007888    00000400     (.common:ti_sysbios_runtime_SysMin_outbuf)
                  20007c88    000002e0     (.common:uart2CC26X2Objects)
                  20007f68    000002c0     rf_multiMode_cc13x2.a : RFCC26X2_multiMode.c.cc13x2.ticlang.o (.bss.RF_cmdPool)
                  20008228    00000240     (.common:sdfatfsObjects)
                  20008468    000001f4     task_uart_printu.o (.bss._ZL7str_new)
                  2000865c    00000140     (.common:i2cCC26xxObjects)
                  2000879c    00000120     libsysbm.a : trgmsg.c.obj (.bss:_CIOBUF_)
                  200088bc    00000100     (.common:spiCC26X2DMAObjects)
                  200089bc    000000e4     (.common:gptimerCC26XXObjects)
                  20008aa0    000000d8     (.common:ti_sysbios_family_arm_m3_Hwi_dispatchTable)
                  20008b78    000000a0     (.common:__TI_tmpnams)
                  20008c18    00000096     task_adc0_sysmonitor.o (.bss._ZL3str)
                  20008cae    00000002     task_spi0_microsd.o (.bss._ZL14bytes_to_write)
                  20008cb0    00000088     libc.a : aeabi_atexit.c.obj (.bss.atexit_register.__atexit0)
                  20008d38    00000083     EasyLink.o (.bss.txBuffer)
                  20008dbb    00000001     --HOLE--
                  20008dbc    00000080     task_animal_activity.o (.bss.buffer_ax)
                  20008e3c    00000080     task_animal_activity.o (.bss.buffer_ay)
                  20008ebc    00000080     task_animal_activity.o (.bss.buffer_az)
                  20008f3c    0000007c     (.common:gpioCallbackFunctions)
                  20008fb8    0000007c     (.common:gpioUserArgs)
                  20009034    00000004     task_rfsub1ghz_ka.o (.bss._ZL20ka_frequency_asigned)
                  20009038    00000068     rf_multiMode_cc13x2.a : RFCC26X2_multiMode.c.cc13x2.ticlang.o (.bss.RF_ratModule)
                  200090a0    00000060     (.common:pwmTimerCC26XXObjects)
                  20009100    00000060     (.common:ti_sysbios_knl_ClockSupport_timerStruct)
                  20009160    0000005a     task_i2c0_imu_accel_gyro.o (.bss._ZL19animal_activity_str)
                  200091ba    00000002     --HOLE--
                  200091bc    00000058     (.common:ti_sysbios_knl_Idle_taskStruct)
                  20009214    00000050     drivers_cc13x2.a : ADCCC26XX.c.obj (.bss.adcSemaphore)
                  20009264    00000050     (.common:ti_sysbios_knl_Task_readyQs)
                  200092b4    00000044     rf_multiMode_cc13x2.a : RFCC26X2_multiMode.c.cc13x2.ticlang.o (.bss.RF_clkInactivityObj)
                  200092f8    00000044                           : RFCC26X2_multiMode.c.cc13x2.ticlang.o (.bss.RF_clkPowerUpObj)
                  2000933c    00000040     task_animal_activity.o (.bss._ZL13accel_data_ay)
                  2000937c    00000040     task_animal_activity.o (.bss._ZL13accel_data_az)
                  200093bc    0000003c     rf_multiMode_cc13x2.a : RFCC26X2_multiMode.c.cc13x2.ticlang.o (.bss.RF_swiHwObj)
                  200093f8    0000003c     ti_drivers_config.o (.bss.uart2RxRingBuffer0)
                  20009434    00000034     (.common:BIOS_heapTrackObject)
                  20009468    00000030     (.common:ti_sysbios_knl_Swi_readyQs)
                  20009498    0000002c     (.common:BIOS_heapMemObject)
                  200094c4    00000028     fatfs.a : ffcio.c.obj (.bss.filTable)
                  200094ec    00000028     (.common:BIOS_rtsGate)
                  20009514    00000028     (.common:ti_sysbios_heaps_HeapMem_gate)
                  2000953c    00000024     (.common:sem_adc0)
                  20009560    00000024     (.common:sem_i2c0)
                  20009584    00000024     (.common:sem_i2s0)
                  200095a8    00000024     (.common:sem_rfsub1GHz)
                  200095cc    00000024     (.common:sem_rfsub1GHz_packetTx)
                  200095f0    00000024     (.common:sem_spi0)
                  20009614    00000024     (.common:sem_state_machine)
                  20009638    00000024     (.common:sem_uart0)
                  2000965c    00000024     (.common:sem_uart1)
                  20009680    00000020     ti_drivers_config.o (.bss.uart2RxRingBuffer1)
                  200096a0    00000020     ti_drivers_config.o (.bss.uart2TxRingBuffer0)
                  200096c0    00000020     ti_drivers_config.o (.bss.uart2TxRingBuffer1)
                  200096e0    00000020     (.common:ti_sysbios_runtime_System_atexitHandlers)
                  20009700    00000020     (.common:udmaCC26XXObject)
                  20009720    0000001c     drivers_cc13x2.a : TemperatureCC26X2.c.obj (.bss.batmonHwi)
                  2000973c    0000001c                      : GPIOCC26X2.c.obj (.bss.gpioHwi)
                  20009758    00000014     (.common:ti_sysbios_hal_Seconds_Module_state)
                  2000976c    00000010                      : SDFatFS.c.obj (.bss.sdFatFSHandles)
                  2000977c    0000000c     (.common:sdspiObjects)
                  20009788    00000008                      : TemperatureCC26X2.c.obj (.bss.notificationList)
                  20009790    00000008     (.common:parmbuf)
                  20009798    00000006     (.common:adcCC26xxObjects)
                  2000979e    00000002     --HOLE--
                  200097a0    00000004     libc.a : aeabi_atexit.c.obj (.bss.__atexit)
                  200097a4    00000004     driverlib.lib : osc.o (.bss.oscHfGlobals.0)
                  200097a8    00000004                   : osc.o (.bss.oscHfGlobals.2)
                  200097ac    00000004                   : osc.o (.bss.oscHfGlobals.3)
                  200097b0    00000004                   : osc.o (.bss.oscHfGlobals.4)
                  200097b4    00000004     task_uart_printu.o (.bss.puart_print)
                  200097b8    00000004     (.common:PowerCC26XX_swiKey)
                  200097bc    00000004     (.common:PowerCC26XX_taskKey)
                  200097c0    00000004     (.common:pEasyLink_RF_prop)
                  200097c4    00000004     (.common:pEasyLink_cmdFs)
                  200097c8    00000004     (.common:pEasyLink_cmdPropCs)
                  200097cc    00000004     (.common:pEasyLink_cmdPropRadioSetup)
                  200097d0    00000004     (.common:pEasyLink_cmdPropRxAdv)
                  200097d4    00000004     (.common:pEasyLink_cmdPropTxAdv)
                  200097d8    00000004     (.common:pEasyLink_params)
                  200097dc    00000004     (.common:prfHandle)
                  200097e0    00000004     (.common:prfObject)
                  200097e4    00000004     (.common:prfParams)
                  200097e8    00000004     (.common:pschParams_prop)
                  200097ec    00000004     (.common:ti_sysbios_knl_Task_defaultStackHeap)

.data      0    2000d7f0    00003e51     UNINITIALIZED
                  2000d7f0    00001000     task_i2c0_imu_accel_gyro.o (.data._ZL14buffer_data_ag)
                  2000e7f0    00000800     task_i2c0_imu_mag.o (.data._ZL15buffer_data_mag)
                  2000eff0    00000516     task_uart_printu.o (.data._ZL10print_list)
                  2000f506    00000002     LSM9DS1.o (.data..L_MergedGlobals)
                  2000f508    00000218     task_rfsub1ghz_ka.o (.data._ZL20EasyLink_RfParams_KA)
                  2000f720    00000218     task_rfsub1ghz_tx_data.o (.data._ZL25EasyLink_RfParams_TX_DATA)
                  2000f938    00000210     task_i2c0_imu_accel_gyro.o (.data.imu)
                  2000fb48    00000174     drivers_cc13x2.a : PowerCC26X2.c.obj (.data.PowerCC26X2_module)
                  2000fcbc    00000164     task_temperature.o (.data._ZL16buffer_data_temp)
                  2000fe20    00000128     task_spi0_microsd.o (.data._ZL11buffer_data)
                  2000ff48    000000f0     libc.a : defs.c.obj (.data._ftable)
                  20010038    000000cc     rtos_tasks.o (.data.taskdata_adc0_sysmonitor)
                  20010104    000000cc     rtos_tasks.o (.data.taskdata_animal_activity)
                  200101d0    000000cc     rtos_tasks.o (.data.taskdata_i2c0_imu_accgyro)
                  2001029c    000000cc     rtos_tasks.o (.data.taskdata_i2c0_imu_mag)
                  20010368    000000cc     rtos_tasks.o (.data.taskdata_printu)
                  20010434    000000cc     rtos_tasks.o (.data.taskdata_pwmleds)
                  20010500    000000cc     rtos_tasks.o (.data.taskdata_rfsub_keep_alive)
                  200105cc    000000cc     rtos_tasks.o (.data.taskdata_rfsub_tx_data)
                  20010698    000000cc     rtos_tasks.o (.data.taskdata_spi0_microsd)
                  20010764    000000cc     rtos_tasks.o (.data.taskdata_temperature)
                  20010830    00000090     task_spi0_microsd.o (.data._ZL7microsd)
                  200108c0    0000008c     task_rfsub1ghz_ka.o (.data._ZL8txPacket)
                  2001094c    0000008c     task_rfsub1ghz_tx_data.o (.data._ZL8txPacket)
                  200109d8    00000082     task_uart_printu.o (.data._ZL13to_print_next)
                  20010a5a    00000002     task_i2c0_imu_mag.o (.data._ZL12data_counter)
                  20010a5c    0000007c     ti_drivers_config.o (.data.gpioPinConfigs)
                  20010ad8    00000078     ti_sysbios_config.o (.data..L_MergedGlobals.77)
                  20010b50    00000078     libsysbm.a : host_device.c.obj (.data._device)
                  20010bc8    00000074     state_machine.o (.data..L_MergedGlobals)
                  20010c3c    00000074     task_uart_printu.o (.data..L_MergedGlobals)
                  20010cb0    00000070     task_animal_activity.o (.data..L_MergedGlobals)
                  20010d20    0000006e     ti_radio_config_custom.o (.data.txPowerTable_169)
                  20010d8e    00000002     drivers_cc13x2.a : ADCCC26XX.c.obj (.data.adcInstance)
                  20010d90    00000068     rf_multiMode_cc13x2.a : RFCC26X2_multiMode.c.cc13x2.ticlang.o (.data..L_MergedGlobals.1)
                  20010df8    00000068     ti_sysbios_config.o (.data.ti_sysbios_knl_Clock_Module_state)
                  20010e60    00000064     rf_multiMode_cc13x2.a : RFCC26X2_multiMode.c.cc13x2.ticlang.o (.data..L_MergedGlobals.3)
                  20010ec4    00000058                           : RFCC26X2_multiMode.c.cc13x2.ticlang.o (.data..L_MergedGlobals.2)
                  20010f1c    00000058     EasyLink.o (.data..L_MergedGlobals)
                  20010f74    00000058     task_adc0_sysmonitor.o (.data..L_MergedGlobals)
                  20010fcc    00000004     drivers_cc13x2.a : TemperatureCC26X2.c.obj (.data..L_MergedGlobals)
                  20010fd0    00000058     task_rfsub1ghz_tx_data.o (.data..L_MergedGlobals)
                  20011028    00000058     ti_sysbios_config.o (.data..L_MergedGlobals)
                  20011080    00000054     ti_sysbios_config.o (.data..L_MergedGlobals.76)
                  200110d4    00000004     rf_multiMode_cc13x2.a : RFCC26X2_multiMode.c.cc13x2.ticlang.o (.data.RF_fsmActiveState.lfClockSourceLast)
                  200110d8    00000050     task_spi0_microsd.o (.data..L_MergedGlobals)
                  20011128    00000050     libsysbm.a : host_device.c.obj (.data._stream)
                  20011178    00000050     fatfs.a : diskio.c.obj (.data.drive_fxn_table)
                  200111c8    0000004c     task_animal_activity.o (.data..L_MergedGlobals.3)
                  20011214    00000048     EasyLink.o (.data..L_MergedGlobals.1)
                  2001125c    00000040     LSM9DS1.o (.data._ZL8i2c0_imu)
                  2001129c    00000040     ti_radio_config_custom.o (.data.pOverrides)
                  200112dc    00000034     task_uart_printu.o (.data.uart_print)
                  20011310    00000030     ti_radio_config_custom.o (.data.RF_cmdPropRxAdv)
                  20011340    00000030     ti_radio_config_custom.o (.data.RF_cmdPropRxAdv_KA)
                  20011370    0000002c     rtos_tasks.o (.data..L_MergedGlobals)
                  2001139c    0000002c     state_machine.o (.data._ZL17pwm_led_status2_s)
                  200113c8    0000002c     state_machine.o (.data.state_machine)
                  200113f4    00000028     ti_radio_config_custom.o (.data.RF_cmdPropRadioDivSetup)
                  2001141c    00000028     ti_radio_config_custom.o (.data.RF_cmdPropRadioDivSetup_KA)
                  20011444    00000024     ti_easylink_config.o (.data.EasyLink_KA_Phys)
                  20011468    00000024     ti_easylink_config.o (.data.EasyLink_TX_DATA_Phys)
                  2001148c    00000024     task_rfsub1ghz_ka.o (.data._ZL16sem_rfsub1ghz_ka)
                  200114b0    00000024     libc.a : localtim64.c.obj (.data.local_tm)
                  200114d4    00000020     task_spi0_microsd.o (.data..L_MergedGlobals.18)
                  200114f4    00000019     device_id_TI_CC13X2.o (.data..L_MergedGlobals)
                  2001150d    00000001     rf_multiMode_cc13x2.a : rf_patch_cpe_multi_protocol.c.cc13x2.ticlang.o (.data.bMultiProtocolPatchEntered)
                  2001150e    00000001     adc_AL.o (.data.flag_driver_init)
                  2001150f    00000001     i2c_AL.o (.data.i2c_init_flag)
                  20011510    00000018     ti_radio_config_custom.o (.data.RF_cmdFs)
                  20011528    00000018     ti_radio_config_custom.o (.data.RF_cmdFs_KA)
                  20011540    00000018     ti_radio_config_custom.o (.data.RF_cmdPropTx)
                  20011558    00000018     ti_radio_config_custom.o (.data.RF_cmdPropTx_KA)
                  20011570    00000014     fatfs.a : ff.c.obj (.data..L_MergedGlobals)
                  20011584    00000004     libc.a : defs.c.obj (.data.__TI_ft_end)
                  20011588    00000010     task_i2c0_imu_accel_gyro.o (.data..L_MergedGlobals)
                  20011598    00000010     ti_radio_config_custom.o (.data.RF_prop)
                  200115a8    00000010     ti_radio_config_custom.o (.data.RF_prop_KA)
                  200115b8    00000010     driverlib.lib : osc.o (.data._hposcCoeffs)
                  200115c8    00000010     libc.a : tmzone.c.obj (.data._tz)
                  200115d8    00000008            : exit.c.obj (.data..L_MergedGlobals)
                  200115e0    00000008     rf_multiMode_cc13x2.a : RFCC26X2_multiMode.c.cc13x2.ticlang.o (.data..L_MergedGlobals)
                  200115e8    00000008     task_temperature.o (.data..L_MergedGlobals)
                  200115f0    00000008     rf_multiMode_cc13x2.a : RFCC26X2_multiMode.c.cc13x2.ticlang.o (.data.RFCC26XX_schedulerPolicy)
                  200115f8    00000008     ti_sysbios_config.o (.data.ti_sysbios_gates_GateMutex_Module_state)
                  20011600    00000008     ti_sysbios_config.o (.data.ti_sysbios_heaps_HeapMem_Module_state)
                  20011608    00000008     ti_sysbios_config.o (.data.ti_sysbios_knl_Semaphore_Module_state)
                  20011610    00000006     task_adc0_sysmonitor.o (.data..L_MergedGlobals.11)
                  20011616    00000005     device_id_TI_CC13X2.o (.data._ZL14device_id_data)
                  2001161b    00000001     drivers_cc13x2.a : GPIOCC26X2.c.obj (.data.initCalled)
                  2001161c    00000004     libc.a : aeabi_portable.c.obj (.data.__aeabi_errno)
                  20011620    00000004     libc++abi.a : cxa_default_handlers.cpp.obj (.data.__cxa_new_handler)
                  20011624    00000004     libc.a : exit.c.obj (.data.__dso_handle)
                  20011628    00000004            : _lock.c.obj (.data._lock)
                  2001162c    00000004            : _lock.c.obj (.data._unlock)
                  20011630    00000004            : rand.c.obj (.data.next)
                  20011634    00000001            : fopen.c.obj (.data._search_fp.init)
                  20011635    00000001     drivers_cc13x2.a : ADC.c.obj (.data.isInitialized)
                  20011636    00000001                      : PWM.c.obj (.data.isInitialized)
                  20011637    00000001                      : SD.c.obj (.data.isInitialized)
                  20011638    00000001     libsysbm.a : add_device.c.obj (.data.add_device.device_init)
                  20011639    00000001     drivers_cc13x2.a : SDFatFS.c.obj (.data.isInitialized)
                  2001163a    00000001                      : SPI.c.obj (.data.isInitialized)
                  2001163b    00000001                      : TemperatureCC26X2.c.obj (.data.isInitialized)
                  2001163c    00000001     fatfs.a : ffcio.c.obj (.data.init)
                  2001163d    00000003     --HOLE--
                  20011640    00000001     libsysbm.a : open.c.obj (.data.open.stream_init)

.stack     0    20013a00    00000600     UNINITIALIZED
                  20013a00    00000004     sysbios.a : boot_cortex_m.obj (.stack)
                  20013a04    000005fc     --HOLE--

.priheap   0    200097f0    00004000     UNINITIALIZED
                  200097f0    00004000     --HOLE--

.log_data 
*          0    90000000    00000000     COPY SECTION

.resetVecs 
*          0    00000000    0000003c     
                  00000000    0000003c     ti_sysbios_config.o (.resetVecs)

.vecs      0    20000000    000000d8     NOLOAD SECTION
                  20000000    000000d8     ti_sysbios_config.o (.vecs)

.text      0    00000040    00013f84     
                  00000040    000009d4     libc.a : _printfi.c.obj (.text:__TI_printfi)
                  00000a14    00000498     rf_multiMode_cc13x2.a : RFCC26X2_multiMode.c.cc13x2.ticlang.o (.text.RF_fsmActiveState)
                  00000eac    00000448     libc.a : strftime.c.obj (.text.strftime)
                  000012f4    0000036c     EasyLink.o (.text.EasyLink_init_phys)
                  00001660    00000304     ti_sysbios_config.o (.text.ti_sysbios_runtime_System_doPrint)
                  00001964    00000004     ti_sysbios_config.o (.text.ClockP_destruct)
                  00001968    000002fc     task_adc0_sysmonitor.o (.text.task_adc0_sysmonitor)
                  00001c64    000002c8     drivers_cc13x2.a : SPICC26X2DMA.c.obj (.text.SPICC26X2DMA_transfer)
                  00001f2c    00000004     ti_sysbios_config.o (.text.ClockP_getSystemTicks)
                  00001f30    000002b8     libc.a : _printfi.c.obj (.text._pconv_a)
                  000021e8    0000029c     rf_multiMode_cc13x2.a : RFCC26X2_multiMode.c.cc13x2.ticlang.o (.text.RF_open)
                  00002484    00000288     libc.a : mktime64.c.obj (.text.__mktime64)
                  0000270c    00000268     fatfs.a : ff.c.obj (.text.find_volume)
                  00002974    00000004     ti_sysbios_config.o (.text.ClockP_getTimeout)
                  00002978    00000238     libc.a : _printfi.c.obj (.text._pconv_g)
                  00002bb0    000001f0     drivers_cc13x2.a : UART2CC26X2.c.obj (.text.UART2CC26X2_hwiIntFxn)
                  00002da0    000001ea     fatfs.a : ff.c.obj (.text.f_open)
                  00002f8a    00000002     ti_sysbios_config.o (.text.BIOS_nullFunc)
                  00002f8c    000001e8     rf_multiMode_cc13x2.a : RFCC26X2_multiMode.c.cc13x2.ticlang.o (.text.RF_scheduleCmd)
                  00003174    00000004     ti_sysbios_config.o (.text.ClockP_isActive)
                  00003178    000001e8     rtos_tasks.o (.text.rtos_task_creation)
                  00003360    000001e8     task_rfsub1ghz_tx_data.o (.text.task_rfsub1ghz_tx_data)
                  00003548    000001dc     rf_multiMode_cc13x2.a : RFCC26X2_multiMode.c.cc13x2.ticlang.o (.text.RF_dispatchNextCmd)
                  00003724    000001dc     state_machine.o (.text._Z18state_machine_ledsv)
                  00003900    000001cc     drivers_cc13x2.a : SDSPI.c.obj (.text.SDSPI_initialize)
                  00003acc    000001b8     fatfs.a : ff.c.obj (.text.follow_path)
                  00003c84    000001b6     libclang_rt.builtins.a : adddf3.S.obj (.text)
                  00003e3a    000001ae     drivers_cc13x2.a : SPICC26X2DMA.c.obj (.text.SPICC26X2DMA_hwiFxn)
                  00003fe8    000001a4     task_rfsub1ghz_ka.o (.text.task_rfsub1ghz_ka)
                  0000418c    00000004     ti_sysbios_config.o (.text.ClockP_setTimeout)
                  00004190    000001a0     libc.a : _printfi.c.obj (.text.fcvt)
                  00004330    0000019c     fatfs.a : ff.c.obj (.text.f_write)
                  000044cc    00000194     drivers_cc13x2.a : PowerCC26X2_calibrateRCOSC.c.obj (.text.PowerCC26X2_auxISR)
                  00004660    00000190     libc.a : localtim64.c.obj (.text.__localtime64)
                  000047f0    00000188     EasyLink.o (.text.EasyLink_transmitAsync)
                  00004978    00000188     drivers_cc13x2.a : SPICC26X2DMA.c.obj (.text.SPICC26X2DMA_open)
                  00004b00    00000184     libc.a : fwrite.c.obj (.text.fwrite)
                  00004c84    00000184     ti_sysbios_config.o (.text.ti_sysbios_family_arm_m3_Hwi_excDumpRegs)
                  00004e08    00000180     libc.a : _printfi.c.obj (.text._pconv_e)
                  00004f88    0000017c     drivers_cc13x2.a : UART2CC26X2.c.obj (.text.UART2_open)
                  00005104    00000174                      : UART2.c.obj (.text.UART2_writeTimeoutBlocking)
                  00005278    00000174     task_i2c0_imu_accel_gyro.o (.text.task_i2c0_imu_accgyro)
                  000053ec    00000172     fatfs.a : ff.c.obj (.text.f_read)
                  0000555e    00000002     ti_drivers_config.o (.text.Board_initHook)
                  00005560    00000168     task_spi0_microsd.o (.text._Z37microsd_set_date_and_create_firstfilev)
                  000056c8    00000164     fatfs.a : ff.c.obj (.text.f_lseek)
                  0000582c    00000160     drivers_cc13x2.a : SPICC26X2DMA.c.obj (.text.configNextTransfer)
                  0000598c    00000158                      : PowerCC26X2.c.obj (.text.Power_sleep)
                  00005ae4    00000148     rf_multiMode_cc13x2.a : RFCC26X2_multiMode.c.cc13x2.ticlang.o (.text.RF_radioOpDoneCb)
                  00005c2c    00000004     ti_sysbios_config.o (.text.ClockP_start)
                  00005c30    00000144     ti_sysbios_config.o (.text.ti_sysbios_runtime_System_printfExtend)
                  00005d74    0000013c     drivers_cc13x2.a : I2CCC26XX.c.obj (.text.I2C_open)
                  00005eb0    00000136     libclang_rt.builtins.a : divdf3.S.obj (.text)
                  00005fe6    00000132     fatfs.a : ff.c.obj (.text.f_mkdir)
                  00006118    0000012c     rf_multiMode_cc13x2.a : RFCC26X2_multiMode.c.cc13x2.ticlang.o (.text.RF_close)
                  00006244    0000012c                           : RFCC26X2_multiMode.c.cc13x2.ticlang.o (.text.RF_fsmSetupState)
                  00006370    00000126     drivers_cc13x2.a : I2C.c.obj (.text.I2C_transferTimeout)
                  00006496    00000002                      : I2C.c.obj (.text.I2C_init)
                  00006498    00000124     EasyLink.o (.text.EasyLink_setFrequency)
                  000065bc    00000124     rf_multiMode_cc13x2.a : RFCC26X2_multiMode.c.cc13x2.ticlang.o (.text.RF_abortCmd)
                  000066e0    00000122     drivers_cc13x2.a : SPICC26X2DMA.c.obj (.text.SPICC26X2DMA_transferCancel)
                  00006802    00000002     rf_multiMode_cc13x2.a : rfc.c.cc13x2.ticlang.o (.text.NOROM_RFCCpePatchReset)
                  00006804    00000120     libc.a : fopen.c.obj (.text._openfile)
                  00006924    00000120     ti_sysbios_config.o (.text.ti_sysbios_family_arm_cc26xx_Timer_construct)
                  00006a44    0000011c     sysbios.a : Hwi_asm_gnu.obj (.text.ti_sysbios_family_arm_m3_Hwi_dispatch)
                  00006b60    0000011a     drivers_cc13x2.a : UART2.c.obj (.text.UART2_writeTimeoutNonblocking)
                  00006c7a    00000002                      : PWMTimerCC26XX.c.obj (.text.PWMTimerCC26XX_init)
                  00006c7c    00000118                      : PowerCC26X2.c.obj (.text.Power_init)
                  00006d94    00000118     rf_multiMode_cc13x2.a : RFCC26X2_multiMode.c.cc13x2.ticlang.o (.text.RF_decodeOverridePointers)
                  00006eac    00000118     task_temperature.o (.text.task_temperature)
                  00006fc4    00000116     fatfs.a : ff.c.obj (.text.f_rename)
                  000070da    00000002     rf_multiMode_cc13x2.a : RFCC26X2_multiMode.c.cc13x2.ticlang.o (.text.RF_defaultCallback)
                  000070dc    00000110     task_i2c0_imu_mag.o (.text.task_i2c0_imu_mag)
                  000071ec    0000010c     drivers_cc13x2.a : PowerCC26X2_calibrateRCOSC.c.obj (.text.PowerCC26X2_calibrate)
                  000072f8    0000010c     fatfs.a : ff.c.obj (.text.create_chain)
                  00007404    00000004     ti_sysbios_config.o (.text.HwiP_destruct)
                  00007408    0000010c     libc.a : s_scalbn.c.obj (.text.scalbn)
                  00007514    00000108     rf_multiMode_cc13x2.a : RFCC26X2_multiMode.c.cc13x2.ticlang.o (.text.RF_fsmPowerUpState)
                  0000761c    00000104     drivers_cc13x2.a : GPIOCC26X2.c.obj (.text.GPIO_init)
                  00007720    00000104                      : UART2CC26X2.c.obj (.text.UART2CC26X2_initHw)
                  00007824    000000fc     rf_multiMode_cc13x2.a : RFCC26X2_multiMode.c.cc13x2.ticlang.o (.text.RF_hwiCpe0Active)
                  00007920    000000fc     libclang_rt.builtins.a : muldf3.S.obj (.text)
                  00007a1c    000000f8     drivers_cc13x2.a : ADCCC26XX.c.obj (.text.ADCCC26XX_convertChain)
                  00007b14    000000f4     driverlib.lib : sys_ctrl.o (.text.NOROM_SysCtrlStandby)
                  00007c08    000000f4     fatfs.a : ff.c.obj (.text.put_fat)
                  00007cfc    000000f0     drivers_cc13x2.a : UART2CC26X2.c.obj (.text.UART2Support_dmaStartRx)
                  00007dec    00000004     ti_sysbios_config.o (.text.HwiP_disableInterrupt)
                  00007df0    000000f0     task_adc0_sysmonitor.o (.text._Z16set_initial_timev)
                  00007ee0    000000ec     drivers_cc13x2.a : SDSPI.c.obj (.text.SDSPI_write)
                  00007fcc    000000e8                      : I2CCC26XX.c.obj (.text.I2CCC26XX_hwiFxn)
                  000080b4    000000e8     LSM9DS1.o (.text._ZN7LSM9DS18initGyroEv)
                  0000819c    000000e8     ti_sysbios_config.o (.text.ti_sysbios_knl_Semaphore_pend)
                  00008284    000000e6     Statechart.o (.text._ZNSt3__15dequeIPN17statechart_events8SctEventENS_9allocatorIS3_EEE19__add_back_capacityEv)
                  0000836a    00000002     drivers_cc13x2.a : UART2CC26X2.c.obj (.text.UART2CC26X2_eventCallback)
                  0000836c    000000e4                      : ADCCC26XX.c.obj (.text.ADCCC26XX_convert)
                  00008450    000000e4     driverlib.lib : setup.o (.text.NOROM_SetupTrimDevice)
                  00008534    000000dc     ti_sysbios_config.o (.text.ti_sysbios_family_arm_m3_Hwi_excFillContext)
                  00008610    000000d8     drivers_cc13x2.a : SPICC26X2DMA.c.obj (.text.SPICC26X2DMA_control)
                  000086e8    000000d8     libc.a : setvbuf.c.obj (.text.setvbuf)
                  000087c0    000000d4     task_i2c0_imu_accel_gyro.o (.text._Z25start_data_acquisition_agP18mem_imu0_a_g_unionP7LSM9DS1)
                  00008894    000000d0     libsysbm.a : add_device.c.obj (.text.add_device)
                  00008964    000000d0     drivers_cc13x2.a : PowerCC26X2.c.obj (.text.configureXOSCHF)
                  00008a34    000000d0     fatfs.a : ff.c.obj (.text.dir_next)
                  00008b04    000000cc     rf_multiMode_cc13x2.a : RFCC26X2_multiMode.c.cc13x2.ticlang.o (.text.RF_postCmd)
                  00008bd0    000000cc     ti_sysbios_config.o (.text.ti_sysbios_knl_Clock_workFuncDynamic)
                  00008c9c    000000ca     rf_multiMode_cc13x2.a : RFCC26X2_multiMode.c.cc13x2.ticlang.o (.text.RF_updatePaConfiguration)
                  00008d66    000000c4     driverlib.lib : setup.o (.text.TrimAfterColdResetWakeupFromShutDown)
                  00008e2a    00000002     Statechart.o (.text._ZN17statechart_events8SctEventD2Ev)
                  00008e2c    000000c0     drivers_cc13x2.a : SDFatFS.c.obj (.text.SDFatFS_open)
                  00008eec    000000c0     LSM9DS1.o (.text._ZN7LSM9DS15beginEhhh)
                  00008fac    000000be     Statechart.o (.text._ZNSt3__114__split_bufferIPPN17statechart_events8SctEventENS_9allocatorIS4_EEE9push_backEOS4_)
                  0000906a    000000be     Statechart.o (.text._ZNSt3__114__split_bufferIPPN17statechart_events8SctEventENS_9allocatorIS4_EEE9push_backERKS4_)
                  00009128    000000bc     rf_multiMode_cc13x2.a : RFCC26X2_multiMode.c.cc13x2.ticlang.o (.text.RF_swiHw)
                  000091e4    000000bc     drivers_cc13x2.a : UART2CC26X2.c.obj (.text.UART2Support_dmaStartTx)
                  000092a0    000000bc     task_spi0_microsd.o (.text._Z13microsd_startP14microsd_struct)
                  0000935c    000000bc     Statechart.o (.text._ZNSt3__114__split_bufferIPPN17statechart_events8SctEventENS_9allocatorIS4_EEE10push_frontEOS4_)
                  00009418    000000bc     Statechart.o (.text._ZNSt3__114__split_bufferIPPN17statechart_events8SctEventERNS_9allocatorIS4_EEE9push_backEOS4_)
                  000094d4    000000bc     ti_sysbios_config.o (.text.ti_sysbios_family_arm_m3_Hwi_excHandlerMax)
                  00009590    000000bc     ti_sysbios_config.o (.text.ti_sysbios_knl_Task_Instance_finalize)
                  0000964c    000000ba     Statechart.o (.text._ZNSt3__114__split_bufferIPPN17statechart_events8SctEventERNS_9allocatorIS4_EEE10push_frontERKS4_)
                  00009706    000000b4     driverlib.lib : osc.o (.text.NOROM_OSCHF_AttemptToSwitchToXosc)
                  000097ba    00000002     libclang_rt.builtins.a : aeabi_div0.c.obj (.text.__aeabi_ldiv0)
                  000097bc    000000b4     ti_sysbios_config.o (.text.PowerCC26XX_standbyPolicy)
                  00009870    000000b4     drivers_cc13x2.a : PowerCC26X2.c.obj (.text.Power_releaseDependency)
                  00009924    000000b4     LSM9DS1.o (.text._ZN7LSM9DS17initMagEv)
                  000099d8    000000b4     micro_sd_fat.o (.text.microsd_create_subdir)
                  00009a8c    000000b4     task_uart_printu.o (.text.task_uart0_printu_print)
                  00009b40    000000b0     drivers_cc13x2.a : PowerCC26X2.c.obj (.text.Power_setDependency)
                  00009bf0    000000b0                      : SDSPI.c.obj (.text.SDSPI_getNumSectors)
                  00009ca0    000000b0     LSM9DS1.o (.text._ZN7LSM9DS19initAccelEv)
                  00009d50    000000b0     libclang_rt.builtins.a : udivmoddi4.S.obj (.text)
                  00009e00    000000ae     drivers_cc13x2.a : SDSPI.c.obj (.text.SDSPI_read)
                  00009eae    00000002     libc.a : _lock.c.obj (.text._nop)
                  00009eb0    000000ac     rf_multiMode_cc13x2.a : RFCC26X2_multiMode.c.cc13x2.ticlang.o (.text.RF_pendCmd)
                  00009f5c    000000ac     fatfs.a : ff.c.obj (.text.f_unlink)
                  0000a008    000000ac     libsysbm.a : open.c.obj (.text.open)
                  0000a0b4    000000a8     drivers_cc13x2.a : GPTimerCC26XX.c.obj (.text.GPTimerCC26XX_open)
                  0000a15c    000000a8                      : PWMTimerCC26XX.c.obj (.text.PWMTimerCC26XX_open)
                  0000a204    00000004     ti_sysbios_config.o (.text.HwiP_enableInterrupt)
                  0000a208    000000a8     task_temperature.o (.text._Z44check_and_setup_data_acquisition_sensor_tempP7LSM9DS1P8TaskData)
                  0000a2b0    000000a8     task_uart_printu.o (.text.task_uart0_printu)
                  0000a358    000000a8     drivers_cc13x2.a : TemperatureCC26X2.c.obj (.text.temperatureHwiFxn)
                  0000a400    000000a4                      : PWMTimerCC26XX.c.obj (.text.PWMTimerCC26XX_setDutyAndPeriod)
                  0000a4a4    000000a4     rf_multiMode_cc13x2.a : RFCC26X2_multiMode.c.cc13x2.ticlang.o (.text.RF_initRadioSetup)
                  0000a548    000000a4     task_i2c0_imu_accel_gyro.o (.text._Z42check_and_setup_data_acquisition_sensor_agP7LSM9DS1P8TaskData)
                  0000a5ec    000000a4     libc.a : aeabi_atexit.c.obj (.text.atexit_register)
                  0000a690    000000a4     ti_sysbios_config.o (.text.ti_sysbios_knl_Task_Instance_init)
                  0000a734    000000a2     fatfs.a : ff.c.obj (.text.get_fat)
                  0000a7d6    000000a2     drivers_cc13x2.a : SDSPI.c.obj (.text.sendCmd)
                  0000a878    000000a0                      : I2CCC26XX.c.obj (.text.I2CCC26XX_swiFxn)
                  0000a918    000000a0     rf_multiMode_cc13x2.a : RFCC26X2_multiMode.c.cc13x2.ticlang.o (.text.RF_calculateDispatchTime)
                  0000a9b8    000000a0     task_spi0_microsd.o (.text.task_spi0_microsd)
                  0000aa58    0000009c     task_i2c0_imu_mag.o (.text._Z43check_and_setup_data_acquisition_sensor_magP7LSM9DS1P8TaskData)
                  0000aaf4    0000009c     fatfs.a : ff.c.obj (.text.f_sync)
                  0000ab90    0000009a     drivers_cc13x2.a : UART2.c.obj (.text.UART2_writeCancel)
                  0000ac2a    00000002                      : PowerCC26X2.c.obj (.text.emptyClockFunc)
                  0000ac2c    00000098     EasyLink.o (.text.EasyLink_setRfPower)
                  0000acc4    00000098     drivers_cc13x2.a : GPTimerCC26XX.c.obj (.text.GPTimerCC26XX_close)
                  0000ad5c    00000098     rf_multiMode_cc13x2.a : RFCC26X2_multiMode.c.cc13x2.ticlang.o (.text.RF_defaultSubmitPolicy)
                  0000adf4    00000098     drivers_cc13x2.a : UART2CC26X2.c.obj (.text.UART2_close)
                  0000ae8c    00000098     task_i2c0_imu_accel_gyro.o (.text._Z27animal_activity_accgyro_setP18mem_imu0_a_g_unionP7LSM9DS1)
                  0000af24    00000098     LSM9DS1.o (.text._ZN7LSM9DS118get_m_xg_addressesEv)
                  0000afbc    00000098     ti_sysbios_config.o (.text.ti_sysbios_knl_Task_sleep)
                  0000b054    00000096     rf_multiMode_cc13x2.a : RFCC26X2_multiMode.c.cc13x2.ticlang.o (.text.RF_verifyGap)
                  0000b0ea    00000002     ti_sysbios_config.o (.text.ti_sysbios_runtime_System_exitSpin)
                  0000b0ec    00000094     rf_multiMode_cc13x2.a : RFCC26X2_multiMode.c.cc13x2.ticlang.o (.text.RF_ratRestartChannels)
                  0000b180    00000094     rtos_tasks.o (.text.task_set_parameters)
                  0000b214    00000094     ti_sysbios_config.o (.text.ti_sysbios_knl_Clock_startI)
                  0000b2a8    00000092     MAC_to.o (.text.MAC_ADDRESS_hex_to_str)
                  0000b33a    00000092     Statechart.o (.text._ZN10Statechart8runCycleEv)
                  0000b3cc    00000090     EasyLink.o (.text.EasyLink_set_radio_structs_pointers)
                  0000b45c    00000090     task_animal_activity.o (.text._Z35estimate_animal_activity_from_accelP18FIFO_buffer_structht)
                  0000b4ec    0000008c     drivers_cc13x2.a : GPIOCC26XX.c.obj (.text.GPIO_setConfig)
                  0000b578    0000008c     fatfs.a : ffcio.c.obj (.text.ffcio_open)
                  0000b604    0000008c     ti_sysbios_config.o (.text.ti_sysbios_family_arm_m3_Hwi_excUsageFault)
                  0000b690    0000008c     ti_sysbios_config.o (.text.ti_sysbios_heaps_HeapTrack_alloc)
                  0000b71c    0000008c     ti_sysbios_config.o (.text.ti_sysbios_knl_Clock_init)
                  0000b7a8    00000088     rf_multiMode_cc13x2.a : RFCC26X2_multiMode.c.cc13x2.ticlang.o (.text.RF_cmdDispatchTime)
                  0000b830    00000088                           : RFCC26X2_multiMode.c.cc13x2.ticlang.o (.text.RF_discardPendCmd)
                  0000b8b8    00000088     task_rfsub1ghz_tx_data.o (.text._Z20update_tx_packet_gpsfff2tm)
                  0000b940    00000088     micro_sd_fat.o (.text.microsd_update_file_all)
                  0000b9c8    00000084     libc.a : fopen.c.obj (.text.fopen)
                  0000ba4c    00000084     ti_sysbios_config.o (.text.ti_sysbios_family_arm_m3_Hwi_excHardFault)
                  0000bad0    00000082     drivers_cc13x2.a : SDSPI.c.obj (.text.transmitDataBlock)
                  0000bb52    00000080     driverlib.lib : sys_ctrl.o (.text.NOROM_SysCtrlSetRechargeBeforePowerDown)
                  0000bbd2    00000002     --HOLE-- [fill = 0]
                  0000bbd4    00000080     drivers_cc13x2.a : UART2CC26X2.c.obj (.text.UART2Support_dmaStopTx)
                  0000bc54    00000080     task_uart_printu.o (.text.printuf)
                  0000bcd4    00000080     task_animal_activity.o (.text.task_animal_activity_processing)
                  0000bd54    00000080     ti_sysbios_config.o (.text.ti_sysbios_family_arm_m3_Hwi_initNVIC)
                  0000bdd4    0000007e     driverlib.lib : chipinfo.o (.text.NOROM_ChipInfo_GetChipType)
                  0000be52    00000002     --HOLE-- [fill = 0]
                  0000be54    0000007c     micro_sd_fat.o (.text.microsd_update_file_all_name_ext)
                  0000bed0    0000007c     drivers_cc13x2.a : SDSPI.c.obj (.text.recvDataBlock)
                  0000bf4c    0000007c     fatfs.a : ff.c.obj (.text.sync_fs)
                  0000bfc8    0000007c     ti_sysbios_config.o (.text.ti_sysbios_family_arm_m3_Hwi_postInit)
                  0000c044    0000007c     ti_sysbios_config.o (.text.ti_sysbios_knl_Task_postInit)
                  0000c0c0    00000078     driverlib.lib : osc.o (.text.NOROM_OSCHF_SwitchToRcOscTurnOffXosc)
                  0000c138    00000078                   : osc.o (.text.NOROM_OSC_CapArrayAdjustWorkaround_Boot)
                  0000c1b0    00000078     rf_multiMode_cc13x2.a : RFCC26X2_multiMode.c.cc13x2.ticlang.o (.text.RF_ratFreeChannel)
                  0000c228    00000078     drivers_cc13x2.a : SPICC26X2DMA.c.obj (.text.SPICC26X2DMA_close)
                  0000c2a0    00000078     task_adc0_sysmonitor.o (.text._Z15print_device_IDP8TaskData)
                  0000c318    00000078     rf_multiMode_cc13x2.a : rf_patch_cpe_multi_protocol.c.cc13x2.ticlang.o (.text.configureMultiProtocolPatch)
                  0000c390    00000078     fatfs.a : ff.c.obj (.text.f_mount)
                  0000c408    00000078     task_animal_activity.o (.text.task_animal_activity)
                  0000c480    00000076     time_AL.o (.text._Z24get_date_as_8long_stringPc)
                  0000c4f6    00000002     --HOLE-- [fill = 0]
                  0000c4f8    00000074     drivers_cc13x2.a : I2CCC26XX.c.obj (.text.I2C_close)
                  0000c56c    00000074                      : PowerCC26X2_calibrateRCOSC_helpers.c.obj (.text.PowerCC26X2_updateSubSecInc)
                  0000c5e0    00000074     rf_multiMode_cc13x2.a : RFCC26X2_multiMode.c.cc13x2.ticlang.o (.text.RF_hwiHw)
                  0000c654    00000074     drivers_cc13x2.a : SDSPI.c.obj (.text.SDSPI_open)
                  0000c6c8    00000074                      : TemperatureCC26X2.c.obj (.text.Temperature_init)
                  0000c73c    00000074     state_machine.o (.text._Z31state_machine_leds_turn_off_PWMv)
                  0000c7b0    00000074     libc.a : fclose.c.obj (.text.__TI_closefile)
                  0000c824    00000074            : aeabi_atexit.c.obj (.text.__cxa_finalize)
                  0000c898    00000074            : fflush.c.obj (.text.fflush)
                  0000c90c    00000074     ti_sysbios_config.o (.text.ti_sysbios_family_arm_m3_Hwi_excBusFault)
                  0000c980    00000074     ti_sysbios_config.o (.text.ti_sysbios_knl_Swi_restoreHwi)
                  0000c9f4    00000074     ti_sysbios_config.o (.text.ti_sysbios_knl_Task_startup)
                  0000ca68    00000072     Statechart.o (.text._ZN10Statechart9microStepEv)
                  0000cada    00000002     --HOLE-- [fill = 0]
                  0000cadc    00000070     task_spi0_microsd.o (.text._Z12memory_storePv)
                  0000cb4c    00000070     task_animal_activity.o (.text._Z38check_dataint16_average_above_tresholdPstS_ts)
                  0000cbbc    00000070     LSM9DS1.o (.text._ZN7LSM9DS118readFIFO_continousEv)
                  0000cc2c    00000070     fatfs.a : ff.c.obj (.text.remove_chain)
                  0000cc9c    00000070     ti_sysbios_config.o (.text.ti_sysbios_family_arm_m3_Hwi_Instance_init)
                  0000cd0c    00000070     ti_sysbios_config.o (.text.ti_sysbios_family_arm_m3_Hwi_excDebugMon)
                  0000cd7c    00000070     ti_sysbios_config.o (.text.ti_sysbios_runtime_System_formatNum)
                  0000cdec    0000006e     Statechart.o (.text._ZN10Statechart20iface_dispatch_eventEPN17statechart_events8SctEventE)
                  0000ce5a    00000002     --HOLE-- [fill = 0]
                  0000ce5c    0000006e     libclang_rt.builtins.a : comparedf2.c.obj (.text.__gedf2)
                  0000ceca    00000002     --HOLE-- [fill = 0]
                  0000cecc    0000006e                            : comparedf2.c.obj (.text.__ledf2)
                  0000cf3a    00000002     --HOLE-- [fill = 0]
                  0000cf3c    0000006e                            : truncdfsf2.S.obj (.text)
                  0000cfaa    00000002     --HOLE-- [fill = 0]
                  0000cfac    0000006c     rf_multiMode_cc13x2.a : RFCC26X2_multiMode.c.cc13x2.ticlang.o (.text.RF_issueRadioFreeCb)
                  0000d018    0000006c     LSM9DS1.o (.text._ZN7LSM9DS14initEv)
                  0000d084    0000006c     LSM9DS1.o (.text._ZN7LSM9DS18readGyroEv)
                  0000d0f0    0000006c     LSM9DS1.o (.text._ZN7LSM9DS19readAccelEv)
                  0000d15c    0000006c     libc.a : _printfi.c.obj (.text._mcpy)
                  0000d1c8    0000006c     ti_sysbios_config.o (.text.ti_sysbios_family_arm_m3_Hwi_dispatchC)
                  0000d234    0000006c     ti_sysbios_config.o (.text.ti_sysbios_hal_Seconds_getTime)
                  0000d2a0    0000006a     drivers_cc13x2.a : I2CCC26XX.c.obj (.text.I2CSupport_primeTransfer)
                  0000d30a    0000006a     libc.a : copy_decompress_lzss.c.obj (.text:decompress:lzss)
                  0000d374    00000068     rf_multiMode_cc13x2.a : RFCC26X2_multiMode.c.cc13x2.ticlang.o (.text.RF_detachOverrides)
                  0000d3dc    00000068     drivers_cc13x2.a : UART2CC26X2.c.obj (.text.UART2Support_dmaStopRx)
                  0000d444    00000004     rf_multiMode_cc13x2.a : rfc.c.cc13x2.ticlang.o (.text.NOROM_RFCOverrideUpdate)
                  0000d448    00000068     libc.a : s_frexp.c.obj (.text.frexp)
                  0000d4b0    00000068            : fseek.c.obj (.text.fseeko)
                  0000d518    00000068            : getdevice.c.obj (.text.getdevice)
                  0000d580    00000068     micro_sd_fat.o (.text.microsd_open_write_close_name)
                  0000d5e8    00000064     libsysbm.a : hostrename.c.obj (.text.HOSTrename)
                  0000d64c    00000064     drivers_cc13x2.a : PowerCC26X2_calibrateRCOSC.c.obj (.text.PowerCC26X2_initiateCalibration)
                  0000d6b0    00000064     rf_multiMode_cc13x2.a : RFCC26X2_multiMode.c.cc13x2.ticlang.o (.text.RF_attachOverrides)
                  0000d714    00000064                           : RFCC26X2_multiMode.c.cc13x2.ticlang.o (.text.RF_dispatchNextEvent)
                  0000d778    00000064                           : RFCC26X2_multiMode.c.cc13x2.ticlang.o (.text.RF_hwiCpe0PowerFsm)
                  0000d7dc    00000064     drivers_cc13x2.a : UDMACC26XX.c.obj (.text.UDMACC26XX_open)
                  0000d840    00000064     fatfs.a : ff.c.obj (.text.check_fs)
                  0000d8a4    00000064     drivers_cc13x2.a : PowerCC26X2.c.obj (.text.oscillatorISR)
                  0000d908    00000064     ti_sysbios_config.o (.text.ti_sysbios_family_arm_m3_Hwi_excMemFault)
                  0000d96c    00000064     ti_sysbios_config.o (.text.ti_sysbios_knl_Idle_init)
                  0000d9d0    00000064     ti_sysbios_config.o (.text.ti_sysbios_knl_Semaphore_post)
                  0000da34    00000064     ti_sysbios_config.o (.text.ti_sysbios_knl_Swi_run)
                  0000da98    00000064     ti_sysbios_config.o (.text.ti_sysbios_knl_TaskSupport_buildTaskStack)
                  0000dafc    00000062     rf_multiMode_cc13x2.a : RFCC26X2_multiMode.c.cc13x2.ticlang.o (.text.RF_syncCb)
                  0000db5e    00000062     fatfs.a : ff.c.obj (.text.dir_read)
                  0000dbc0    00000062             : ff.c.obj (.text.dir_sdi)
                  0000dc22    00000002     --HOLE-- [fill = 0]
                  0000dc24    00000062     libclang_rt.builtins.a : aeabi_dcmp.S.obj (.text)
                  0000dc86    00000002     --HOLE-- [fill = 0]
                  0000dc88    00000060     ti_sysbios_config.o (.text.BIOS_init)
                  0000dce8    00000060     task_spi0_microsd.o (.text._Z16memory_store_strPvt)
                  0000dd48    00000060     libc.a : _io_perm.c.obj (.text.__TI_wrt_ok)
                  0000dda8    00000060     libsysbm.a : close.c.obj (.text.close)
                  0000de08    00000060     drivers_cc13x2.a : SPICC26X2DMA.c.obj (.text.csnCallback)
                  0000de68    00000060     i2c_AL.o (.text.i2c_init)
                  0000dec8    00000060     micro_sd_fat.o (.text.microsd_set_mount)
                  0000df28    00000060     ti_sysbios_config.o (.text.ti_sysbios_heaps_HeapMem_allocUnprotected)
                  0000df88    00000060     ti_sysbios_config.o (.text.ti_sysbios_heaps_HeapTrack_free)
                  0000dfe8    00000060     ti_sysbios_config.o (.text.ti_sysbios_knl_Clock_walkQueueDynamic)
                  0000e048    00000060     ti_sysbios_config.o (.text.ti_sysbios_knl_Swi_schedule)
                  0000e0a8    0000005e     rf_multiMode_cc13x2.a : rfc.c.cc13x2.ticlang.o (.text.NOROM_RFCAnaDivTxOverride)
                  0000e106    00000002     --HOLE-- [fill = 0]
                  0000e108    0000005c     drivers_cc13x2.a : ADCCC26XX.c.obj (.text.ADCCC26XX_open)
                  0000e164    0000005c     EasyLink.o (.text.EasyLink_switch_radio)
                  0000e1c0    0000005c     drivers_cc13x2.a : PWMTimerCC26XX.c.obj (.text.PWMTimerCC26XX_setPeriod)
                  0000e21c    0000005c     device_id_TI_CC13X2.o (.text._Z26device_ID_table_find_valuePc)
                  0000e278    0000005c     LSM9DS1.o (.text._ZN7LSM9DS17setFIFOE13fifoMode_typeh)
                  0000e2d4    0000005c     libclang_rt.builtins.a : divmoddi4.c.obj (.text.__divmoddi4)
                  0000e330    0000005c     fatfs.a : ff.c.obj (.text.dir_register)
                  0000e38c    0000005c     micro_sd_fat.o (.text.microsd_init)
                  0000e3e8    00000058     drivers_cc13x2.a : ADCCC26XX.c.obj (.text.ADCCC26XX_convertToMicroVolts)
                  0000e440    00000058     libsysbm.a : hostlseek.c.obj (.text.HOSTlseek)
                  0000e498    00000058                : hostopen.c.obj (.text.HOSTopen)
                  0000e4f0    00000058     rf_multiMode_cc13x2.a : RFCC26X2_multiMode.c.cc13x2.ticlang.o (.text.RF_applyRfCorePatch)
                  0000e548    00000058     LSM9DS1.o (.text._ZN7LSM9DS111readAccGyroEv)
                  0000e5a0    00000058     sysbios.a : Hwi_asm_switch_gnu.obj (.text.ti_sysbios_family_arm_m3_Hwi_initStacks)
                  0000e5f8    00000058     drivers_cc13x2.a : SDSPI.c.obj (.text.waitUntilReady)
                  0000e650    00000056                      : UART2.c.obj (.text.UART2_readCancel)
                  0000e6a6    00000056     libc.a : _ltoa.c.obj (.text.__TI_ltoa)
                  0000e6fc    00000054     drivers_cc13x2.a : GPTimerCC26XX.c.obj (.text.GPTimerCC26XX_stop)
                  0000e750    00000054     libsysbm.a : hostread.c.obj (.text.HOSTread)
                  0000e7a4    00000054                : hostwrite.c.obj (.text.HOSTwrite)
                  0000e7f8    00000054     drivers_cc13x2.a : I2CCC26XX.c.obj (.text.I2CCC26XX_initHw)
                  0000e84c    00000054     rf_multiMode_cc13x2.a : RFCC26X2_multiMode.c.cc13x2.ticlang.o (.text.RF_fsmXOSCState)
                  0000e8a0    00000054                           : RFCC26X2_multiMode.c.cc13x2.ticlang.o (.text.RF_getCurrentTime)
                  0000e8f4    00000054     LSM9DS1.o (.text._ZN7LSM9DS115constrainScalesEv)
                  0000e948    00000054     libc.a : _printfi.c.obj (.text._pconv_f)
                  0000e99c    00000054     state_machine.o (.text.set_pwm_state_machine)
                  0000e9f0    00000054     ti_sysbios_config.o (.text.ti_sysbios_heaps_HeapTrack_construct)
                  0000ea44    00000054     libc.a : autoinit.c.obj (.text:__TI_auto_init_nobinit)
                  0000ea98    00000052     driverlib.lib : chipinfo.o (.text.NOROM_ChipInfo_GetHwRevision)
                  0000eaea    00000002     --HOLE-- [fill = 0]
                  0000eaec    00000050     ti_drivers_config.o (.text.Board_shutDownExtFlash)
                  0000eb3c    00000050     drivers_cc13x2.a : GPTimerCC26XX.c.obj (.text.GPTimerCC26XX_start)
                  0000eb8c    00000050     rf_multiMode_cc13x2.a : RFCC26X2_multiMode.c.cc13x2.ticlang.o (.text.RF_wakeupNotification)
                  0000ebdc    00000050     task_spi0_microsd.o (.text._Z37microsd_write_file_into_device_folderPhtPch)
                  0000ec2c    00000050     LSM9DS1.o (.text._ZN7LSM9DS110enableFIFOEb)
                  0000ec7c    00000050     LSM9DS1.o (.text._ZN7LSM9DS19sleepGyroEb)
                  0000eccc    00000050     ti_sysbios_config.o (.text.ti_sysbios_hal_Seconds_setTime)
                  0000ed1c    00000050     ti_sysbios_config.o (.text.ti_sysbios_knl_Swi_runLoop)
                  0000ed6c    0000004e     ti_drivers_config.o (.text.Board_sendExtFlashByte)
                  0000edba    0000004e     libc.a : fflush.c.obj (.text.__TI_doflush)
                  0000ee08    0000004e            : _printfi.c.obj (.text._ecpy)
                  0000ee56    0000004e     fatfs.a : ff.c.obj (.text.dir_clear)
                  0000eea4    0000004e     ti_sysbios_config.o (.text.ti_sysbios_heaps_HeapMem_freeUnprotected)
                  0000eef2    0000004e     fatfs.a : ff.c.obj (.text.validate)
                  0000ef40    0000004c     ti_sysbios_config.o (.text.BIOS_startFunc)
                  0000ef8c    0000004c     driverlib.lib : osc.o (.text.NOROM_OSC_HPOSCRelativeFrequencyOffsetGet)
                  0000efd8    0000004c     task_adc0_sysmonitor.o (.text._Z22adc0_read_all_channelsv)
                  0000f024    0000004c     gpio_AL.o (.text.gpio_init)
                  0000f070    0000004c     drivers_cc13x2.a : SPICC26X2DMA.c.obj (.text.initHw)
                  0000f0bc    0000004c                      : PowerCC26X2.c.obj (.text.switchXOSCHF)
                  0000f108    0000004c     ti_sysbios_config.o (.text.ti_sysbios_heaps_HeapMem_alloc)
                  0000f154    0000004c     ti_sysbios_config.o (.text.ti_sysbios_knl_Swi_post)
                  0000f1a0    0000004c     ti_sysbios_config.o (.text.ti_sysbios_knl_Task_schedule)
                  0000f1ec    0000004c     EasyLink.o (.text.txDoneCallback)
                  0000f238    00000048     driverlib.lib : aux_sysif.o (.text.NOROM_AUXSYSIFOpModeChange)
                  0000f280    00000048     rf_multiMode_cc13x2.a : rfc.c.cc13x2.ticlang.o (.text.NOROM_RFCSynthPowerDown)
                  0000f2c8    00000048     drivers_cc13x2.a : PWMTimerCC26XX.c.obj (.text.PWMTimerCC26XX_getdutyCounts)
                  0000f310    00000048                      : PWMTimerCC26XX.c.obj (.text.PWMTimerCC26XX_setDuty)
                  0000f358    00000048                      : PowerCC26X2.c.obj (.text.PowerCC26XX_switchXOSC_HF)
                  0000f3a0    00000048     LSM9DS1.o (.text._ZN7LSM9DS17readMagEv)
                  0000f3e8    00000048     libc.a : atoi.c.obj (.text.atoi)
                  0000f430    00000048     pwm_AL.o (.text.pwm_init)
                  0000f478    00000048     rf_multiMode_cc13x2.a : rf_patch_mce_genook.c.cc13x2.ticlang.o (.text.rf_patch_mce_genook)
                  0000f4c0    00000048     state_machine.o (.text.state_machine_wait_for_ADQ_DATA_state)
                  0000f508    00000048     state_machine.o (.text.state_machine_wait_for_state)
                  0000f550    00000048     ti_sysbios_config.o (.text.ti_sysbios_family_arm_cc26xx_Timer_start)
                  0000f598    00000048     ti_sysbios_config.o (.text.ti_sysbios_heaps_HeapMem_Instance_init)
                  0000f5e0    00000048     ti_sysbios_config.o (.text.ti_sysbios_knl_Swi_Instance_init)
                  0000f628    00000048     libclang_rt.builtins.a : fixdfsi.S.obj (.text)
                  0000f670    00000046     drivers_cc13x2.a : RingBuf.c.obj (.text.RingBuf_put)
                  0000f6b6    00000046     micro_sd_fat.o (.text.microsd_open_write_close)
                  0000f6fc    00000044     drivers_cc13x2.a : ADC.c.obj (.text.ADC_init)
                  0000f740    00000044                      : GPIOCC26X2.c.obj (.text.GPIO_hwiIntFxn)
                  0000f784    00000044     libsysbm.a : hostunlink.c.obj (.text.HOSTunlink)
                  0000f7c8    00000044     driverlib.lib : prcm.o (.text.NOROM_PRCMPowerDomainsAllOff)
                  0000f80c    00000044                   : prcm.o (.text.NOROM_PRCMPowerDomainsAllOn)
                  0000f850    00000044     drivers_cc13x2.a : PWM.c.obj (.text.PWM_init)
                  0000f894    00000044     rf_multiMode_cc13x2.a : RFCC26X2_multiMode.c.cc13x2.ticlang.o (.text.RF_TxPowerTable_findValue)
                  0000f8d8    00000044                           : RFCC26X2_multiMode.c.cc13x2.ticlang.o (.text.RF_cmdGet)
                  0000f91c    00000044                           : RFCC26X2_multiMode.c.cc13x2.ticlang.o (.text.RF_updatePowerupDuration)
                  0000f960    00000044     drivers_cc13x2.a : SDFatFS.c.obj (.text.SDFatFS_init)
                  0000f9a4    00000044                      : SD.c.obj (.text.SD_init)
                  0000f9e8    00000044                      : SPI.c.obj (.text.SPI_init)
                  0000fa2c    00000044     task_spi0_microsd.o (.text._Z28memory_check_sd_connected_okv)
                  0000fa70    00000044     micro_sd_fat.o (.text.check_micro_sd_connected)
                  0000fab4    00000044     drivers_cc13x2.a : TemperatureCC26X2.c.obj (.text.degreesToCode)
                  0000faf8    00000044     task_uart_printu.o (.text.printuf_nortos)
                  0000fb3c    00000044     drivers_cc13x2.a : TemperatureCC26X2.c.obj (.text.setNextThresholds)
                  0000fb80    00000044     libc.a : snprintf.c.obj (.text.snprintf)
                  0000fbc4    00000044     fatfs.a : ff.c.obj (.text.sync_window)
                  0000fc08    00000044     rtos_AL.o (.text.task_create_AL)
                  0000fc4c    00000044     ti_sysbios_config.o (.text.ti_sysbios_family_arm_m3_Hwi_Instance_finalize)
                  0000fc90    00000044     ti_sysbios_config.o (.text.ti_sysbios_family_arm_m3_Hwi_construct2)
                  0000fcd4    00000044     ti_sysbios_config.o (.text.ti_sysbios_family_arm_m3_Hwi_disableInterrupt)
                  0000fd18    00000044     ti_sysbios_config.o (.text.ti_sysbios_family_arm_m3_Hwi_enableInterrupt)
                  0000fd5c    00000044     ti_sysbios_config.o (.text.ti_sysbios_knl_Swi_restore)
                  0000fda0    00000044     ti_sysbios_config.o (.text.ti_sysbios_knl_Task_exit)
                  0000fde4    00000044     ti_sysbios_config.o (.text.ti_sysbios_runtime_Startup_exec)
                  0000fe28    00000044     uart_AL.o (.text.uart_set)
                  0000fe6c    00000044     libclang_rt.builtins.a : fixunsdfsi.S.obj (.text)
                  0000feb0    00000042     fatfs.a : ff.c.obj (.text.get_ldnumber)
                  0000fef2    00000002     --HOLE-- [fill = 0]
                  0000fef4    00000040     drivers_cc13x2.a : ADCCC26XX.c.obj (.text.ADCCC26XX_close)
                  0000ff34    00000040                      : ADC.c.obj (.text.ADC_open)
                  0000ff74    00000040     ti_sysbios_config.o (.text.BIOS_atExitFunc)
                  0000ffb4    00000040     drivers_cc13x2.a : PWM.c.obj (.text.PWM_open)
                  0000fff4    00000040                      : PowerCC26X2_calibrateRCOSC.c.obj (.text.PowerCC26X2_RCOSC_clockFunc)
                  00010034    00000040                      : PowerCC26X2_calibrateRCOSC_helpers.c.obj (.text.PowerCC26X2_setAclkRefSrc)
                  00010074    00000040                      : SD.c.obj (.text.SD_open)
                  000100b4    00000040                      : SPI.c.obj (.text.SPI_open)
                  000100f4    00000040     ti_sysbios_config.o (.text.SemaphoreP_create)
                  00010134    00000040     task_uart_printu.o (.text._Z11printu_execi)
                  00010174    00000040     task_spi0_microsd.o (.text._Z25microsd_set_battery_levelth)
                  000101b4    00000004     drivers_cc13x2.a : PowerCC26X2_helpers.c.obj (.text.PowerCC26X2_oschfSwitchToRcosc)
                  000101b8    00000040     LSM9DS1.o (.text._ZN7LSM9DS18calcTempEs)
                  000101f8    00000040     Statechart.o (.text._ZNSt3__112__deque_baseIPN17statechart_events8SctEventENS_9allocatorIS3_EEE5clearEv)
                  00010238    00000040     ti_sysbios_config.o (.text.ti_sysbios_heaps_HeapMem_getStats)
                  00010278    00000040     ti_sysbios_config.o (.text.ti_sysbios_knl_ClockSupport_init)
                  000102b8    00000040     ti_sysbios_config.o (.text.ti_sysbios_knl_Clock_getTicksUntilInterrupt)
                  000102f8    00000040     ti_sysbios_config.o (.text.ti_sysbios_knl_Task_restore)
                  00010338    0000003c     drivers_cc13x2.a : GPIO.c.obj (.text.GPIO_resetConfig)
                  00010374    0000003c     libsysbm.a : hostclose.c.obj (.text.HOSTclose)
                  000103b0    0000003c     ti_sysbios_config.o (.text.HwiP_construct)
                  000103ec    0000003c     driverlib.lib : sys_ctrl.o (.text.NOROM_SysCtrlIdle)
                  00010428    0000003c     drivers_cc13x2.a : PowerCC26X2_calibrateRCOSC_helpers.c.obj (.text.PowerCC26X2_setTdcClkSrc24M)
                  00010464    0000003c                      : SDFatFS.c.obj (.text.SDFatFS_diskIOctrl)
                  000104a0    0000003c     device_id_TI_CC13X2.o (.text._Z18set_device_id_datav)
                  000104dc    0000003c     EasyLink.o (.text.calculateCmdTime)
                  00010518    0000003c     fatfs.a : ffcio.c.obj (.text.ffcio_lseek)
                  00010554    0000003c     ti_sysbios_config.o (.text.ti_sysbios_family_arm_cc26xx_Timer_periodicStub)
                  00010590    0000003c     ti_sysbios_config.o (.text.ti_sysbios_family_arm_cc26xx_Timer_setThreshold)
                  000105cc    0000003c     ti_sysbios_config.o (.text.ti_sysbios_heaps_HeapMem_construct)
                  00010608    0000003c     ti_sysbios_config.o (.text.ti_sysbios_knl_Task_blockI)
                  00010644    0000003c     ti_sysbios_config.o (.text.ti_sysbios_runtime_Memory_alloc)
                  00010680    0000003c     ti_sysbios_config.o (.text.ti_sysbios_runtime_SystemSupport_flush)
                  000106bc    0000003c     drivers_cc13x2.a : TemperatureCC26X2.c.obj (.text.updateThresholds)
                  000106f8    00000038     ti_sysbios_config.o (.text.MemAlloc_alloc)
                  00010730    00000038     drivers_cc13x2.a : PowerCC26X2_helpers.c.obj (.text.PowerCC26X2_oscDisableQualifiers)
                  00010768    00000038                      : RingBuf.c.obj (.text.RingBuf_putAdvance)
                  000107a0    00000038                      : UDMACC26XX.c.obj (.text.UDMACC26XX_close)
                  000107d8    00000038     task_animal_activity.o (.text._Z19get_animal_activityv)
                  00010810    00000038     task_spi0_microsd.o (.text._Z24memory_create_first_filev)
                  00010848    00000038     ti_sysbios_config.o (.text._pthread_cleanupFxn)
                  00010880    00000038     EasyLink.o (.text.createTxAdvFromTx)
                  000108b8    00000038     ti_sysbios_config.o (.text.getTime)
                  000108f0    00000038     fatfs.a : ff.c.obj (.text.move_window)
                  00010928    00000038     rf_multiMode_cc13x2.a : rf_patch_cpe_multi_protocol.c.cc13x2.ticlang.o (.text.rf_patch_cpe_multi_protocol)
                  00010960    00000038     libc.a : sprintf.c.obj (.text.sprintf)
                  00010998    00000038     state_machine.o (.text.state_machine_is_lowpower)
                  000109d0    00000038     task_pwm0_1_2_leds.o (.text.task_pwm0_1_2_leds)
                  00010a08    00000038     ti_sysbios_config.o (.text.ti_sysbios_knl_Task_processVitalTaskFlag)
                  00010a40    00000038     ti_sysbios_config.o (.text.ti_sysbios_knl_Task_unblockI)
                  00010a78    00000038     ti_sysbios_config.o (.text.ti_sysbios_runtime_Error_print)
                  00010ab0    00000038     libclang_rt.builtins.a : extendsfdf2.S.obj (.text)
                  00010ae8    00000034     drivers_cc13x2.a : GPTimerCC26XX.c.obj (.text.GPTimerCC26XXSetLoadMatch)
                  00010b1c    00000034                      : PWMTimerCC26XX.c.obj (.text.PWMTimerCC26XX_getperiodCounts)
                  00010b50    00000034                      : PowerCC26X2.c.obj (.text.Power_releaseConstraint)
                  00010b84    00000034     rf_multiMode_cc13x2.a : RFCC26X2_multiMode.c.cc13x2.ticlang.o (.text.RF_powerConstraintRelease)
                  00010bb8    00000034                           : RFCC26X2_multiMode.c.cc13x2.ticlang.o (.text.RF_runDirectImmediateCmd)
                  00010bec    00000034     drivers_cc13x2.a : SDFatFS.c.obj (.text.SDFatFS_close)
                  00010c20    00000034     ti_sysbios_config.o (.text.SwiP_construct)
                  00010c54    00000034     drivers_cc13x2.a : UART2CC26X2.c.obj (.text.UART2Support_sendData)
                  00010c88    00000034                      : UART2.c.obj (.text.UART2_rxDisable)
                  00010cbc    00000034     time_AL.o (.text._Z16localtime_uint32v)
                  00010cf0    00000034     task_rfsub1ghz_tx_data.o (.text._Z16set_tx_packet_idh)
                  00010d24    00000034     LSM9DS1.o (.text._ZN7LSM9DS18calcgResEv)
                  00010d58    00000034     Statechart.o (.text._ZNSt3__15dequeIPN17statechart_events8SctEventENS_9allocatorIS3_EEE26__maybe_remove_front_spareEb)
                  00010d8c    00000034     libc.a : fopen.c.obj (.text.__TI_cleanup)
                  00010dc0    00000034     libsysbm.a : trgmsg.c.obj (.text.__TI_writemsg)
                  00010df4    00000034     libc.a : _printfi.c.obj (.text._fcpy)
                  00010e28    00000034     adc_AL.o (.text.adc_to_mv)
                  00010e5c    00000034     micro_sd_fat.o (.text.fatfs_getFatTime)
                  00010e90    00000034     libc.a : getdevice.c.obj (.text.finddevice)
                  00010ec4    00000034            : rand.c.obj (.text.rand)
                  00010ef8    00000034     state_machine.o (.text.state_machine_led_ka_set_on)
                  00010f2c    00000034     ti_sysbios_config.o (.text.ti_sysbios_family_arm_m3_Hwi_getStackInfo)
                  00010f60    00000034     ti_sysbios_config.o (.text.ti_sysbios_family_arm_m3_Hwi_init)
                  00010f94    00000034     ti_sysbios_config.o (.text.ti_sysbios_heaps_HeapTrack_getStats)
                  00010fc8    00000034     ti_sysbios_config.o (.text.ti_sysbios_knl_Clock_Instance_init)
                  00010ffc    00000034     ti_sysbios_config.o (.text.ti_sysbios_runtime_Error_raiseX)
                  00011030    00000034     ti_sysbios_config.o (.text.ti_sysbios_runtime_SystemSupport_putch)
                  00011064    00000034     ti_sysbios_config.o (.text.ti_sysbios_runtime_System_processAtExit)
                  00011098    00000034     sysbios.a : boot_cortex_m.obj (.text:_c_int00)
                  000110cc    00000032     LSM9DS1.o (.text._ZN7LSM9DS110xgReadByteEh)
                  000110fe    00000032     LSM9DS1.o (.text._ZN7LSM9DS19mReadByteEh)
                  00011130    00000032     micro_sd_fat.o (.text.microsd_delete_file_name)
                  00011162    00000032     micro_sd_fat.o (.text.microsd_open_file)
                  00011194    00000032     ti_sysbios_config.o (.text.ti_sysbios_knl_Semaphore_pendTimeout)
                  000111c6    00000002     --HOLE-- [fill = 0]
                  000111c8    00000030     ti_drivers_config.o (.text.Board_wakeUpExtFlash)
                  000111f8    00000030     ti_sysbios_config.o (.text.ClockP_construct)
                  00011228    00000030     drivers_cc13x2.a : GPIOCC26XX.c.obj (.text.GPIO_setInterruptConfig)
                  00011258    00000030                      : PowerCC26X2.c.obj (.text.Power_setConstraint)
                  00011288    00000030     rf_multiMode_cc13x2.a : RFCC26X2_multiMode.c.cc13x2.ticlang.o (.text.RF_checkCmdFsError)
                  000112b8    00000030     libsysbm.a : trgmsg.c.obj (.text.__TI_readmsg)
                  000112e8    00000030     libc.a : snprintf.c.obj (.text._outs)
                  00011318    00000030     ti_sysbios_config.o (.text.clock_settime)
                  00011348    00000030     drivers_cc13x2.a : PowerCC26X2.c.obj (.text.notify)
                  00011378    00000030     state_machine.o (.text.state_machine_led_ka_set_off)
                  000113a8    00000030     task_spi0_microsd.o (.text.task_spi0_microsd_write_block)
                  000113d8    00000030     ti_sysbios_config.o (.text.ti_sysbios_heaps_HeapMem_free)
                  00011408    00000030     ti_sysbios_config.o (.text.ti_sysbios_knl_TaskSupport_start)
                  00011438    00000030     ti_sysbios_config.o (.text.ti_sysbios_runtime_System_atexit)
                  00011468    0000002e     driverlib.lib : chipinfo.o (.text.NOROM_ThisLibraryIsFor_CC13x2_CC26x2_HwRev20AndLater_HaltIfViolated)
                  00011496    0000002e     rf_multiMode_cc13x2.a : RFCC26X2_multiMode.c.cc13x2.ticlang.o (.text.RF_calculateDeltaTimeUs)
                  000114c4    0000002e     drivers_cc13x2.a : RingBuf.c.obj (.text.RingBuf_getConsume)
                  000114f2    0000002e                      : RingBuf.c.obj (.text.RingBuf_putPointer)
                  00011520    0000002e     micro_sd_fat.o (.text.microsd_set_file_properties)
                  0001154e    0000002e     rtos_AL.o (.text.vTaskDelayUntil)
                  0001157c    0000002e     libclang_rt.builtins.a : floatsidf.S.obj (.text)
                  000115aa    00000002     --HOLE-- [fill = 0]
                  000115ac    0000002c     ti_sysbios_config.o (.text.PowerCC26XX_schedulerDisable)
                  000115d8    0000002c     rf_multiMode_cc13x2.a : RFCC26X2_multiMode.c.cc13x2.ticlang.o (.text.RF_executeDirectImmediateCmd)
                  00011604    0000002c     drivers_cc13x2.a : UART2CC26X2.c.obj (.text.UART2CC26X2_getRxData)
                  00011630    0000002c     task_rfsub1ghz_tx_data.o (.text._Z28update_tx_packet_temperatureaa)
                  0001165c    0000002c     task_rfsub1ghz_tx_data.o (.text._Z32update_tx_packet_animal_activityhj)
                  00011688    0000002c     state_machine.o (.text._Z38state_machine_leds_turn_off_all_set_kav)
                  000116b4    0000002c     Statechart.o (.text._ZN10Statechart16raiseSd_check_okEv)
                  000116e0    0000002c     Statechart.o (.text._ZN10Statechart17raiseGps_fixed_okEv)
                  0001170c    0000002c     Statechart.o (.text._ZN10Statechart19raiseSd_check_NOTokEv)
                  00011738    0000002c     Statechart.o (.text._ZN10Statechart20raiseUSB5V_connectedEv)
                  00011764    0000002c     Statechart.o (.text._ZN10Statechart21raiseBattery_level_okEv)
                  00011790    0000002c     Statechart.o (.text._ZN10Statechart22raiseBattery_level_lowEv)
                  000117bc    0000002c     Statechart.o (.text._ZN10Statechart23raiseUSB5V_NONconnectedEv)
                  000117e8    0000002c     Statechart.o (.text._ZN10Statechart27raiseBattery_level_criticalEv)
                  00011814    0000002c     Statechart.o (.text._ZN10Statechart29raiseBattery_charge_completedEv)
                  00011840    0000002c     ti_sysbios_config.o (.text._pthread_delete)
                  0001186c    0000002c     fatfs.a : diskio.c.obj (.text.disk_register)
                  00011898    0000002c     libc.a : fclose.c.obj (.text.fclose)
                  000118c4    0000002c     libsysbm.a : lseek.c.obj (.text.lseek)
                  000118f0    0000002c     state_machine.o (.text.state_machine_is_acquisition)
                  0001191c    0000002c     state_machine.o (.text.state_machine_is_shutdown)
                  00011948    0000002c     state_machine.o (.text.state_machine_is_state_active)
                  00011974    0000002c     ti_sysbios_config.o (.text.ti_sysbios_gates_GateMutex_enter)
                  000119a0    0000002c     ti_sysbios_config.o (.text.ti_sysbios_knl_Clock_getTicks)
                  000119cc    0000002c     ti_sysbios_config.o (.text.ti_sysbios_knl_Clock_getTimeout)
                  000119f8    0000002c     ti_sysbios_config.o (.text.ti_sysbios_knl_Task_restoreHwi)
                  00011a24    0000002c     libsysbm.a : unlink.c.obj (.text.unlink)
                  00011a50    0000002c     libc.a : vsprintf.c.obj (.text.vsprintf)
                  00011a7c    0000002c     libsysbm.a : write.c.obj (.text.write)
                  00011aa8    0000002a     driverlib.lib : osc.o (.text.NOROM_OSCHF_TurnOnXosc)
                  00011ad2    0000002a     drivers_cc13x2.a : SPICC26X2DMA.c.obj (.text.SPICC26X2DMA_swiFxn)
                  00011afc    0000002a                      : UART2CC26X2.c.obj (.text.UART2Support_powerRelConstraint)
                  00011b26    0000002a     time_AL.o (.text._Z29convertlocaltime_uint32_to_tmj)
                  00011b50    0000002a     micro_sd_fat.o (.text.fatfs_set_date_Time)
                  00011b7a    0000002a     ti_sysbios_config.o (.text.ti_sysbios_family_arm_cc26xx_Timer_setNextTick)
                  00011ba4    0000002a     ti_sysbios_config.o (.text.ti_sysbios_knl_Task_allBlockedFunction)
                  00011bce    00000002     --HOLE-- [fill = 0]
                  00011bd0    00000028     ti_sysbios_config.o (.text.BIOS_registerRTSLock)
                  00011bf8    00000028     drivers_cc13x2.a : GPTimerCC26XX.c.obj (.text.GPTimerCC26XX_configureDebugStall)
                  00011c20    00000028                      : GPTimerCC26XX.c.obj (.text.GPTimerCC26XX_getTimerValue)
                  00011c48    00000028                      : I2C.c.obj (.text.I2C_cancel)
                  00011c70    00000028                      : List.c.obj (.text.List_remove)
                  00011c98    00000028     driverlib.lib : chipinfo.o (.text.NOROM_ChipInfo_GetChipFamily)
                  00011cc0    00000028     drivers_cc13x2.a : PowerCC26X2.c.obj (.text.PowerCC26XX_isStableXOSC_HF)
                  00011ce8    00000028     rf_multiMode_cc13x2.a : RFCC26X2_multiMode.c.cc13x2.ticlang.o (.text.RF_cmdStoreEvents)
                  00011d10    00000028     drivers_cc13x2.a : SDFatFS.c.obj (.text.SDFatFS_diskInitialize)
                  00011d38    00000028                      : SDFatFS.c.obj (.text.SDFatFS_diskRead)
                  00011d60    00000028                      : SDFatFS.c.obj (.text.SDFatFS_diskWrite)
                  00011d88    00000028     time_AL.o (.text._Z23localtime_set_date_timethhhhh)
                  00011db0    00000028     task_rfsub1ghz_tx_data.o (.text._Z29update_tx_packet_message_typeh)
                  00011dd8    00000028     task_rfsub1ghz_tx_data.o (.text._Z30update_tx_packet_battery_levelh)
                  00011e00    00000028     proyect_device_battery_percent_table.o (.text._Z34bat_level_percent_table_find_valuet)
                  00011e28    00000028     time_AL.o (.text._Z34get_elapsed_seconds_in_current_dayv)
                  00011e50    00000028     LSM9DS1.o (.text._ZN7LSM9DS110mReadBytesEhPht)
                  00011e78    00000028     LSM9DS1.o (.text._ZN7LSM9DS111turn_offMagEv)
                  00011ea0    00000028     LSM9DS1.o (.text._ZN7LSM9DS111xgReadBytesEhPht)
                  00011ec8    00000028     LSM9DS1.o (.text._ZN7LSM9DS18calcaResEv)
                  00011ef0    00000028     Statechart.o (.text._ZNSt3__112__deque_baseIPN17statechart_events8SctEventENS_9allocatorIS3_EEE3endEv)
                  00011f18    00000028     Statechart.o (.text._ZNSt3__15dequeIPN17statechart_events8SctEventENS_9allocatorIS3_EEE9push_backEOS3_)
                  00011f40    00000028     fatfs.a : ff.c.obj (.text.f_close)
                  00011f68    00000028     libc.a : memmov.c.obj (.text.memmove)
                  00011f90    00000028     micro_sd_fat.o (.text.microsd_close_file)
                  00011fb8    00000028     sysbios.a : Hwi_asm_gnu.obj (.text.ti_sysbios_family_arm_m3_Hwi_excHandlerAsm)
                  00011fe0    00000028     ti_sysbios_config.o (.text.ti_sysbios_gates_GateMutex_Instance_init)
                  00012008    00000028     ti_sysbios_config.o (.text.ti_sysbios_knl_Semaphore_Instance_init)
                  00012030    00000028     ti_sysbios_config.o (.text.ti_sysbios_knl_Swi_init)
                  00012058    00000028     sysbios.a : TaskSupport_asm_gnu.obj (.text.ti_sysbios_knl_TaskSupport_swap)
[...]
200097c8  pEasyLink_cmdPropCs                                                                                                                                                                                    
200097cc  pEasyLink_cmdPropRadioSetup                                                                                                                                                                            
200097d0  pEasyLink_cmdPropRxAdv                                                                                                                                                                                 
200097d4  pEasyLink_cmdPropTxAdv                                                                                                                                                                                 
200097d8  pEasyLink_params                                                                                                                                                                                       
200097dc  prfHandle                                                                                                                                                                                              
200097e0  prfObject                                                                                                                                                                                              
200097e4  prfParams                                                                                                                                                                                              
200097e8  pschParams_prop                                                                                                                                                                                        
200097ec  ti_sysbios_knl_Task_defaultStackHeap                                                                                                                                                                   
200097f0  __primary_heap_start__                                                                                                                                                                                 
2000d7f0  __primary_heap_end__                                                                                                                                                                                   
2000f938  imu                                                                                                                                                                                                    
2000fb48  PowerCC26X2_module                                                                                                                                                                                     
2000ff48  _ftable                                                                                                                                                                                                
20010038  taskdata_adc0_sysmonitor                                                                                                                                                                               
20010104  taskdata_animal_activity                                                                                                                                                                               
200101d0  taskdata_i2c0_imu_accgyro                                                                                                                                                                              
2001029c  taskdata_i2c0_imu_mag                                                                                                                                                                                  
20010368  taskdata_printu                                                                                                                                                                                        
20010434  taskdata_pwmleds                                                                                                                                                                                       
20010500  taskdata_rfsub_keep_alive                                                                                                                                                                              
200105cc  taskdata_rfsub_tx_data                                                                                                                                                                                 
20010698  taskdata_spi0_microsd                                                                                                                                                                                  
20010764  taskdata_temperature                                                                                                                                                                                   
20010a5c  gpioPinConfigs                                                                                                                                                                                         
20010ad8  ti_sysbios_family_arm_m3_Hwi_Module_state                                                                                                                                                              
20010b14  ti_sysbios_knl_Task_Module_state                                                                                                                                                                       
20010b50  _device                                                                                                                                                                                                
20010bcc  state_machine_p                                                                                                                                                                                        
20010d20  txPowerTable_169                                                                                                                                                                                       
20010df8  ti_sysbios_knl_Clock_Module_state                                                                                                                                                                      
20010f1c  configured                                                                                                                                                                                             
20010f1d  suspended                                                                                                                                                                                              
20010f1e  useIeeeHeader                                                                                                                                                                                          
20010f1f  rfParamsConfigured                                                                                                                                                                                     
20010f78  adc_array                                                                                                                                                                                              
20010f84  adc_battery_level_s                                                                                                                                                                                    
20010f9c  adc_current_charge_s                                                                                                                                                                                   
20010fb4  adc_usb_level_s                                                                                                                                                                                        
20011028  ti_sysbios_runtime_Startup_done                                                                                                                                                                        
2001102b  ti_sysbios_knl_Idle_initDone                                                                                                                                                                           
2001102c  ti_sysbios_runtime_Memory_defaultHeapInstance                                                                                                                                                          
20011044  ti_sysbios_heaps_HeapTrack_Module_state                                                                                                                                                                
2001104c  ti_sysbios_runtime_Error_ignore                                                                                                                                                                        
20011058  ti_sysbios_family_arm_cc26xx_Timer_Module_state                                                                                                                                                        
20011064  ti_sysbios_runtime_System_Module_state                                                                                                                                                                 
20011070  ti_sysbios_runtime_SysMin_Module_state                                                                                                                                                                 
20011080  ti_sysbios_knl_Swi_Module_state                                                                                                                                                                        
200110a8  BIOS_Module_state                                                                                                                                                                                      
200110e0  psem_spi0                                                                                                                                                                                              
20011128  _stream                                                                                                                                                                                                
2001129c  pOverrides                                                                                                                                                                                             
200112dc  uart_print                                                                                                                                                                                             
20011310  RF_cmdPropRxAdv                                                                                                                                                                                        
20011340  RF_cmdPropRxAdv_KA                                                                                                                                                                                     
20011374  task_data_p                                                                                                                                                                                            
200113c8  state_machine                                                                                                                                                                                          
200113f4  RF_cmdPropRadioDivSetup                                                                                                                                                                                
2001141c  RF_cmdPropRadioDivSetup_KA                                                                                                                                                                             
20011444  EasyLink_KA_Phys                                                                                                                                                                                       
20011468  EasyLink_TX_DATA_Phys                                                                                                                                                                                  
200114dc  device_id_str                                                                                                                                                                                          
2001150e  flag_driver_init                                                                                                                                                                                       
2001150f  i2c_init_flag                                                                                                                                                                                          
20011510  RF_cmdFs                                                                                                                                                                                               
20011528  RF_cmdFs_KA                                                                                                                                                                                            
20011540  RF_cmdPropTx                                                                                                                                                                                           
20011558  RF_cmdPropTx_KA                                                                                                                                                                                        
20011584  __TI_ft_end                                                                                                                                                                                            
20011598  RF_prop                                                                                                                                                                                                
200115a8  RF_prop_KA                                                                                                                                                                                             
200115b8  _hposcCoeffs                                                                                                                                                                                           
200115c8  _tz                                                                                                                                                                                                    
200115d8  __TI_cleanup_ptr                                                                                                                                                                                       
200115dc  __TI_dtors_ptr                                                                                                                                                                                         
200115f0  RFCC26XX_schedulerPolicy                                                                                                                                                                               
200115f8  ti_sysbios_gates_GateMutex_Module_state                                                                                                                                                                
20011600  ti_sysbios_heaps_HeapMem_Module_state                                                                                                                                                                  
20011608  ti_sysbios_knl_Semaphore_Module_state                                                                                                                                                                  
2001161c  __aeabi_errno                                                                                                                                                                                          
20011620  __cxa_new_handler                                                                                                                                                                                      
20011624  __dso_handle                                                                                                                                                                                           
20011628  _lock                                                                                                                                                                                                  
2001162c  _unlock                                                                                                                                                                                                
20013a00  __stack                                                                                                                                                                                                
20014000  __STACK_END                                                                                                                                                                                            
ffffffff  __TI_pprof_out_hndl                                                                                                                                                                                    
ffffffff  __TI_prof_data_size                                                                                                                                                                                    
ffffffff  __TI_prof_data_start                                                                                                                                                                                   
ffffffff  __binit__                                                                                                                                                                                              
ffffffff  binit                                                                                                                                                                                                  
UNDEFED   ITM_flush                                                                                                                                                                                              
UNDEFED   ITM_restore                                                                                                                                                                                            
UNDEFED   __mpu_init                                                                                                                                                                                             

[1041 symbols]
