<?xml version="1.0" encoding="ISO-8859-1" ?>
<link_info>
   <banner>TI ARM Clang Linker PC v1.3.0.LTS</banner>
   <copyright>Copyright (c) 1996-2018 Texas Instruments Incorporated</copyright>
   <link_time>0x636bc138</link_time>
   <link_errors>0x0</link_errors>
   <output_file>_fatsd_tirtos7_ticlang.out</output_file>
   <entry_point>
      <name>ResetISR</name>
      <address>0x9f95</address>
   </entry_point>
   <input_file_list>
      <input_file id="fl-1">
         <path>.\</path>
         <kind>object</kind>
         <file>fat_sd_tirtos.o</file>
         <name>fat_sd_tirtos.o</name>
      </input_file>
      <input_file id="fl-2">
         <path>.\</path>
         <kind>object</kind>
         <file>main_tirtos.o</file>
         <name>main_tirtos.o</name>
      </input_file>
      <input_file id="fl-3">
         <path>.\syscfg\</path>
         <kind>object</kind>
         <file>ti_devices_config.o</file>
         <name>ti_devices_config.o</name>
      </input_file>
      <input_file id="fl-4">
         <path>.\syscfg\</path>
         <kind>object</kind>
         <file>ti_drivers_config.o</file>
         <name>ti_drivers_config.o</name>
      </input_file>
      <input_file id="fl-5">
         <path>.\syscfg\</path>
         <kind>object</kind>
         <file>ti_sysbios_config.o</file>
         <name>ti_sysbios_config.o</name>
      </input_file>
      <input_file id="fl-6">
         <path>.\RTOS_AL\</path>
         <kind>object</kind>
         <file>rtos_AL.o</file>
         <name>rtos_AL.o</name>
      </input_file>
      <input_file id="fl-7">
         <path>.\RTOS_AL\</path>
         <kind>object</kind>
         <file>rtos_custom_tests.o</file>
         <name>rtos_custom_tests.o</name>
      </input_file>
      <input_file id="fl-8">
         <path>.\RTOS_AL\</path>
         <kind>object</kind>
         <file>semaphore_AL.o</file>
         <name>semaphore_AL.o</name>
      </input_file>
      <input_file id="fl-9">
         <path>.\drivers_AL\</path>
         <kind>object</kind>
         <file>adc_AL.o</file>
         <name>adc_AL.o</name>
      </input_file>
      <input_file id="fl-a">
         <path>.\drivers_AL\</path>
         <kind>object</kind>
         <file>gpio_AL.o</file>
         <name>gpio_AL.o</name>
      </input_file>
      <input_file id="fl-b">
         <path>.\drivers_AL\</path>
         <kind>object</kind>
         <file>i2c_AL.o</file>
         <name>i2c_AL.o</name>
      </input_file>
      <input_file id="fl-c">
         <path>.\drivers_AL\</path>
         <kind>object</kind>
         <file>uart_AL.o</file>
         <name>uart_AL.o</name>
      </input_file>
      <input_file id="fl-d">
         <path>.\gps_parser\</path>
         <kind>object</kind>
         <file>TinyGPS++.o</file>
         <name>TinyGPS++.o</name>
      </input_file>
      <input_file id="fl-e">
         <path>.\lsm9ds1\</path>
         <kind>object</kind>
         <file>LSM9DS1.o</file>
         <name>LSM9DS1.o</name>
      </input_file>
      <input_file id="fl-f">
         <path>.\micro_sd_fat\</path>
         <kind>object</kind>
         <file>micro_sd_fat.o</file>
         <name>micro_sd_fat.o</name>
      </input_file>
      <input_file id="fl-24">
         <kind>object</kind>
         <file>&lt;internal&gt;</file>
         <name>&lt;internal&gt;</name>
      </input_file>
      <input_file id="fl-25">
         <path>C:\ti\simplelink_cc13xx_cc26xx_sdk_6_30_00_84\source\ti\display\lib\ticlang\m4f\</path>
         <kind>archive</kind>
         <file>display_cc13x2.a</file>
         <name>Display.c.obj</name>
      </input_file>
      <input_file id="fl-26">
         <path>C:\ti\simplelink_cc13xx_cc26xx_sdk_6_30_00_84\source\ti\display\lib\ticlang\m4f\</path>
         <kind>archive</kind>
         <file>display_cc13x2.a</file>
         <name>DisplayUart2.c.obj</name>
      </input_file>
      <input_file id="fl-27">
         <path>C:\ti\simplelink_cc13xx_cc26xx_sdk_6_30_00_84\source\ti\drivers\lib\ticlang\m4f\</path>
         <kind>archive</kind>
         <file>drivers_cc13x2.a</file>
         <name>ADC.c.obj</name>
      </input_file>
      <input_file id="fl-28">
         <path>C:\ti\simplelink_cc13xx_cc26xx_sdk_6_30_00_84\source\ti\drivers\lib\ticlang\m4f\</path>
         <kind>archive</kind>
         <file>drivers_cc13x2.a</file>
         <name>ADCCC26XX.c.obj</name>
      </input_file>
      <input_file id="fl-29">
         <path>C:\ti\simplelink_cc13xx_cc26xx_sdk_6_30_00_84\source\ti\drivers\lib\ticlang\m4f\</path>
         <kind>archive</kind>
         <file>drivers_cc13x2.a</file>
         <name>GPIO.c.obj</name>
      </input_file>
      <input_file id="fl-2a">
         <path>C:\ti\simplelink_cc13xx_cc26xx_sdk_6_30_00_84\source\ti\drivers\lib\ticlang\m4f\</path>
         <kind>archive</kind>
         <file>drivers_cc13x2.a</file>
         <name>GPIOCC26XX.c.obj</name>
      </input_file>
      <input_file id="fl-2b">
         <path>C:\ti\simplelink_cc13xx_cc26xx_sdk_6_30_00_84\source\ti\drivers\lib\ticlang\m4f\</path>
         <kind>archive</kind>
         <file>drivers_cc13x2.a</file>
         <name>I2C.c.obj</name>
      </input_file>
      <input_file id="fl-2c">
         <path>C:\ti\simplelink_cc13xx_cc26xx_sdk_6_30_00_84\source\ti\drivers\lib\ticlang\m4f\</path>
         <kind>archive</kind>
         <file>drivers_cc13x2.a</file>
         <name>I2CCC26XX.c.obj</name>
      </input_file>
      <input_file id="fl-2d">
         <path>C:\ti\simplelink_cc13xx_cc26xx_sdk_6_30_00_84\source\ti\drivers\lib\ticlang\m4f\</path>
         <kind>archive</kind>
         <file>drivers_cc13x2.a</file>
         <name>PowerCC26X2.c.obj</name>
      </input_file>
      <input_file id="fl-2e">
         <path>C:\ti\simplelink_cc13xx_cc26xx_sdk_6_30_00_84\source\ti\drivers\lib\ticlang\m4f\</path>
         <kind>archive</kind>
         <file>drivers_cc13x2.a</file>
         <name>PowerCC26X2_calibrateRCOSC.c.obj</name>
      </input_file>
      <input_file id="fl-2f">
         <path>C:\ti\simplelink_cc13xx_cc26xx_sdk_6_30_00_84\source\ti\drivers\lib\ticlang\m4f\</path>
         <kind>archive</kind>
         <file>drivers_cc13x2.a</file>
         <name>SDSPI.c.obj</name>
      </input_file>
      <input_file id="fl-30">
         <path>C:\ti\simplelink_cc13xx_cc26xx_sdk_6_30_00_84\source\ti\drivers\lib\ticlang\m4f\</path>
         <kind>archive</kind>
         <file>drivers_cc13x2.a</file>
         <name>SDFatFS.c.obj</name>
      </input_file>
      <input_file id="fl-31">
         <path>C:\ti\simplelink_cc13xx_cc26xx_sdk_6_30_00_84\source\ti\drivers\lib\ticlang\m4f\</path>
         <kind>archive</kind>
         <file>drivers_cc13x2.a</file>
         <name>SPI.c.obj</name>
      </input_file>
      <input_file id="fl-32">
         <path>C:\ti\simplelink_cc13xx_cc26xx_sdk_6_30_00_84\source\ti\drivers\lib\ticlang\m4f\</path>
         <kind>archive</kind>
         <file>drivers_cc13x2.a</file>
         <name>TemperatureCC26X2.c.obj</name>
      </input_file>
      <input_file id="fl-33">
         <path>C:\ti\simplelink_cc13xx_cc26xx_sdk_6_30_00_84\source\ti\drivers\lib\ticlang\m4f\</path>
         <kind>archive</kind>
         <file>drivers_cc13x2.a</file>
         <name>UART2.c.obj</name>
      </input_file>
      <input_file id="fl-34">
         <path>C:\ti\simplelink_cc13xx_cc26xx_sdk_6_30_00_84\source\ti\drivers\lib\ticlang\m4f\</path>
         <kind>archive</kind>
         <file>drivers_cc13x2.a</file>
         <name>UART2CC26X2.c.obj</name>
      </input_file>
      <input_file id="fl-35">
         <path>C:\ti\simplelink_cc13xx_cc26xx_sdk_6_30_00_84\source\ti\drivers\lib\ticlang\m4f\</path>
         <kind>archive</kind>
         <file>drivers_cc13x2.a</file>
         <name>GPIOCC26X2.c.obj</name>
      </input_file>
      <input_file id="fl-36">
         <path>C:\ti\simplelink_cc13xx_cc26xx_sdk_6_30_00_84\source\ti\drivers\lib\ticlang\m4f\</path>
         <kind>archive</kind>
         <file>drivers_cc13x2.a</file>
         <name>PowerCC26X2_calibrateRCOSC_helpers.c.obj</name>
      </input_file>
      <input_file id="fl-37">
         <path>C:\ti\simplelink_cc13xx_cc26xx_sdk_6_30_00_84\source\ti\drivers\lib\ticlang\m4f\</path>
         <kind>archive</kind>
         <file>drivers_cc13x2.a</file>
         <name>PowerCC26X2_helpers.c.obj</name>
      </input_file>
      <input_file id="fl-38">
         <path>C:\ti\simplelink_cc13xx_cc26xx_sdk_6_30_00_84\source\ti\drivers\lib\ticlang\m4f\</path>
         <kind>archive</kind>
         <file>drivers_cc13x2.a</file>
         <name>SPICC26X2DMA.c.obj</name>
      </input_file>
      <input_file id="fl-39">
         <path>C:\ti\simplelink_cc13xx_cc26xx_sdk_6_30_00_84\source\ti\drivers\lib\ticlang\m4f\</path>
         <kind>archive</kind>
         <file>drivers_cc13x2.a</file>
         <name>List.c.obj</name>
      </input_file>
      <input_file id="fl-3a">
         <path>C:\ti\simplelink_cc13xx_cc26xx_sdk_6_30_00_84\source\ti\drivers\lib\ticlang\m4f\</path>
         <kind>archive</kind>
         <file>drivers_cc13x2.a</file>
         <name>RingBuf.c.obj</name>
      </input_file>
      <input_file id="fl-3b">
         <path>C:\ti\simplelink_cc13xx_cc26xx_sdk_6_30_00_84\source\ti\drivers\lib\ticlang\m4f\</path>
         <kind>archive</kind>
         <file>drivers_cc13x2.a</file>
         <name>UDMACC26XX.c.obj</name>
      </input_file>
      <input_file id="fl-3c">
         <path>C:\ti\simplelink_cc13xx_cc26xx_sdk_6_30_00_84\source\ti\drivers\lib\ticlang\m4f\</path>
         <kind>archive</kind>
         <file>drivers_cc13x2.a</file>
         <name>SD.c.obj</name>
      </input_file>
      <input_file id="fl-3d">
         <path>C:\ti\simplelink_cc13xx_cc26xx_sdk_6_30_00_84\source\third_party\fatfs\lib\ticlang\m4f\</path>
         <kind>archive</kind>
         <file>fatfs.a</file>
         <name>diskio.c.obj</name>
      </input_file>
      <input_file id="fl-3e">
         <path>C:\ti\simplelink_cc13xx_cc26xx_sdk_6_30_00_84\source\third_party\fatfs\lib\ticlang\m4f\</path>
         <kind>archive</kind>
         <file>fatfs.a</file>
         <name>ff.c.obj</name>
      </input_file>
      <input_file id="fl-3f">
         <path>C:\ti\simplelink_cc13xx_cc26xx_sdk_6_30_00_84\source\third_party\fatfs\lib\ticlang\m4f\</path>
         <kind>archive</kind>
         <file>fatfs.a</file>
         <name>ffsystem.c.obj</name>
      </input_file>
      <input_file id="fl-40">
         <path>C:\ti\simplelink_cc13xx_cc26xx_sdk_6_30_00_84\source\third_party\fatfs\lib\ticlang\m4f\</path>
         <kind>archive</kind>
         <file>fatfs.a</file>
         <name>ffcio.c.obj</name>
      </input_file>
      <input_file id="fl-41">
         <path>C:\ti\simplelink_cc13xx_cc26xx_sdk_6_30_00_84\kernel\tirtos7\packages\ti\sysbios\lib\ticlang\m4f\</path>
         <kind>archive</kind>
         <file>sysbios.a</file>
         <name>TaskSupport_asm_gnu.obj</name>
      </input_file>
      <input_file id="fl-42">
         <path>C:\ti\simplelink_cc13xx_cc26xx_sdk_6_30_00_84\kernel\tirtos7\packages\ti\sysbios\lib\ticlang\m4f\</path>
         <kind>archive</kind>
         <file>sysbios.a</file>
         <name>Hwi_asm_gnu.obj</name>
      </input_file>
      <input_file id="fl-43">
         <path>C:\ti\simplelink_cc13xx_cc26xx_sdk_6_30_00_84\kernel\tirtos7\packages\ti\sysbios\lib\ticlang\m4f\</path>
         <kind>archive</kind>
         <file>sysbios.a</file>
         <name>Hwi_asm_switch_gnu.obj</name>
      </input_file>
      <input_file id="fl-44">
         <path>C:\ti\simplelink_cc13xx_cc26xx_sdk_6_30_00_84\kernel\tirtos7\packages\ti\sysbios\lib\ticlang\m4f\</path>
         <kind>archive</kind>
         <file>sysbios.a</file>
         <name>boot_cortex_m.obj</name>
      </input_file>
      <input_file id="fl-45">
         <path>C:\ti\simplelink_cc13xx_cc26xx_sdk_6_30_00_84\source\ti\devices\cc13x2_cc26x2\driverlib\bin\ticlang\</path>
         <kind>archive</kind>
         <file>driverlib.lib</file>
         <name>aux_adc.o</name>
      </input_file>
      <input_file id="fl-46">
         <path>C:\ti\simplelink_cc13xx_cc26xx_sdk_6_30_00_84\source\ti\devices\cc13x2_cc26x2\driverlib\bin\ticlang\</path>
         <kind>archive</kind>
         <file>driverlib.lib</file>
         <name>setup.o</name>
      </input_file>
      <input_file id="fl-47">
         <path>C:\ti\simplelink_cc13xx_cc26xx_sdk_6_30_00_84\source\ti\devices\cc13x2_cc26x2\driverlib\bin\ticlang\</path>
         <kind>archive</kind>
         <file>driverlib.lib</file>
         <name>aux_sysif.o</name>
      </input_file>
      <input_file id="fl-48">
         <path>C:\ti\simplelink_cc13xx_cc26xx_sdk_6_30_00_84\source\ti\devices\cc13x2_cc26x2\driverlib\bin\ticlang\</path>
         <kind>archive</kind>
         <file>driverlib.lib</file>
         <name>sys_ctrl.o</name>
      </input_file>
      <input_file id="fl-49">
         <path>C:\ti\simplelink_cc13xx_cc26xx_sdk_6_30_00_84\source\ti\devices\cc13x2_cc26x2\driverlib\bin\ticlang\</path>
         <kind>archive</kind>
         <file>driverlib.lib</file>
         <name>cpu.o</name>
      </input_file>
      <input_file id="fl-4a">
         <path>C:\ti\simplelink_cc13xx_cc26xx_sdk_6_30_00_84\source\ti\devices\cc13x2_cc26x2\driverlib\bin\ticlang\</path>
         <kind>archive</kind>
         <file>driverlib.lib</file>
         <name>osc.o</name>
      </input_file>
      <input_file id="fl-4b">
         <path>C:\ti\simplelink_cc13xx_cc26xx_sdk_6_30_00_84\source\ti\devices\cc13x2_cc26x2\driverlib\bin\ticlang\</path>
         <kind>archive</kind>
         <file>driverlib.lib</file>
         <name>prcm.o</name>
      </input_file>
      <input_file id="fl-4c">
         <path>C:\ti\simplelink_cc13xx_cc26xx_sdk_6_30_00_84\source\ti\devices\cc13x2_cc26x2\driverlib\bin\ticlang\</path>
         <kind>archive</kind>
         <file>driverlib.lib</file>
         <name>chipinfo.o</name>
      </input_file>
      <input_file id="fl-58">
         <path>C:\ti\ccs1040\ccs\tools\compiler\ti-cgt-armllvm_1.3.0.LTS\lib\armv7em-ti-none-eabihf\c\</path>
         <kind>archive</kind>
         <file>libc.a</file>
         <name>e_atan2.c.obj</name>
      </input_file>
      <input_file id="fl-59">
         <path>C:\ti\ccs1040\ccs\tools\compiler\ti-cgt-armllvm_1.3.0.LTS\lib\armv7em-ti-none-eabihf\c\</path>
         <kind>archive</kind>
         <file>libc.a</file>
         <name>e_sqrt.c.obj</name>
      </input_file>
      <input_file id="fl-5a">
         <path>C:\ti\ccs1040\ccs\tools\compiler\ti-cgt-armllvm_1.3.0.LTS\lib\armv7em-ti-none-eabihf\c\</path>
         <kind>archive</kind>
         <file>libc.a</file>
         <name>s_atan.c.obj</name>
      </input_file>
      <input_file id="fl-5b">
         <path>C:\ti\ccs1040\ccs\tools\compiler\ti-cgt-armllvm_1.3.0.LTS\lib\armv7em-ti-none-eabihf\c\</path>
         <kind>archive</kind>
         <file>libc.a</file>
         <name>s_cos.c.obj</name>
      </input_file>
      <input_file id="fl-5c">
         <path>C:\ti\ccs1040\ccs\tools\compiler\ti-cgt-armllvm_1.3.0.LTS\lib\armv7em-ti-none-eabihf\c\</path>
         <kind>archive</kind>
         <file>libc.a</file>
         <name>s_sin.c.obj</name>
      </input_file>
      <input_file id="fl-5d">
         <path>C:\ti\ccs1040\ccs\tools\compiler\ti-cgt-armllvm_1.3.0.LTS\lib\armv7em-ti-none-eabihf\c\</path>
         <kind>archive</kind>
         <file>libc.a</file>
         <name>fclose.c.obj</name>
      </input_file>
      <input_file id="fl-5e">
         <path>C:\ti\ccs1040\ccs\tools\compiler\ti-cgt-armllvm_1.3.0.LTS\lib\armv7em-ti-none-eabihf\c\</path>
         <kind>archive</kind>
         <file>libc.a</file>
         <name>fflush.c.obj</name>
      </input_file>
      <input_file id="fl-5f">
         <path>C:\ti\ccs1040\ccs\tools\compiler\ti-cgt-armllvm_1.3.0.LTS\lib\armv7em-ti-none-eabihf\c\</path>
         <kind>archive</kind>
         <file>libc.a</file>
         <name>fopen.c.obj</name>
      </input_file>
      <input_file id="fl-60">
         <path>C:\ti\ccs1040\ccs\tools\compiler\ti-cgt-armllvm_1.3.0.LTS\lib\armv7em-ti-none-eabihf\c\</path>
         <kind>archive</kind>
         <file>libc.a</file>
         <name>fwrite.c.obj</name>
      </input_file>
      <input_file id="fl-61">
         <path>C:\ti\ccs1040\ccs\tools\compiler\ti-cgt-armllvm_1.3.0.LTS\lib\armv7em-ti-none-eabihf\c\</path>
         <kind>archive</kind>
         <file>libc.a</file>
         <name>_io_perm.c.obj</name>
      </input_file>
      <input_file id="fl-62">
         <path>C:\ti\ccs1040\ccs\tools\compiler\ti-cgt-armllvm_1.3.0.LTS\lib\armv7em-ti-none-eabihf\c\</path>
         <kind>archive</kind>
         <file>libc.a</file>
         <name>setvbuf.c.obj</name>
      </input_file>
      <input_file id="fl-63">
         <path>C:\ti\ccs1040\ccs\tools\compiler\ti-cgt-armllvm_1.3.0.LTS\lib\armv7em-ti-none-eabihf\c\</path>
         <kind>archive</kind>
         <file>libc.a</file>
         <name>aeabi_portable.c.obj</name>
      </input_file>
      <input_file id="fl-64">
         <path>C:\ti\ccs1040\ccs\tools\compiler\ti-cgt-armllvm_1.3.0.LTS\lib\armv7em-ti-none-eabihf\c\</path>
         <kind>archive</kind>
         <file>libc.a</file>
         <name>k_rem_pio2.c.obj</name>
      </input_file>
      <input_file id="fl-65">
         <path>C:\ti\ccs1040\ccs\tools\compiler\ti-cgt-armllvm_1.3.0.LTS\lib\armv7em-ti-none-eabihf\c\</path>
         <kind>archive</kind>
         <file>libc.a</file>
         <name>exit.c.obj</name>
      </input_file>
      <input_file id="fl-66">
         <path>C:\ti\ccs1040\ccs\tools\compiler\ti-cgt-armllvm_1.3.0.LTS\lib\armv7em-ti-none-eabihf\c\</path>
         <kind>archive</kind>
         <file>libc.a</file>
         <name>_lock.c.obj</name>
      </input_file>
      <input_file id="fl-67">
         <path>C:\ti\ccs1040\ccs\tools\compiler\ti-cgt-armllvm_1.3.0.LTS\lib\armv7em-ti-none-eabihf\c\</path>
         <kind>archive</kind>
         <file>libc.a</file>
         <name>args_main.c.obj</name>
      </input_file>
      <input_file id="fl-68">
         <path>C:\ti\ccs1040\ccs\tools\compiler\ti-cgt-armllvm_1.3.0.LTS\lib\armv7em-ti-none-eabihf\c\</path>
         <kind>archive</kind>
         <file>libc.a</file>
         <name>assert.c.obj</name>
      </input_file>
      <input_file id="fl-69">
         <path>C:\ti\ccs1040\ccs\tools\compiler\ti-cgt-armllvm_1.3.0.LTS\lib\armv7em-ti-none-eabihf\c\</path>
         <kind>archive</kind>
         <file>libc.a</file>
         <name>atol.c.obj</name>
      </input_file>
      <input_file id="fl-6a">
         <path>C:\ti\ccs1040\ccs\tools\compiler\ti-cgt-armllvm_1.3.0.LTS\lib\armv7em-ti-none-eabihf\c\</path>
         <kind>archive</kind>
         <file>libc.a</file>
         <name>defs.c.obj</name>
      </input_file>
      <input_file id="fl-6b">
         <path>C:\ti\ccs1040\ccs\tools\compiler\ti-cgt-armllvm_1.3.0.LTS\lib\armv7em-ti-none-eabihf\c\</path>
         <kind>archive</kind>
         <file>libc.a</file>
         <name>localtim64.c.obj</name>
      </input_file>
      <input_file id="fl-6c">
         <path>C:\ti\ccs1040\ccs\tools\compiler\ti-cgt-armllvm_1.3.0.LTS\lib\armv7em-ti-none-eabihf\c\</path>
         <kind>archive</kind>
         <file>libc.a</file>
         <name>mktime64.c.obj</name>
      </input_file>
      <input_file id="fl-6d">
         <path>C:\ti\ccs1040\ccs\tools\compiler\ti-cgt-armllvm_1.3.0.LTS\lib\armv7em-ti-none-eabihf\c\</path>
         <kind>archive</kind>
         <file>libc.a</file>
         <name>rewind.c.obj</name>
      </input_file>
      <input_file id="fl-6e">
         <path>C:\ti\ccs1040\ccs\tools\compiler\ti-cgt-armllvm_1.3.0.LTS\lib\armv7em-ti-none-eabihf\c\</path>
         <kind>archive</kind>
         <file>libc.a</file>
         <name>tmzone.c.obj</name>
      </input_file>
      <input_file id="fl-6f">
         <path>C:\ti\ccs1040\ccs\tools\compiler\ti-cgt-armllvm_1.3.0.LTS\lib\armv7em-ti-none-eabihf\c\</path>
         <kind>archive</kind>
         <file>libc.a</file>
         <name>autoinit.c.obj</name>
      </input_file>
      <input_file id="fl-70">
         <path>C:\ti\ccs1040\ccs\tools\compiler\ti-cgt-armllvm_1.3.0.LTS\lib\armv7em-ti-none-eabihf\c\</path>
         <kind>archive</kind>
         <file>libc.a</file>
         <name>cpy_tbl.c.obj</name>
      </input_file>
      <input_file id="fl-71">
         <path>C:\ti\ccs1040\ccs\tools\compiler\ti-cgt-armllvm_1.3.0.LTS\lib\armv7em-ti-none-eabihf\c\</path>
         <kind>archive</kind>
         <file>libc.a</file>
         <name>copy_zero_init.c.obj</name>
      </input_file>
      <input_file id="fl-72">
         <path>C:\ti\ccs1040\ccs\tools\compiler\ti-cgt-armllvm_1.3.0.LTS\lib\armv7em-ti-none-eabihf\c\</path>
         <kind>archive</kind>
         <file>libc.a</file>
         <name>copy_decompress_none.c.obj</name>
      </input_file>
      <input_file id="fl-73">
         <path>C:\ti\ccs1040\ccs\tools\compiler\ti-cgt-armllvm_1.3.0.LTS\lib\armv7em-ti-none-eabihf\c\</path>
         <kind>archive</kind>
         <file>libc.a</file>
         <name>copy_decompress_lzss.c.obj</name>
      </input_file>
      <input_file id="fl-74">
         <path>C:\ti\ccs1040\ccs\tools\compiler\ti-cgt-armllvm_1.3.0.LTS\lib\armv7em-ti-none-eabihf\c\</path>
         <kind>archive</kind>
         <file>libc.a</file>
         <name>k_cos.c.obj</name>
      </input_file>
      <input_file id="fl-75">
         <path>C:\ti\ccs1040\ccs\tools\compiler\ti-cgt-armllvm_1.3.0.LTS\lib\armv7em-ti-none-eabihf\c\</path>
         <kind>archive</kind>
         <file>libc.a</file>
         <name>k_sin.c.obj</name>
      </input_file>
      <input_file id="fl-76">
         <path>C:\ti\ccs1040\ccs\tools\compiler\ti-cgt-armllvm_1.3.0.LTS\lib\armv7em-ti-none-eabihf\c\</path>
         <kind>archive</kind>
         <file>libc.a</file>
         <name>s_floor.c.obj</name>
      </input_file>
      <input_file id="fl-77">
         <path>C:\ti\ccs1040\ccs\tools\compiler\ti-cgt-armllvm_1.3.0.LTS\lib\armv7em-ti-none-eabihf\c\</path>
         <kind>archive</kind>
         <file>libc.a</file>
         <name>s_scalbn.c.obj</name>
      </input_file>
      <input_file id="fl-78">
         <path>C:\ti\ccs1040\ccs\tools\compiler\ti-cgt-armllvm_1.3.0.LTS\lib\armv7em-ti-none-eabihf\c\</path>
         <kind>archive</kind>
         <file>libc.a</file>
         <name>sprintf.c.obj</name>
      </input_file>
      <input_file id="fl-79">
         <path>C:\ti\ccs1040\ccs\tools\compiler\ti-cgt-armllvm_1.3.0.LTS\lib\armv7em-ti-none-eabihf\c\</path>
         <kind>archive</kind>
         <file>libc.a</file>
         <name>fputs.c.obj</name>
      </input_file>
      <input_file id="fl-7a">
         <path>C:\ti\ccs1040\ccs\tools\compiler\ti-cgt-armllvm_1.3.0.LTS\lib\armv7em-ti-none-eabihf\c\</path>
         <kind>archive</kind>
         <file>libc.a</file>
         <name>fseek.c.obj</name>
      </input_file>
      <input_file id="fl-7b">
         <path>C:\ti\ccs1040\ccs\tools\compiler\ti-cgt-armllvm_1.3.0.LTS\lib\armv7em-ti-none-eabihf\c\</path>
         <kind>archive</kind>
         <file>libc.a</file>
         <name>aeabi_ctype.S.obj</name>
      </input_file>
      <input_file id="fl-7c">
         <path>C:\ti\ccs1040\ccs\tools\compiler\ti-cgt-armllvm_1.3.0.LTS\lib\armv7em-ti-none-eabihf\c\</path>
         <kind>archive</kind>
         <file>libc.a</file>
         <name>_printfi.c.obj</name>
      </input_file>
      <input_file id="fl-7d">
         <path>C:\ti\ccs1040\ccs\tools\compiler\ti-cgt-armllvm_1.3.0.LTS\lib\armv7em-ti-none-eabihf\c\</path>
         <kind>archive</kind>
         <file>libc.a</file>
         <name>_ltoa.c.obj</name>
      </input_file>
      <input_file id="fl-7e">
         <path>C:\ti\ccs1040\ccs\tools\compiler\ti-cgt-armllvm_1.3.0.LTS\lib\armv7em-ti-none-eabihf\c\</path>
         <kind>archive</kind>
         <file>libc.a</file>
         <name>atoi.c.obj</name>
      </input_file>
      <input_file id="fl-7f">
         <path>C:\ti\ccs1040\ccs\tools\compiler\ti-cgt-armllvm_1.3.0.LTS\lib\armv7em-ti-none-eabihf\c\</path>
         <kind>archive</kind>
         <file>libc.a</file>
         <name>memccpy.c.obj</name>
      </input_file>
      <input_file id="fl-80">
         <path>C:\ti\ccs1040\ccs\tools\compiler\ti-cgt-armllvm_1.3.0.LTS\lib\armv7em-ti-none-eabihf\c\</path>
         <kind>archive</kind>
         <file>libc.a</file>
         <name>s_frexp.c.obj</name>
      </input_file>
      <input_file id="fl-81">
         <path>C:\ti\ccs1040\ccs\tools\compiler\ti-cgt-armllvm_1.3.0.LTS\lib\armv7em-ti-none-eabihf\c\</path>
         <kind>archive</kind>
         <file>libc.a</file>
         <name>wcslen.c.obj</name>
      </input_file>
      <input_file id="fl-ba">
         <path>C:\ti\ccs1040\ccs\tools\compiler\ti-cgt-armllvm_1.3.0.LTS\lib\armv7em-ti-none-eabihf\c\</path>
         <kind>archive</kind>
         <file>libsysbm.a</file>
         <name>write.c.obj</name>
      </input_file>
      <input_file id="fl-bb">
         <path>C:\ti\ccs1040\ccs\tools\compiler\ti-cgt-armllvm_1.3.0.LTS\lib\armv7em-ti-none-eabihf\c\</path>
         <kind>archive</kind>
         <file>libsysbm.a</file>
         <name>host_device.c.obj</name>
      </input_file>
      <input_file id="fl-bc">
         <path>C:\ti\ccs1040\ccs\tools\compiler\ti-cgt-armllvm_1.3.0.LTS\lib\armv7em-ti-none-eabihf\c\</path>
         <kind>archive</kind>
         <file>libsysbm.a</file>
         <name>remove.c.obj</name>
      </input_file>
      <input_file id="fl-bd">
         <path>C:\ti\ccs1040\ccs\tools\compiler\ti-cgt-armllvm_1.3.0.LTS\lib\armv7em-ti-none-eabihf\c\</path>
         <kind>archive</kind>
         <file>libsysbm.a</file>
         <name>open.c.obj</name>
      </input_file>
      <input_file id="fl-be">
         <path>C:\ti\ccs1040\ccs\tools\compiler\ti-cgt-armllvm_1.3.0.LTS\lib\armv7em-ti-none-eabihf\c\</path>
         <kind>archive</kind>
         <file>libsysbm.a</file>
         <name>lseek.c.obj</name>
      </input_file>
      <input_file id="fl-bf">
         <path>C:\ti\ccs1040\ccs\tools\compiler\ti-cgt-armllvm_1.3.0.LTS\lib\armv7em-ti-none-eabihf\c\</path>
         <kind>archive</kind>
         <file>libsysbm.a</file>
         <name>close.c.obj</name>
      </input_file>
      <input_file id="fl-c0">
         <path>C:\ti\ccs1040\ccs\tools\compiler\ti-cgt-armllvm_1.3.0.LTS\lib\armv7em-ti-none-eabihf\c\</path>
         <kind>archive</kind>
         <file>libsysbm.a</file>
         <name>add_device.c.obj</name>
      </input_file>
      <input_file id="fl-c1">
         <path>C:\ti\ccs1040\ccs\tools\compiler\ti-cgt-armllvm_1.3.0.LTS\lib\armv7em-ti-none-eabihf\c\</path>
         <kind>archive</kind>
         <file>libsysbm.a</file>
         <name>unlink.c.obj</name>
      </input_file>
      <input_file id="fl-c2">
         <path>C:\ti\ccs1040\ccs\tools\compiler\ti-cgt-armllvm_1.3.0.LTS\lib\armv7em-ti-none-eabihf\c\</path>
         <kind>archive</kind>
         <file>libsysbm.a</file>
         <name>hostclose.c.obj</name>
      </input_file>
      <input_file id="fl-c3">
         <path>C:\ti\ccs1040\ccs\tools\compiler\ti-cgt-armllvm_1.3.0.LTS\lib\armv7em-ti-none-eabihf\c\</path>
         <kind>archive</kind>
         <file>libsysbm.a</file>
         <name>hostlseek.c.obj</name>
      </input_file>
      <input_file id="fl-c4">
         <path>C:\ti\ccs1040\ccs\tools\compiler\ti-cgt-armllvm_1.3.0.LTS\lib\armv7em-ti-none-eabihf\c\</path>
         <kind>archive</kind>
         <file>libsysbm.a</file>
         <name>hostopen.c.obj</name>
      </input_file>
      <input_file id="fl-c5">
         <path>C:\ti\ccs1040\ccs\tools\compiler\ti-cgt-armllvm_1.3.0.LTS\lib\armv7em-ti-none-eabihf\c\</path>
         <kind>archive</kind>
         <file>libsysbm.a</file>
         <name>hostread.c.obj</name>
      </input_file>
      <input_file id="fl-c6">
         <path>C:\ti\ccs1040\ccs\tools\compiler\ti-cgt-armllvm_1.3.0.LTS\lib\armv7em-ti-none-eabihf\c\</path>
         <kind>archive</kind>
         <file>libsysbm.a</file>
         <name>hostrename.c.obj</name>
      </input_file>
      <input_file id="fl-c7">
         <path>C:\ti\ccs1040\ccs\tools\compiler\ti-cgt-armllvm_1.3.0.LTS\lib\armv7em-ti-none-eabihf\c\</path>
         <kind>archive</kind>
         <file>libsysbm.a</file>
         <name>hostunlink.c.obj</name>
      </input_file>
      <input_file id="fl-c8">
         <path>C:\ti\ccs1040\ccs\tools\compiler\ti-cgt-armllvm_1.3.0.LTS\lib\armv7em-ti-none-eabihf\c\</path>
         <kind>archive</kind>
         <file>libsysbm.a</file>
         <name>hostwrite.c.obj</name>
      </input_file>
      <input_file id="fl-c9">
         <path>C:\ti\ccs1040\ccs\tools\compiler\ti-cgt-armllvm_1.3.0.LTS\lib\armv7em-ti-none-eabihf\c\</path>
         <kind>archive</kind>
         <file>libsysbm.a</file>
         <name>trgmsg.c.obj</name>
      </input_file>
      <input_file id="fl-ca">
         <path>C:\ti\ccs1040\ccs\tools\compiler\ti-cgt-armllvm_1.3.0.LTS\lib\clang\12.0.1\lib\armv7em-ti-none-eabihf\</path>
         <kind>archive</kind>
         <file>libclang_rt.builtins.a</file>
         <name>adddf3.S.obj</name>
      </input_file>
      <input_file id="fl-cb">
         <path>C:\ti\ccs1040\ccs\tools\compiler\ti-cgt-armllvm_1.3.0.LTS\lib\clang\12.0.1\lib\armv7em-ti-none-eabihf\</path>
         <kind>archive</kind>
         <file>libclang_rt.builtins.a</file>
         <name>muldf3.S.obj</name>
      </input_file>
      <input_file id="fl-cc">
         <path>C:\ti\ccs1040\ccs\tools\compiler\ti-cgt-armllvm_1.3.0.LTS\lib\clang\12.0.1\lib\armv7em-ti-none-eabihf\</path>
         <kind>archive</kind>
         <file>libclang_rt.builtins.a</file>
         <name>divdf3.S.obj</name>
      </input_file>
      <input_file id="fl-cd">
         <path>C:\ti\ccs1040\ccs\tools\compiler\ti-cgt-armllvm_1.3.0.LTS\lib\clang\12.0.1\lib\armv7em-ti-none-eabihf\</path>
         <kind>archive</kind>
         <file>libclang_rt.builtins.a</file>
         <name>extendsfdf2.S.obj</name>
      </input_file>
      <input_file id="fl-ce">
         <path>C:\ti\ccs1040\ccs\tools\compiler\ti-cgt-armllvm_1.3.0.LTS\lib\clang\12.0.1\lib\armv7em-ti-none-eabihf\</path>
         <kind>archive</kind>
         <file>libclang_rt.builtins.a</file>
         <name>fixdfsi.S.obj</name>
      </input_file>
      <input_file id="fl-cf">
         <path>C:\ti\ccs1040\ccs\tools\compiler\ti-cgt-armllvm_1.3.0.LTS\lib\clang\12.0.1\lib\armv7em-ti-none-eabihf\</path>
         <kind>archive</kind>
         <file>libclang_rt.builtins.a</file>
         <name>fixunsdfsi.S.obj</name>
      </input_file>
      <input_file id="fl-d0">
         <path>C:\ti\ccs1040\ccs\tools\compiler\ti-cgt-armllvm_1.3.0.LTS\lib\clang\12.0.1\lib\armv7em-ti-none-eabihf\</path>
         <kind>archive</kind>
         <file>libclang_rt.builtins.a</file>
         <name>floatsidf.S.obj</name>
      </input_file>
      <input_file id="fl-d1">
         <path>C:\ti\ccs1040\ccs\tools\compiler\ti-cgt-armllvm_1.3.0.LTS\lib\clang\12.0.1\lib\armv7em-ti-none-eabihf\</path>
         <kind>archive</kind>
         <file>libclang_rt.builtins.a</file>
         <name>floatunsidf.S.obj</name>
      </input_file>
      <input_file id="fl-d2">
         <path>C:\ti\ccs1040\ccs\tools\compiler\ti-cgt-armllvm_1.3.0.LTS\lib\clang\12.0.1\lib\armv7em-ti-none-eabihf\</path>
         <kind>archive</kind>
         <file>libclang_rt.builtins.a</file>
         <name>truncdfsf2.S.obj</name>
      </input_file>
      <input_file id="fl-d3">
         <path>C:\ti\ccs1040\ccs\tools\compiler\ti-cgt-armllvm_1.3.0.LTS\lib\clang\12.0.1\lib\armv7em-ti-none-eabihf\</path>
         <kind>archive</kind>
         <file>libclang_rt.builtins.a</file>
         <name>aeabi_dcmp.S.obj</name>
      </input_file>
      <input_file id="fl-d4">
         <path>C:\ti\ccs1040\ccs\tools\compiler\ti-cgt-armllvm_1.3.0.LTS\lib\clang\12.0.1\lib\armv7em-ti-none-eabihf\</path>
         <kind>archive</kind>
         <file>libclang_rt.builtins.a</file>
         <name>aeabi_ldivmod.S.obj</name>
      </input_file>
      <input_file id="fl-d5">
         <path>C:\ti\ccs1040\ccs\tools\compiler\ti-cgt-armllvm_1.3.0.LTS\lib\clang\12.0.1\lib\armv7em-ti-none-eabihf\</path>
         <kind>archive</kind>
         <file>libclang_rt.builtins.a</file>
         <name>aeabi_memcpy.S.obj</name>
      </input_file>
      <input_file id="fl-d6">
         <path>C:\ti\ccs1040\ccs\tools\compiler\ti-cgt-armllvm_1.3.0.LTS\lib\clang\12.0.1\lib\armv7em-ti-none-eabihf\</path>
         <kind>archive</kind>
         <file>libclang_rt.builtins.a</file>
         <name>aeabi_memset.S.obj</name>
      </input_file>
      <input_file id="fl-d7">
         <path>C:\ti\ccs1040\ccs\tools\compiler\ti-cgt-armllvm_1.3.0.LTS\lib\clang\12.0.1\lib\armv7em-ti-none-eabihf\</path>
         <kind>archive</kind>
         <file>libclang_rt.builtins.a</file>
         <name>aeabi_uldivmod.S.obj</name>
      </input_file>
      <input_file id="fl-d8">
         <path>C:\ti\ccs1040\ccs\tools\compiler\ti-cgt-armllvm_1.3.0.LTS\lib\clang\12.0.1\lib\armv7em-ti-none-eabihf\</path>
         <kind>archive</kind>
         <file>libclang_rt.builtins.a</file>
         <name>udivmoddi4.S.obj</name>
      </input_file>
      <input_file id="fl-d9">
         <path>C:\ti\ccs1040\ccs\tools\compiler\ti-cgt-armllvm_1.3.0.LTS\lib\clang\12.0.1\lib\armv7em-ti-none-eabihf\</path>
         <kind>archive</kind>
         <file>libclang_rt.builtins.a</file>
         <name>comparedf2.c.obj</name>
      </input_file>
      <input_file id="fl-da">
         <path>C:\ti\ccs1040\ccs\tools\compiler\ti-cgt-armllvm_1.3.0.LTS\lib\clang\12.0.1\lib\armv7em-ti-none-eabihf\</path>
         <kind>archive</kind>
         <file>libclang_rt.builtins.a</file>
         <name>divmoddi4.c.obj</name>
      </input_file>
      <input_file id="fl-db">
         <path>C:\ti\ccs1040\ccs\tools\compiler\ti-cgt-armllvm_1.3.0.LTS\lib\clang\12.0.1\lib\armv7em-ti-none-eabihf\</path>
         <kind>archive</kind>
         <file>libclang_rt.builtins.a</file>
         <name>aeabi_div0.c.obj</name>
      </input_file>
      <input_file id="fl-dc">
         <path>C:\ti\ccs1040\ccs\tools\compiler\ti-cgt-armllvm_1.3.0.LTS\lib\armv7em-ti-none-eabihf\c\</path>
         <kind>archive</kind>
         <file>libc.a</file>
         <name>getdevice.c.obj</name>
      </input_file>
      <input_file id="fl-dd">
         <path>C:\ti\ccs1040\ccs\tools\compiler\ti-cgt-armllvm_1.3.0.LTS\lib\armv7em-ti-none-eabihf\c\</path>
         <kind>archive</kind>
         <file>libc.a</file>
         <name>memcpy_t2.S.obj</name>
      </input_file>
      <input_file id="fl-de">
         <path>C:\ti\ccs1040\ccs\tools\compiler\ti-cgt-armllvm_1.3.0.LTS\lib\armv7em-ti-none-eabihf\c\</path>
         <kind>archive</kind>
         <file>libc.a</file>
         <name>memset_t2.S.obj</name>
      </input_file>
   </input_file_list>
   <object_component_list>
      <object_component id="oc-358">
         <name>.text.ti_sysbios_runtime_System_doPrint</name>
         <load_address>0x40</load_address>
         <run_address>0x40</run_address>
         <size>0x330</size>
         <input_file_ref idref="fl-5"/>
      </object_component>
      <object_component id="oc-3b8">
         <name>.text.SPICC26X2DMA_transfer</name>
         <load_address>0x370</load_address>
         <run_address>0x370</run_address>
         <size>0x2c8</size>
         <input_file_ref idref="fl-38"/>
      </object_component>
      <object_component id="oc-8b">
         <name>.text.mainThread</name>
         <load_address>0x638</load_address>
         <run_address>0x638</run_address>
         <size>0x2b8</size>
         <input_file_ref idref="fl-1"/>
      </object_component>
      <object_component id="oc-27e">
         <name>.text.__mktime64</name>
         <load_address>0x8f0</load_address>
         <run_address>0x8f0</run_address>
         <size>0x280</size>
         <input_file_ref idref="fl-6c"/>
      </object_component>
      <object_component id="oc-14d">
         <name>.text.find_volume</name>
         <load_address>0xb70</load_address>
         <run_address>0xb70</run_address>
         <size>0x268</size>
         <input_file_ref idref="fl-3e"/>
      </object_component>
      <object_component id="oc-314">
         <name>.text.UART2CC26X2_hwiIntFxn</name>
         <load_address>0xdd8</load_address>
         <run_address>0xdd8</run_address>
         <size>0x1f0</size>
         <input_file_ref idref="fl-34"/>
      </object_component>
      <object_component id="oc-26a">
         <name>.text.f_open</name>
         <load_address>0xfc8</load_address>
         <run_address>0xfc8</run_address>
         <size>0x1ea</size>
         <input_file_ref idref="fl-3e"/>
      </object_component>
      <object_component id="oc-210">
         <name>.text.BIOS_nullFunc</name>
         <load_address>0x11b2</load_address>
         <run_address>0x11b2</run_address>
         <size>0x2</size>
         <input_file_ref idref="fl-5"/>
      </object_component>
      <object_component id="oc-36b">
         <name>.text.SDSPI_initialize</name>
         <load_address>0x11b4</load_address>
         <run_address>0x11b4</run_address>
         <size>0x1cc</size>
         <input_file_ref idref="fl-2f"/>
      </object_component>
      <object_component id="oc-14e">
         <name>.text.follow_path</name>
         <load_address>0x1380</load_address>
         <run_address>0x1380</run_address>
         <size>0x1b8</size>
         <input_file_ref idref="fl-3e"/>
      </object_component>
      <object_component id="oc-39f">
         <name>.text</name>
         <load_address>0x1538</load_address>
         <run_address>0x1538</run_address>
         <size>0x1b6</size>
         <input_file_ref idref="fl-ca"/>
      </object_component>
      <object_component id="oc-3c5">
         <name>.text.SPICC26X2DMA_hwiFxn</name>
         <load_address>0x16ee</load_address>
         <run_address>0x16ee</run_address>
         <size>0x1ae</size>
         <input_file_ref idref="fl-38"/>
      </object_component>
      <object_component id="oc-267">
         <name>.text.f_write</name>
         <load_address>0x189c</load_address>
         <run_address>0x189c</run_address>
         <size>0x19c</size>
         <input_file_ref idref="fl-3e"/>
      </object_component>
      <object_component id="oc-11a">
         <name>.text.PowerCC26X2_auxISR</name>
         <load_address>0x1a38</load_address>
         <run_address>0x1a38</run_address>
         <size>0x194</size>
         <input_file_ref idref="fl-2e"/>
      </object_component>
      <object_component id="oc-203">
         <name>.text.__localtime64</name>
         <load_address>0x1bcc</load_address>
         <run_address>0x1bcc</run_address>
         <size>0x190</size>
         <input_file_ref idref="fl-6b"/>
      </object_component>
      <object_component id="oc-3b7">
         <name>.text.SPICC26X2DMA_open</name>
         <load_address>0x1d5c</load_address>
         <run_address>0x1d5c</run_address>
         <size>0x188</size>
         <input_file_ref idref="fl-38"/>
      </object_component>
      <object_component id="oc-204">
         <name>.text.fwrite</name>
         <load_address>0x1ee4</load_address>
         <run_address>0x1ee4</run_address>
         <size>0x184</size>
         <input_file_ref idref="fl-60"/>
      </object_component>
      <object_component id="oc-2b4">
         <name>.text.UART2_open</name>
         <load_address>0x2068</load_address>
         <run_address>0x2068</run_address>
         <size>0x17c</size>
         <input_file_ref idref="fl-34"/>
      </object_component>
      <object_component id="oc-35a">
         <name>.text.UART2_writeTimeoutBlocking</name>
         <load_address>0x21e4</load_address>
         <run_address>0x21e4</run_address>
         <size>0x174</size>
         <input_file_ref idref="fl-33"/>
      </object_component>
      <object_component id="oc-268">
         <name>.text.f_read</name>
         <load_address>0x2358</load_address>
         <run_address>0x2358</run_address>
         <size>0x172</size>
         <input_file_ref idref="fl-3e"/>
      </object_component>
      <object_component id="oc-265">
         <name>.text.f_lseek</name>
         <load_address>0x24ca</load_address>
         <run_address>0x24ca</run_address>
         <size>0x164</size>
         <input_file_ref idref="fl-3e"/>
      </object_component>
      <object_component id="oc-b6">
         <name>.text.Board_initHook</name>
         <load_address>0x262e</load_address>
         <run_address>0x262e</run_address>
         <size>0x2</size>
         <input_file_ref idref="fl-4"/>
      </object_component>
      <object_component id="oc-3d5">
         <name>.text.configNextTransfer</name>
         <load_address>0x2630</load_address>
         <run_address>0x2630</run_address>
         <size>0x160</size>
         <input_file_ref idref="fl-38"/>
      </object_component>
      <object_component id="oc-22b">
         <name>.text.Power_sleep</name>
         <load_address>0x2790</load_address>
         <run_address>0x2790</run_address>
         <size>0x158</size>
         <input_file_ref idref="fl-2d"/>
      </object_component>
      <object_component id="oc-384">
         <name>.text.ti_sysbios_runtime_System_printfExtend</name>
         <load_address>0x28e8</load_address>
         <run_address>0x28e8</run_address>
         <size>0x144</size>
         <input_file_ref idref="fl-5"/>
      </object_component>
      <object_component id="oc-d0">
         <name>.text.f_mkdir</name>
         <load_address>0x2a2c</load_address>
         <run_address>0x2a2c</run_address>
         <size>0x132</size>
         <input_file_ref idref="fl-3e"/>
      </object_component>
      <object_component id="oc-3b9">
         <name>.text.SPICC26X2DMA_transferCancel</name>
         <load_address>0x2b5e</load_address>
         <run_address>0x2b5e</run_address>
         <size>0x122</size>
         <input_file_ref idref="fl-38"/>
      </object_component>
      <object_component id="oc-26e">
         <name>.text._openfile</name>
         <load_address>0x2c80</load_address>
         <run_address>0x2c80</run_address>
         <size>0x120</size>
         <input_file_ref idref="fl-5f"/>
      </object_component>
      <object_component id="oc-219">
         <name>.text.ti_sysbios_family_arm_cc26xx_Timer_construct</name>
         <load_address>0x2da0</load_address>
         <run_address>0x2da0</run_address>
         <size>0x120</size>
         <input_file_ref idref="fl-5"/>
      </object_component>
      <object_component id="oc-56">
         <name>.text.ti_sysbios_family_arm_m3_Hwi_dispatch</name>
         <load_address>0x2ec0</load_address>
         <run_address>0x2ec0</run_address>
         <size>0x11c</size>
         <input_file_ref idref="fl-42"/>
      </object_component>
      <object_component id="oc-359">
         <name>.text.UART2_writeTimeoutNonblocking</name>
         <load_address>0x2fdc</load_address>
         <run_address>0x2fdc</run_address>
         <size>0x11a</size>
         <input_file_ref idref="fl-33"/>
      </object_component>
      <object_component id="oc-246">
         <name>.text.DisplayUart2Min_clear</name>
         <load_address>0x30f6</load_address>
         <run_address>0x30f6</run_address>
         <size>0x2</size>
         <input_file_ref idref="fl-26"/>
      </object_component>
      <object_component id="oc-a9">
         <name>.text.Power_init</name>
         <load_address>0x30f8</load_address>
         <run_address>0x30f8</run_address>
         <size>0x118</size>
         <input_file_ref idref="fl-2d"/>
      </object_component>
      <object_component id="oc-261">
         <name>.text.f_rename</name>
         <load_address>0x3210</load_address>
         <run_address>0x3210</run_address>
         <size>0x116</size>
         <input_file_ref idref="fl-3e"/>
      </object_component>
      <object_component id="oc-247">
         <name>.text.DisplayUart2Min_clearLines</name>
         <load_address>0x3326</load_address>
         <run_address>0x3326</run_address>
         <size>0x2</size>
         <input_file_ref idref="fl-26"/>
      </object_component>
      <object_component id="oc-1a9">
         <name>.text.PowerCC26X2_calibrate</name>
         <load_address>0x3328</load_address>
         <run_address>0x3328</run_address>
         <size>0x10c</size>
         <input_file_ref idref="fl-2e"/>
      </object_component>
      <object_component id="oc-14f">
         <name>.text.create_chain</name>
         <load_address>0x3434</load_address>
         <run_address>0x3434</run_address>
         <size>0x10c</size>
         <input_file_ref idref="fl-3e"/>
      </object_component>
      <object_component id="oc-af">
         <name>.text.GPIO_init</name>
         <load_address>0x3540</load_address>
         <run_address>0x3540</run_address>
         <size>0x104</size>
         <input_file_ref idref="fl-35"/>
      </object_component>
      <object_component id="oc-30d">
         <name>.text.UART2CC26X2_initHw</name>
         <load_address>0x3644</load_address>
         <run_address>0x3644</run_address>
         <size>0x104</size>
         <input_file_ref idref="fl-34"/>
      </object_component>
      <object_component id="oc-3a0">
         <name>.text</name>
         <load_address>0x3748</load_address>
         <run_address>0x3748</run_address>
         <size>0xfc</size>
         <input_file_ref idref="fl-cb"/>
      </object_component>
      <object_component id="oc-2f7">
         <name>.text.NOROM_SysCtrlStandby</name>
         <load_address>0x3844</load_address>
         <run_address>0x3844</run_address>
         <size>0xf4</size>
         <input_file_ref idref="fl-48"/>
      </object_component>
      <object_component id="oc-1f0">
         <name>.text.put_fat</name>
         <load_address>0x3938</load_address>
         <run_address>0x3938</run_address>
         <size>0xf4</size>
         <input_file_ref idref="fl-3e"/>
      </object_component>
      <object_component id="oc-354">
         <name>.text.UART2Support_dmaStartRx</name>
         <load_address>0x3a2c</load_address>
         <run_address>0x3a2c</run_address>
         <size>0xf0</size>
         <input_file_ref idref="fl-34"/>
      </object_component>
      <object_component id="oc-36e">
         <name>.text.SDSPI_write</name>
         <load_address>0x3b1c</load_address>
         <run_address>0x3b1c</run_address>
         <size>0xec</size>
         <input_file_ref idref="fl-2f"/>
      </object_component>
      <object_component id="oc-59">
         <name>.text.NOROM_SetupTrimDevice</name>
         <load_address>0x3c08</load_address>
         <run_address>0x3c08</run_address>
         <size>0xe4</size>
         <input_file_ref idref="fl-46"/>
      </object_component>
      <object_component id="oc-23e">
         <name>.text.ti_sysbios_knl_Semaphore_pend</name>
         <load_address>0x3cec</load_address>
         <run_address>0x3cec</run_address>
         <size>0xe4</size>
         <input_file_ref idref="fl-5"/>
      </object_component>
      <object_component id="oc-1d0">
         <name>.text.add_device</name>
         <load_address>0x3dd0</load_address>
         <run_address>0x3dd0</run_address>
         <size>0xdc</size>
         <input_file_ref idref="fl-c0"/>
      </object_component>
      <object_component id="oc-2e7">
         <name>.text.setvbuf</name>
         <load_address>0x3eac</load_address>
         <run_address>0x3eac</run_address>
         <size>0xdc</size>
         <input_file_ref idref="fl-62"/>
      </object_component>
      <object_component id="oc-3b5">
         <name>.text.SPICC26X2DMA_control</name>
         <load_address>0x3f88</load_address>
         <run_address>0x3f88</run_address>
         <size>0xd8</size>
         <input_file_ref idref="fl-38"/>
      </object_component>
      <object_component id="oc-89">
         <name>.text.pthread_create</name>
         <load_address>0x4060</load_address>
         <run_address>0x4060</run_address>
         <size>0xd8</size>
         <input_file_ref idref="fl-5"/>
      </object_component>
      <object_component id="oc-eb">
         <name>.text.ti_sysbios_family_arm_m3_Hwi_excFillContext</name>
         <load_address>0x4138</load_address>
         <run_address>0x4138</run_address>
         <size>0xd8</size>
         <input_file_ref idref="fl-5"/>
      </object_component>
      <object_component id="oc-190">
         <name>.text.configureXOSCHF</name>
         <load_address>0x4210</load_address>
         <run_address>0x4210</run_address>
         <size>0xd0</size>
         <input_file_ref idref="fl-2d"/>
      </object_component>
      <object_component id="oc-1ec">
         <name>.text.dir_next</name>
         <load_address>0x42e0</load_address>
         <run_address>0x42e0</run_address>
         <size>0xd0</size>
         <input_file_ref idref="fl-3e"/>
      </object_component>
      <object_component id="oc-183">
         <name>.text.ti_sysbios_knl_Clock_workFuncDynamic</name>
         <load_address>0x43b0</load_address>
         <run_address>0x43b0</run_address>
         <size>0xcc</size>
         <input_file_ref idref="fl-5"/>
      </object_component>
      <object_component id="oc-d9">
         <name>.text.clock_gettime</name>
         <load_address>0x447c</load_address>
         <run_address>0x447c</run_address>
         <size>0xc8</size>
         <input_file_ref idref="fl-5"/>
      </object_component>
      <object_component id="oc-7e">
         <name>.text.TrimAfterColdResetWakeupFromShutDown</name>
         <load_address>0x4544</load_address>
         <run_address>0x4544</run_address>
         <size>0xc4</size>
         <input_file_ref idref="fl-46"/>
      </object_component>
      <object_component id="oc-260">
         <name>.text.SDFatFS_open</name>
         <load_address>0x4608</load_address>
         <run_address>0x4608</run_address>
         <size>0xc0</size>
         <input_file_ref idref="fl-30"/>
      </object_component>
      <object_component id="oc-356">
         <name>.text.UART2Support_dmaStartTx</name>
         <load_address>0x46c8</load_address>
         <run_address>0x46c8</run_address>
         <size>0xbc</size>
         <input_file_ref idref="fl-34"/>
      </object_component>
      <object_component id="oc-1bf">
         <name>.text.ti_sysbios_knl_Task_Instance_finalize</name>
         <load_address>0x4784</load_address>
         <run_address>0x4784</run_address>
         <size>0xb8</size>
         <input_file_ref idref="fl-5"/>
      </object_component>
      <object_component id="oc-2a6">
         <name>.text.NOROM_OSCHF_AttemptToSwitchToXosc</name>
         <load_address>0x483c</load_address>
         <run_address>0x483c</run_address>
         <size>0xb4</size>
         <input_file_ref idref="fl-4a"/>
      </object_component>
      <object_component id="oc-192">
         <name>.text.PowerCC26XX_standbyPolicy</name>
         <load_address>0x48f0</load_address>
         <run_address>0x48f0</run_address>
         <size>0xb4</size>
         <input_file_ref idref="fl-5"/>
      </object_component>
      <object_component id="oc-236">
         <name>.text.Power_releaseDependency</name>
         <load_address>0x49a4</load_address>
         <run_address>0x49a4</run_address>
         <size>0xb4</size>
         <input_file_ref idref="fl-2d"/>
      </object_component>
      <object_component id="oc-bc">
         <name>.text.ti_sysbios_knl_Task_setPri</name>
         <load_address>0x4a58</load_address>
         <run_address>0x4a58</run_address>
         <size>0xb4</size>
         <input_file_ref idref="fl-5"/>
      </object_component>
      <object_component id="oc-11f">
         <name>.text.Power_setDependency</name>
         <load_address>0x4b0c</load_address>
         <run_address>0x4b0c</run_address>
         <size>0xb0</size>
         <input_file_ref idref="fl-2d"/>
      </object_component>
      <object_component id="oc-368">
         <name>.text.SDSPI_getNumSectors</name>
         <load_address>0x4bbc</load_address>
         <run_address>0x4bbc</run_address>
         <size>0xb0</size>
         <input_file_ref idref="fl-2f"/>
      </object_component>
      <object_component id="oc-201">
         <name>.text</name>
         <load_address>0x4c6c</load_address>
         <run_address>0x4c6c</run_address>
         <size>0xb0</size>
         <input_file_ref idref="fl-d8"/>
      </object_component>
      <object_component id="oc-36d">
         <name>.text.SDSPI_read</name>
         <load_address>0x4d1c</load_address>
         <run_address>0x4d1c</run_address>
         <size>0xae</size>
         <input_file_ref idref="fl-2f"/>
      </object_component>
      <object_component id="oc-264">
         <name>.text.f_unlink</name>
         <load_address>0x4dca</load_address>
         <run_address>0x4dca</run_address>
         <size>0xac</size>
         <input_file_ref idref="fl-3e"/>
      </object_component>
      <object_component id="oc-240">
         <name>.text.DisplayUart2Min_init</name>
         <load_address>0x4e76</load_address>
         <run_address>0x4e76</run_address>
         <size>0x2</size>
         <input_file_ref idref="fl-26"/>
      </object_component>
      <object_component id="oc-2dd">
         <name>.text.open</name>
         <load_address>0x4e78</load_address>
         <run_address>0x4e78</run_address>
         <size>0xac</size>
         <input_file_ref idref="fl-bd"/>
      </object_component>
      <object_component id="oc-1be">
         <name>.text.ti_sysbios_knl_Task_Instance_init</name>
         <load_address>0x4f24</load_address>
         <run_address>0x4f24</run_address>
         <size>0xa4</size>
         <input_file_ref idref="fl-5"/>
      </object_component>
      <object_component id="oc-1ef">
         <name>.text.get_fat</name>
         <load_address>0x4fc8</load_address>
         <run_address>0x4fc8</run_address>
         <size>0xa2</size>
         <input_file_ref idref="fl-3e"/>
      </object_component>
      <object_component id="oc-38f">
         <name>.text.sendCmd</name>
         <load_address>0x506a</load_address>
         <run_address>0x506a</run_address>
         <size>0xa2</size>
         <input_file_ref idref="fl-2f"/>
      </object_component>
      <object_component id="oc-2dc">
         <name>.text.f_sync</name>
         <load_address>0x510c</load_address>
         <run_address>0x510c</run_address>
         <size>0x9c</size>
         <input_file_ref idref="fl-3e"/>
      </object_component>
      <object_component id="oc-319">
         <name>.text.UART2_writeCancel</name>
         <load_address>0x51a8</load_address>
         <run_address>0x51a8</run_address>
         <size>0x9a</size>
         <input_file_ref idref="fl-33"/>
      </object_component>
      <object_component id="oc-312">
         <name>.text.UART2CC26X2_eventCallback</name>
         <load_address>0x5242</load_address>
         <run_address>0x5242</run_address>
         <size>0x2</size>
         <input_file_ref idref="fl-34"/>
      </object_component>
      <object_component id="oc-2be">
         <name>.text.UART2_close</name>
         <load_address>0x5244</load_address>
         <run_address>0x5244</run_address>
         <size>0x98</size>
         <input_file_ref idref="fl-34"/>
      </object_component>
      <object_component id="oc-163">
         <name>.text.ti_sysbios_knl_Clock_startI</name>
         <load_address>0x52dc</load_address>
         <run_address>0x52dc</run_address>
         <size>0x94</size>
         <input_file_ref idref="fl-5"/>
      </object_component>
      <object_component id="oc-da">
         <name>.text.ti_sysbios_knl_Task_sleep</name>
         <load_address>0x5370</load_address>
         <run_address>0x5370</run_address>
         <size>0x94</size>
         <input_file_ref idref="fl-5"/>
      </object_component>
      <object_component id="oc-130">
         <name>.text.GPIO_setConfig</name>
         <load_address>0x5404</load_address>
         <run_address>0x5404</run_address>
         <size>0x8c</size>
         <input_file_ref idref="fl-2a"/>
      </object_component>
      <object_component id="oc-1dd">
         <name>.text.ffcio_open</name>
         <load_address>0x5490</load_address>
         <run_address>0x5490</run_address>
         <size>0x8c</size>
         <input_file_ref idref="fl-40"/>
      </object_component>
      <object_component id="oc-fb">
         <name>.text.ti_sysbios_knl_Clock_init</name>
         <load_address>0x551c</load_address>
         <run_address>0x551c</run_address>
         <size>0x8c</size>
         <input_file_ref idref="fl-5"/>
      </object_component>
      <object_component id="oc-1df">
         <name>.text.fopen</name>
         <load_address>0x55a8</load_address>
         <run_address>0x55a8</run_address>
         <size>0x84</size>
         <input_file_ref idref="fl-5f"/>
      </object_component>
      <object_component id="oc-39a">
         <name>.text.transmitDataBlock</name>
         <load_address>0x562c</load_address>
         <run_address>0x562c</run_address>
         <size>0x82</size>
         <input_file_ref idref="fl-2f"/>
      </object_component>
      <object_component id="oc-339">
         <name>.text.NOROM_SysCtrlSetRechargeBeforePowerDown</name>
         <load_address>0x56ae</load_address>
         <run_address>0x56ae</run_address>
         <size>0x80</size>
         <input_file_ref idref="fl-48"/>
      </object_component>
      <object_component id="oc-27c">
         <name>.text.__aeabi_ldiv0</name>
         <load_address>0x572e</load_address>
         <run_address>0x572e</run_address>
         <size>0x2</size>
         <input_file_ref idref="fl-db"/>
      </object_component>
      <object_component id="oc-355">
         <name>.text.UART2Support_dmaStopTx</name>
         <load_address>0x5730</load_address>
         <run_address>0x5730</run_address>
         <size>0x80</size>
         <input_file_ref idref="fl-34"/>
      </object_component>
      <object_component id="oc-f8">
         <name>.text.ti_sysbios_family_arm_m3_Hwi_initNVIC</name>
         <load_address>0x57b0</load_address>
         <run_address>0x57b0</run_address>
         <size>0x80</size>
         <input_file_ref idref="fl-5"/>
      </object_component>
      <object_component id="oc-3ab">
         <name>.text.__gedf2</name>
         <load_address>0x5830</load_address>
         <run_address>0x5830</run_address>
         <size>0x7c</size>
         <input_file_ref idref="fl-d9"/>
      </object_component>
      <object_component id="oc-3aa">
         <name>.text.__ledf2</name>
         <load_address>0x58ac</load_address>
         <run_address>0x58ac</run_address>
         <size>0x7c</size>
         <input_file_ref idref="fl-d9"/>
      </object_component>
      <object_component id="oc-390">
         <name>.text.recvDataBlock</name>
         <load_address>0x5928</load_address>
         <run_address>0x5928</run_address>
         <size>0x7c</size>
         <input_file_ref idref="fl-2f"/>
      </object_component>
      <object_component id="oc-15c">
         <name>.text.sync_fs</name>
         <load_address>0x59a4</load_address>
         <run_address>0x59a4</run_address>
         <size>0x7c</size>
         <input_file_ref idref="fl-3e"/>
      </object_component>
      <object_component id="oc-2f1">
         <name>.text.ti_sysbios_family_arm_m3_Hwi_postInit</name>
         <load_address>0x5a20</load_address>
         <run_address>0x5a20</run_address>
         <size>0x7c</size>
         <input_file_ref idref="fl-5"/>
      </object_component>
      <object_component id="oc-299">
         <name>.text.NOROM_OSCHF_SwitchToRcOscTurnOffXosc</name>
         <load_address>0x5a9c</load_address>
         <run_address>0x5a9c</run_address>
         <size>0x78</size>
         <input_file_ref idref="fl-4a"/>
      </object_component>
      <object_component id="oc-9e">
         <name>.text.NOROM_OSC_CapArrayAdjustWorkaround_Boot</name>
         <load_address>0x5b14</load_address>
         <run_address>0x5b14</run_address>
         <size>0x78</size>
         <input_file_ref idref="fl-4a"/>
      </object_component>
      <object_component id="oc-3b0">
         <name>.text.SPICC26X2DMA_close</name>
         <load_address>0x5b8c</load_address>
         <run_address>0x5b8c</run_address>
         <size>0x78</size>
         <input_file_ref idref="fl-38"/>
      </object_component>
      <object_component id="oc-1c1">
         <name>.text._pthread_removeThreadKeys</name>
         <load_address>0x5c04</load_address>
         <run_address>0x5c04</run_address>
         <size>0x78</size>
         <input_file_ref idref="fl-5"/>
      </object_component>
      <object_component id="oc-2d0">
         <name>.text.f_mount</name>
         <load_address>0x5c7c</load_address>
         <run_address>0x5c7c</run_address>
         <size>0x78</size>
         <input_file_ref idref="fl-3e"/>
      </object_component>
      <object_component id="oc-23b">
         <name>.text.ti_sysbios_knl_Task_postInit</name>
         <load_address>0x5cf4</load_address>
         <run_address>0x5cf4</run_address>
         <size>0x78</size>
         <input_file_ref idref="fl-5"/>
      </object_component>
      <object_component id="oc-19c">
         <name>.text.PowerCC26X2_updateSubSecInc</name>
         <load_address>0x5d6c</load_address>
         <run_address>0x5d6c</run_address>
         <size>0x74</size>
         <input_file_ref idref="fl-36"/>
      </object_component>
      <object_component id="oc-36c">
         <name>.text.SDSPI_open</name>
         <load_address>0x5de0</load_address>
         <run_address>0x5de0</run_address>
         <size>0x74</size>
         <input_file_ref idref="fl-2f"/>
      </object_component>
      <object_component id="oc-272">
         <name>.text.__TI_closefile</name>
         <load_address>0x5e54</load_address>
         <run_address>0x5e54</run_address>
         <size>0x74</size>
         <input_file_ref idref="fl-5d"/>
      </object_component>
      <object_component id="oc-205">
         <name>.text.fflush</name>
         <load_address>0x5ec8</load_address>
         <run_address>0x5ec8</run_address>
         <size>0x74</size>
         <input_file_ref idref="fl-5e"/>
      </object_component>
      <object_component id="oc-97">
         <name>.text.ti_sysbios_knl_Swi_restoreHwi</name>
         <load_address>0x5f3c</load_address>
         <run_address>0x5f3c</run_address>
         <size>0x74</size>
         <input_file_ref idref="fl-5"/>
      </object_component>
      <object_component id="oc-67">
         <name>.text.main</name>
         <load_address>0x5fb0</load_address>
         <run_address>0x5fb0</run_address>
         <size>0x70</size>
         <input_file_ref idref="fl-2"/>
      </object_component>
      <object_component id="oc-15a">
         <name>.text.remove_chain</name>
         <load_address>0x6020</load_address>
         <run_address>0x6020</run_address>
         <size>0x70</size>
         <input_file_ref idref="fl-3e"/>
      </object_component>
      <object_component id="oc-297">
         <name>.text.ti_sysbios_family_arm_m3_Hwi_Instance_init</name>
         <load_address>0x6090</load_address>
         <run_address>0x6090</run_address>
         <size>0x70</size>
         <input_file_ref idref="fl-5"/>
      </object_component>
      <object_component id="oc-171">
         <name>.text.ti_sysbios_knl_Task_startup</name>
         <load_address>0x6100</load_address>
         <run_address>0x6100</run_address>
         <size>0x70</size>
         <input_file_ref idref="fl-5"/>
      </object_component>
      <object_component id="oc-383">
         <name>.text.ti_sysbios_runtime_System_formatNum</name>
         <load_address>0x6170</load_address>
         <run_address>0x6170</run_address>
         <size>0x70</size>
         <input_file_ref idref="fl-5"/>
      </object_component>
      <object_component id="oc-71">
         <name>.text.ti_sysbios_family_arm_m3_Hwi_dispatchC</name>
         <load_address>0x61e0</load_address>
         <run_address>0x61e0</run_address>
         <size>0x6c</size>
         <input_file_ref idref="fl-5"/>
      </object_component>
      <object_component id="oc-161">
         <name>.text.ti_sysbios_hal_Seconds_getTime</name>
         <load_address>0x624c</load_address>
         <run_address>0x624c</run_address>
         <size>0x6c</size>
         <input_file_ref idref="fl-5"/>
      </object_component>
      <object_component id="oc-2c">
         <name>.text:decompress:lzss</name>
         <load_address>0x62b8</load_address>
         <run_address>0x62b8</run_address>
         <size>0x6a</size>
         <input_file_ref idref="fl-73"/>
      </object_component>
      <object_component id="oc-20f">
         <name>.text._nop</name>
         <load_address>0x6322</load_address>
         <run_address>0x6322</run_address>
         <size>0x2</size>
         <input_file_ref idref="fl-66"/>
      </object_component>
      <object_component id="oc-353">
         <name>.text.UART2Support_dmaStopRx</name>
         <load_address>0x6324</load_address>
         <run_address>0x6324</run_address>
         <size>0x68</size>
         <input_file_ref idref="fl-34"/>
      </object_component>
      <object_component id="oc-2e9">
         <name>.text.fseeko</name>
         <load_address>0x638c</load_address>
         <run_address>0x638c</run_address>
         <size>0x68</size>
         <input_file_ref idref="fl-7a"/>
      </object_component>
      <object_component id="oc-334">
         <name>.text.getdevice</name>
         <load_address>0x63f4</load_address>
         <run_address>0x63f4</run_address>
         <size>0x68</size>
         <input_file_ref idref="fl-dc"/>
      </object_component>
      <object_component id="oc-148">
         <name>.text.microsd_init</name>
         <load_address>0x645c</load_address>
         <run_address>0x645c</run_address>
         <size>0x68</size>
         <input_file_ref idref="fl-f"/>
      </object_component>
      <object_component id="oc-f0">
         <name>.text.ti_sysbios_knl_Swi_run</name>
         <load_address>0x64c4</load_address>
         <run_address>0x64c4</run_address>
         <size>0x68</size>
         <input_file_ref idref="fl-5"/>
      </object_component>
      <object_component id="oc-2cc">
         <name>.text.HOSTrename</name>
         <load_address>0x652c</load_address>
         <run_address>0x652c</run_address>
         <size>0x64</size>
         <input_file_ref idref="fl-c6"/>
      </object_component>
      <object_component id="oc-22e">
         <name>.text.PowerCC26X2_initiateCalibration</name>
         <load_address>0x6590</load_address>
         <run_address>0x6590</run_address>
         <size>0x64</size>
         <input_file_ref idref="fl-2e"/>
      </object_component>
      <object_component id="oc-307">
         <name>.text.UDMACC26XX_open</name>
         <load_address>0x65f4</load_address>
         <run_address>0x65f4</run_address>
         <size>0x64</size>
         <input_file_ref idref="fl-3b"/>
      </object_component>
      <object_component id="oc-1e6">
         <name>.text.check_fs</name>
         <load_address>0x6658</load_address>
         <run_address>0x6658</run_address>
         <size>0x64</size>
         <input_file_ref idref="fl-3e"/>
      </object_component>
      <object_component id="oc-119">
         <name>.text.oscillatorISR</name>
         <load_address>0x66bc</load_address>
         <run_address>0x66bc</run_address>
         <size>0x64</size>
         <input_file_ref idref="fl-2d"/>
      </object_component>
      <object_component id="oc-fe">
         <name>.text.ti_sysbios_knl_Idle_init</name>
         <load_address>0x6720</load_address>
         <run_address>0x6720</run_address>
         <size>0x64</size>
         <input_file_ref idref="fl-5"/>
      </object_component>
      <object_component id="oc-2fc">
         <name>.text.ti_sysbios_knl_TaskSupport_buildTaskStack</name>
         <load_address>0x6784</load_address>
         <run_address>0x6784</run_address>
         <size>0x64</size>
         <input_file_ref idref="fl-5"/>
      </object_component>
      <object_component id="oc-2d9">
         <name>.text.dir_read</name>
         <load_address>0x67e8</load_address>
         <run_address>0x67e8</run_address>
         <size>0x62</size>
         <input_file_ref idref="fl-3e"/>
      </object_component>
      <object_component id="oc-1f5">
         <name>.text.dir_sdi</name>
         <load_address>0x684a</load_address>
         <run_address>0x684a</run_address>
         <size>0x62</size>
         <input_file_ref idref="fl-3e"/>
      </object_component>
      <object_component id="oc-290">
         <name>.text.ti_sysbios_heaps_HeapMem_allocUnprotected</name>
         <load_address>0x68ac</load_address>
         <run_address>0x68ac</run_address>
         <size>0x62</size>
         <input_file_ref idref="fl-5"/>
      </object_component>
      <object_component id="oc-112">
         <name>.text.emptyClockFunc</name>
         <load_address>0x690e</load_address>
         <run_address>0x690e</run_address>
         <size>0x2</size>
         <input_file_ref idref="fl-2d"/>
      </object_component>
      <object_component id="oc-39c">
         <name>.text</name>
         <load_address>0x6910</load_address>
         <run_address>0x6910</run_address>
         <size>0x62</size>
         <input_file_ref idref="fl-d3"/>
      </object_component>
      <object_component id="oc-281">
         <name>.text.__TI_wrt_ok</name>
         <load_address>0x6972</load_address>
         <run_address>0x6972</run_address>
         <size>0x60</size>
         <input_file_ref idref="fl-61"/>
      </object_component>
      <object_component id="oc-6e">
         <name>.text.ti_sysbios_runtime_System_exitSpin</name>
         <load_address>0x69d2</load_address>
         <run_address>0x69d2</run_address>
         <size>0x2</size>
         <input_file_ref idref="fl-5"/>
      </object_component>
      <object_component id="oc-2e0">
         <name>.text.close</name>
         <load_address>0x69d4</load_address>
         <run_address>0x69d4</run_address>
         <size>0x60</size>
         <input_file_ref idref="fl-bf"/>
      </object_component>
      <object_component id="oc-3c4">
         <name>.text.csnCallback</name>
         <load_address>0x6a34</load_address>
         <run_address>0x6a34</run_address>
         <size>0x60</size>
         <input_file_ref idref="fl-38"/>
      </object_component>
      <object_component id="oc-146">
         <name>.text.microsd_set_mount</name>
         <load_address>0x6a94</load_address>
         <run_address>0x6a94</run_address>
         <size>0x60</size>
         <input_file_ref idref="fl-f"/>
      </object_component>
      <object_component id="oc-21c">
         <name>.text.ti_sysbios_knl_Clock_walkQueueDynamic</name>
         <load_address>0x6af4</load_address>
         <run_address>0x6af4</run_address>
         <size>0x60</size>
         <input_file_ref idref="fl-5"/>
      </object_component>
      <object_component id="oc-1c2">
         <name>.text.ti_sysbios_knl_Semaphore_post</name>
         <load_address>0x6b54</load_address>
         <run_address>0x6b54</run_address>
         <size>0x60</size>
         <input_file_ref idref="fl-5"/>
      </object_component>
      <object_component id="oc-288">
         <name>.text.ti_sysbios_knl_Swi_schedule</name>
         <load_address>0x6bb4</load_address>
         <run_address>0x6bb4</run_address>
         <size>0x60</size>
         <input_file_ref idref="fl-5"/>
      </object_component>
      <object_component id="oc-2e4">
         <name>.text.__divmoddi4</name>
         <load_address>0x6c14</load_address>
         <run_address>0x6c14</run_address>
         <size>0x5c</size>
         <input_file_ref idref="fl-da"/>
      </object_component>
      <object_component id="oc-159">
         <name>.text.dir_register</name>
         <load_address>0x6c70</load_address>
         <run_address>0x6c70</run_address>
         <size>0x5c</size>
         <input_file_ref idref="fl-3e"/>
      </object_component>
      <object_component id="oc-140">
         <name>.text.pthread_exit</name>
         <load_address>0x6ccc</load_address>
         <run_address>0x6ccc</run_address>
         <size>0x5c</size>
         <input_file_ref idref="fl-5"/>
      </object_component>
      <object_component id="oc-2ca">
         <name>.text.HOSTlseek</name>
         <load_address>0x6d28</load_address>
         <run_address>0x6d28</run_address>
         <size>0x58</size>
         <input_file_ref idref="fl-c3"/>
      </object_component>
      <object_component id="oc-2c6">
         <name>.text.HOSTopen</name>
         <load_address>0x6d80</load_address>
         <run_address>0x6d80</run_address>
         <size>0x58</size>
         <input_file_ref idref="fl-c4"/>
      </object_component>
      <object_component id="oc-289">
         <name>.text.ti_sysbios_family_arm_m3_Hwi_initStacks</name>
         <load_address>0x6dd8</load_address>
         <run_address>0x6dd8</run_address>
         <size>0x58</size>
         <input_file_ref idref="fl-43"/>
      </object_component>
      <object_component id="oc-39b">
         <name>.text.waitUntilReady</name>
         <load_address>0x6e30</load_address>
         <run_address>0x6e30</run_address>
         <size>0x58</size>
         <input_file_ref idref="fl-2f"/>
      </object_component>
      <object_component id="oc-31a">
         <name>.text.UART2_readCancel</name>
         <load_address>0x6e88</load_address>
         <run_address>0x6e88</run_address>
         <size>0x56</size>
         <input_file_ref idref="fl-33"/>
      </object_component>
      <object_component id="oc-2c8">
         <name>.text.HOSTread</name>
         <load_address>0x6ee0</load_address>
         <run_address>0x6ee0</run_address>
         <size>0x54</size>
         <input_file_ref idref="fl-c5"/>
      </object_component>
      <object_component id="oc-2c9">
         <name>.text.HOSTwrite</name>
         <load_address>0x6f34</load_address>
         <run_address>0x6f34</run_address>
         <size>0x54</size>
         <input_file_ref idref="fl-c8"/>
      </object_component>
      <object_component id="oc-248">
         <name>.text.DisplayUart2Min_vprintf</name>
         <load_address>0x6f88</load_address>
         <run_address>0x6f88</run_address>
         <size>0x52</size>
         <input_file_ref idref="fl-26"/>
      </object_component>
      <object_component id="oc-9b">
         <name>.text.NOROM_ChipInfo_GetHwRevision</name>
         <load_address>0x6fda</load_address>
         <run_address>0x6fda</run_address>
         <size>0x52</size>
         <input_file_ref idref="fl-4c"/>
      </object_component>
      <object_component id="oc-b5">
         <name>.text.Board_shutDownExtFlash</name>
         <load_address>0x702c</load_address>
         <run_address>0x702c</run_address>
         <size>0x50</size>
         <input_file_ref idref="fl-4"/>
      </object_component>
      <object_component id="oc-c6">
         <name>.text.Display_doOpen</name>
         <load_address>0x707c</load_address>
         <run_address>0x707c</run_address>
         <size>0x50</size>
         <input_file_ref idref="fl-25"/>
      </object_component>
      <object_component id="oc-2cd">
         <name>.text.ti_sysbios_hal_Seconds_setTime</name>
         <load_address>0x70cc</load_address>
         <run_address>0x70cc</run_address>
         <size>0x50</size>
         <input_file_ref idref="fl-5"/>
      </object_component>
      <object_component id="oc-295">
         <name>.text.ti_sysbios_knl_Swi_post</name>
         <load_address>0x711c</load_address>
         <run_address>0x711c</run_address>
         <size>0x50</size>
         <input_file_ref idref="fl-5"/>
      </object_component>
      <object_component id="oc-2eb">
         <name>.text.ti_sysbios_knl_Swi_runLoop</name>
         <load_address>0x716c</load_address>
         <run_address>0x716c</run_address>
         <size>0x50</size>
         <input_file_ref idref="fl-5"/>
      </object_component>
      <object_component id="oc-12f">
         <name>.text.Board_sendExtFlashByte</name>
         <load_address>0x71bc</load_address>
         <run_address>0x71bc</run_address>
         <size>0x4e</size>
         <input_file_ref idref="fl-4"/>
      </object_component>
      <object_component id="oc-156">
         <name>.text.dir_clear</name>
         <load_address>0x720a</load_address>
         <run_address>0x720a</run_address>
         <size>0x4e</size>
         <input_file_ref idref="fl-3e"/>
      </object_component>
      <object_component id="oc-28f">
         <name>.text.ti_sysbios_heaps_HeapMem_freeUnprotected</name>
         <load_address>0x7258</load_address>
         <run_address>0x7258</run_address>
         <size>0x4e</size>
         <input_file_ref idref="fl-5"/>
      </object_component>
      <object_component id="oc-2da">
         <name>.text.validate</name>
         <load_address>0x72a6</load_address>
         <run_address>0x72a6</run_address>
         <size>0x4e</size>
         <input_file_ref idref="fl-3e"/>
      </object_component>
      <object_component id="oc-ec">
         <name>.text.BIOS_startFunc</name>
         <load_address>0x72f4</load_address>
         <run_address>0x72f4</run_address>
         <size>0x4c</size>
         <input_file_ref idref="fl-5"/>
      </object_component>
      <object_component id="oc-231">
         <name>.text.NOROM_OSC_HPOSCRelativeFrequencyOffsetGet</name>
         <load_address>0x7340</load_address>
         <run_address>0x7340</run_address>
         <size>0x4c</size>
         <input_file_ref idref="fl-4a"/>
      </object_component>
      <object_component id="oc-3be">
         <name>.text.initHw</name>
         <load_address>0x738c</load_address>
         <run_address>0x738c</run_address>
         <size>0x4c</size>
         <input_file_ref idref="fl-38"/>
      </object_component>
      <object_component id="oc-195">
         <name>.text.switchXOSCHF</name>
         <load_address>0x73d8</load_address>
         <run_address>0x73d8</run_address>
[...]
         <object_component_ref idref="oc-56"/>
      </symbol>
      <symbol id="sm-80b">
         <name>ti_sysbios_family_arm_m3_Hwi_switchAndRunFunc</name>
         <value>0x95ab</value>
         <object_component_ref idref="oc-2ea"/>
      </symbol>
      <symbol id="sm-80c">
         <name>ti_sysbios_family_arm_m3_Hwi_initStacks</name>
         <value>0x6dd9</value>
         <object_component_ref idref="oc-289"/>
      </symbol>
      <symbol id="sm-811">
         <name>_c_int00</name>
         <value>0x86e5</value>
         <object_component_ref idref="oc-2f"/>
      </symbol>
      <symbol id="sm-812">
         <name>__stack</name>
         <value>0x20013a00</value>
         <object_component_ref idref="oc-3e"/>
      </symbol>
      <symbol id="sm-820">
         <name>NOROM_SetupTrimDevice</name>
         <value>0x3c09</value>
         <object_component_ref idref="oc-59"/>
      </symbol>
      <symbol id="sm-82c">
         <name>NOROM_AUXSYSIFOpModeChange</name>
         <value>0x74b9</value>
         <object_component_ref idref="oc-a4"/>
      </symbol>
      <symbol id="sm-83a">
         <name>NOROM_SysCtrlIdle</name>
         <value>0x7e2d</value>
         <object_component_ref idref="oc-29f"/>
      </symbol>
      <symbol id="sm-83b">
         <name>NOROM_SysCtrlStandby</name>
         <value>0x3845</value>
         <object_component_ref idref="oc-2f7"/>
      </symbol>
      <symbol id="sm-83c">
         <name>NOROM_SysCtrlSetRechargeBeforePowerDown</name>
         <value>0x56af</value>
         <object_component_ref idref="oc-339"/>
      </symbol>
      <symbol id="sm-84a">
         <name>NOROM_CPUcpsid</name>
         <value>0x9d4d</value>
         <object_component_ref idref="oc-226"/>
      </symbol>
      <symbol id="sm-84b">
         <name>NOROM_CPUcpsie</name>
         <value>0x9d59</value>
         <object_component_ref idref="oc-22d"/>
      </symbol>
      <symbol id="sm-84c">
         <name>NOROM_CPUdelay</name>
         <value>0x9ea3</value>
         <object_component_ref idref="oc-1b6"/>
      </symbol>
      <symbol id="sm-866">
         <name>NOROM_OSCHF_TurnOnXosc</name>
         <value>0x8ce5</value>
         <object_component_ref idref="oc-22f"/>
      </symbol>
      <symbol id="sm-867">
         <name>NOROM_OSCHF_AttemptToSwitchToXosc</name>
         <value>0x483d</value>
         <object_component_ref idref="oc-2a6"/>
      </symbol>
      <symbol id="sm-868">
         <name>NOROM_OSCHF_SwitchToRcOscTurnOffXosc</name>
         <value>0x5a9d</value>
         <object_component_ref idref="oc-299"/>
      </symbol>
      <symbol id="sm-869">
         <name>NOROM_OSC_CapArrayAdjustWorkaround_Boot</name>
         <value>0x5b15</value>
         <object_component_ref idref="oc-9e"/>
      </symbol>
      <symbol id="sm-86a">
         <name>_hposcCoeffs</name>
         <value>0x20000690</value>
         <object_component_ref idref="oc-2a7"/>
      </symbol>
      <symbol id="sm-86b">
         <name>NOROM_OSC_HPOSCRelativeFrequencyOffsetGet</name>
         <value>0x7341</value>
         <object_component_ref idref="oc-231"/>
      </symbol>
      <symbol id="sm-877">
         <name>NOROM_PRCMPowerDomainsAllOff</name>
         <value>0x7809</value>
         <object_component_ref idref="oc-2a8"/>
      </symbol>
      <symbol id="sm-878">
         <name>NOROM_PRCMPowerDomainsAllOn</name>
         <value>0x784d</value>
         <object_component_ref idref="oc-1aa"/>
      </symbol>
      <symbol id="sm-884">
         <name>NOROM_ChipInfo_GetHwRevision</name>
         <value>0x6fdb</value>
         <object_component_ref idref="oc-9b"/>
      </symbol>
      <symbol id="sm-885">
         <name>NOROM_ThisLibraryIsFor_CC13x2_CC26x2_HwRev20AndLater_HaltIfViolated</name>
         <value>0x89ed</value>
         <object_component_ref idref="oc-78"/>
      </symbol>
      <symbol id="sm-892">
         <name>__TI_closefile</name>
         <value>0x5e55</value>
         <object_component_ref idref="oc-272"/>
      </symbol>
      <symbol id="sm-893">
         <name>fclose</name>
         <value>0x8b59</value>
         <object_component_ref idref="oc-1e0"/>
      </symbol>
      <symbol id="sm-89a">
         <name>__TI_doflush</name>
         <value>0x76f7</value>
         <object_component_ref idref="oc-284"/>
      </symbol>
      <symbol id="sm-89b">
         <name>fflush</name>
         <value>0x5ec9</value>
         <object_component_ref idref="oc-205"/>
      </symbol>
      <symbol id="sm-8a9">
         <name>__TI_cleanup</name>
         <value>0x84a9</value>
         <object_component_ref idref="oc-2df"/>
      </symbol>
      <symbol id="sm-8aa">
         <name>fopen</name>
         <value>0x55a9</value>
         <object_component_ref idref="oc-1df"/>
      </symbol>
      <symbol id="sm-8b2">
         <name>fwrite</name>
         <value>0x1ee5</value>
         <object_component_ref idref="oc-204"/>
      </symbol>
      <symbol id="sm-8b6">
         <name>__TI_wrt_ok</name>
         <value>0x6973</value>
         <object_component_ref idref="oc-281"/>
      </symbol>
      <symbol id="sm-8bb">
         <name>setvbuf</name>
         <value>0x3ead</value>
         <object_component_ref idref="oc-2e7"/>
      </symbol>
      <symbol id="sm-8c0">
         <name>__aeabi_errno</name>
         <value>0x200006d4</value>
         <object_component_ref idref="oc-1fc"/>
      </symbol>
      <symbol id="sm-8c1">
         <name>__aeabi_errno_addr</name>
         <value>0x9ebd</value>
         <object_component_ref idref="oc-160"/>
      </symbol>
      <symbol id="sm-8c5">
         <name>__TI_cleanup_ptr</name>
         <value>0x200006b0</value>
         <object_component_ref idref="oc-2de"/>
      </symbol>
      <symbol id="sm-8c6">
         <name>__TI_dtors_ptr</name>
         <value>0x200006b4</value>
         <object_component_ref idref="oc-2de"/>
      </symbol>
      <symbol id="sm-8d0">
         <name>_lock</name>
         <value>0x200006d8</value>
         <object_component_ref idref="oc-25b"/>
      </symbol>
      <symbol id="sm-8d1">
         <name>_nop</name>
         <value>0x6323</value>
         <object_component_ref idref="oc-20f"/>
      </symbol>
      <symbol id="sm-8d2">
         <name>_register_lock</name>
         <value>0x9df5</value>
         <object_component_ref idref="oc-209"/>
      </symbol>
      <symbol id="sm-8d3">
         <name>_register_unlock</name>
         <value>0x9e01</value>
         <object_component_ref idref="oc-20a"/>
      </symbol>
      <symbol id="sm-8d4">
         <name>_unlock</name>
         <value>0x200006dc</value>
         <object_component_ref idref="oc-25e"/>
      </symbol>
      <symbol id="sm-8d9">
         <name>_args_main</name>
         <value>0x9a09</value>
         <object_component_ref idref="oc-4a"/>
      </symbol>
      <symbol id="sm-8dd">
         <name>__TI_ft_end</name>
         <value>0x200006d0</value>
         <object_component_ref idref="oc-271"/>
      </symbol>
      <symbol id="sm-8de">
         <name>__TI_tmpnams</name>
         <value>0x20007868</value>
      </symbol>
      <symbol id="sm-8df">
         <name>_ftable</name>
         <value>0x2000024c</value>
         <object_component_ref idref="oc-270"/>
      </symbol>
      <symbol id="sm-8e6">
         <name>__localtime64</name>
         <value>0x1bcd</value>
         <object_component_ref idref="oc-203"/>
      </symbol>
      <symbol id="sm-8ef">
         <name>__mktime64</name>
         <value>0x8f1</value>
         <object_component_ref idref="oc-27e"/>
      </symbol>
      <symbol id="sm-8f3">
         <name>rewind</name>
         <value>0x9edd</value>
         <object_component_ref idref="oc-206"/>
      </symbol>
      <symbol id="sm-8f5">
         <name>_tz</name>
         <value>0x200006a0</value>
         <object_component_ref idref="oc-280"/>
      </symbol>
      <symbol id="sm-8fa">
         <name>__TI_auto_init_nobinit_nopinit</name>
         <value>0x8139</value>
         <object_component_ref idref="oc-5f"/>
      </symbol>
      <symbol id="sm-8ff">
         <name>__TI_zero_init</name>
         <value>0x9c55</value>
         <object_component_ref idref="oc-47"/>
      </symbol>
      <symbol id="sm-903">
         <name>__TI_decompress_none</name>
         <value>0x9d1b</value>
         <object_component_ref idref="oc-2d"/>
      </symbol>
      <symbol id="sm-907">
         <name>__TI_decompress_lzss</name>
         <value>0x62b9</value>
         <object_component_ref idref="oc-2c"/>
      </symbol>
      <symbol id="sm-914">
         <name>fseek</name>
         <value>0x9fc1</value>
         <object_component_ref idref="oc-285"/>
      </symbol>
      <symbol id="sm-915">
         <name>fseeko</name>
         <value>0x638d</value>
         <object_component_ref idref="oc-2e9"/>
      </symbol>
      <symbol id="sm-920">
         <name>write</name>
         <value>0x8cb9</value>
         <object_component_ref idref="oc-282"/>
      </symbol>
      <symbol id="sm-922">
         <name>_device</name>
         <value>0x200003b8</value>
         <object_component_ref idref="oc-25d"/>
      </symbol>
      <symbol id="sm-923">
         <name>_stream</name>
         <value>0x20000568</value>
         <object_component_ref idref="oc-2e8"/>
      </symbol>
      <symbol id="sm-927">
         <name>remove</name>
         <value>0x9fd5</value>
         <object_component_ref idref="oc-2e1"/>
      </symbol>
      <symbol id="sm-92e">
         <name>open</name>
         <value>0x4e79</value>
         <object_component_ref idref="oc-2dd"/>
      </symbol>
      <symbol id="sm-933">
         <name>lseek</name>
         <value>0x8b85</value>
         <object_component_ref idref="oc-337"/>
      </symbol>
      <symbol id="sm-938">
         <name>close</name>
         <value>0x69d5</value>
         <object_component_ref idref="oc-2e0"/>
      </symbol>
      <symbol id="sm-93f">
         <name>add_device</name>
         <value>0x3dd1</value>
         <object_component_ref idref="oc-1d0"/>
      </symbol>
      <symbol id="sm-944">
         <name>unlink</name>
         <value>0x8c8d</value>
         <object_component_ref idref="oc-336"/>
      </symbol>
      <symbol id="sm-949">
         <name>HOSTclose</name>
         <value>0x7db5</value>
         <object_component_ref idref="oc-2c7"/>
      </symbol>
      <symbol id="sm-94e">
         <name>HOSTlseek</name>
         <value>0x6d29</value>
         <object_component_ref idref="oc-2ca"/>
      </symbol>
      <symbol id="sm-953">
         <name>HOSTopen</name>
         <value>0x6d81</value>
         <object_component_ref idref="oc-2c6"/>
      </symbol>
      <symbol id="sm-954">
         <name>parmbuf</name>
         <value>0x20007d9c</value>
      </symbol>
      <symbol id="sm-959">
         <name>HOSTread</name>
         <value>0x6ee1</value>
         <object_component_ref idref="oc-2c8"/>
      </symbol>
      <symbol id="sm-964">
         <name>HOSTrename</name>
         <value>0x652d</value>
         <object_component_ref idref="oc-2cc"/>
      </symbol>
      <symbol id="sm-969">
         <name>HOSTunlink</name>
         <value>0x77c5</value>
         <object_component_ref idref="oc-2cb"/>
      </symbol>
      <symbol id="sm-96e">
         <name>HOSTwrite</name>
         <value>0x6f35</value>
         <object_component_ref idref="oc-2c9"/>
      </symbol>
      <symbol id="sm-976">
         <name>C$$IO$$</name>
         <value>0x8507</value>
         <object_component_ref idref="oc-325"/>
      </symbol>
      <symbol id="sm-977">
         <name>__CIOBUF_</name>
         <value>0x20007570</value>
         <object_component_ref idref="oc-371"/>
      </symbol>
      <symbol id="sm-978">
         <name>__TI_readmsg</name>
         <value>0x880d</value>
         <object_component_ref idref="oc-326"/>
      </symbol>
      <symbol id="sm-979">
         <name>__TI_writemsg</name>
         <value>0x84dd</value>
         <object_component_ref idref="oc-325"/>
      </symbol>
      <symbol id="sm-97b">
         <name>__adddf3</name>
         <value>0x1543</value>
         <object_component_ref idref="oc-39f"/>
      </symbol>
      <symbol id="sm-97c">
         <name>__aeabi_dadd</name>
         <value>0x1543</value>
         <object_component_ref idref="oc-39f"/>
      </symbol>
      <symbol id="sm-97d">
         <name>__aeabi_dsub</name>
         <value>0x1539</value>
         <object_component_ref idref="oc-39f"/>
      </symbol>
      <symbol id="sm-97e">
         <name>__subdf3</name>
         <value>0x1539</value>
         <object_component_ref idref="oc-39f"/>
      </symbol>
      <symbol id="sm-980">
         <name>__aeabi_dmul</name>
         <value>0x3749</value>
         <object_component_ref idref="oc-3a0"/>
      </symbol>
      <symbol id="sm-981">
         <name>__muldf3</name>
         <value>0x3749</value>
         <object_component_ref idref="oc-3a0"/>
      </symbol>
      <symbol id="sm-983">
         <name>__aeabi_f2d</name>
         <value>0x8335</value>
         <object_component_ref idref="oc-15f"/>
      </symbol>
      <symbol id="sm-984">
         <name>__extendsfdf2</name>
         <value>0x8335</value>
         <object_component_ref idref="oc-15f"/>
      </symbol>
      <symbol id="sm-986">
         <name>__aeabi_d2iz</name>
         <value>0x7669</value>
         <object_component_ref idref="oc-39d"/>
      </symbol>
      <symbol id="sm-987">
         <name>__fixdfsi</name>
         <value>0x7669</value>
         <object_component_ref idref="oc-39d"/>
      </symbol>
      <symbol id="sm-989">
         <name>__aeabi_d2uiz</name>
         <value>0x7af5</value>
         <object_component_ref idref="oc-3a1"/>
      </symbol>
      <symbol id="sm-98a">
         <name>__fixunsdfsi</name>
         <value>0x7af5</value>
         <object_component_ref idref="oc-3a1"/>
      </symbol>
      <symbol id="sm-98c">
         <name>__aeabi_i2d</name>
         <value>0x8a79</value>
         <object_component_ref idref="oc-39e"/>
      </symbol>
      <symbol id="sm-98d">
         <name>__floatsidf</name>
         <value>0x8a79</value>
         <object_component_ref idref="oc-39e"/>
      </symbol>
      <symbol id="sm-98f">
         <name>__aeabi_dcmpeq</name>
         <value>0x6911</value>
         <object_component_ref idref="oc-39c"/>
      </symbol>
      <symbol id="sm-990">
         <name>__aeabi_dcmpge</name>
         <value>0x694d</value>
         <object_component_ref idref="oc-39c"/>
      </symbol>
      <symbol id="sm-991">
         <name>__aeabi_dcmpgt</name>
         <value>0x6961</value>
         <object_component_ref idref="oc-39c"/>
      </symbol>
      <symbol id="sm-992">
         <name>__aeabi_dcmple</name>
         <value>0x6939</value>
         <object_component_ref idref="oc-39c"/>
      </symbol>
      <symbol id="sm-993">
         <name>__aeabi_dcmplt</name>
         <value>0x6925</value>
         <object_component_ref idref="oc-39c"/>
      </symbol>
      <symbol id="sm-995">
         <name>__aeabi_ldivmod</name>
         <value>0x9a6d</value>
         <object_component_ref idref="oc-27d"/>
      </symbol>
      <symbol id="sm-997">
         <name>__aeabi_memcpy</name>
         <value>0x9fdd</value>
         <object_component_ref idref="oc-45"/>
      </symbol>
      <symbol id="sm-998">
         <name>__aeabi_memcpy4</name>
         <value>0x9fdd</value>
         <object_component_ref idref="oc-45"/>
      </symbol>
      <symbol id="sm-999">
         <name>__aeabi_memcpy8</name>
         <value>0x9fdd</value>
         <object_component_ref idref="oc-45"/>
      </symbol>
      <symbol id="sm-99b">
         <name>__aeabi_memclr</name>
         <value>0x9a8d</value>
         <object_component_ref idref="oc-58"/>
      </symbol>
      <symbol id="sm-99c">
         <name>__aeabi_memclr4</name>
         <value>0x9a8d</value>
         <object_component_ref idref="oc-58"/>
      </symbol>
      <symbol id="sm-99d">
         <name>__aeabi_memclr8</name>
         <value>0x9a8d</value>
         <object_component_ref idref="oc-58"/>
      </symbol>
      <symbol id="sm-99e">
         <name>__aeabi_memset</name>
         <value>0x9a81</value>
         <object_component_ref idref="oc-58"/>
      </symbol>
      <symbol id="sm-99f">
         <name>__aeabi_memset4</name>
         <value>0x9a81</value>
         <object_component_ref idref="oc-58"/>
      </symbol>
      <symbol id="sm-9a0">
         <name>__aeabi_memset8</name>
         <value>0x9a81</value>
         <object_component_ref idref="oc-58"/>
      </symbol>
      <symbol id="sm-9a2">
         <name>__aeabi_uldivmod</name>
         <value>0x9a95</value>
         <object_component_ref idref="oc-16a"/>
      </symbol>
      <symbol id="sm-9a4">
         <name>__udivmoddi4</name>
         <value>0x4c6d</value>
         <object_component_ref idref="oc-201"/>
      </symbol>
      <symbol id="sm-9aa">
         <name>__cmpdf2</name>
         <value>0x58ad</value>
         <object_component_ref idref="oc-3aa"/>
      </symbol>
      <symbol id="sm-9ab">
         <name>__eqdf2</name>
         <value>0x58ad</value>
         <object_component_ref idref="oc-3aa"/>
      </symbol>
      <symbol id="sm-9ac">
         <name>__gedf2</name>
         <value>0x5831</value>
         <object_component_ref idref="oc-3ab"/>
      </symbol>
      <symbol id="sm-9ad">
         <name>__gtdf2</name>
         <value>0x5831</value>
         <object_component_ref idref="oc-3ab"/>
      </symbol>
      <symbol id="sm-9ae">
         <name>__ledf2</name>
         <value>0x58ad</value>
         <object_component_ref idref="oc-3aa"/>
      </symbol>
      <symbol id="sm-9af">
         <name>__ltdf2</name>
         <value>0x58ad</value>
         <object_component_ref idref="oc-3aa"/>
      </symbol>
      <symbol id="sm-9b0">
         <name>__nedf2</name>
         <value>0x58ad</value>
         <object_component_ref idref="oc-3aa"/>
      </symbol>
      <symbol id="sm-9b4">
         <name>__divmoddi4</name>
         <value>0x6c15</value>
         <object_component_ref idref="oc-2e4"/>
      </symbol>
      <symbol id="sm-9b8">
         <name>__aeabi_ldiv0</name>
         <value>0x572f</value>
         <object_component_ref idref="oc-27c"/>
      </symbol>
      <symbol id="sm-9c0">
         <name>finddevice</name>
         <value>0x8545</value>
         <object_component_ref idref="oc-25a"/>
      </symbol>
      <symbol id="sm-9c1">
         <name>getdevice</name>
         <value>0x63f5</value>
         <object_component_ref idref="oc-334"/>
      </symbol>
      <symbol id="sm-9c4">
         <name>TI_memcpy_small</name>
         <value>0x9b03</value>
         <object_component_ref idref="oc-75"/>
      </symbol>
      <symbol id="sm-9c7">
         <name>TI_memset_small</name>
         <value>0x9d0d</value>
         <object_component_ref idref="oc-99"/>
      </symbol>
      <symbol id="sm-9c8">
         <name>__TI_static_base__</name>
         <value>0x0</value>
      </symbol>
      <symbol id="sm-9cb">
         <name>ITM_flush</name>
         <value>0x0</value>
      </symbol>
      <symbol id="sm-9cc">
         <name>ITM_restore</name>
         <value>0x0</value>
      </symbol>
      <symbol id="sm-9cd">
         <name>__mpu_init</name>
         <value>0x0</value>
      </symbol>
   </symbol_table>
   <title>Link successful</title>
</link_info>
