<?xml version="1.0" encoding="ISO-8859-1" ?>
<link_info>
   <banner>TI ARM Clang Linker PC v1.3.0.LTS</banner>
   <copyright>Copyright (c) 1996-2018 Texas Instruments Incorporated</copyright>
   <link_time>0x636bbaa2</link_time>
   <link_errors>0x0</link_errors>
   <output_file>_fatsd_CC1312R1_LAUNCHXL_tirtos7_ticlang.out</output_file>
   <entry_point>
      <name>ResetISR</name>
      <address>0x9f95</address>
   </entry_point>
   <input_file_list>
      <input_file id="fl-1">
         <path>.\</path>
         <kind>object</kind>
         <file>fat_sd_tirtos.o</file>
         <name>fat_sd_tirtos.o</name>
      </input_file>
      <input_file id="fl-2">
         <path>.\syscfg\</path>
         <kind>object</kind>
         <file>ti_devices_config.o</file>
         <name>ti_devices_config.o</name>
      </input_file>
      <input_file id="fl-3">
         <path>.\syscfg\</path>
         <kind>object</kind>
         <file>ti_drivers_config.o</file>
         <name>ti_drivers_config.o</name>
      </input_file>
      <input_file id="fl-4">
         <path>.\syscfg\</path>
         <kind>object</kind>
         <file>ti_sysbios_config.o</file>
         <name>ti_sysbios_config.o</name>
      </input_file>
      <input_file id="fl-5">
         <path>.\</path>
         <kind>object</kind>
         <file>main_tirtos.o</file>
         <name>main_tirtos.o</name>
      </input_file>
      <input_file id="fl-6">
         <path>.\micro_sd_fat\</path>
         <kind>object</kind>
         <file>micro_sd_fat.o</file>
         <name>micro_sd_fat.o</name>
      </input_file>
      <input_file id="fl-1b">
         <kind>object</kind>
         <file>&lt;internal&gt;</file>
         <name>&lt;internal&gt;</name>
      </input_file>
      <input_file id="fl-1c">
         <path>C:\ti\simplelink_cc13xx_cc26xx_sdk_6_30_00_84\source\ti\display\lib\ticlang\m4f\</path>
         <kind>archive</kind>
         <file>display_cc13x2.a</file>
         <name>Display.c.obj</name>
      </input_file>
      <input_file id="fl-1d">
         <path>C:\ti\simplelink_cc13xx_cc26xx_sdk_6_30_00_84\source\ti\display\lib\ticlang\m4f\</path>
         <kind>archive</kind>
         <file>display_cc13x2.a</file>
         <name>DisplayUart2.c.obj</name>
      </input_file>
      <input_file id="fl-1e">
         <path>C:\ti\simplelink_cc13xx_cc26xx_sdk_6_30_00_84\source\ti\drivers\lib\ticlang\m4f\</path>
         <kind>archive</kind>
         <file>drivers_cc13x2.a</file>
         <name>GPIO.c.obj</name>
      </input_file>
      <input_file id="fl-1f">
         <path>C:\ti\simplelink_cc13xx_cc26xx_sdk_6_30_00_84\source\ti\drivers\lib\ticlang\m4f\</path>
         <kind>archive</kind>
         <file>drivers_cc13x2.a</file>
         <name>GPIOCC26XX.c.obj</name>
      </input_file>
      <input_file id="fl-20">
         <path>C:\ti\simplelink_cc13xx_cc26xx_sdk_6_30_00_84\source\ti\drivers\lib\ticlang\m4f\</path>
         <kind>archive</kind>
         <file>drivers_cc13x2.a</file>
         <name>PowerCC26X2.c.obj</name>
      </input_file>
      <input_file id="fl-21">
         <path>C:\ti\simplelink_cc13xx_cc26xx_sdk_6_30_00_84\source\ti\drivers\lib\ticlang\m4f\</path>
         <kind>archive</kind>
         <file>drivers_cc13x2.a</file>
         <name>PowerCC26X2_calibrateRCOSC.c.obj</name>
      </input_file>
      <input_file id="fl-22">
         <path>C:\ti\simplelink_cc13xx_cc26xx_sdk_6_30_00_84\source\ti\drivers\lib\ticlang\m4f\</path>
         <kind>archive</kind>
         <file>drivers_cc13x2.a</file>
         <name>SDSPI.c.obj</name>
      </input_file>
      <input_file id="fl-23">
         <path>C:\ti\simplelink_cc13xx_cc26xx_sdk_6_30_00_84\source\ti\drivers\lib\ticlang\m4f\</path>
         <kind>archive</kind>
         <file>drivers_cc13x2.a</file>
         <name>SDFatFS.c.obj</name>
      </input_file>
      <input_file id="fl-24">
         <path>C:\ti\simplelink_cc13xx_cc26xx_sdk_6_30_00_84\source\ti\drivers\lib\ticlang\m4f\</path>
         <kind>archive</kind>
         <file>drivers_cc13x2.a</file>
         <name>SPI.c.obj</name>
      </input_file>
      <input_file id="fl-25">
         <path>C:\ti\simplelink_cc13xx_cc26xx_sdk_6_30_00_84\source\ti\drivers\lib\ticlang\m4f\</path>
         <kind>archive</kind>
         <file>drivers_cc13x2.a</file>
         <name>TemperatureCC26X2.c.obj</name>
      </input_file>
      <input_file id="fl-26">
         <path>C:\ti\simplelink_cc13xx_cc26xx_sdk_6_30_00_84\source\ti\drivers\lib\ticlang\m4f\</path>
         <kind>archive</kind>
         <file>drivers_cc13x2.a</file>
         <name>UART2.c.obj</name>
      </input_file>
      <input_file id="fl-27">
         <path>C:\ti\simplelink_cc13xx_cc26xx_sdk_6_30_00_84\source\ti\drivers\lib\ticlang\m4f\</path>
         <kind>archive</kind>
         <file>drivers_cc13x2.a</file>
         <name>UART2CC26X2.c.obj</name>
      </input_file>
      <input_file id="fl-28">
         <path>C:\ti\simplelink_cc13xx_cc26xx_sdk_6_30_00_84\source\ti\drivers\lib\ticlang\m4f\</path>
         <kind>archive</kind>
         <file>drivers_cc13x2.a</file>
         <name>GPIOCC26X2.c.obj</name>
      </input_file>
      <input_file id="fl-29">
         <path>C:\ti\simplelink_cc13xx_cc26xx_sdk_6_30_00_84\source\ti\drivers\lib\ticlang\m4f\</path>
         <kind>archive</kind>
         <file>drivers_cc13x2.a</file>
         <name>PowerCC26X2_calibrateRCOSC_helpers.c.obj</name>
      </input_file>
      <input_file id="fl-2a">
         <path>C:\ti\simplelink_cc13xx_cc26xx_sdk_6_30_00_84\source\ti\drivers\lib\ticlang\m4f\</path>
         <kind>archive</kind>
         <file>drivers_cc13x2.a</file>
         <name>PowerCC26X2_helpers.c.obj</name>
      </input_file>
      <input_file id="fl-2b">
         <path>C:\ti\simplelink_cc13xx_cc26xx_sdk_6_30_00_84\source\ti\drivers\lib\ticlang\m4f\</path>
         <kind>archive</kind>
         <file>drivers_cc13x2.a</file>
         <name>SPICC26X2DMA.c.obj</name>
      </input_file>
      <input_file id="fl-2c">
         <path>C:\ti\simplelink_cc13xx_cc26xx_sdk_6_30_00_84\source\ti\drivers\lib\ticlang\m4f\</path>
         <kind>archive</kind>
         <file>drivers_cc13x2.a</file>
         <name>List.c.obj</name>
      </input_file>
      <input_file id="fl-2d">
         <path>C:\ti\simplelink_cc13xx_cc26xx_sdk_6_30_00_84\source\ti\drivers\lib\ticlang\m4f\</path>
         <kind>archive</kind>
         <file>drivers_cc13x2.a</file>
         <name>RingBuf.c.obj</name>
      </input_file>
      <input_file id="fl-2e">
         <path>C:\ti\simplelink_cc13xx_cc26xx_sdk_6_30_00_84\source\ti\drivers\lib\ticlang\m4f\</path>
         <kind>archive</kind>
         <file>drivers_cc13x2.a</file>
         <name>UDMACC26XX.c.obj</name>
      </input_file>
      <input_file id="fl-2f">
         <path>C:\ti\simplelink_cc13xx_cc26xx_sdk_6_30_00_84\source\ti\drivers\lib\ticlang\m4f\</path>
         <kind>archive</kind>
         <file>drivers_cc13x2.a</file>
         <name>SD.c.obj</name>
      </input_file>
      <input_file id="fl-30">
         <path>C:\ti\simplelink_cc13xx_cc26xx_sdk_6_30_00_84\source\third_party\fatfs\lib\ticlang\m4f\</path>
         <kind>archive</kind>
         <file>fatfs.a</file>
         <name>diskio.c.obj</name>
      </input_file>
      <input_file id="fl-31">
         <path>C:\ti\simplelink_cc13xx_cc26xx_sdk_6_30_00_84\source\third_party\fatfs\lib\ticlang\m4f\</path>
         <kind>archive</kind>
         <file>fatfs.a</file>
         <name>ff.c.obj</name>
      </input_file>
      <input_file id="fl-32">
         <path>C:\ti\simplelink_cc13xx_cc26xx_sdk_6_30_00_84\source\third_party\fatfs\lib\ticlang\m4f\</path>
         <kind>archive</kind>
         <file>fatfs.a</file>
         <name>ffsystem.c.obj</name>
      </input_file>
      <input_file id="fl-33">
         <path>C:\ti\simplelink_cc13xx_cc26xx_sdk_6_30_00_84\source\third_party\fatfs\lib\ticlang\m4f\</path>
         <kind>archive</kind>
         <file>fatfs.a</file>
         <name>ffcio.c.obj</name>
      </input_file>
      <input_file id="fl-34">
         <path>C:\ti\simplelink_cc13xx_cc26xx_sdk_6_30_00_84\kernel\tirtos7\packages\ti\sysbios\lib\ticlang\m4f\</path>
         <kind>archive</kind>
         <file>sysbios.a</file>
         <name>TaskSupport_asm_gnu.obj</name>
      </input_file>
      <input_file id="fl-35">
         <path>C:\ti\simplelink_cc13xx_cc26xx_sdk_6_30_00_84\kernel\tirtos7\packages\ti\sysbios\lib\ticlang\m4f\</path>
         <kind>archive</kind>
         <file>sysbios.a</file>
         <name>Hwi_asm_gnu.obj</name>
      </input_file>
      <input_file id="fl-36">
         <path>C:\ti\simplelink_cc13xx_cc26xx_sdk_6_30_00_84\kernel\tirtos7\packages\ti\sysbios\lib\ticlang\m4f\</path>
         <kind>archive</kind>
         <file>sysbios.a</file>
         <name>Hwi_asm_switch_gnu.obj</name>
      </input_file>
      <input_file id="fl-37">
         <path>C:\ti\simplelink_cc13xx_cc26xx_sdk_6_30_00_84\kernel\tirtos7\packages\ti\sysbios\lib\ticlang\m4f\</path>
         <kind>archive</kind>
         <file>sysbios.a</file>
         <name>boot_cortex_m.obj</name>
      </input_file>
      <input_file id="fl-38">
         <path>C:\ti\simplelink_cc13xx_cc26xx_sdk_6_30_00_84\source\ti\devices\cc13x2_cc26x2\driverlib\bin\ticlang\</path>
         <kind>archive</kind>
         <file>driverlib.lib</file>
         <name>setup.o</name>
      </input_file>
      <input_file id="fl-39">
         <path>C:\ti\simplelink_cc13xx_cc26xx_sdk_6_30_00_84\source\ti\devices\cc13x2_cc26x2\driverlib\bin\ticlang\</path>
         <kind>archive</kind>
         <file>driverlib.lib</file>
         <name>aux_sysif.o</name>
      </input_file>
      <input_file id="fl-3a">
         <path>C:\ti\simplelink_cc13xx_cc26xx_sdk_6_30_00_84\source\ti\devices\cc13x2_cc26x2\driverlib\bin\ticlang\</path>
         <kind>archive</kind>
         <file>driverlib.lib</file>
         <name>sys_ctrl.o</name>
      </input_file>
      <input_file id="fl-3b">
         <path>C:\ti\simplelink_cc13xx_cc26xx_sdk_6_30_00_84\source\ti\devices\cc13x2_cc26x2\driverlib\bin\ticlang\</path>
         <kind>archive</kind>
         <file>driverlib.lib</file>
         <name>cpu.o</name>
      </input_file>
      <input_file id="fl-3c">
         <path>C:\ti\simplelink_cc13xx_cc26xx_sdk_6_30_00_84\source\ti\devices\cc13x2_cc26x2\driverlib\bin\ticlang\</path>
         <kind>archive</kind>
         <file>driverlib.lib</file>
         <name>osc.o</name>
      </input_file>
      <input_file id="fl-3d">
         <path>C:\ti\simplelink_cc13xx_cc26xx_sdk_6_30_00_84\source\ti\devices\cc13x2_cc26x2\driverlib\bin\ticlang\</path>
         <kind>archive</kind>
         <file>driverlib.lib</file>
         <name>prcm.o</name>
      </input_file>
      <input_file id="fl-3e">
         <path>C:\ti\simplelink_cc13xx_cc26xx_sdk_6_30_00_84\source\ti\devices\cc13x2_cc26x2\driverlib\bin\ticlang\</path>
         <kind>archive</kind>
         <file>driverlib.lib</file>
         <name>chipinfo.o</name>
      </input_file>
      <input_file id="fl-4a">
         <path>C:\ti\ccs1040\ccs\tools\compiler\ti-cgt-armllvm_1.3.0.LTS\lib\armv7em-ti-none-eabihf\c\</path>
         <kind>archive</kind>
         <file>libc.a</file>
         <name>fclose.c.obj</name>
      </input_file>
      <input_file id="fl-4b">
         <path>C:\ti\ccs1040\ccs\tools\compiler\ti-cgt-armllvm_1.3.0.LTS\lib\armv7em-ti-none-eabihf\c\</path>
         <kind>archive</kind>
         <file>libc.a</file>
         <name>fflush.c.obj</name>
      </input_file>
      <input_file id="fl-4c">
         <path>C:\ti\ccs1040\ccs\tools\compiler\ti-cgt-armllvm_1.3.0.LTS\lib\armv7em-ti-none-eabihf\c\</path>
         <kind>archive</kind>
         <file>libc.a</file>
         <name>fopen.c.obj</name>
      </input_file>
      <input_file id="fl-4d">
         <path>C:\ti\ccs1040\ccs\tools\compiler\ti-cgt-armllvm_1.3.0.LTS\lib\armv7em-ti-none-eabihf\c\</path>
         <kind>archive</kind>
         <file>libc.a</file>
         <name>fwrite.c.obj</name>
      </input_file>
      <input_file id="fl-4e">
         <path>C:\ti\ccs1040\ccs\tools\compiler\ti-cgt-armllvm_1.3.0.LTS\lib\armv7em-ti-none-eabihf\c\</path>
         <kind>archive</kind>
         <file>libc.a</file>
         <name>_io_perm.c.obj</name>
      </input_file>
      <input_file id="fl-4f">
         <path>C:\ti\ccs1040\ccs\tools\compiler\ti-cgt-armllvm_1.3.0.LTS\lib\armv7em-ti-none-eabihf\c\</path>
         <kind>archive</kind>
         <file>libc.a</file>
         <name>setvbuf.c.obj</name>
      </input_file>
      <input_file id="fl-50">
         <path>C:\ti\ccs1040\ccs\tools\compiler\ti-cgt-armllvm_1.3.0.LTS\lib\armv7em-ti-none-eabihf\c\</path>
         <kind>archive</kind>
         <file>libc.a</file>
         <name>aeabi_portable.c.obj</name>
      </input_file>
      <input_file id="fl-51">
         <path>C:\ti\ccs1040\ccs\tools\compiler\ti-cgt-armllvm_1.3.0.LTS\lib\armv7em-ti-none-eabihf\c\</path>
         <kind>archive</kind>
         <file>libc.a</file>
         <name>exit.c.obj</name>
      </input_file>
      <input_file id="fl-52">
         <path>C:\ti\ccs1040\ccs\tools\compiler\ti-cgt-armllvm_1.3.0.LTS\lib\armv7em-ti-none-eabihf\c\</path>
         <kind>archive</kind>
         <file>libc.a</file>
         <name>_lock.c.obj</name>
      </input_file>
      <input_file id="fl-53">
         <path>C:\ti\ccs1040\ccs\tools\compiler\ti-cgt-armllvm_1.3.0.LTS\lib\armv7em-ti-none-eabihf\c\</path>
         <kind>archive</kind>
         <file>libc.a</file>
         <name>args_main.c.obj</name>
      </input_file>
      <input_file id="fl-54">
         <path>C:\ti\ccs1040\ccs\tools\compiler\ti-cgt-armllvm_1.3.0.LTS\lib\armv7em-ti-none-eabihf\c\</path>
         <kind>archive</kind>
         <file>libc.a</file>
         <name>assert.c.obj</name>
      </input_file>
      <input_file id="fl-55">
         <path>C:\ti\ccs1040\ccs\tools\compiler\ti-cgt-armllvm_1.3.0.LTS\lib\armv7em-ti-none-eabihf\c\</path>
         <kind>archive</kind>
         <file>libc.a</file>
         <name>defs.c.obj</name>
      </input_file>
      <input_file id="fl-56">
         <path>C:\ti\ccs1040\ccs\tools\compiler\ti-cgt-armllvm_1.3.0.LTS\lib\armv7em-ti-none-eabihf\c\</path>
         <kind>archive</kind>
         <file>libc.a</file>
         <name>localtim64.c.obj</name>
      </input_file>
      <input_file id="fl-57">
         <path>C:\ti\ccs1040\ccs\tools\compiler\ti-cgt-armllvm_1.3.0.LTS\lib\armv7em-ti-none-eabihf\c\</path>
         <kind>archive</kind>
         <file>libc.a</file>
         <name>mktime64.c.obj</name>
      </input_file>
      <input_file id="fl-58">
         <path>C:\ti\ccs1040\ccs\tools\compiler\ti-cgt-armllvm_1.3.0.LTS\lib\armv7em-ti-none-eabihf\c\</path>
         <kind>archive</kind>
         <file>libc.a</file>
         <name>rewind.c.obj</name>
      </input_file>
      <input_file id="fl-59">
         <path>C:\ti\ccs1040\ccs\tools\compiler\ti-cgt-armllvm_1.3.0.LTS\lib\armv7em-ti-none-eabihf\c\</path>
         <kind>archive</kind>
         <file>libc.a</file>
         <name>tmzone.c.obj</name>
      </input_file>
      <input_file id="fl-5a">
         <path>C:\ti\ccs1040\ccs\tools\compiler\ti-cgt-armllvm_1.3.0.LTS\lib\armv7em-ti-none-eabihf\c\</path>
         <kind>archive</kind>
         <file>libc.a</file>
         <name>autoinit.c.obj</name>
      </input_file>
      <input_file id="fl-5b">
         <path>C:\ti\ccs1040\ccs\tools\compiler\ti-cgt-armllvm_1.3.0.LTS\lib\armv7em-ti-none-eabihf\c\</path>
         <kind>archive</kind>
         <file>libc.a</file>
         <name>cpy_tbl.c.obj</name>
      </input_file>
      <input_file id="fl-5c">
         <path>C:\ti\ccs1040\ccs\tools\compiler\ti-cgt-armllvm_1.3.0.LTS\lib\armv7em-ti-none-eabihf\c\</path>
         <kind>archive</kind>
         <file>libc.a</file>
         <name>copy_zero_init.c.obj</name>
      </input_file>
      <input_file id="fl-5d">
         <path>C:\ti\ccs1040\ccs\tools\compiler\ti-cgt-armllvm_1.3.0.LTS\lib\armv7em-ti-none-eabihf\c\</path>
         <kind>archive</kind>
         <file>libc.a</file>
         <name>copy_decompress_none.c.obj</name>
      </input_file>
      <input_file id="fl-5e">
         <path>C:\ti\ccs1040\ccs\tools\compiler\ti-cgt-armllvm_1.3.0.LTS\lib\armv7em-ti-none-eabihf\c\</path>
         <kind>archive</kind>
         <file>libc.a</file>
         <name>copy_decompress_lzss.c.obj</name>
      </input_file>
      <input_file id="fl-5f">
         <path>C:\ti\ccs1040\ccs\tools\compiler\ti-cgt-armllvm_1.3.0.LTS\lib\armv7em-ti-none-eabihf\c\</path>
         <kind>archive</kind>
         <file>libc.a</file>
         <name>sprintf.c.obj</name>
      </input_file>
      <input_file id="fl-60">
         <path>C:\ti\ccs1040\ccs\tools\compiler\ti-cgt-armllvm_1.3.0.LTS\lib\armv7em-ti-none-eabihf\c\</path>
         <kind>archive</kind>
         <file>libc.a</file>
         <name>fputs.c.obj</name>
      </input_file>
      <input_file id="fl-61">
         <path>C:\ti\ccs1040\ccs\tools\compiler\ti-cgt-armllvm_1.3.0.LTS\lib\armv7em-ti-none-eabihf\c\</path>
         <kind>archive</kind>
         <file>libc.a</file>
         <name>fseek.c.obj</name>
      </input_file>
      <input_file id="fl-62">
         <path>C:\ti\ccs1040\ccs\tools\compiler\ti-cgt-armllvm_1.3.0.LTS\lib\armv7em-ti-none-eabihf\c\</path>
         <kind>archive</kind>
         <file>libc.a</file>
         <name>_printfi.c.obj</name>
      </input_file>
      <input_file id="fl-63">
         <path>C:\ti\ccs1040\ccs\tools\compiler\ti-cgt-armllvm_1.3.0.LTS\lib\armv7em-ti-none-eabihf\c\</path>
         <kind>archive</kind>
         <file>libc.a</file>
         <name>_ltoa.c.obj</name>
      </input_file>
      <input_file id="fl-64">
         <path>C:\ti\ccs1040\ccs\tools\compiler\ti-cgt-armllvm_1.3.0.LTS\lib\armv7em-ti-none-eabihf\c\</path>
         <kind>archive</kind>
         <file>libc.a</file>
         <name>atoi.c.obj</name>
      </input_file>
      <input_file id="fl-65">
         <path>C:\ti\ccs1040\ccs\tools\compiler\ti-cgt-armllvm_1.3.0.LTS\lib\armv7em-ti-none-eabihf\c\</path>
         <kind>archive</kind>
         <file>libc.a</file>
         <name>memccpy.c.obj</name>
      </input_file>
      <input_file id="fl-66">
         <path>C:\ti\ccs1040\ccs\tools\compiler\ti-cgt-armllvm_1.3.0.LTS\lib\armv7em-ti-none-eabihf\c\</path>
         <kind>archive</kind>
         <file>libc.a</file>
         <name>s_frexp.c.obj</name>
      </input_file>
      <input_file id="fl-67">
         <path>C:\ti\ccs1040\ccs\tools\compiler\ti-cgt-armllvm_1.3.0.LTS\lib\armv7em-ti-none-eabihf\c\</path>
         <kind>archive</kind>
         <file>libc.a</file>
         <name>s_scalbn.c.obj</name>
      </input_file>
      <input_file id="fl-68">
         <path>C:\ti\ccs1040\ccs\tools\compiler\ti-cgt-armllvm_1.3.0.LTS\lib\armv7em-ti-none-eabihf\c\</path>
         <kind>archive</kind>
         <file>libc.a</file>
         <name>wcslen.c.obj</name>
      </input_file>
      <input_file id="fl-69">
         <path>C:\ti\ccs1040\ccs\tools\compiler\ti-cgt-armllvm_1.3.0.LTS\lib\armv7em-ti-none-eabihf\c\</path>
         <kind>archive</kind>
         <file>libc.a</file>
         <name>aeabi_ctype.S.obj</name>
      </input_file>
      <input_file id="fl-a2">
         <path>C:\ti\ccs1040\ccs\tools\compiler\ti-cgt-armllvm_1.3.0.LTS\lib\armv7em-ti-none-eabihf\c\</path>
         <kind>archive</kind>
         <file>libsysbm.a</file>
         <name>write.c.obj</name>
      </input_file>
      <input_file id="fl-a3">
         <path>C:\ti\ccs1040\ccs\tools\compiler\ti-cgt-armllvm_1.3.0.LTS\lib\armv7em-ti-none-eabihf\c\</path>
         <kind>archive</kind>
         <file>libsysbm.a</file>
         <name>host_device.c.obj</name>
      </input_file>
      <input_file id="fl-a4">
         <path>C:\ti\ccs1040\ccs\tools\compiler\ti-cgt-armllvm_1.3.0.LTS\lib\armv7em-ti-none-eabihf\c\</path>
         <kind>archive</kind>
         <file>libsysbm.a</file>
         <name>remove.c.obj</name>
      </input_file>
      <input_file id="fl-a5">
         <path>C:\ti\ccs1040\ccs\tools\compiler\ti-cgt-armllvm_1.3.0.LTS\lib\armv7em-ti-none-eabihf\c\</path>
         <kind>archive</kind>
         <file>libsysbm.a</file>
         <name>open.c.obj</name>
      </input_file>
      <input_file id="fl-a6">
         <path>C:\ti\ccs1040\ccs\tools\compiler\ti-cgt-armllvm_1.3.0.LTS\lib\armv7em-ti-none-eabihf\c\</path>
         <kind>archive</kind>
         <file>libsysbm.a</file>
         <name>lseek.c.obj</name>
      </input_file>
      <input_file id="fl-a7">
         <path>C:\ti\ccs1040\ccs\tools\compiler\ti-cgt-armllvm_1.3.0.LTS\lib\armv7em-ti-none-eabihf\c\</path>
         <kind>archive</kind>
         <file>libsysbm.a</file>
         <name>close.c.obj</name>
      </input_file>
      <input_file id="fl-a8">
         <path>C:\ti\ccs1040\ccs\tools\compiler\ti-cgt-armllvm_1.3.0.LTS\lib\armv7em-ti-none-eabihf\c\</path>
         <kind>archive</kind>
         <file>libsysbm.a</file>
         <name>add_device.c.obj</name>
      </input_file>
      <input_file id="fl-a9">
         <path>C:\ti\ccs1040\ccs\tools\compiler\ti-cgt-armllvm_1.3.0.LTS\lib\armv7em-ti-none-eabihf\c\</path>
         <kind>archive</kind>
         <file>libsysbm.a</file>
         <name>unlink.c.obj</name>
      </input_file>
      <input_file id="fl-aa">
         <path>C:\ti\ccs1040\ccs\tools\compiler\ti-cgt-armllvm_1.3.0.LTS\lib\armv7em-ti-none-eabihf\c\</path>
         <kind>archive</kind>
         <file>libsysbm.a</file>
         <name>hostclose.c.obj</name>
      </input_file>
      <input_file id="fl-ab">
         <path>C:\ti\ccs1040\ccs\tools\compiler\ti-cgt-armllvm_1.3.0.LTS\lib\armv7em-ti-none-eabihf\c\</path>
         <kind>archive</kind>
         <file>libsysbm.a</file>
         <name>hostlseek.c.obj</name>
      </input_file>
      <input_file id="fl-ac">
         <path>C:\ti\ccs1040\ccs\tools\compiler\ti-cgt-armllvm_1.3.0.LTS\lib\armv7em-ti-none-eabihf\c\</path>
         <kind>archive</kind>
         <file>libsysbm.a</file>
         <name>hostopen.c.obj</name>
      </input_file>
      <input_file id="fl-ad">
         <path>C:\ti\ccs1040\ccs\tools\compiler\ti-cgt-armllvm_1.3.0.LTS\lib\armv7em-ti-none-eabihf\c\</path>
         <kind>archive</kind>
         <file>libsysbm.a</file>
         <name>hostread.c.obj</name>
      </input_file>
      <input_file id="fl-ae">
         <path>C:\ti\ccs1040\ccs\tools\compiler\ti-cgt-armllvm_1.3.0.LTS\lib\armv7em-ti-none-eabihf\c\</path>
         <kind>archive</kind>
         <file>libsysbm.a</file>
         <name>hostrename.c.obj</name>
      </input_file>
      <input_file id="fl-af">
         <path>C:\ti\ccs1040\ccs\tools\compiler\ti-cgt-armllvm_1.3.0.LTS\lib\armv7em-ti-none-eabihf\c\</path>
         <kind>archive</kind>
         <file>libsysbm.a</file>
         <name>hostunlink.c.obj</name>
      </input_file>
      <input_file id="fl-b0">
         <path>C:\ti\ccs1040\ccs\tools\compiler\ti-cgt-armllvm_1.3.0.LTS\lib\armv7em-ti-none-eabihf\c\</path>
         <kind>archive</kind>
         <file>libsysbm.a</file>
         <name>hostwrite.c.obj</name>
      </input_file>
      <input_file id="fl-b1">
         <path>C:\ti\ccs1040\ccs\tools\compiler\ti-cgt-armllvm_1.3.0.LTS\lib\armv7em-ti-none-eabihf\c\</path>
         <kind>archive</kind>
         <file>libsysbm.a</file>
         <name>trgmsg.c.obj</name>
      </input_file>
      <input_file id="fl-b2">
         <path>C:\ti\ccs1040\ccs\tools\compiler\ti-cgt-armllvm_1.3.0.LTS\lib\clang\12.0.1\lib\armv7em-ti-none-eabihf\</path>
         <kind>archive</kind>
         <file>libclang_rt.builtins.a</file>
         <name>adddf3.S.obj</name>
      </input_file>
      <input_file id="fl-b3">
         <path>C:\ti\ccs1040\ccs\tools\compiler\ti-cgt-armllvm_1.3.0.LTS\lib\clang\12.0.1\lib\armv7em-ti-none-eabihf\</path>
         <kind>archive</kind>
         <file>libclang_rt.builtins.a</file>
         <name>muldf3.S.obj</name>
      </input_file>
      <input_file id="fl-b4">
         <path>C:\ti\ccs1040\ccs\tools\compiler\ti-cgt-armllvm_1.3.0.LTS\lib\clang\12.0.1\lib\armv7em-ti-none-eabihf\</path>
         <kind>archive</kind>
         <file>libclang_rt.builtins.a</file>
         <name>divdf3.S.obj</name>
      </input_file>
      <input_file id="fl-b5">
         <path>C:\ti\ccs1040\ccs\tools\compiler\ti-cgt-armllvm_1.3.0.LTS\lib\clang\12.0.1\lib\armv7em-ti-none-eabihf\</path>
         <kind>archive</kind>
         <file>libclang_rt.builtins.a</file>
         <name>extendsfdf2.S.obj</name>
      </input_file>
      <input_file id="fl-b6">
         <path>C:\ti\ccs1040\ccs\tools\compiler\ti-cgt-armllvm_1.3.0.LTS\lib\clang\12.0.1\lib\armv7em-ti-none-eabihf\</path>
         <kind>archive</kind>
         <file>libclang_rt.builtins.a</file>
         <name>fixdfsi.S.obj</name>
      </input_file>
      <input_file id="fl-b7">
         <path>C:\ti\ccs1040\ccs\tools\compiler\ti-cgt-armllvm_1.3.0.LTS\lib\clang\12.0.1\lib\armv7em-ti-none-eabihf\</path>
         <kind>archive</kind>
         <file>libclang_rt.builtins.a</file>
         <name>fixunsdfsi.S.obj</name>
      </input_file>
      <input_file id="fl-b8">
         <path>C:\ti\ccs1040\ccs\tools\compiler\ti-cgt-armllvm_1.3.0.LTS\lib\clang\12.0.1\lib\armv7em-ti-none-eabihf\</path>
         <kind>archive</kind>
         <file>libclang_rt.builtins.a</file>
         <name>floatsidf.S.obj</name>
      </input_file>
      <input_file id="fl-b9">
         <path>C:\ti\ccs1040\ccs\tools\compiler\ti-cgt-armllvm_1.3.0.LTS\lib\clang\12.0.1\lib\armv7em-ti-none-eabihf\</path>
         <kind>archive</kind>
         <file>libclang_rt.builtins.a</file>
         <name>aeabi_dcmp.S.obj</name>
      </input_file>
      <input_file id="fl-ba">
         <path>C:\ti\ccs1040\ccs\tools\compiler\ti-cgt-armllvm_1.3.0.LTS\lib\clang\12.0.1\lib\armv7em-ti-none-eabihf\</path>
         <kind>archive</kind>
         <file>libclang_rt.builtins.a</file>
         <name>aeabi_ldivmod.S.obj</name>
      </input_file>
      <input_file id="fl-bb">
         <path>C:\ti\ccs1040\ccs\tools\compiler\ti-cgt-armllvm_1.3.0.LTS\lib\clang\12.0.1\lib\armv7em-ti-none-eabihf\</path>
         <kind>archive</kind>
         <file>libclang_rt.builtins.a</file>
         <name>aeabi_memcpy.S.obj</name>
      </input_file>
      <input_file id="fl-bc">
         <path>C:\ti\ccs1040\ccs\tools\compiler\ti-cgt-armllvm_1.3.0.LTS\lib\clang\12.0.1\lib\armv7em-ti-none-eabihf\</path>
         <kind>archive</kind>
         <file>libclang_rt.builtins.a</file>
         <name>aeabi_memset.S.obj</name>
      </input_file>
      <input_file id="fl-bd">
         <path>C:\ti\ccs1040\ccs\tools\compiler\ti-cgt-armllvm_1.3.0.LTS\lib\clang\12.0.1\lib\armv7em-ti-none-eabihf\</path>
         <kind>archive</kind>
         <file>libclang_rt.builtins.a</file>
         <name>aeabi_uldivmod.S.obj</name>
      </input_file>
      <input_file id="fl-be">
         <path>C:\ti\ccs1040\ccs\tools\compiler\ti-cgt-armllvm_1.3.0.LTS\lib\clang\12.0.1\lib\armv7em-ti-none-eabihf\</path>
         <kind>archive</kind>
         <file>libclang_rt.builtins.a</file>
         <name>udivmoddi4.S.obj</name>
      </input_file>
      <input_file id="fl-bf">
         <path>C:\ti\ccs1040\ccs\tools\compiler\ti-cgt-armllvm_1.3.0.LTS\lib\clang\12.0.1\lib\armv7em-ti-none-eabihf\</path>
         <kind>archive</kind>
         <file>libclang_rt.builtins.a</file>
         <name>comparedf2.c.obj</name>
      </input_file>
      <input_file id="fl-c0">
         <path>C:\ti\ccs1040\ccs\tools\compiler\ti-cgt-armllvm_1.3.0.LTS\lib\clang\12.0.1\lib\armv7em-ti-none-eabihf\</path>
         <kind>archive</kind>
         <file>libclang_rt.builtins.a</file>
         <name>divmoddi4.c.obj</name>
      </input_file>
      <input_file id="fl-c1">
         <path>C:\ti\ccs1040\ccs\tools\compiler\ti-cgt-armllvm_1.3.0.LTS\lib\clang\12.0.1\lib\armv7em-ti-none-eabihf\</path>
         <kind>archive</kind>
         <file>libclang_rt.builtins.a</file>
         <name>aeabi_div0.c.obj</name>
      </input_file>
      <input_file id="fl-c2">
         <path>C:\ti\ccs1040\ccs\tools\compiler\ti-cgt-armllvm_1.3.0.LTS\lib\armv7em-ti-none-eabihf\c\</path>
         <kind>archive</kind>
         <file>libc.a</file>
         <name>getdevice.c.obj</name>
      </input_file>
      <input_file id="fl-c3">
         <path>C:\ti\ccs1040\ccs\tools\compiler\ti-cgt-armllvm_1.3.0.LTS\lib\armv7em-ti-none-eabihf\c\</path>
         <kind>archive</kind>
         <file>libc.a</file>
         <name>memcpy_t2.S.obj</name>
      </input_file>
      <input_file id="fl-c4">
         <path>C:\ti\ccs1040\ccs\tools\compiler\ti-cgt-armllvm_1.3.0.LTS\lib\armv7em-ti-none-eabihf\c\</path>
         <kind>archive</kind>
         <file>libc.a</file>
         <name>memset_t2.S.obj</name>
      </input_file>
   </input_file_list>
   <object_component_list>
      <object_component id="oc-356">
         <name>.text.ti_sysbios_runtime_System_doPrint</name>
         <load_address>0x40</load_address>
         <run_address>0x40</run_address>
         <size>0x330</size>
         <input_file_ref idref="fl-4"/>
      </object_component>
      <object_component id="oc-3b4">
         <name>.text.SPICC26X2DMA_transfer</name>
         <load_address>0x370</load_address>
         <run_address>0x370</run_address>
         <size>0x2c8</size>
         <input_file_ref idref="fl-2b"/>
      </object_component>
      <object_component id="oc-89">
         <name>.text.mainThread</name>
         <load_address>0x638</load_address>
         <run_address>0x638</run_address>
         <size>0x2b8</size>
         <input_file_ref idref="fl-1"/>
      </object_component>
      <object_component id="oc-27c">
         <name>.text.__mktime64</name>
         <load_address>0x8f0</load_address>
         <run_address>0x8f0</run_address>
         <size>0x280</size>
         <input_file_ref idref="fl-57"/>
      </object_component>
      <object_component id="oc-14b">
         <name>.text.find_volume</name>
         <load_address>0xb70</load_address>
         <run_address>0xb70</run_address>
         <size>0x268</size>
         <input_file_ref idref="fl-31"/>
      </object_component>
      <object_component id="oc-312">
         <name>.text.UART2CC26X2_hwiIntFxn</name>
         <load_address>0xdd8</load_address>
         <run_address>0xdd8</run_address>
         <size>0x1f0</size>
         <input_file_ref idref="fl-27"/>
      </object_component>
      <object_component id="oc-268">
         <name>.text.f_open</name>
         <load_address>0xfc8</load_address>
         <run_address>0xfc8</run_address>
         <size>0x1ea</size>
         <input_file_ref idref="fl-31"/>
      </object_component>
      <object_component id="oc-20e">
         <name>.text.BIOS_nullFunc</name>
         <load_address>0x11b2</load_address>
         <run_address>0x11b2</run_address>
         <size>0x2</size>
         <input_file_ref idref="fl-4"/>
      </object_component>
      <object_component id="oc-369">
         <name>.text.SDSPI_initialize</name>
         <load_address>0x11b4</load_address>
         <run_address>0x11b4</run_address>
         <size>0x1cc</size>
         <input_file_ref idref="fl-22"/>
      </object_component>
      <object_component id="oc-14c">
         <name>.text.follow_path</name>
         <load_address>0x1380</load_address>
         <run_address>0x1380</run_address>
         <size>0x1b8</size>
         <input_file_ref idref="fl-31"/>
      </object_component>
      <object_component id="oc-39b">
         <name>.text</name>
         <load_address>0x1538</load_address>
         <run_address>0x1538</run_address>
         <size>0x1b6</size>
         <input_file_ref idref="fl-b2"/>
      </object_component>
      <object_component id="oc-3c1">
         <name>.text.SPICC26X2DMA_hwiFxn</name>
         <load_address>0x16ee</load_address>
         <run_address>0x16ee</run_address>
         <size>0x1ae</size>
         <input_file_ref idref="fl-2b"/>
      </object_component>
      <object_component id="oc-265">
         <name>.text.f_write</name>
         <load_address>0x189c</load_address>
         <run_address>0x189c</run_address>
         <size>0x19c</size>
         <input_file_ref idref="fl-31"/>
      </object_component>
      <object_component id="oc-118">
         <name>.text.PowerCC26X2_auxISR</name>
         <load_address>0x1a38</load_address>
         <run_address>0x1a38</run_address>
         <size>0x194</size>
         <input_file_ref idref="fl-21"/>
      </object_component>
      <object_component id="oc-201">
         <name>.text.__localtime64</name>
         <load_address>0x1bcc</load_address>
         <run_address>0x1bcc</run_address>
         <size>0x190</size>
         <input_file_ref idref="fl-56"/>
      </object_component>
      <object_component id="oc-3b3">
         <name>.text.SPICC26X2DMA_open</name>
         <load_address>0x1d5c</load_address>
         <run_address>0x1d5c</run_address>
         <size>0x188</size>
         <input_file_ref idref="fl-2b"/>
      </object_component>
      <object_component id="oc-202">
         <name>.text.fwrite</name>
         <load_address>0x1ee4</load_address>
         <run_address>0x1ee4</run_address>
         <size>0x184</size>
         <input_file_ref idref="fl-4d"/>
      </object_component>
      <object_component id="oc-2b2">
         <name>.text.UART2_open</name>
         <load_address>0x2068</load_address>
         <run_address>0x2068</run_address>
         <size>0x17c</size>
         <input_file_ref idref="fl-27"/>
      </object_component>
      <object_component id="oc-358">
         <name>.text.UART2_writeTimeoutBlocking</name>
         <load_address>0x21e4</load_address>
         <run_address>0x21e4</run_address>
         <size>0x174</size>
         <input_file_ref idref="fl-26"/>
      </object_component>
      <object_component id="oc-266">
         <name>.text.f_read</name>
         <load_address>0x2358</load_address>
         <run_address>0x2358</run_address>
         <size>0x172</size>
         <input_file_ref idref="fl-31"/>
      </object_component>
      <object_component id="oc-263">
         <name>.text.f_lseek</name>
         <load_address>0x24ca</load_address>
         <run_address>0x24ca</run_address>
         <size>0x164</size>
         <input_file_ref idref="fl-31"/>
      </object_component>
      <object_component id="oc-b4">
         <name>.text.Board_initHook</name>
         <load_address>0x262e</load_address>
         <run_address>0x262e</run_address>
         <size>0x2</size>
         <input_file_ref idref="fl-3"/>
      </object_component>
      <object_component id="oc-3d1">
         <name>.text.configNextTransfer</name>
         <load_address>0x2630</load_address>
         <run_address>0x2630</run_address>
         <size>0x160</size>
         <input_file_ref idref="fl-2b"/>
      </object_component>
      <object_component id="oc-229">
         <name>.text.Power_sleep</name>
         <load_address>0x2790</load_address>
         <run_address>0x2790</run_address>
         <size>0x158</size>
         <input_file_ref idref="fl-20"/>
      </object_component>
      <object_component id="oc-380">
         <name>.text.ti_sysbios_runtime_System_printfExtend</name>
         <load_address>0x28e8</load_address>
         <run_address>0x28e8</run_address>
         <size>0x144</size>
         <input_file_ref idref="fl-4"/>
      </object_component>
      <object_component id="oc-ce">
         <name>.text.f_mkdir</name>
         <load_address>0x2a2c</load_address>
         <run_address>0x2a2c</run_address>
         <size>0x132</size>
         <input_file_ref idref="fl-31"/>
      </object_component>
      <object_component id="oc-3b5">
         <name>.text.SPICC26X2DMA_transferCancel</name>
         <load_address>0x2b5e</load_address>
         <run_address>0x2b5e</run_address>
         <size>0x122</size>
         <input_file_ref idref="fl-2b"/>
      </object_component>
      <object_component id="oc-26c">
         <name>.text._openfile</name>
         <load_address>0x2c80</load_address>
         <run_address>0x2c80</run_address>
         <size>0x120</size>
         <input_file_ref idref="fl-4c"/>
      </object_component>
      <object_component id="oc-217">
         <name>.text.ti_sysbios_family_arm_cc26xx_Timer_construct</name>
         <load_address>0x2da0</load_address>
         <run_address>0x2da0</run_address>
         <size>0x120</size>
         <input_file_ref idref="fl-4"/>
      </object_component>
      <object_component id="oc-54">
         <name>.text.ti_sysbios_family_arm_m3_Hwi_dispatch</name>
         <load_address>0x2ec0</load_address>
         <run_address>0x2ec0</run_address>
         <size>0x11c</size>
         <input_file_ref idref="fl-35"/>
      </object_component>
      <object_component id="oc-357">
         <name>.text.UART2_writeTimeoutNonblocking</name>
         <load_address>0x2fdc</load_address>
         <run_address>0x2fdc</run_address>
         <size>0x11a</size>
         <input_file_ref idref="fl-26"/>
      </object_component>
      <object_component id="oc-244">
         <name>.text.DisplayUart2Min_clear</name>
         <load_address>0x30f6</load_address>
         <run_address>0x30f6</run_address>
         <size>0x2</size>
         <input_file_ref idref="fl-1d"/>
      </object_component>
      <object_component id="oc-a7">
         <name>.text.Power_init</name>
         <load_address>0x30f8</load_address>
         <run_address>0x30f8</run_address>
         <size>0x118</size>
         <input_file_ref idref="fl-20"/>
      </object_component>
      <object_component id="oc-25f">
         <name>.text.f_rename</name>
         <load_address>0x3210</load_address>
         <run_address>0x3210</run_address>
         <size>0x116</size>
         <input_file_ref idref="fl-31"/>
      </object_component>
      <object_component id="oc-245">
         <name>.text.DisplayUart2Min_clearLines</name>
         <load_address>0x3326</load_address>
         <run_address>0x3326</run_address>
         <size>0x2</size>
         <input_file_ref idref="fl-1d"/>
      </object_component>
      <object_component id="oc-1a7">
         <name>.text.PowerCC26X2_calibrate</name>
         <load_address>0x3328</load_address>
         <run_address>0x3328</run_address>
         <size>0x10c</size>
         <input_file_ref idref="fl-21"/>
      </object_component>
      <object_component id="oc-14d">
         <name>.text.create_chain</name>
         <load_address>0x3434</load_address>
         <run_address>0x3434</run_address>
         <size>0x10c</size>
         <input_file_ref idref="fl-31"/>
      </object_component>
      <object_component id="oc-ad">
         <name>.text.GPIO_init</name>
         <load_address>0x3540</load_address>
         <run_address>0x3540</run_address>
         <size>0x104</size>
         <input_file_ref idref="fl-28"/>
      </object_component>
      <object_component id="oc-30b">
         <name>.text.UART2CC26X2_initHw</name>
         <load_address>0x3644</load_address>
         <run_address>0x3644</run_address>
         <size>0x104</size>
         <input_file_ref idref="fl-27"/>
      </object_component>
      <object_component id="oc-39c">
         <name>.text</name>
         <load_address>0x3748</load_address>
         <run_address>0x3748</run_address>
         <size>0xfc</size>
         <input_file_ref idref="fl-b3"/>
      </object_component>
      <object_component id="oc-2f5">
         <name>.text.NOROM_SysCtrlStandby</name>
         <load_address>0x3844</load_address>
         <run_address>0x3844</run_address>
         <size>0xf4</size>
         <input_file_ref idref="fl-3a"/>
      </object_component>
      <object_component id="oc-1ee">
         <name>.text.put_fat</name>
         <load_address>0x3938</load_address>
         <run_address>0x3938</run_address>
         <size>0xf4</size>
         <input_file_ref idref="fl-31"/>
      </object_component>
      <object_component id="oc-352">
         <name>.text.UART2Support_dmaStartRx</name>
         <load_address>0x3a2c</load_address>
         <run_address>0x3a2c</run_address>
         <size>0xf0</size>
         <input_file_ref idref="fl-27"/>
      </object_component>
      <object_component id="oc-36c">
         <name>.text.SDSPI_write</name>
         <load_address>0x3b1c</load_address>
         <run_address>0x3b1c</run_address>
         <size>0xec</size>
         <input_file_ref idref="fl-22"/>
      </object_component>
      <object_component id="oc-57">
         <name>.text.NOROM_SetupTrimDevice</name>
         <load_address>0x3c08</load_address>
         <run_address>0x3c08</run_address>
         <size>0xe4</size>
         <input_file_ref idref="fl-38"/>
      </object_component>
      <object_component id="oc-23c">
         <name>.text.ti_sysbios_knl_Semaphore_pend</name>
         <load_address>0x3cec</load_address>
         <run_address>0x3cec</run_address>
         <size>0xe4</size>
         <input_file_ref idref="fl-4"/>
      </object_component>
      <object_component id="oc-1ce">
         <name>.text.add_device</name>
         <load_address>0x3dd0</load_address>
         <run_address>0x3dd0</run_address>
         <size>0xdc</size>
         <input_file_ref idref="fl-a8"/>
      </object_component>
      <object_component id="oc-2e5">
         <name>.text.setvbuf</name>
         <load_address>0x3eac</load_address>
         <run_address>0x3eac</run_address>
         <size>0xdc</size>
         <input_file_ref idref="fl-4f"/>
      </object_component>
      <object_component id="oc-3b1">
         <name>.text.SPICC26X2DMA_control</name>
         <load_address>0x3f88</load_address>
         <run_address>0x3f88</run_address>
         <size>0xd8</size>
         <input_file_ref idref="fl-2b"/>
      </object_component>
      <object_component id="oc-87">
         <name>.text.pthread_create</name>
         <load_address>0x4060</load_address>
         <run_address>0x4060</run_address>
         <size>0xd8</size>
         <input_file_ref idref="fl-4"/>
      </object_component>
      <object_component id="oc-e9">
         <name>.text.ti_sysbios_family_arm_m3_Hwi_excFillContext</name>
         <load_address>0x4138</load_address>
         <run_address>0x4138</run_address>
         <size>0xd8</size>
         <input_file_ref idref="fl-4"/>
      </object_component>
      <object_component id="oc-18e">
         <name>.text.configureXOSCHF</name>
         <load_address>0x4210</load_address>
         <run_address>0x4210</run_address>
         <size>0xd0</size>
         <input_file_ref idref="fl-20"/>
      </object_component>
      <object_component id="oc-1ea">
         <name>.text.dir_next</name>
         <load_address>0x42e0</load_address>
         <run_address>0x42e0</run_address>
         <size>0xd0</size>
         <input_file_ref idref="fl-31"/>
      </object_component>
      <object_component id="oc-181">
         <name>.text.ti_sysbios_knl_Clock_workFuncDynamic</name>
         <load_address>0x43b0</load_address>
         <run_address>0x43b0</run_address>
         <size>0xcc</size>
         <input_file_ref idref="fl-4"/>
      </object_component>
      <object_component id="oc-d7">
         <name>.text.clock_gettime</name>
         <load_address>0x447c</load_address>
         <run_address>0x447c</run_address>
         <size>0xc8</size>
         <input_file_ref idref="fl-4"/>
      </object_component>
      <object_component id="oc-7c">
         <name>.text.TrimAfterColdResetWakeupFromShutDown</name>
         <load_address>0x4544</load_address>
         <run_address>0x4544</run_address>
         <size>0xc4</size>
         <input_file_ref idref="fl-38"/>
      </object_component>
      <object_component id="oc-25e">
         <name>.text.SDFatFS_open</name>
         <load_address>0x4608</load_address>
         <run_address>0x4608</run_address>
         <size>0xc0</size>
         <input_file_ref idref="fl-23"/>
      </object_component>
      <object_component id="oc-354">
         <name>.text.UART2Support_dmaStartTx</name>
         <load_address>0x46c8</load_address>
         <run_address>0x46c8</run_address>
         <size>0xbc</size>
         <input_file_ref idref="fl-27"/>
      </object_component>
      <object_component id="oc-1bd">
         <name>.text.ti_sysbios_knl_Task_Instance_finalize</name>
         <load_address>0x4784</load_address>
         <run_address>0x4784</run_address>
         <size>0xb8</size>
         <input_file_ref idref="fl-4"/>
      </object_component>
      <object_component id="oc-2a4">
         <name>.text.NOROM_OSCHF_AttemptToSwitchToXosc</name>
         <load_address>0x483c</load_address>
         <run_address>0x483c</run_address>
         <size>0xb4</size>
         <input_file_ref idref="fl-3c"/>
      </object_component>
      <object_component id="oc-190">
         <name>.text.PowerCC26XX_standbyPolicy</name>
         <load_address>0x48f0</load_address>
         <run_address>0x48f0</run_address>
         <size>0xb4</size>
         <input_file_ref idref="fl-4"/>
      </object_component>
      <object_component id="oc-234">
         <name>.text.Power_releaseDependency</name>
         <load_address>0x49a4</load_address>
         <run_address>0x49a4</run_address>
         <size>0xb4</size>
         <input_file_ref idref="fl-20"/>
      </object_component>
      <object_component id="oc-ba">
         <name>.text.ti_sysbios_knl_Task_setPri</name>
         <load_address>0x4a58</load_address>
         <run_address>0x4a58</run_address>
         <size>0xb4</size>
         <input_file_ref idref="fl-4"/>
      </object_component>
      <object_component id="oc-11d">
         <name>.text.Power_setDependency</name>
         <load_address>0x4b0c</load_address>
         <run_address>0x4b0c</run_address>
         <size>0xb0</size>
         <input_file_ref idref="fl-20"/>
      </object_component>
      <object_component id="oc-366">
         <name>.text.SDSPI_getNumSectors</name>
         <load_address>0x4bbc</load_address>
         <run_address>0x4bbc</run_address>
         <size>0xb0</size>
         <input_file_ref idref="fl-22"/>
      </object_component>
      <object_component id="oc-1ff">
         <name>.text</name>
         <load_address>0x4c6c</load_address>
         <run_address>0x4c6c</run_address>
         <size>0xb0</size>
         <input_file_ref idref="fl-be"/>
      </object_component>
      <object_component id="oc-36b">
         <name>.text.SDSPI_read</name>
         <load_address>0x4d1c</load_address>
         <run_address>0x4d1c</run_address>
         <size>0xae</size>
         <input_file_ref idref="fl-22"/>
      </object_component>
      <object_component id="oc-262">
         <name>.text.f_unlink</name>
         <load_address>0x4dca</load_address>
         <run_address>0x4dca</run_address>
         <size>0xac</size>
         <input_file_ref idref="fl-31"/>
      </object_component>
      <object_component id="oc-23e">
         <name>.text.DisplayUart2Min_init</name>
         <load_address>0x4e76</load_address>
         <run_address>0x4e76</run_address>
         <size>0x2</size>
         <input_file_ref idref="fl-1d"/>
      </object_component>
      <object_component id="oc-2db">
         <name>.text.open</name>
         <load_address>0x4e78</load_address>
         <run_address>0x4e78</run_address>
         <size>0xac</size>
         <input_file_ref idref="fl-a5"/>
      </object_component>
      <object_component id="oc-1bc">
         <name>.text.ti_sysbios_knl_Task_Instance_init</name>
         <load_address>0x4f24</load_address>
         <run_address>0x4f24</run_address>
         <size>0xa4</size>
         <input_file_ref idref="fl-4"/>
      </object_component>
      <object_component id="oc-1ed">
         <name>.text.get_fat</name>
         <load_address>0x4fc8</load_address>
         <run_address>0x4fc8</run_address>
         <size>0xa2</size>
         <input_file_ref idref="fl-31"/>
      </object_component>
      <object_component id="oc-38b">
         <name>.text.sendCmd</name>
         <load_address>0x506a</load_address>
         <run_address>0x506a</run_address>
         <size>0xa2</size>
         <input_file_ref idref="fl-22"/>
      </object_component>
      <object_component id="oc-2da">
         <name>.text.f_sync</name>
         <load_address>0x510c</load_address>
         <run_address>0x510c</run_address>
         <size>0x9c</size>
         <input_file_ref idref="fl-31"/>
      </object_component>
      <object_component id="oc-317">
         <name>.text.UART2_writeCancel</name>
         <load_address>0x51a8</load_address>
         <run_address>0x51a8</run_address>
         <size>0x9a</size>
         <input_file_ref idref="fl-26"/>
      </object_component>
      <object_component id="oc-310">
         <name>.text.UART2CC26X2_eventCallback</name>
         <load_address>0x5242</load_address>
         <run_address>0x5242</run_address>
         <size>0x2</size>
         <input_file_ref idref="fl-27"/>
      </object_component>
      <object_component id="oc-2bc">
         <name>.text.UART2_close</name>
         <load_address>0x5244</load_address>
         <run_address>0x5244</run_address>
         <size>0x98</size>
         <input_file_ref idref="fl-27"/>
      </object_component>
      <object_component id="oc-161">
         <name>.text.ti_sysbios_knl_Clock_startI</name>
         <load_address>0x52dc</load_address>
         <run_address>0x52dc</run_address>
         <size>0x94</size>
         <input_file_ref idref="fl-4"/>
      </object_component>
      <object_component id="oc-d8">
         <name>.text.ti_sysbios_knl_Task_sleep</name>
         <load_address>0x5370</load_address>
         <run_address>0x5370</run_address>
         <size>0x94</size>
         <input_file_ref idref="fl-4"/>
      </object_component>
      <object_component id="oc-12e">
         <name>.text.GPIO_setConfig</name>
         <load_address>0x5404</load_address>
         <run_address>0x5404</run_address>
         <size>0x8c</size>
         <input_file_ref idref="fl-1f"/>
      </object_component>
      <object_component id="oc-1db">
         <name>.text.ffcio_open</name>
         <load_address>0x5490</load_address>
         <run_address>0x5490</run_address>
         <size>0x8c</size>
         <input_file_ref idref="fl-33"/>
      </object_component>
      <object_component id="oc-f9">
         <name>.text.ti_sysbios_knl_Clock_init</name>
         <load_address>0x551c</load_address>
         <run_address>0x551c</run_address>
         <size>0x8c</size>
         <input_file_ref idref="fl-4"/>
      </object_component>
      <object_component id="oc-1dd">
         <name>.text.fopen</name>
         <load_address>0x55a8</load_address>
         <run_address>0x55a8</run_address>
         <size>0x84</size>
         <input_file_ref idref="fl-4c"/>
      </object_component>
      <object_component id="oc-396">
         <name>.text.transmitDataBlock</name>
         <load_address>0x562c</load_address>
         <run_address>0x562c</run_address>
         <size>0x82</size>
         <input_file_ref idref="fl-22"/>
      </object_component>
      <object_component id="oc-337">
         <name>.text.NOROM_SysCtrlSetRechargeBeforePowerDown</name>
         <load_address>0x56ae</load_address>
         <run_address>0x56ae</run_address>
         <size>0x80</size>
         <input_file_ref idref="fl-3a"/>
      </object_component>
      <object_component id="oc-27a">
         <name>.text.__aeabi_ldiv0</name>
         <load_address>0x572e</load_address>
         <run_address>0x572e</run_address>
         <size>0x2</size>
         <input_file_ref idref="fl-c1"/>
      </object_component>
      <object_component id="oc-353">
         <name>.text.UART2Support_dmaStopTx</name>
         <load_address>0x5730</load_address>
         <run_address>0x5730</run_address>
         <size>0x80</size>
         <input_file_ref idref="fl-27"/>
      </object_component>
      <object_component id="oc-f6">
         <name>.text.ti_sysbios_family_arm_m3_Hwi_initNVIC</name>
         <load_address>0x57b0</load_address>
         <run_address>0x57b0</run_address>
         <size>0x80</size>
         <input_file_ref idref="fl-4"/>
      </object_component>
      <object_component id="oc-3a7">
         <name>.text.__gedf2</name>
         <load_address>0x5830</load_address>
         <run_address>0x5830</run_address>
         <size>0x7c</size>
         <input_file_ref idref="fl-bf"/>
      </object_component>
      <object_component id="oc-3a6">
         <name>.text.__ledf2</name>
         <load_address>0x58ac</load_address>
         <run_address>0x58ac</run_address>
         <size>0x7c</size>
         <input_file_ref idref="fl-bf"/>
      </object_component>
      <object_component id="oc-38c">
         <name>.text.recvDataBlock</name>
         <load_address>0x5928</load_address>
         <run_address>0x5928</run_address>
         <size>0x7c</size>
         <input_file_ref idref="fl-22"/>
      </object_component>
      <object_component id="oc-15a">
         <name>.text.sync_fs</name>
         <load_address>0x59a4</load_address>
         <run_address>0x59a4</run_address>
         <size>0x7c</size>
         <input_file_ref idref="fl-31"/>
      </object_component>
      <object_component id="oc-2ef">
         <name>.text.ti_sysbios_family_arm_m3_Hwi_postInit</name>
         <load_address>0x5a20</load_address>
         <run_address>0x5a20</run_address>
         <size>0x7c</size>
         <input_file_ref idref="fl-4"/>
      </object_component>
      <object_component id="oc-297">
         <name>.text.NOROM_OSCHF_SwitchToRcOscTurnOffXosc</name>
         <load_address>0x5a9c</load_address>
         <run_address>0x5a9c</run_address>
         <size>0x78</size>
         <input_file_ref idref="fl-3c"/>
      </object_component>
      <object_component id="oc-9c">
         <name>.text.NOROM_OSC_CapArrayAdjustWorkaround_Boot</name>
         <load_address>0x5b14</load_address>
         <run_address>0x5b14</run_address>
         <size>0x78</size>
         <input_file_ref idref="fl-3c"/>
      </object_component>
      <object_component id="oc-3ac">
         <name>.text.SPICC26X2DMA_close</name>
         <load_address>0x5b8c</load_address>
         <run_address>0x5b8c</run_address>
         <size>0x78</size>
         <input_file_ref idref="fl-2b"/>
      </object_component>
      <object_component id="oc-1bf">
         <name>.text._pthread_removeThreadKeys</name>
         <load_address>0x5c04</load_address>
         <run_address>0x5c04</run_address>
         <size>0x78</size>
         <input_file_ref idref="fl-4"/>
      </object_component>
      <object_component id="oc-2ce">
         <name>.text.f_mount</name>
         <load_address>0x5c7c</load_address>
         <run_address>0x5c7c</run_address>
         <size>0x78</size>
         <input_file_ref idref="fl-31"/>
      </object_component>
      <object_component id="oc-239">
         <name>.text.ti_sysbios_knl_Task_postInit</name>
         <load_address>0x5cf4</load_address>
         <run_address>0x5cf4</run_address>
         <size>0x78</size>
         <input_file_ref idref="fl-4"/>
      </object_component>
      <object_component id="oc-19a">
         <name>.text.PowerCC26X2_updateSubSecInc</name>
         <load_address>0x5d6c</load_address>
         <run_address>0x5d6c</run_address>
         <size>0x74</size>
         <input_file_ref idref="fl-29"/>
      </object_component>
      <object_component id="oc-36a">
         <name>.text.SDSPI_open</name>
         <load_address>0x5de0</load_address>
         <run_address>0x5de0</run_address>
         <size>0x74</size>
         <input_file_ref idref="fl-22"/>
      </object_component>
      <object_component id="oc-270">
         <name>.text.__TI_closefile</name>
         <load_address>0x5e54</load_address>
         <run_address>0x5e54</run_address>
         <size>0x74</size>
         <input_file_ref idref="fl-4a"/>
      </object_component>
      <object_component id="oc-203">
         <name>.text.fflush</name>
         <load_address>0x5ec8</load_address>
         <run_address>0x5ec8</run_address>
         <size>0x74</size>
         <input_file_ref idref="fl-4b"/>
      </object_component>
      <object_component id="oc-95">
         <name>.text.ti_sysbios_knl_Swi_restoreHwi</name>
         <load_address>0x5f3c</load_address>
         <run_address>0x5f3c</run_address>
         <size>0x74</size>
         <input_file_ref idref="fl-4"/>
      </object_component>
      <object_component id="oc-65">
         <name>.text.main</name>
         <load_address>0x5fb0</load_address>
         <run_address>0x5fb0</run_address>
         <size>0x70</size>
         <input_file_ref idref="fl-5"/>
      </object_component>
      <object_component id="oc-158">
         <name>.text.remove_chain</name>
         <load_address>0x6020</load_address>
         <run_address>0x6020</run_address>
         <size>0x70</size>
         <input_file_ref idref="fl-31"/>
      </object_component>
      <object_component id="oc-295">
         <name>.text.ti_sysbios_family_arm_m3_Hwi_Instance_init</name>
         <load_address>0x6090</load_address>
         <run_address>0x6090</run_address>
         <size>0x70</size>
         <input_file_ref idref="fl-4"/>
      </object_component>
      <object_component id="oc-16f">
         <name>.text.ti_sysbios_knl_Task_startup</name>
         <load_address>0x6100</load_address>
         <run_address>0x6100</run_address>
         <size>0x70</size>
         <input_file_ref idref="fl-4"/>
      </object_component>
      <object_component id="oc-37f">
         <name>.text.ti_sysbios_runtime_System_formatNum</name>
         <load_address>0x6170</load_address>
         <run_address>0x6170</run_address>
         <size>0x70</size>
         <input_file_ref idref="fl-4"/>
      </object_component>
      <object_component id="oc-6f">
         <name>.text.ti_sysbios_family_arm_m3_Hwi_dispatchC</name>
         <load_address>0x61e0</load_address>
         <run_address>0x61e0</run_address>
         <size>0x6c</size>
         <input_file_ref idref="fl-4"/>
      </object_component>
      <object_component id="oc-15f">
         <name>.text.ti_sysbios_hal_Seconds_getTime</name>
         <load_address>0x624c</load_address>
         <run_address>0x624c</run_address>
         <size>0x6c</size>
         <input_file_ref idref="fl-4"/>
      </object_component>
      <object_component id="oc-2c">
         <name>.text:decompress:lzss</name>
         <load_address>0x62b8</load_address>
         <run_address>0x62b8</run_address>
         <size>0x6a</size>
         <input_file_ref idref="fl-5e"/>
      </object_component>
      <object_component id="oc-20d">
         <name>.text._nop</name>
         <load_address>0x6322</load_address>
         <run_address>0x6322</run_address>
         <size>0x2</size>
         <input_file_ref idref="fl-52"/>
      </object_component>
      <object_component id="oc-351">
         <name>.text.UART2Support_dmaStopRx</name>
         <load_address>0x6324</load_address>
         <run_address>0x6324</run_address>
         <size>0x68</size>
         <input_file_ref idref="fl-27"/>
      </object_component>
      <object_component id="oc-2e7">
         <name>.text.fseeko</name>
         <load_address>0x638c</load_address>
         <run_address>0x638c</run_address>
         <size>0x68</size>
         <input_file_ref idref="fl-61"/>
      </object_component>
      <object_component id="oc-332">
         <name>.text.getdevice</name>
         <load_address>0x63f4</load_address>
         <run_address>0x63f4</run_address>
         <size>0x68</size>
         <input_file_ref idref="fl-c2"/>
      </object_component>
      <object_component id="oc-146">
         <name>.text.microsd_init</name>
         <load_address>0x645c</load_address>
         <run_address>0x645c</run_address>
         <size>0x68</size>
         <input_file_ref idref="fl-6"/>
      </object_component>
      <object_component id="oc-ee">
         <name>.text.ti_sysbios_knl_Swi_run</name>
         <load_address>0x64c4</load_address>
         <run_address>0x64c4</run_address>
         <size>0x68</size>
         <input_file_ref idref="fl-4"/>
      </object_component>
      <object_component id="oc-2ca">
         <name>.text.HOSTrename</name>
         <load_address>0x652c</load_address>
         <run_address>0x652c</run_address>
         <size>0x64</size>
         <input_file_ref idref="fl-ae"/>
      </object_component>
      <object_component id="oc-22c">
         <name>.text.PowerCC26X2_initiateCalibration</name>
         <load_address>0x6590</load_address>
         <run_address>0x6590</run_address>
         <size>0x64</size>
         <input_file_ref idref="fl-21"/>
      </object_component>
      <object_component id="oc-305">
         <name>.text.UDMACC26XX_open</name>
         <load_address>0x65f4</load_address>
         <run_address>0x65f4</run_address>
         <size>0x64</size>
         <input_file_ref idref="fl-2e"/>
      </object_component>
      <object_component id="oc-1e4">
         <name>.text.check_fs</name>
         <load_address>0x6658</load_address>
         <run_address>0x6658</run_address>
         <size>0x64</size>
         <input_file_ref idref="fl-31"/>
      </object_component>
      <object_component id="oc-117">
         <name>.text.oscillatorISR</name>
         <load_address>0x66bc</load_address>
         <run_address>0x66bc</run_address>
         <size>0x64</size>
         <input_file_ref idref="fl-20"/>
      </object_component>
      <object_component id="oc-fc">
         <name>.text.ti_sysbios_knl_Idle_init</name>
         <load_address>0x6720</load_address>
         <run_address>0x6720</run_address>
         <size>0x64</size>
         <input_file_ref idref="fl-4"/>
      </object_component>
      <object_component id="oc-2fa">
         <name>.text.ti_sysbios_knl_TaskSupport_buildTaskStack</name>
         <load_address>0x6784</load_address>
         <run_address>0x6784</run_address>
         <size>0x64</size>
         <input_file_ref idref="fl-4"/>
      </object_component>
      <object_component id="oc-2d7">
         <name>.text.dir_read</name>
         <load_address>0x67e8</load_address>
         <run_address>0x67e8</run_address>
         <size>0x62</size>
         <input_file_ref idref="fl-31"/>
      </object_component>
      <object_component id="oc-1f3">
         <name>.text.dir_sdi</name>
         <load_address>0x684a</load_address>
         <run_address>0x684a</run_address>
         <size>0x62</size>
         <input_file_ref idref="fl-31"/>
      </object_component>
      <object_component id="oc-28e">
         <name>.text.ti_sysbios_heaps_HeapMem_allocUnprotected</name>
         <load_address>0x68ac</load_address>
         <run_address>0x68ac</run_address>
         <size>0x62</size>
         <input_file_ref idref="fl-4"/>
      </object_component>
      <object_component id="oc-110">
         <name>.text.emptyClockFunc</name>
         <load_address>0x690e</load_address>
         <run_address>0x690e</run_address>
         <size>0x2</size>
         <input_file_ref idref="fl-20"/>
      </object_component>
      <object_component id="oc-398">
         <name>.text</name>
         <load_address>0x6910</load_address>
         <run_address>0x6910</run_address>
         <size>0x62</size>
         <input_file_ref idref="fl-b9"/>
      </object_component>
      <object_component id="oc-27f">
         <name>.text.__TI_wrt_ok</name>
         <load_address>0x6972</load_address>
         <run_address>0x6972</run_address>
         <size>0x60</size>
         <input_file_ref idref="fl-4e"/>
      </object_component>
      <object_component id="oc-6c">
         <name>.text.ti_sysbios_runtime_System_exitSpin</name>
         <load_address>0x69d2</load_address>
         <run_address>0x69d2</run_address>
         <size>0x2</size>
         <input_file_ref idref="fl-4"/>
      </object_component>
      <object_component id="oc-2de">
         <name>.text.close</name>
         <load_address>0x69d4</load_address>
         <run_address>0x69d4</run_address>
         <size>0x60</size>
         <input_file_ref idref="fl-a7"/>
      </object_component>
      <object_component id="oc-3c0">
         <name>.text.csnCallback</name>
         <load_address>0x6a34</load_address>
         <run_address>0x6a34</run_address>
         <size>0x60</size>
         <input_file_ref idref="fl-2b"/>
      </object_component>
      <object_component id="oc-144">
         <name>.text.microsd_set_mount</name>
         <load_address>0x6a94</load_address>
         <run_address>0x6a94</run_address>
         <size>0x60</size>
         <input_file_ref idref="fl-6"/>
      </object_component>
      <object_component id="oc-21a">
         <name>.text.ti_sysbios_knl_Clock_walkQueueDynamic</name>
         <load_address>0x6af4</load_address>
         <run_address>0x6af4</run_address>
         <size>0x60</size>
         <input_file_ref idref="fl-4"/>
      </object_component>
      <object_component id="oc-1c0">
         <name>.text.ti_sysbios_knl_Semaphore_post</name>
         <load_address>0x6b54</load_address>
         <run_address>0x6b54</run_address>
         <size>0x60</size>
         <input_file_ref idref="fl-4"/>
      </object_component>
      <object_component id="oc-286">
         <name>.text.ti_sysbios_knl_Swi_schedule</name>
         <load_address>0x6bb4</load_address>
         <run_address>0x6bb4</run_address>
         <size>0x60</size>
         <input_file_ref idref="fl-4"/>
      </object_component>
      <object_component id="oc-2e2">
         <name>.text.__divmoddi4</name>
         <load_address>0x6c14</load_address>
         <run_address>0x6c14</run_address>
         <size>0x5c</size>
         <input_file_ref idref="fl-c0"/>
      </object_component>
      <object_component id="oc-157">
         <name>.text.dir_register</name>
         <load_address>0x6c70</load_address>
         <run_address>0x6c70</run_address>
         <size>0x5c</size>
         <input_file_ref idref="fl-31"/>
      </object_component>
      <object_component id="oc-13e">
         <name>.text.pthread_exit</name>
         <load_address>0x6ccc</load_address>
         <run_address>0x6ccc</run_address>
         <size>0x5c</size>
         <input_file_ref idref="fl-4"/>
      </object_component>
      <object_component id="oc-2c8">
         <name>.text.HOSTlseek</name>
         <load_address>0x6d28</load_address>
         <run_address>0x6d28</run_address>
         <size>0x58</size>
         <input_file_ref idref="fl-ab"/>
      </object_component>
      <object_component id="oc-2c4">
         <name>.text.HOSTopen</name>
         <load_address>0x6d80</load_address>
         <run_address>0x6d80</run_address>
         <size>0x58</size>
         <input_file_ref idref="fl-ac"/>
      </object_component>
      <object_component id="oc-287">
         <name>.text.ti_sysbios_family_arm_m3_Hwi_initStacks</name>
         <load_address>0x6dd8</load_address>
         <run_address>0x6dd8</run_address>
         <size>0x58</size>
         <input_file_ref idref="fl-36"/>
      </object_component>
      <object_component id="oc-397">
         <name>.text.waitUntilReady</name>
         <load_address>0x6e30</load_address>
         <run_address>0x6e30</run_address>
         <size>0x58</size>
         <input_file_ref idref="fl-22"/>
      </object_component>
      <object_component id="oc-318">
         <name>.text.UART2_readCancel</name>
         <load_address>0x6e88</load_address>
         <run_address>0x6e88</run_address>
         <size>0x56</size>
         <input_file_ref idref="fl-26"/>
      </object_component>
      <object_component id="oc-2c6">
         <name>.text.HOSTread</name>
         <load_address>0x6ee0</load_address>
         <run_address>0x6ee0</run_address>
         <size>0x54</size>
         <input_file_ref idref="fl-ad"/>
      </object_component>
      <object_component id="oc-2c7">
         <name>.text.HOSTwrite</name>
         <load_address>0x6f34</load_address>
         <run_address>0x6f34</run_address>
         <size>0x54</size>
         <input_file_ref idref="fl-b0"/>
      </object_component>
      <object_component id="oc-246">
         <name>.text.DisplayUart2Min_vprintf</name>
         <load_address>0x6f88</load_address>
         <run_address>0x6f88</run_address>
         <size>0x52</size>
         <input_file_ref idref="fl-1d"/>
      </object_component>
      <object_component id="oc-99">
         <name>.text.NOROM_ChipInfo_GetHwRevision</name>
         <load_address>0x6fda</load_address>
         <run_address>0x6fda</run_address>
         <size>0x52</size>
         <input_file_ref idref="fl-3e"/>
      </object_component>
      <object_component id="oc-b3">
         <name>.text.Board_shutDownExtFlash</name>
         <load_address>0x702c</load_address>
         <run_address>0x702c</run_address>
         <size>0x50</size>
         <input_file_ref idref="fl-3"/>
      </object_component>
      <object_component id="oc-c4">
         <name>.text.Display_doOpen</name>
         <load_address>0x707c</load_address>
         <run_address>0x707c</run_address>
         <size>0x50</size>
         <input_file_ref idref="fl-1c"/>
      </object_component>
      <object_component id="oc-2cb">
         <name>.text.ti_sysbios_hal_Seconds_setTime</name>
         <load_address>0x70cc</load_address>
         <run_address>0x70cc</run_address>
         <size>0x50</size>
         <input_file_ref idref="fl-4"/>
      </object_component>
      <object_component id="oc-293">
         <name>.text.ti_sysbios_knl_Swi_post</name>
         <load_address>0x711c</load_address>
         <run_address>0x711c</run_address>
         <size>0x50</size>
         <input_file_ref idref="fl-4"/>
      </object_component>
      <object_component id="oc-2e9">
         <name>.text.ti_sysbios_knl_Swi_runLoop</name>
         <load_address>0x716c</load_address>
         <run_address>0x716c</run_address>
         <size>0x50</size>
         <input_file_ref idref="fl-4"/>
      </object_component>
      <object_component id="oc-12d">
         <name>.text.Board_sendExtFlashByte</name>
         <load_address>0x71bc</load_address>
         <run_address>0x71bc</run_address>
         <size>0x4e</size>
         <input_file_ref idref="fl-3"/>
      </object_component>
      <object_component id="oc-154">
         <name>.text.dir_clear</name>
         <load_address>0x720a</load_address>
         <run_address>0x720a</run_address>
         <size>0x4e</size>
         <input_file_ref idref="fl-31"/>
      </object_component>
      <object_component id="oc-28d">
         <name>.text.ti_sysbios_heaps_HeapMem_freeUnprotected</name>
         <load_address>0x7258</load_address>
         <run_address>0x7258</run_address>
         <size>0x4e</size>
         <input_file_ref idref="fl-4"/>
      </object_component>
      <object_component id="oc-2d8">
         <name>.text.validate</name>
         <load_address>0x72a6</load_address>
         <run_address>0x72a6</run_address>
         <size>0x4e</size>
         <input_file_ref idref="fl-31"/>
      </object_component>
      <object_component id="oc-ea">
         <name>.text.BIOS_startFunc</name>
         <load_address>0x72f4</load_address>
         <run_address>0x72f4</run_address>
         <size>0x4c</size>
         <input_file_ref idref="fl-4"/>
      </object_component>
      <object_component id="oc-22f">
         <name>.text.NOROM_OSC_HPOSCRelativeFrequencyOffsetGet</name>
         <load_address>0x7340</load_address>
         <run_address>0x7340</run_address>
         <size>0x4c</size>
         <input_file_ref idref="fl-3c"/>
      </object_component>
      <object_component id="oc-3ba">
         <name>.text.initHw</name>
         <load_address>0x738c</load_address>
         <run_address>0x738c</run_address>
         <size>0x4c</size>
         <input_file_ref idref="fl-2b"/>
      </object_component>
      <object_component id="oc-193">
         <name>.text.switchXOSCHF</name>
         <load_address>0x73d8</load_address>
         <run_address>0x73d8</run_address>
         <size>0x4c</size>
         <input_file_ref idref="fl-20"/>
      </object_component>
      <object_component id="oc-17e">
         <name>.text.ti_sysbios_knl_Swi_Instance_init</name>
         <load_address>0x7424</load_address>
         <run_address>0x7424</run_address>
         <size>0x4c</size>
         <input_file_ref idref="fl-4"/>
      </object_component>
      <object_component id="oc-f8">
         <name>.text.BIOS_init</name>
         <load_address>0x7470</load_address>
         <run_address>0x7470</run_address>
         <size>0x48</size>
         <input_file_ref idref="fl-4"/>
      </object_component>
      <object_component id="oc-a2">
         <name>.text.NOROM_AUXSYSIFOpModeChange</name>
         <load_address>0x74b8</load_address>
         <run_address>0x74b8</run_address>
         <size>0x48</size>
         <input_file_ref idref="fl-39"/>
      </object_component>
      <object_component id="oc-290">
         <name>.text.ti_sysbios_family_arm_cc26xx_Timer_start</name>
         <load_address>0x7500</load_address>
         <run_address>0x7500</run_address>
         <size>0x48</size>
         <input_file_ref idref="fl-4"/>
      </object_component>
      <object_component id="oc-211">
         <name>.text.ti_sysbios_heaps_HeapMem_Instance_init</name>
         <load_address>0x7548</load_address>
         <run_address>0x7548</run_address>
         <size>0x48</size>
         <input_file_ref idref="fl-4"/>
      </object_component>
      <object_component id="oc-216">
         <name>.text.ti_sysbios_heaps_HeapMem_alloc</name>
         <load_address>0x7590</load_address>
         <run_address>0x7590</run_address>
         <size>0x48</size>
         <input_file_ref idref="fl-4"/>
      </object_component>
      <object_component id="oc-ef">
         <name>.text.ti_sysbios_knl_Task_schedule</name>
         <load_address>0x75d8</load_address>
         <run_address>0x75d8</run_address>
         <size>0x48</size>
         <input_file_ref idref="fl-4"/>
      </object_component>
      <object_component id="oc-a6">
         <name>.text.ti_sysbios_runtime_Startup_exec</name>
         <load_address>0x7620</load_address>
         <run_address>0x7620</run_address>
         <size>0x48</size>
         <input_file_ref idref="fl-4"/>
      </object_component>
      <object_component id="oc-399">
         <name>.text</name>
         <load_address>0x7668</load_address>
         <run_address>0x7668</run_address>
         <size>0x48</size>
         <input_file_ref idref="fl-b6"/>
      </object_component>
      <object_component id="oc-377">
         <name>.text.RingBuf_put</name>
         <load_address>0x76b0</load_address>
         <run_address>0x76b0</run_address>
         <size>0x46</size>
         <input_file_ref idref="fl-2d"/>
      </object_component>
      <object_component id="oc-282">
         <name>.text.__TI_doflush</name>
         <load_address>0x76f6</load_address>
         <run_address>0x76f6</run_address>
         <size>0x46</size>
         <input_file_ref idref="fl-4b"/>
      </object_component>
      <object_component id="oc-171">
         <name>.text.BIOS_atExitFunc</name>
         <load_address>0x773c</load_address>
         <run_address>0x773c</run_address>
         <size>0x44</size>
         <input_file_ref idref="fl-4"/>
      </object_component>
      <object_component id="oc-126">
         <name>.text.GPIO_hwiIntFxn</name>
         <load_address>0x7780</load_address>
         <run_address>0x7780</run_address>
         <size>0x44</size>
         <input_file_ref idref="fl-28"/>
      </object_component>
      <object_component id="oc-2c9">
         <name>.text.HOSTunlink</name>
         <load_address>0x77c4</load_address>
         <run_address>0x77c4</run_address>
         <size>0x44</size>
         <input_file_ref idref="fl-af"/>
      </object_component>
      <object_component id="oc-2a6">
         <name>.text.NOROM_PRCMPowerDomainsAllOff</name>
         <load_address>0x7808</load_address>
         <run_address>0x7808</run_address>
         <size>0x44</size>
         <input_file_ref idref="fl-3d"/>
      </object_component>
      <object_component id="oc-1a8">
         <name>.text.NOROM_PRCMPowerDomainsAllOn</name>
         <load_address>0x784c</load_address>
         <run_address>0x784c</run_address>
         <size>0x44</size>
         <input_file_ref idref="fl-3d"/>
      </object_component>
      <object_component id="oc-1c8">
         <name>.text.SDFatFS_init</name>
         <load_address>0x7890</load_address>
         <run_address>0x7890</run_address>
         <size>0x44</size>
         <input_file_ref idref="fl-23"/>
      </object_component>
      <object_component id="oc-24d">
         <name>.text.SD_init</name>
         <load_address>0x78d4</load_address>
         <run_address>0x78d4</run_address>
         <size>0x44</size>
         <input_file_ref idref="fl-2f"/>
      </object_component>
      <object_component id="oc-38e">
         <name>.text.SPI_init</name>
         <load_address>0x7918</load_address>
         <run_address>0x7918</run_address>
         <size>0x44</size>
         <input_file_ref idref="fl-24"/>
      </object_component>
      <object_component id="oc-14e">
         <name>.text.sync_window</name>
         <load_address>0x795c</load_address>
         <run_address>0x795c</run_address>
         <size>0x44</size>
         <input_file_ref idref="fl-31"/>
      </object_component>
      <object_component id="oc-296">
         <name>.text.ti_sysbios_family_arm_m3_Hwi_Instance_finalize</name>
         <load_address>0x79a0</load_address>
         <run_address>0x79a0</run_address>
         <size>0x44</size>
         <input_file_ref idref="fl-4"/>
      </object_component>
      <object_component id="oc-18b">
         <name>.text.ti_sysbios_family_arm_m3_Hwi_construct2</name>
         <load_address>0x79e4</load_address>
         <run_address>0x79e4</run_address>
         <size>0x44</size>
         <input_file_ref idref="fl-4"/>
      </object_component>
[...]
         <object_component_ref idref="oc-54"/>
      </symbol>
      <symbol id="sm-7f4">
         <name>ti_sysbios_family_arm_m3_Hwi_switchAndRunFunc</name>
         <value>0x95ab</value>
         <object_component_ref idref="oc-2e8"/>
      </symbol>
      <symbol id="sm-7f5">
         <name>ti_sysbios_family_arm_m3_Hwi_initStacks</name>
         <value>0x6dd9</value>
         <object_component_ref idref="oc-287"/>
      </symbol>
      <symbol id="sm-7fa">
         <name>_c_int00</name>
         <value>0x86e5</value>
         <object_component_ref idref="oc-2f"/>
      </symbol>
      <symbol id="sm-7fb">
         <name>__stack</name>
         <value>0x20013a00</value>
         <object_component_ref idref="oc-3c"/>
      </symbol>
      <symbol id="sm-808">
         <name>NOROM_SetupTrimDevice</name>
         <value>0x3c09</value>
         <object_component_ref idref="oc-57"/>
      </symbol>
      <symbol id="sm-814">
         <name>NOROM_AUXSYSIFOpModeChange</name>
         <value>0x74b9</value>
         <object_component_ref idref="oc-a2"/>
      </symbol>
      <symbol id="sm-822">
         <name>NOROM_SysCtrlIdle</name>
         <value>0x7e2d</value>
         <object_component_ref idref="oc-29d"/>
      </symbol>
      <symbol id="sm-823">
         <name>NOROM_SysCtrlStandby</name>
         <value>0x3845</value>
         <object_component_ref idref="oc-2f5"/>
      </symbol>
      <symbol id="sm-824">
         <name>NOROM_SysCtrlSetRechargeBeforePowerDown</name>
         <value>0x56af</value>
         <object_component_ref idref="oc-337"/>
      </symbol>
      <symbol id="sm-832">
         <name>NOROM_CPUcpsid</name>
         <value>0x9d4d</value>
         <object_component_ref idref="oc-224"/>
      </symbol>
      <symbol id="sm-833">
         <name>NOROM_CPUcpsie</name>
         <value>0x9d59</value>
         <object_component_ref idref="oc-22b"/>
      </symbol>
      <symbol id="sm-834">
         <name>NOROM_CPUdelay</name>
         <value>0x9ea3</value>
         <object_component_ref idref="oc-1b4"/>
      </symbol>
      <symbol id="sm-84e">
         <name>NOROM_OSCHF_TurnOnXosc</name>
         <value>0x8ce5</value>
         <object_component_ref idref="oc-22d"/>
      </symbol>
      <symbol id="sm-84f">
         <name>NOROM_OSCHF_AttemptToSwitchToXosc</name>
         <value>0x483d</value>
         <object_component_ref idref="oc-2a4"/>
      </symbol>
      <symbol id="sm-850">
         <name>NOROM_OSCHF_SwitchToRcOscTurnOffXosc</name>
         <value>0x5a9d</value>
         <object_component_ref idref="oc-297"/>
      </symbol>
      <symbol id="sm-851">
         <name>NOROM_OSC_CapArrayAdjustWorkaround_Boot</name>
         <value>0x5b15</value>
         <object_component_ref idref="oc-9c"/>
      </symbol>
      <symbol id="sm-852">
         <name>_hposcCoeffs</name>
         <value>0x20000690</value>
         <object_component_ref idref="oc-2a5"/>
      </symbol>
      <symbol id="sm-853">
         <name>NOROM_OSC_HPOSCRelativeFrequencyOffsetGet</name>
         <value>0x7341</value>
         <object_component_ref idref="oc-22f"/>
      </symbol>
      <symbol id="sm-85f">
         <name>NOROM_PRCMPowerDomainsAllOff</name>
         <value>0x7809</value>
         <object_component_ref idref="oc-2a6"/>
      </symbol>
      <symbol id="sm-860">
         <name>NOROM_PRCMPowerDomainsAllOn</name>
         <value>0x784d</value>
         <object_component_ref idref="oc-1a8"/>
      </symbol>
      <symbol id="sm-86c">
         <name>NOROM_ChipInfo_GetHwRevision</name>
         <value>0x6fdb</value>
         <object_component_ref idref="oc-99"/>
      </symbol>
      <symbol id="sm-86d">
         <name>NOROM_ThisLibraryIsFor_CC13x2_CC26x2_HwRev20AndLater_HaltIfViolated</name>
         <value>0x89ed</value>
         <object_component_ref idref="oc-76"/>
      </symbol>
      <symbol id="sm-875">
         <name>__TI_closefile</name>
         <value>0x5e55</value>
         <object_component_ref idref="oc-270"/>
      </symbol>
      <symbol id="sm-876">
         <name>fclose</name>
         <value>0x8b59</value>
         <object_component_ref idref="oc-1de"/>
      </symbol>
      <symbol id="sm-87d">
         <name>__TI_doflush</name>
         <value>0x76f7</value>
         <object_component_ref idref="oc-282"/>
      </symbol>
      <symbol id="sm-87e">
         <name>fflush</name>
         <value>0x5ec9</value>
         <object_component_ref idref="oc-203"/>
      </symbol>
      <symbol id="sm-88c">
         <name>__TI_cleanup</name>
         <value>0x84a9</value>
         <object_component_ref idref="oc-2dd"/>
      </symbol>
      <symbol id="sm-88d">
         <name>fopen</name>
         <value>0x55a9</value>
         <object_component_ref idref="oc-1dd"/>
      </symbol>
      <symbol id="sm-895">
         <name>fwrite</name>
         <value>0x1ee5</value>
         <object_component_ref idref="oc-202"/>
      </symbol>
      <symbol id="sm-899">
         <name>__TI_wrt_ok</name>
         <value>0x6973</value>
         <object_component_ref idref="oc-27f"/>
      </symbol>
      <symbol id="sm-89e">
         <name>setvbuf</name>
         <value>0x3ead</value>
         <object_component_ref idref="oc-2e5"/>
      </symbol>
      <symbol id="sm-8a3">
         <name>__aeabi_errno</name>
         <value>0x200006d4</value>
         <object_component_ref idref="oc-1fa"/>
      </symbol>
      <symbol id="sm-8a4">
         <name>__aeabi_errno_addr</name>
         <value>0x9ebd</value>
         <object_component_ref idref="oc-15e"/>
      </symbol>
      <symbol id="sm-8a7">
         <name>__TI_cleanup_ptr</name>
         <value>0x200006b0</value>
         <object_component_ref idref="oc-2dc"/>
      </symbol>
      <symbol id="sm-8a8">
         <name>__TI_dtors_ptr</name>
         <value>0x200006b4</value>
         <object_component_ref idref="oc-2dc"/>
      </symbol>
      <symbol id="sm-8b2">
         <name>_lock</name>
         <value>0x200006d8</value>
         <object_component_ref idref="oc-259"/>
      </symbol>
      <symbol id="sm-8b3">
         <name>_nop</name>
         <value>0x6323</value>
         <object_component_ref idref="oc-20d"/>
      </symbol>
      <symbol id="sm-8b4">
         <name>_register_lock</name>
         <value>0x9df5</value>
         <object_component_ref idref="oc-207"/>
      </symbol>
      <symbol id="sm-8b5">
         <name>_register_unlock</name>
         <value>0x9e01</value>
         <object_component_ref idref="oc-208"/>
      </symbol>
      <symbol id="sm-8b6">
         <name>_unlock</name>
         <value>0x200006dc</value>
         <object_component_ref idref="oc-25c"/>
      </symbol>
      <symbol id="sm-8bb">
         <name>_args_main</name>
         <value>0x9a09</value>
         <object_component_ref idref="oc-48"/>
      </symbol>
      <symbol id="sm-8be">
         <name>__TI_ft_end</name>
         <value>0x200006d0</value>
         <object_component_ref idref="oc-26f"/>
      </symbol>
      <symbol id="sm-8bf">
         <name>__TI_tmpnams</name>
         <value>0x200076f8</value>
      </symbol>
      <symbol id="sm-8c0">
         <name>_ftable</name>
         <value>0x2000024c</value>
         <object_component_ref idref="oc-26e"/>
      </symbol>
      <symbol id="sm-8c7">
         <name>__localtime64</name>
         <value>0x1bcd</value>
         <object_component_ref idref="oc-201"/>
      </symbol>
      <symbol id="sm-8d0">
         <name>__mktime64</name>
         <value>0x8f1</value>
         <object_component_ref idref="oc-27c"/>
      </symbol>
      <symbol id="sm-8d4">
         <name>rewind</name>
         <value>0x9edd</value>
         <object_component_ref idref="oc-204"/>
      </symbol>
      <symbol id="sm-8d6">
         <name>_tz</name>
         <value>0x200006a0</value>
         <object_component_ref idref="oc-27e"/>
      </symbol>
      <symbol id="sm-8db">
         <name>__TI_auto_init_nobinit_nopinit</name>
         <value>0x8139</value>
         <object_component_ref idref="oc-5d"/>
      </symbol>
      <symbol id="sm-8e0">
         <name>__TI_zero_init</name>
         <value>0x9c55</value>
         <object_component_ref idref="oc-45"/>
      </symbol>
      <symbol id="sm-8e4">
         <name>__TI_decompress_none</name>
         <value>0x9d1b</value>
         <object_component_ref idref="oc-2d"/>
      </symbol>
      <symbol id="sm-8e8">
         <name>__TI_decompress_lzss</name>
         <value>0x62b9</value>
         <object_component_ref idref="oc-2c"/>
      </symbol>
      <symbol id="sm-8f1">
         <name>fseek</name>
         <value>0x9fc1</value>
         <object_component_ref idref="oc-283"/>
      </symbol>
      <symbol id="sm-8f2">
         <name>fseeko</name>
         <value>0x638d</value>
         <object_component_ref idref="oc-2e7"/>
      </symbol>
      <symbol id="sm-8fe">
         <name>write</name>
         <value>0x8cb9</value>
         <object_component_ref idref="oc-280"/>
      </symbol>
      <symbol id="sm-900">
         <name>_device</name>
         <value>0x200003b8</value>
         <object_component_ref idref="oc-25b"/>
      </symbol>
      <symbol id="sm-901">
         <name>_stream</name>
         <value>0x20000568</value>
         <object_component_ref idref="oc-2e6"/>
      </symbol>
      <symbol id="sm-905">
         <name>remove</name>
         <value>0x9fd5</value>
         <object_component_ref idref="oc-2df"/>
      </symbol>
      <symbol id="sm-90c">
         <name>open</name>
         <value>0x4e79</value>
         <object_component_ref idref="oc-2db"/>
      </symbol>
      <symbol id="sm-911">
         <name>lseek</name>
         <value>0x8b85</value>
         <object_component_ref idref="oc-335"/>
      </symbol>
      <symbol id="sm-916">
         <name>close</name>
         <value>0x69d5</value>
         <object_component_ref idref="oc-2de"/>
      </symbol>
      <symbol id="sm-91d">
         <name>add_device</name>
         <value>0x3dd1</value>
         <object_component_ref idref="oc-1ce"/>
      </symbol>
      <symbol id="sm-922">
         <name>unlink</name>
         <value>0x8c8d</value>
         <object_component_ref idref="oc-334"/>
      </symbol>
      <symbol id="sm-927">
         <name>HOSTclose</name>
         <value>0x7db5</value>
         <object_component_ref idref="oc-2c5"/>
      </symbol>
      <symbol id="sm-92c">
         <name>HOSTlseek</name>
         <value>0x6d29</value>
         <object_component_ref idref="oc-2c8"/>
      </symbol>
      <symbol id="sm-931">
         <name>HOSTopen</name>
         <value>0x6d81</value>
         <object_component_ref idref="oc-2c4"/>
      </symbol>
      <symbol id="sm-932">
         <name>parmbuf</name>
         <value>0x20007bec</value>
      </symbol>
      <symbol id="sm-937">
         <name>HOSTread</name>
         <value>0x6ee1</value>
         <object_component_ref idref="oc-2c6"/>
      </symbol>
      <symbol id="sm-942">
         <name>HOSTrename</name>
         <value>0x652d</value>
         <object_component_ref idref="oc-2ca"/>
      </symbol>
      <symbol id="sm-947">
         <name>HOSTunlink</name>
         <value>0x77c5</value>
         <object_component_ref idref="oc-2c9"/>
      </symbol>
      <symbol id="sm-94c">
         <name>HOSTwrite</name>
         <value>0x6f35</value>
         <object_component_ref idref="oc-2c7"/>
      </symbol>
      <symbol id="sm-954">
         <name>C$$IO$$</name>
         <value>0x8507</value>
         <object_component_ref idref="oc-323"/>
      </symbol>
      <symbol id="sm-955">
         <name>__CIOBUF_</name>
         <value>0x20007400</value>
         <object_component_ref idref="oc-36f"/>
      </symbol>
      <symbol id="sm-956">
         <name>__TI_readmsg</name>
         <value>0x880d</value>
         <object_component_ref idref="oc-324"/>
      </symbol>
      <symbol id="sm-957">
         <name>__TI_writemsg</name>
         <value>0x84dd</value>
         <object_component_ref idref="oc-323"/>
      </symbol>
      <symbol id="sm-959">
         <name>__adddf3</name>
         <value>0x1543</value>
         <object_component_ref idref="oc-39b"/>
      </symbol>
      <symbol id="sm-95a">
         <name>__aeabi_dadd</name>
         <value>0x1543</value>
         <object_component_ref idref="oc-39b"/>
      </symbol>
      <symbol id="sm-95b">
         <name>__aeabi_dsub</name>
         <value>0x1539</value>
         <object_component_ref idref="oc-39b"/>
      </symbol>
      <symbol id="sm-95c">
         <name>__subdf3</name>
         <value>0x1539</value>
         <object_component_ref idref="oc-39b"/>
      </symbol>
      <symbol id="sm-95e">
         <name>__aeabi_dmul</name>
         <value>0x3749</value>
         <object_component_ref idref="oc-39c"/>
      </symbol>
      <symbol id="sm-95f">
         <name>__muldf3</name>
         <value>0x3749</value>
         <object_component_ref idref="oc-39c"/>
      </symbol>
      <symbol id="sm-961">
         <name>__aeabi_f2d</name>
         <value>0x8335</value>
         <object_component_ref idref="oc-15d"/>
      </symbol>
      <symbol id="sm-962">
         <name>__extendsfdf2</name>
         <value>0x8335</value>
         <object_component_ref idref="oc-15d"/>
      </symbol>
      <symbol id="sm-964">
         <name>__aeabi_d2iz</name>
         <value>0x7669</value>
         <object_component_ref idref="oc-399"/>
      </symbol>
      <symbol id="sm-965">
         <name>__fixdfsi</name>
         <value>0x7669</value>
         <object_component_ref idref="oc-399"/>
      </symbol>
      <symbol id="sm-967">
         <name>__aeabi_d2uiz</name>
         <value>0x7af5</value>
         <object_component_ref idref="oc-39d"/>
      </symbol>
      <symbol id="sm-968">
         <name>__fixunsdfsi</name>
         <value>0x7af5</value>
         <object_component_ref idref="oc-39d"/>
      </symbol>
      <symbol id="sm-96a">
         <name>__aeabi_i2d</name>
         <value>0x8a79</value>
         <object_component_ref idref="oc-39a"/>
      </symbol>
      <symbol id="sm-96b">
         <name>__floatsidf</name>
         <value>0x8a79</value>
         <object_component_ref idref="oc-39a"/>
      </symbol>
      <symbol id="sm-96d">
         <name>__aeabi_dcmpeq</name>
         <value>0x6911</value>
         <object_component_ref idref="oc-398"/>
      </symbol>
      <symbol id="sm-96e">
         <name>__aeabi_dcmpge</name>
         <value>0x694d</value>
         <object_component_ref idref="oc-398"/>
      </symbol>
      <symbol id="sm-96f">
         <name>__aeabi_dcmpgt</name>
         <value>0x6961</value>
         <object_component_ref idref="oc-398"/>
      </symbol>
      <symbol id="sm-970">
         <name>__aeabi_dcmple</name>
         <value>0x6939</value>
         <object_component_ref idref="oc-398"/>
      </symbol>
      <symbol id="sm-971">
         <name>__aeabi_dcmplt</name>
         <value>0x6925</value>
         <object_component_ref idref="oc-398"/>
      </symbol>
      <symbol id="sm-973">
         <name>__aeabi_ldivmod</name>
         <value>0x9a6d</value>
         <object_component_ref idref="oc-27b"/>
      </symbol>
      <symbol id="sm-975">
         <name>__aeabi_memcpy</name>
         <value>0x9fdd</value>
         <object_component_ref idref="oc-43"/>
      </symbol>
      <symbol id="sm-976">
         <name>__aeabi_memcpy4</name>
         <value>0x9fdd</value>
         <object_component_ref idref="oc-43"/>
      </symbol>
      <symbol id="sm-977">
         <name>__aeabi_memcpy8</name>
         <value>0x9fdd</value>
         <object_component_ref idref="oc-43"/>
      </symbol>
      <symbol id="sm-979">
         <name>__aeabi_memclr</name>
         <value>0x9a8d</value>
         <object_component_ref idref="oc-56"/>
      </symbol>
      <symbol id="sm-97a">
         <name>__aeabi_memclr4</name>
         <value>0x9a8d</value>
         <object_component_ref idref="oc-56"/>
      </symbol>
      <symbol id="sm-97b">
         <name>__aeabi_memclr8</name>
         <value>0x9a8d</value>
         <object_component_ref idref="oc-56"/>
      </symbol>
      <symbol id="sm-97c">
         <name>__aeabi_memset</name>
         <value>0x9a81</value>
         <object_component_ref idref="oc-56"/>
      </symbol>
      <symbol id="sm-97d">
         <name>__aeabi_memset4</name>
         <value>0x9a81</value>
         <object_component_ref idref="oc-56"/>
      </symbol>
      <symbol id="sm-97e">
         <name>__aeabi_memset8</name>
         <value>0x9a81</value>
         <object_component_ref idref="oc-56"/>
      </symbol>
      <symbol id="sm-980">
         <name>__aeabi_uldivmod</name>
         <value>0x9a95</value>
         <object_component_ref idref="oc-168"/>
      </symbol>
      <symbol id="sm-982">
         <name>__udivmoddi4</name>
         <value>0x4c6d</value>
         <object_component_ref idref="oc-1ff"/>
      </symbol>
      <symbol id="sm-988">
         <name>__cmpdf2</name>
         <value>0x58ad</value>
         <object_component_ref idref="oc-3a6"/>
      </symbol>
      <symbol id="sm-989">
         <name>__eqdf2</name>
         <value>0x58ad</value>
         <object_component_ref idref="oc-3a6"/>
      </symbol>
      <symbol id="sm-98a">
         <name>__gedf2</name>
         <value>0x5831</value>
         <object_component_ref idref="oc-3a7"/>
      </symbol>
      <symbol id="sm-98b">
         <name>__gtdf2</name>
         <value>0x5831</value>
         <object_component_ref idref="oc-3a7"/>
      </symbol>
      <symbol id="sm-98c">
         <name>__ledf2</name>
         <value>0x58ad</value>
         <object_component_ref idref="oc-3a6"/>
      </symbol>
      <symbol id="sm-98d">
         <name>__ltdf2</name>
         <value>0x58ad</value>
         <object_component_ref idref="oc-3a6"/>
      </symbol>
      <symbol id="sm-98e">
         <name>__nedf2</name>
         <value>0x58ad</value>
         <object_component_ref idref="oc-3a6"/>
      </symbol>
      <symbol id="sm-992">
         <name>__divmoddi4</name>
         <value>0x6c15</value>
         <object_component_ref idref="oc-2e2"/>
      </symbol>
      <symbol id="sm-996">
         <name>__aeabi_ldiv0</name>
         <value>0x572f</value>
         <object_component_ref idref="oc-27a"/>
      </symbol>
      <symbol id="sm-99e">
         <name>finddevice</name>
         <value>0x8545</value>
         <object_component_ref idref="oc-258"/>
      </symbol>
      <symbol id="sm-99f">
         <name>getdevice</name>
         <value>0x63f5</value>
         <object_component_ref idref="oc-332"/>
      </symbol>
      <symbol id="sm-9a2">
         <name>TI_memcpy_small</name>
         <value>0x9b03</value>
         <object_component_ref idref="oc-73"/>
      </symbol>
      <symbol id="sm-9a5">
         <name>TI_memset_small</name>
         <value>0x9d0d</value>
         <object_component_ref idref="oc-97"/>
      </symbol>
      <symbol id="sm-9a6">
         <name>__TI_static_base__</name>
         <value>0x0</value>
      </symbol>
      <symbol id="sm-9a9">
         <name>ITM_flush</name>
         <value>0x0</value>
      </symbol>
      <symbol id="sm-9aa">
         <name>ITM_restore</name>
         <value>0x0</value>
      </symbol>
      <symbol id="sm-9ab">
         <name>__mpu_init</name>
         <value>0x0</value>
      </symbol>
   </symbol_table>
   <title>Link successful</title>
</link_info>
