******************************************************************************
            TI ARM Clang Linker PC v1.3.0                      
******************************************************************************
>> Linked Wed Nov  9 11:35:14 2022

OUTPUT FILE NAME:   <_fatsd_CC1312R1_LAUNCHXL_tirtos7_ticlang.out>
ENTRY POINT SYMBOL: "ResetISR"  address: 00009f95


MEMORY CONFIGURATION

         name            origin    length      used     unused   attr    fill
----------------------  --------  ---------  --------  --------  ----  --------
  FLASH                 00000000   00058000  0000affe  0004d002  R  X
  GPRAM                 11000000   00002000  00000000  00002000  RW X
  SRAM                  20000000   00014000  00006f21  0000d0df  RW X
  LOG_DATA              90000000   00040000  00000000  00040000  R   


SEGMENT ALLOCATION MAP

run origin  load origin   length   init length attrs members
----------  ----------- ---------- ----------- ----- -------
00000000    00000000    0000adfe   0000adfe    r-x
  00000000    00000000    0000003c   0000003c    r-- .resetVecs
  0000003c    0000003c    00000004   00000004    r-- .rodata.1
  00000040    00000040    00009fa0   00009fa0    r-x .text
  00009fe0    00009fe0    00000e1e   00000e1e    r-- .rodata.2
0000ae00    0000ae00    00000008   00000008    rw-
  0000ae00    0000ae00    00000008   00000008    rw- .args
0000ae08    0000ae08    000001a0   000001a0    r--
  0000ae08    0000ae08    000001a0   000001a0    r-- .cinit
00057fa8    00057fa8    00000058   00000058    r--
  00057fa8    00057fa8    00000058   00000058    r-- .ccfg
200000d8    200000d8    00000615   00000000    rw-
  200000d8    200000d8    00000615   00000000    rw- .data
20001830    20001830    00000010   00000000    rw-
  20001830    20001830    00000010   00000000    rw- .TI.bound:dmaSpi0RxControlTableEntry
20001840    20001840    00000010   00000000    rw-
  20001840    20001840    00000010   00000000    rw- .TI.bound:dmaSpi0TxControlTableEntry
20001850    20001850    00000010   00000000    rw-
  20001850    20001850    00000010   00000000    rw- .TI.bound:dmaUart1RxControlTableEntry
20001860    20001860    00000010   00000000    rw-
  20001860    20001860    00000010   00000000    rw- .TI.bound:dmaUart1TxControlTableEntry
20001a30    20001a30    00000010   00000000    rw-
  20001a30    20001a30    00000010   00000000    rw- .TI.bound:dmaSpi0RxAltControlTableEntry
20001a40    20001a40    00000010   00000000    rw-
  20001a40    20001a40    00000010   00000000    rw- .TI.bound:dmaSpi0TxAltControlTableEntry
20001a50    20001a50    00004000   00000000    r--
  20001a50    20001a50    00004000   00000000    r-- .priheap
20005a50    20005a50    000021d4   00000000    rw-
  20005a50    20005a50    000021d4   00000000    rw- .bss
20013a00    20013a00    00000600   00000000    rw-
  20013a00    20013a00    00000600   00000000    rw- .stack


SECTION ALLOCATION MAP

 output                                  attributes/
section   page    origin      length       input sections
--------  ----  ----------  ----------   ----------------
.binit     0    00000000    00000000     

.cinit     0    0000ae08    000001a0     
                  0000ae08    00000116     (.cinit..data.load) [load image, compression = lzss]
                  0000af1e    00000002     --HOLE-- [fill = 0]
                  0000af20    0000000c     (__TI_handler_table)
                  0000af2c    00000004     --HOLE-- [fill = 0]
                  0000af30    00000008     (.cinit..TI.bound:dmaSpi0RxAltControlTableEntry.load) [load image, compression = zero_init]
                  0000af38    00000008     (.cinit..TI.bound:dmaSpi0RxControlTableEntry.load) [load image, compression = zero_init]
                  0000af40    00000008     (.cinit..TI.bound:dmaSpi0TxAltControlTableEntry.load) [load image, compression = zero_init]
                  0000af48    00000008     (.cinit..TI.bound:dmaSpi0TxControlTableEntry.load) [load image, compression = zero_init]
                  0000af50    00000008     (.cinit..TI.bound:dmaUart1RxControlTableEntry.load) [load image, compression = zero_init]
                  0000af58    00000008     (.cinit..TI.bound:dmaUart1TxControlTableEntry.load) [load image, compression = zero_init]
                  0000af60    00000008     (.cinit..bss.load) [load image, compression = zero_init]
                  0000af68    00000040     (__TI_cinit_table)

.init_array 
*          0    00000000    00000000     UNINITIALIZED

.ccfg      0    00057fa8    00000058     
                  00057fa8    00000058     ti_devices_config.o (.ccfg)

.data      0    200000d8    00000615     UNINITIALIZED
                  200000d8    00000174     drivers_cc13x2.a : PowerCC26X2.c.obj (.data.PowerCC26X2_module)
                  2000024c    000000f0     libc.a : defs.c.obj (.data._ftable)
                  2000033c    0000007c     ti_drivers_config.o (.data.gpioPinConfigs)
                  200003b8    00000078     libsysbm.a : host_device.c.obj (.data._device)
                  20000430    00000068     ti_sysbios_config.o (.data..L_MergedGlobals.70)
                  20000498    00000068     ti_sysbios_config.o (.data..L_MergedGlobals)
                  20000500    00000068     ti_sysbios_config.o (.data.ti_sysbios_knl_Clock_Module_state)
                  20000568    00000050     libsysbm.a : host_device.c.obj (.data._stream)
                  200005b8    00000050     fatfs.a : diskio.c.obj (.data.drive_fxn_table)
                  20000608    0000003c     ti_sysbios_config.o (.data.ti_sysbios_knl_Task_Module_state)
                  20000644    00000024     libc.a : localtim64.c.obj (.data.local_tm)
                  20000668    00000014     fatfs.a : ff.c.obj (.data..L_MergedGlobals)
                  2000067c    00000014     ti_sysbios_config.o (.data.defaultPthreadAttrs)
                  20000690    00000010     driverlib.lib : osc.o (.data._hposcCoeffs)
                  200006a0    00000010     libc.a : tmzone.c.obj (.data._tz)
                  200006b0    00000008            : exit.c.obj (.data..L_MergedGlobals)
                  200006b8    00000008     ti_sysbios_config.o (.data.ti_sysbios_gates_GateMutex_Module_state)
                  200006c0    00000008     ti_sysbios_config.o (.data.ti_sysbios_heaps_HeapMem_Module_state)
                  200006c8    00000008     ti_sysbios_config.o (.data.ti_sysbios_knl_Semaphore_Module_state)
                  200006d0    00000004     libc.a : defs.c.obj (.data.__TI_ft_end)
                  200006d4    00000004            : aeabi_portable.c.obj (.data.__aeabi_errno)
                  200006d8    00000004            : _lock.c.obj (.data._lock)
                  200006dc    00000004            : _lock.c.obj (.data._unlock)
                  200006e0    00000001            : fopen.c.obj (.data._search_fp.init)
                  200006e1    00000001     drivers_cc13x2.a : GPIOCC26X2.c.obj (.data.initCalled)
                  200006e2    00000001                      : SD.c.obj (.data.isInitialized)
                  200006e3    00000001                      : SDFatFS.c.obj (.data.isInitialized)
                  200006e4    00000001     libsysbm.a : add_device.c.obj (.data.add_device.device_init)
                  200006e5    00000001     drivers_cc13x2.a : SPI.c.obj (.data.isInitialized)
                  200006e6    00000002     --HOLE--
                  200006e8    00000001     fatfs.a : ffcio.c.obj (.data.init)
                  200006e9    00000003     --HOLE--
                  200006ec    00000001     libsysbm.a : open.c.obj (.data.open.stream_init)

.bss       0    20005a50    000021d4     UNINITIALIZED
                  20005a50    00001000     (.common:data_to_write)
                  20006a50    00000400     ti_drivers_config.o (.bss.displayUART2Buffer)
                  20006e50    00000240     (.common:sdfatfsObjects)
                  20007090    00000200     (.common:ti_sysbios_knl_Idle_taskStack)
                  20007290    00000170     (.common:uart2CC26X2Objects)
                  20007400    00000120     libsysbm.a : trgmsg.c.obj (.bss:_CIOBUF_)
                  20007520    00000100     (.common:spiCC26X2DMAObjects)
                  20007620    000000d8     (.common:ti_sysbios_family_arm_m3_Hwi_dispatchTable)
                  200076f8    000000a0     (.common:__TI_tmpnams)
                  20007798    00000088     fat_sd_tirtos.o (.bss.microsd)
                  20007820    0000007c     (.common:gpioCallbackFunctions)
                  2000789c    0000007c     (.common:gpioUserArgs)
                  20007918    00000060     (.common:ti_sysbios_knl_ClockSupport_timerStruct)
                  20007978    00000058     (.common:ti_sysbios_knl_Idle_taskStruct)
                  200079d0    00000030     (.common:ti_sysbios_knl_Swi_readyQs)
                  20007a00    00000030     (.common:ti_sysbios_knl_Task_readyQs)
                  20007a30    0000002c     (.common:BIOS_heapMemObject)
                  20007a5c    00000028     fatfs.a : ffcio.c.obj (.bss.filTable)
                  20007a84    00000028     (.common:BIOS_rtsGate)
                  20007aac    00000028     (.common:ti_sysbios_heaps_HeapMem_gate)
                  20007ad4    00000024     ti_sysbios_config.o (.bss.clockStruct)
                  20007af8    00000020     ti_drivers_config.o (.bss.uart2RxRingBuffer0)
                  20007b18    00000020     ti_drivers_config.o (.bss.uart2TxRingBuffer0)
                  20007b38    00000020     (.common:ti_sysbios_runtime_System_atexitHandlers)
                  20007b58    00000020     (.common:udmaCC26XXObject)
                  20007b78    0000001c     drivers_cc13x2.a : GPIOCC26X2.c.obj (.bss.gpioHwi)
                  20007b94    0000001c     ti_sysbios_config.o (.bss.sem)
                  20007bb0    00000014     (.common:ti_sysbios_hal_Seconds_Module_state)
                  20007bc4    00000010     drivers_cc13x2.a : SDFatFS.c.obj (.bss.sdFatFSHandles)
                  20007bd4    0000000c     (.common:displayUart2Object)
                  20007be0    0000000c     (.common:sdspiObjects)
                  20007bec    00000008     (.common:parmbuf)
                  20007bf4    00000004     fat_sd_tirtos.o (.bss.display)
                  20007bf8    00000004     driverlib.lib : osc.o (.bss.oscHfGlobals.0)
                  20007bfc    00000004                   : osc.o (.bss.oscHfGlobals.2)
                  20007c00    00000004                   : osc.o (.bss.oscHfGlobals.3)
                  20007c04    00000004                   : osc.o (.bss.oscHfGlobals.4)
                  20007c08    00000004     (.common:PowerCC26XX_swiKey)
                  20007c0c    00000004     (.common:PowerCC26XX_taskKey)
                  20007c10    00000004     (.common:clocktick_delta)
                  20007c14    00000004     (.common:clocktick_end)
                  20007c18    00000004     (.common:clocktick_start)
                  20007c1c    00000004     (.common:ti_sysbios_family_arm_cc26xx_TimestampProvider_Module_state)
                  20007c20    00000004     (.common:ti_sysbios_knl_Task_defaultStackHeap)

.stack     0    20013a00    00000600     UNINITIALIZED
                  20013a00    00000004     sysbios.a : boot_cortex_m.obj (.stack)
                  20013a04    000005fc     --HOLE--

.priheap   0    20001a50    00004000     UNINITIALIZED
                  20001a50    00004000     --HOLE--

.log_data 
*          0    90000000    00000000     COPY SECTION

.resetVecs 
*          0    00000000    0000003c     
                  00000000    0000003c     ti_sysbios_config.o (.resetVecs)

.vecs      0    20000000    000000d8     NOLOAD SECTION
                  20000000    000000d8     ti_sysbios_config.o (.vecs)

.rodata.1 
*          0    0000003c    00000004     
                  0000003c    00000004     ti_drivers_config.o (.rodata.SDFatFS_config)

.text      0    00000040    00009fa0     
                  00000040    00000330     ti_sysbios_config.o (.text.ti_sysbios_runtime_System_doPrint)
                  00000370    000002c8     drivers_cc13x2.a : SPICC26X2DMA.c.obj (.text.SPICC26X2DMA_transfer)
                  00000638    000002b8     fat_sd_tirtos.o (.text.mainThread)
                  000008f0    00000280     libc.a : mktime64.c.obj (.text.__mktime64)
                  00000b70    00000268     fatfs.a : ff.c.obj (.text.find_volume)
                  00000dd8    000001f0     drivers_cc13x2.a : UART2CC26X2.c.obj (.text.UART2CC26X2_hwiIntFxn)
                  00000fc8    000001ea     fatfs.a : ff.c.obj (.text.f_open)
                  000011b2    00000002     ti_sysbios_config.o (.text.BIOS_nullFunc)
                  000011b4    000001cc     drivers_cc13x2.a : SDSPI.c.obj (.text.SDSPI_initialize)
                  00001380    000001b8     fatfs.a : ff.c.obj (.text.follow_path)
                  00001538    000001b6     libclang_rt.builtins.a : adddf3.S.obj (.text)
                  000016ee    000001ae     drivers_cc13x2.a : SPICC26X2DMA.c.obj (.text.SPICC26X2DMA_hwiFxn)
                  0000189c    0000019c     fatfs.a : ff.c.obj (.text.f_write)
                  00001a38    00000194     drivers_cc13x2.a : PowerCC26X2_calibrateRCOSC.c.obj (.text.PowerCC26X2_auxISR)
                  00001bcc    00000190     libc.a : localtim64.c.obj (.text.__localtime64)
                  00001d5c    00000188     drivers_cc13x2.a : SPICC26X2DMA.c.obj (.text.SPICC26X2DMA_open)
                  00001ee4    00000184     libc.a : fwrite.c.obj (.text.fwrite)
                  00002068    0000017c     drivers_cc13x2.a : UART2CC26X2.c.obj (.text.UART2_open)
                  000021e4    00000174                      : UART2.c.obj (.text.UART2_writeTimeoutBlocking)
                  00002358    00000172     fatfs.a : ff.c.obj (.text.f_read)
                  000024ca    00000164             : ff.c.obj (.text.f_lseek)
                  0000262e    00000002     ti_drivers_config.o (.text.Board_initHook)
                  00002630    00000160     drivers_cc13x2.a : SPICC26X2DMA.c.obj (.text.configNextTransfer)
                  00002790    00000158                      : PowerCC26X2.c.obj (.text.Power_sleep)
                  000028e8    00000144     ti_sysbios_config.o (.text.ti_sysbios_runtime_System_printfExtend)
                  00002a2c    00000132     fatfs.a : ff.c.obj (.text.f_mkdir)
                  00002b5e    00000122     drivers_cc13x2.a : SPICC26X2DMA.c.obj (.text.SPICC26X2DMA_transferCancel)
                  00002c80    00000120     libc.a : fopen.c.obj (.text._openfile)
                  00002da0    00000120     ti_sysbios_config.o (.text.ti_sysbios_family_arm_cc26xx_Timer_construct)
                  00002ec0    0000011c     sysbios.a : Hwi_asm_gnu.obj (.text.ti_sysbios_family_arm_m3_Hwi_dispatch)
                  00002fdc    0000011a     drivers_cc13x2.a : UART2.c.obj (.text.UART2_writeTimeoutNonblocking)
                  000030f6    00000002     display_cc13x2.a : DisplayUart2.c.obj (.text.DisplayUart2Min_clear)
                  000030f8    00000118     drivers_cc13x2.a : PowerCC26X2.c.obj (.text.Power_init)
                  00003210    00000116     fatfs.a : ff.c.obj (.text.f_rename)
                  00003326    00000002     display_cc13x2.a : DisplayUart2.c.obj (.text.DisplayUart2Min_clearLines)
                  00003328    0000010c     drivers_cc13x2.a : PowerCC26X2_calibrateRCOSC.c.obj (.text.PowerCC26X2_calibrate)
                  00003434    0000010c     fatfs.a : ff.c.obj (.text.create_chain)
                  00003540    00000104     drivers_cc13x2.a : GPIOCC26X2.c.obj (.text.GPIO_init)
                  00003644    00000104                      : UART2CC26X2.c.obj (.text.UART2CC26X2_initHw)
                  00003748    000000fc     libclang_rt.builtins.a : muldf3.S.obj (.text)
                  00003844    000000f4     driverlib.lib : sys_ctrl.o (.text.NOROM_SysCtrlStandby)
                  00003938    000000f4     fatfs.a : ff.c.obj (.text.put_fat)
                  00003a2c    000000f0     drivers_cc13x2.a : UART2CC26X2.c.obj (.text.UART2Support_dmaStartRx)
                  00003b1c    000000ec                      : SDSPI.c.obj (.text.SDSPI_write)
                  00003c08    000000e4     driverlib.lib : setup.o (.text.NOROM_SetupTrimDevice)
                  00003cec    000000e4     ti_sysbios_config.o (.text.ti_sysbios_knl_Semaphore_pend)
                  00003dd0    000000dc     libsysbm.a : add_device.c.obj (.text.add_device)
                  00003eac    000000dc     libc.a : setvbuf.c.obj (.text.setvbuf)
                  00003f88    000000d8     drivers_cc13x2.a : SPICC26X2DMA.c.obj (.text.SPICC26X2DMA_control)
                  00004060    000000d8     ti_sysbios_config.o (.text.pthread_create)
                  00004138    000000d8     ti_sysbios_config.o (.text.ti_sysbios_family_arm_m3_Hwi_excFillContext)
                  00004210    000000d0     drivers_cc13x2.a : PowerCC26X2.c.obj (.text.configureXOSCHF)
                  000042e0    000000d0     fatfs.a : ff.c.obj (.text.dir_next)
                  000043b0    000000cc     ti_sysbios_config.o (.text.ti_sysbios_knl_Clock_workFuncDynamic)
                  0000447c    000000c8     ti_sysbios_config.o (.text.clock_gettime)
                  00004544    000000c4     driverlib.lib : setup.o (.text.TrimAfterColdResetWakeupFromShutDown)
                  00004608    000000c0     drivers_cc13x2.a : SDFatFS.c.obj (.text.SDFatFS_open)
                  000046c8    000000bc                      : UART2CC26X2.c.obj (.text.UART2Support_dmaStartTx)
                  00004784    000000b8     ti_sysbios_config.o (.text.ti_sysbios_knl_Task_Instance_finalize)
                  0000483c    000000b4     driverlib.lib : osc.o (.text.NOROM_OSCHF_AttemptToSwitchToXosc)
                  000048f0    000000b4     ti_sysbios_config.o (.text.PowerCC26XX_standbyPolicy)
                  000049a4    000000b4     drivers_cc13x2.a : PowerCC26X2.c.obj (.text.Power_releaseDependency)
                  00004a58    000000b4     ti_sysbios_config.o (.text.ti_sysbios_knl_Task_setPri)
                  00004b0c    000000b0     drivers_cc13x2.a : PowerCC26X2.c.obj (.text.Power_setDependency)
                  00004bbc    000000b0                      : SDSPI.c.obj (.text.SDSPI_getNumSectors)
                  00004c6c    000000b0     libclang_rt.builtins.a : udivmoddi4.S.obj (.text)
                  00004d1c    000000ae     drivers_cc13x2.a : SDSPI.c.obj (.text.SDSPI_read)
                  00004dca    000000ac     fatfs.a : ff.c.obj (.text.f_unlink)
                  00004e76    00000002     display_cc13x2.a : DisplayUart2.c.obj (.text.DisplayUart2Min_init)
                  00004e78    000000ac     libsysbm.a : open.c.obj (.text.open)
                  00004f24    000000a4     ti_sysbios_config.o (.text.ti_sysbios_knl_Task_Instance_init)
                  00004fc8    000000a2     fatfs.a : ff.c.obj (.text.get_fat)
                  0000506a    000000a2     drivers_cc13x2.a : SDSPI.c.obj (.text.sendCmd)
                  0000510c    0000009c     fatfs.a : ff.c.obj (.text.f_sync)
                  000051a8    0000009a     drivers_cc13x2.a : UART2.c.obj (.text.UART2_writeCancel)
                  00005242    00000002                      : UART2CC26X2.c.obj (.text.UART2CC26X2_eventCallback)
                  00005244    00000098                      : UART2CC26X2.c.obj (.text.UART2_close)
                  000052dc    00000094     ti_sysbios_config.o (.text.ti_sysbios_knl_Clock_startI)
                  00005370    00000094     ti_sysbios_config.o (.text.ti_sysbios_knl_Task_sleep)
                  00005404    0000008c     drivers_cc13x2.a : GPIOCC26XX.c.obj (.text.GPIO_setConfig)
                  00005490    0000008c     fatfs.a : ffcio.c.obj (.text.ffcio_open)
                  0000551c    0000008c     ti_sysbios_config.o (.text.ti_sysbios_knl_Clock_init)
                  000055a8    00000084     libc.a : fopen.c.obj (.text.fopen)
                  0000562c    00000082     drivers_cc13x2.a : SDSPI.c.obj (.text.transmitDataBlock)
                  000056ae    00000080     driverlib.lib : sys_ctrl.o (.text.NOROM_SysCtrlSetRechargeBeforePowerDown)
                  0000572e    00000002     libclang_rt.builtins.a : aeabi_div0.c.obj (.text.__aeabi_ldiv0)
                  00005730    00000080     drivers_cc13x2.a : UART2CC26X2.c.obj (.text.UART2Support_dmaStopTx)
                  000057b0    00000080     ti_sysbios_config.o (.text.ti_sysbios_family_arm_m3_Hwi_initNVIC)
                  00005830    0000007c     libclang_rt.builtins.a : comparedf2.c.obj (.text.__gedf2)
                  000058ac    0000007c                            : comparedf2.c.obj (.text.__ledf2)
                  00005928    0000007c     drivers_cc13x2.a : SDSPI.c.obj (.text.recvDataBlock)
                  000059a4    0000007c     fatfs.a : ff.c.obj (.text.sync_fs)
                  00005a20    0000007c     ti_sysbios_config.o (.text.ti_sysbios_family_arm_m3_Hwi_postInit)
                  00005a9c    00000078     driverlib.lib : osc.o (.text.NOROM_OSCHF_SwitchToRcOscTurnOffXosc)
                  00005b14    00000078                   : osc.o (.text.NOROM_OSC_CapArrayAdjustWorkaround_Boot)
                  00005b8c    00000078     drivers_cc13x2.a : SPICC26X2DMA.c.obj (.text.SPICC26X2DMA_close)
                  00005c04    00000078     ti_sysbios_config.o (.text._pthread_removeThreadKeys)
                  00005c7c    00000078     fatfs.a : ff.c.obj (.text.f_mount)
                  00005cf4    00000078     ti_sysbios_config.o (.text.ti_sysbios_knl_Task_postInit)
                  00005d6c    00000074     drivers_cc13x2.a : PowerCC26X2_calibrateRCOSC_helpers.c.obj (.text.PowerCC26X2_updateSubSecInc)
                  00005de0    00000074                      : SDSPI.c.obj (.text.SDSPI_open)
                  00005e54    00000074     libc.a : fclose.c.obj (.text.__TI_closefile)
                  00005ec8    00000074            : fflush.c.obj (.text.fflush)
                  00005f3c    00000074     ti_sysbios_config.o (.text.ti_sysbios_knl_Swi_restoreHwi)
                  00005fb0    00000070     main_tirtos.o (.text.main)
                  00006020    00000070     fatfs.a : ff.c.obj (.text.remove_chain)
                  00006090    00000070     ti_sysbios_config.o (.text.ti_sysbios_family_arm_m3_Hwi_Instance_init)
                  00006100    00000070     ti_sysbios_config.o (.text.ti_sysbios_knl_Task_startup)
                  00006170    00000070     ti_sysbios_config.o (.text.ti_sysbios_runtime_System_formatNum)
                  000061e0    0000006c     ti_sysbios_config.o (.text.ti_sysbios_family_arm_m3_Hwi_dispatchC)
                  0000624c    0000006c     ti_sysbios_config.o (.text.ti_sysbios_hal_Seconds_getTime)
                  000062b8    0000006a     libc.a : copy_decompress_lzss.c.obj (.text:decompress:lzss)
                  00006322    00000002            : _lock.c.obj (.text._nop)
                  00006324    00000068     drivers_cc13x2.a : UART2CC26X2.c.obj (.text.UART2Support_dmaStopRx)
                  0000638c    00000068     libc.a : fseek.c.obj (.text.fseeko)
                  000063f4    00000068            : getdevice.c.obj (.text.getdevice)
                  0000645c    00000068     micro_sd_fat.o (.text.microsd_init)
                  000064c4    00000068     ti_sysbios_config.o (.text.ti_sysbios_knl_Swi_run)
                  0000652c    00000064     libsysbm.a : hostrename.c.obj (.text.HOSTrename)
                  00006590    00000064     drivers_cc13x2.a : PowerCC26X2_calibrateRCOSC.c.obj (.text.PowerCC26X2_initiateCalibration)
                  000065f4    00000064                      : UDMACC26XX.c.obj (.text.UDMACC26XX_open)
                  00006658    00000064     fatfs.a : ff.c.obj (.text.check_fs)
                  000066bc    00000064     drivers_cc13x2.a : PowerCC26X2.c.obj (.text.oscillatorISR)
                  00006720    00000064     ti_sysbios_config.o (.text.ti_sysbios_knl_Idle_init)
                  00006784    00000064     ti_sysbios_config.o (.text.ti_sysbios_knl_TaskSupport_buildTaskStack)
                  000067e8    00000062     fatfs.a : ff.c.obj (.text.dir_read)
                  0000684a    00000062             : ff.c.obj (.text.dir_sdi)
                  000068ac    00000062     ti_sysbios_config.o (.text.ti_sysbios_heaps_HeapMem_allocUnprotected)
                  0000690e    00000002     drivers_cc13x2.a : PowerCC26X2.c.obj (.text.emptyClockFunc)
                  00006910    00000062     libclang_rt.builtins.a : aeabi_dcmp.S.obj (.text)
                  00006972    00000060     libc.a : _io_perm.c.obj (.text.__TI_wrt_ok)
                  000069d2    00000002     ti_sysbios_config.o (.text.ti_sysbios_runtime_System_exitSpin)
                  000069d4    00000060     libsysbm.a : close.c.obj (.text.close)
                  00006a34    00000060     drivers_cc13x2.a : SPICC26X2DMA.c.obj (.text.csnCallback)
                  00006a94    00000060     micro_sd_fat.o (.text.microsd_set_mount)
                  00006af4    00000060     ti_sysbios_config.o (.text.ti_sysbios_knl_Clock_walkQueueDynamic)
                  00006b54    00000060     ti_sysbios_config.o (.text.ti_sysbios_knl_Semaphore_post)
                  00006bb4    00000060     ti_sysbios_config.o (.text.ti_sysbios_knl_Swi_schedule)
                  00006c14    0000005c     libclang_rt.builtins.a : divmoddi4.c.obj (.text.__divmoddi4)
                  00006c70    0000005c     fatfs.a : ff.c.obj (.text.dir_register)
                  00006ccc    0000005c     ti_sysbios_config.o (.text.pthread_exit)
                  00006d28    00000058     libsysbm.a : hostlseek.c.obj (.text.HOSTlseek)
                  00006d80    00000058                : hostopen.c.obj (.text.HOSTopen)
                  00006dd8    00000058     sysbios.a : Hwi_asm_switch_gnu.obj (.text.ti_sysbios_family_arm_m3_Hwi_initStacks)
                  00006e30    00000058     drivers_cc13x2.a : SDSPI.c.obj (.text.waitUntilReady)
                  00006e88    00000056                      : UART2.c.obj (.text.UART2_readCancel)
                  00006ede    00000002     --HOLE-- [fill = 0]
                  00006ee0    00000054     libsysbm.a : hostread.c.obj (.text.HOSTread)
                  00006f34    00000054                : hostwrite.c.obj (.text.HOSTwrite)
                  00006f88    00000052     display_cc13x2.a : DisplayUart2.c.obj (.text.DisplayUart2Min_vprintf)
                  00006fda    00000052     driverlib.lib : chipinfo.o (.text.NOROM_ChipInfo_GetHwRevision)
                  0000702c    00000050     ti_drivers_config.o (.text.Board_shutDownExtFlash)
                  0000707c    00000050     display_cc13x2.a : Display.c.obj (.text.Display_doOpen)
                  000070cc    00000050     ti_sysbios_config.o (.text.ti_sysbios_hal_Seconds_setTime)
                  0000711c    00000050     ti_sysbios_config.o (.text.ti_sysbios_knl_Swi_post)
                  0000716c    00000050     ti_sysbios_config.o (.text.ti_sysbios_knl_Swi_runLoop)
                  000071bc    0000004e     ti_drivers_config.o (.text.Board_sendExtFlashByte)
                  0000720a    0000004e     fatfs.a : ff.c.obj (.text.dir_clear)
                  00007258    0000004e     ti_sysbios_config.o (.text.ti_sysbios_heaps_HeapMem_freeUnprotected)
                  000072a6    0000004e     fatfs.a : ff.c.obj (.text.validate)
                  000072f4    0000004c     ti_sysbios_config.o (.text.BIOS_startFunc)
                  00007340    0000004c     driverlib.lib : osc.o (.text.NOROM_OSC_HPOSCRelativeFrequencyOffsetGet)
                  0000738c    0000004c     drivers_cc13x2.a : SPICC26X2DMA.c.obj (.text.initHw)
                  000073d8    0000004c                      : PowerCC26X2.c.obj (.text.switchXOSCHF)
                  00007424    0000004c     ti_sysbios_config.o (.text.ti_sysbios_knl_Swi_Instance_init)
                  00007470    00000048     ti_sysbios_config.o (.text.BIOS_init)
                  000074b8    00000048     driverlib.lib : aux_sysif.o (.text.NOROM_AUXSYSIFOpModeChange)
                  00007500    00000048     ti_sysbios_config.o (.text.ti_sysbios_family_arm_cc26xx_Timer_start)
                  00007548    00000048     ti_sysbios_config.o (.text.ti_sysbios_heaps_HeapMem_Instance_init)
                  00007590    00000048     ti_sysbios_config.o (.text.ti_sysbios_heaps_HeapMem_alloc)
                  000075d8    00000048     ti_sysbios_config.o (.text.ti_sysbios_knl_Task_schedule)
                  00007620    00000048     ti_sysbios_config.o (.text.ti_sysbios_runtime_Startup_exec)
                  00007668    00000048     libclang_rt.builtins.a : fixdfsi.S.obj (.text)
                  000076b0    00000046     drivers_cc13x2.a : RingBuf.c.obj (.text.RingBuf_put)
                  000076f6    00000046     libc.a : fflush.c.obj (.text.__TI_doflush)
                  0000773c    00000044     ti_sysbios_config.o (.text.BIOS_atExitFunc)
                  00007780    00000044     drivers_cc13x2.a : GPIOCC26X2.c.obj (.text.GPIO_hwiIntFxn)
                  000077c4    00000044     libsysbm.a : hostunlink.c.obj (.text.HOSTunlink)
                  00007808    00000044     driverlib.lib : prcm.o (.text.NOROM_PRCMPowerDomainsAllOff)
                  0000784c    00000044                   : prcm.o (.text.NOROM_PRCMPowerDomainsAllOn)
                  00007890    00000044     drivers_cc13x2.a : SDFatFS.c.obj (.text.SDFatFS_init)
                  000078d4    00000044                      : SD.c.obj (.text.SD_init)
                  00007918    00000044                      : SPI.c.obj (.text.SPI_init)
                  0000795c    00000044     fatfs.a : ff.c.obj (.text.sync_window)
                  000079a0    00000044     ti_sysbios_config.o (.text.ti_sysbios_family_arm_m3_Hwi_Instance_finalize)
                  000079e4    00000044     ti_sysbios_config.o (.text.ti_sysbios_family_arm_m3_Hwi_construct2)
                  00007a28    00000044     ti_sysbios_config.o (.text.ti_sysbios_family_arm_m3_Hwi_disableInterrupt)
                  00007a6c    00000044     ti_sysbios_config.o (.text.ti_sysbios_family_arm_m3_Hwi_enableInterrupt)
                  00007ab0    00000044     ti_sysbios_config.o (.text.ti_sysbios_knl_Swi_restore)
                  00007af4    00000044     libclang_rt.builtins.a : fixunsdfsi.S.obj (.text)
                  00007b38    00000042     fatfs.a : ff.c.obj (.text.get_ldnumber)
                  00007b7a    00000002     --HOLE-- [fill = 0]
                  00007b7c    00000040     drivers_cc13x2.a : PowerCC26X2_calibrateRCOSC.c.obj (.text.PowerCC26X2_RCOSC_clockFunc)
                  00007bbc    00000040                      : PowerCC26X2_calibrateRCOSC_helpers.c.obj (.text.PowerCC26X2_setAclkRefSrc)
                  00007bfc    00000040                      : SD.c.obj (.text.SD_open)
                  00007c3c    00000040                      : SPI.c.obj (.text.SPI_open)
                  00007c7c    00000040     ti_sysbios_config.o (.text.ti_sysbios_heaps_HeapMem_getStats)
                  00007cbc    00000040     ti_sysbios_config.o (.text.ti_sysbios_knl_Clock_getTicksUntilInterrupt)
                  00007cfc    00000040     ti_sysbios_config.o (.text.ti_sysbios_knl_Task_exit)
                  00007d3c    0000003c     display_cc13x2.a : DisplayUart2.c.obj (.text.DisplayUart2Min_open)
                  00007d78    0000003c     drivers_cc13x2.a : GPIO.c.obj (.text.GPIO_resetConfig)
                  00007db4    0000003c     libsysbm.a : hostclose.c.obj (.text.HOSTclose)
                  00007df0    0000003c     ti_sysbios_config.o (.text.HwiP_construct)
                  00007e2c    0000003c     driverlib.lib : sys_ctrl.o (.text.NOROM_SysCtrlIdle)
                  00007e68    0000003c     drivers_cc13x2.a : PowerCC26X2_calibrateRCOSC_helpers.c.obj (.text.PowerCC26X2_setTdcClkSrc24M)
                  00007ea4    0000003c                      : SDFatFS.c.obj (.text.SDFatFS_diskIOctrl)
                  00007ee0    0000003c     fatfs.a : ffcio.c.obj (.text.ffcio_lseek)
                  00007f1c    0000003c     micro_sd_fat.o (.text.microsd_update_file_all)
                  00007f58    0000003c     ti_sysbios_config.o (.text.ti_sysbios_family_arm_cc26xx_Timer_periodicStub)
                  00007f94    0000003c     ti_sysbios_config.o (.text.ti_sysbios_family_arm_cc26xx_Timer_setThreshold)
                  00007fd0    0000003c     ti_sysbios_config.o (.text.ti_sysbios_heaps_HeapMem_construct)
                  0000800c    0000003c     ti_sysbios_config.o (.text.ti_sysbios_knl_ClockSupport_init)
                  00008048    0000003c     ti_sysbios_config.o (.text.ti_sysbios_knl_Task_blockI)
                  00008084    0000003c     ti_sysbios_config.o (.text.ti_sysbios_knl_Task_create)
                  000080c0    0000003c     ti_sysbios_config.o (.text.ti_sysbios_knl_Task_restore)
                  000080fc    0000003c     ti_sysbios_config.o (.text.ti_sysbios_runtime_Memory_alloc)
                  00008138    0000003c     libc.a : autoinit.c.obj (.text:__TI_auto_init_nobinit_nopinit)
                  00008174    00000038     ti_sysbios_config.o (.text.MemAlloc_alloc)
                  000081ac    00000038     drivers_cc13x2.a : PowerCC26X2_helpers.c.obj (.text.PowerCC26X2_oscDisableQualifiers)
                  000081e4    00000038                      : RingBuf.c.obj (.text.RingBuf_putAdvance)
                  0000821c    00000038     ti_sysbios_config.o (.text.SemaphoreP_create)
                  00008254    00000038     drivers_cc13x2.a : UDMACC26XX.c.obj (.text.UDMACC26XX_close)
                  0000828c    00000038     ti_sysbios_config.o (.text.getTime)
                  000082c4    00000038     fatfs.a : ff.c.obj (.text.move_window)
                  000082fc    00000038     ti_sysbios_config.o (.text.ti_sysbios_knl_Task_processVitalTaskFlag)
                  00008334    00000038     libclang_rt.builtins.a : extendsfdf2.S.obj (.text)
                  0000836c    00000036     micro_sd_fat.o (.text.fatfs_getFatTime)
                  000083a2    00000002     --HOLE-- [fill = 0]
                  000083a4    00000034     drivers_cc13x2.a : PowerCC26X2.c.obj (.text.Power_releaseConstraint)
                  000083d8    00000034                      : SDFatFS.c.obj (.text.SDFatFS_close)
                  0000840c    00000034     ti_sysbios_config.o (.text.SwiP_construct)
                  00008440    00000034     drivers_cc13x2.a : UART2CC26X2.c.obj (.text.UART2Support_sendData)
                  00008474    00000034                      : UART2.c.obj (.text.UART2_rxDisable)
                  000084a8    00000034     libc.a : fopen.c.obj (.text.__TI_cleanup)
                  000084dc    00000034     libsysbm.a : trgmsg.c.obj (.text.__TI_writemsg)
                  00008510    00000034     ti_sysbios_config.o (.text._pthread_cleanupFxn)
                  00008544    00000034     libc.a : getdevice.c.obj (.text.finddevice)
                  00008578    00000034     fat_sd_tirtos.o (.text.microsd_start)
                  000085ac    00000034     ti_sysbios_config.o (.text.ti_sysbios_family_arm_m3_Hwi_excHandlerMin)
                  000085e0    00000034     ti_sysbios_config.o (.text.ti_sysbios_family_arm_m3_Hwi_getStackInfo)
                  00008614    00000034     ti_sysbios_config.o (.text.ti_sysbios_family_arm_m3_Hwi_init)
                  00008648    00000034     ti_sysbios_config.o (.text.ti_sysbios_knl_Clock_Instance_init)
                  0000867c    00000034     ti_sysbios_config.o (.text.ti_sysbios_knl_Task_unblockI)
                  000086b0    00000034     ti_sysbios_config.o (.text.ti_sysbios_runtime_Error_raiseX)
                  000086e4    00000034     sysbios.a : boot_cortex_m.obj (.text:_c_int00)
                  00008718    00000032     ti_sysbios_config.o (.text.ti_sysbios_knl_Semaphore_pendTimeout)
                  0000874a    00000002     --HOLE-- [fill = 0]
                  0000874c    00000030     ti_drivers_config.o (.text.Board_wakeUpExtFlash)
                  0000877c    00000030     ti_sysbios_config.o (.text.ClockP_construct)
                  000087ac    00000030     drivers_cc13x2.a : GPIOCC26XX.c.obj (.text.GPIO_setInterruptConfig)
                  000087dc    00000030                      : PowerCC26X2.c.obj (.text.Power_setConstraint)
                  0000880c    00000030     libsysbm.a : trgmsg.c.obj (.text.__TI_readmsg)
                  0000883c    00000030     ti_sysbios_config.o (.text.clock_settime)
                  0000886c    00000030     micro_sd_fat.o (.text.microsd_open_file)
                  0000889c    00000030     micro_sd_fat.o (.text.microsd_open_write_close)
                  000088cc    00000030     micro_sd_fat.o (.text.microsd_set_file_properties)
                  000088fc    00000030     drivers_cc13x2.a : PowerCC26X2.c.obj (.text.notify)
                  0000892c    00000030     ti_sysbios_config.o (.text.ti_sysbios_heaps_HeapMem_free)
                  0000895c    00000030     ti_sysbios_config.o (.text.ti_sysbios_knl_TaskSupport_start)
                  0000898c    00000030     ti_sysbios_config.o (.text.ti_sysbios_runtime_System_atexit)
                  000089bc    00000030     ti_sysbios_config.o (.text.ti_sysbios_runtime_System_processAtExit)
                  000089ec    0000002e     driverlib.lib : chipinfo.o (.text.NOROM_ThisLibraryIsFor_CC13x2_CC26x2_HwRev20AndLater_HaltIfViolated)
                  00008a1a    0000002e     drivers_cc13x2.a : RingBuf.c.obj (.text.RingBuf_getConsume)
                  00008a48    0000002e                      : RingBuf.c.obj (.text.RingBuf_putPointer)
                  00008a76    00000002     --HOLE-- [fill = 0]
                  00008a78    0000002e     libclang_rt.builtins.a : floatsidf.S.obj (.text)
                  00008aa6    00000002     --HOLE-- [fill = 0]
                  00008aa8    0000002c     ti_sysbios_config.o (.text.PowerCC26XX_schedulerDisable)
                  00008ad4    0000002c     drivers_cc13x2.a : UART2CC26X2.c.obj (.text.UART2CC26X2_getRxData)
                  00008b00    0000002c     ti_sysbios_config.o (.text._pthread_delete)
                  00008b2c    0000002c     fatfs.a : diskio.c.obj (.text.disk_register)
                  00008b58    0000002c     libc.a : fclose.c.obj (.text.fclose)
                  00008b84    0000002c     libsysbm.a : lseek.c.obj (.text.lseek)
                  00008bb0    0000002c     ti_sysbios_config.o (.text.sleep)
                  00008bdc    0000002c     ti_sysbios_config.o (.text.ti_sysbios_family_arm_m3_Hwi_construct)
                  00008c08    0000002c     ti_sysbios_config.o (.text.ti_sysbios_gates_GateMutex_enter)
                  00008c34    0000002c     ti_sysbios_config.o (.text.ti_sysbios_knl_Clock_getTicks)
                  00008c60    0000002c     ti_sysbios_config.o (.text.ti_sysbios_knl_Task_restoreHwi)
                  00008c8c    0000002c     libsysbm.a : unlink.c.obj (.text.unlink)
                  00008cb8    0000002c                : write.c.obj (.text.write)
                  00008ce4    0000002a     driverlib.lib : osc.o (.text.NOROM_OSCHF_TurnOnXosc)
                  00008d0e    0000002a     drivers_cc13x2.a : SPICC26X2DMA.c.obj (.text.SPICC26X2DMA_swiFxn)
                  00008d38    0000002a                      : UART2CC26X2.c.obj (.text.UART2Support_powerRelConstraint)
                  00008d62    0000002a     ti_sysbios_config.o (.text.ti_sysbios_family_arm_cc26xx_Timer_setNextTick)
                  00008d8c    0000002a     ti_sysbios_config.o (.text.ti_sysbios_knl_Task_allBlockedFunction)
                  00008db6    00000002     --HOLE-- [fill = 0]
                  00008db8    00000028     ti_sysbios_config.o (.text.BIOS_registerRTSLock)
                  00008de0    00000028     drivers_cc13x2.a : List.c.obj (.text.List_remove)
                  00008e08    00000028                      : SDFatFS.c.obj (.text.SDFatFS_diskInitialize)
                  00008e30    00000028                      : SDFatFS.c.obj (.text.SDFatFS_diskRead)
                  00008e58    00000028                      : SDFatFS.c.obj (.text.SDFatFS_diskWrite)
                  00008e80    00000028     fatfs.a : ff.c.obj (.text.f_close)
                  00008ea8    00000028     micro_sd_fat.o (.text.microsd_mount_sd)
                  00008ed0    00000028     sysbios.a : Hwi_asm_gnu.obj (.text.ti_sysbios_family_arm_m3_Hwi_excHandlerAsm)
                  00008ef8    00000028     ti_sysbios_config.o (.text.ti_sysbios_gates_GateMutex_Instance_init)
                  00008f20    00000028     ti_sysbios_config.o (.text.ti_sysbios_knl_Semaphore_Instance_init)
                  00008f48    00000028     ti_sysbios_config.o (.text.ti_sysbios_knl_Swi_init)
                  00008f70    00000028     sysbios.a : TaskSupport_asm_gnu.obj (.text.ti_sysbios_knl_TaskSupport_swap)
                  00008f98    00000028     ti_sysbios_config.o (.text.ti_sysbios_knl_Task_construct)
                  00008fc0    00000028     ti_sysbios_config.o (.text.ti_sysbios_knl_Task_init)
                  00008fe8    00000026     drivers_cc13x2.a : UART2CC26X2.c.obj (.text.UART2Support_powerSetConstraint)
                  0000900e    00000026                      : SPICC26X2DMA.c.obj (.text.flushFifos)
                  00009034    00000024     ti_sysbios_config.o (.text.BIOS_removeRTSLock)
                  00009058    00000024     display_cc13x2.a : Display.c.obj (.text.Display_doInit)
                  0000907c    00000024     drivers_cc13x2.a : List.c.obj (.text.List_put)
                  000090a0    00000024                      : PowerCC26X2_helpers.c.obj (.text.PowerCC26X2_setSubSecIncToXoscLf)
                  000090c4    00000024                      : PowerCC26X2_calibrateRCOSC_helpers.c.obj (.text.PowerCC26X2_writeCtrim)
                  000090e8    00000024                      : PowerCC26X2_calibrateRCOSC_helpers.c.obj (.text.PowerCC26X2_writeCtrimFract)
                  0000910c    00000024                      : PowerCC26X2_calibrateRCOSC_helpers.c.obj (.text.PowerCC26X2_writeCtrimFractEn)
                  00009130    00000024                      : PowerCC26X2_calibrateRCOSC_helpers.c.obj (.text.PowerCC26X2_writeRtrim)
                  00009154    00000024                      : PowerCC26X2.c.obj (.text.Power_registerNotify)
                  00009178    00000024     ti_sysbios_config.o (.text.SemaphoreP_createBinary)
                  0000919c    00000024     fatfs.a : diskio.c.obj (.text.disk_read)
                  000091c0    00000024             : diskio.c.obj (.text.disk_unregister)
                  000091e4    00000024             : diskio.c.obj (.text.disk_write)
                  00009208    00000024             : ffcio.c.obj (.text.ffcio_close)
                  0000922c    00000024     fat_sd_tirtos.o (.text.gen_character)
                  00009250    00000024     micro_sd_fat.o (.text.microsd_close_file)
                  00009274    00000024     drivers_cc13x2.a : SPICC26X2DMA.c.obj (.text.releaseConstraint)
                  00009298    00000024     micro_sd_fat.o (.text.strncat)
                  000092bc    00000024     ti_sysbios_config.o (.text.ti_sysbios_knl_Semaphore_create)
                  000092e0    00000024     ti_sysbios_config.o (.text.ti_sysbios_knl_Semaphore_destruct)
                  00009304    00000024     ti_sysbios_config.o (.text.ti_sysbios_knl_Task_enter)
                  00009328    00000022     drivers_cc13x2.a : RingBuf.c.obj (.text.RingBuf_getPointer)
                  0000934a    00000022                      : SDSPI.c.obj (.text.SDSPI_close)
                  0000936c    00000022     micro_sd_fat.o (.text.microsd_write_block)
                  0000938e    00000002     --HOLE-- [fill = 0]
                  00009390    00000020     ti_sysbios_config.o (.text.HwiP_clearInterrupt)
                  000093b0    00000020     drivers_cc13x2.a : PowerCC26X2_helpers.c.obj (.text.PowerCC26X2_disableTCXOQual)
                  000093d0    00000020                      : PowerCC26X2_helpers.c.obj (.text.PowerCC26X2_enableTCXOQual)
                  000093f0    00000020     ti_sysbios_config.o (.text.PowerCC26XX_schedulerRestore)
                  00009410    00000020     drivers_cc13x2.a : PowerCC26X2.c.obj (.text.Power_unregisterNotify)
                  00009430    00000020     ti_sysbios_config.o (.text.SemaphoreP_constructBinary)
                  00009450    00000020     fatfs.a : diskio.c.obj (.text.disk_ioctl)
                  00009470    00000020             : ffcio.c.obj (.text.ffcio_read)
                  00009490    00000020             : ffcio.c.obj (.text.ffcio_write)
                  000094b0    00000020     ti_sysbios_config.o (.text.ti_sysbios_family_arm_m3_Hwi_initStack)
                  000094d0    00000020     ti_sysbios_config.o (.text.ti_sysbios_knl_Clock_addI)
                  000094f0    00000020     ti_sysbios_config.o (.text.ti_sysbios_knl_Semaphore_delete)
                  00009510    00000020     ti_sysbios_config.o (.text.ti_sysbios_knl_Task_delete)
                  00009530    00000020     ti_sysbios_config.o (.text.ti_sysbios_knl_Task_destruct)
                  00009550    0000001e     drivers_cc13x2.a : UART2.c.obj (.text.UART2_writeTimeout)
                  0000956e    0000001e     fatfs.a : ff.c.obj (.text.dir_remove)
                  0000958c    0000001e             : ff.c.obj (.text.mem_cmp)
                  000095aa    0000001e     sysbios.a : Hwi_asm_switch_gnu.obj (.text.ti_sysbios_family_arm_m3_Hwi_switchAndRunFunc)
                  000095c8    0000001c     ti_sysbios_config.o (.text.BIOS_rtsLock)
                  000095e4    0000001c     drivers_cc13x2.a : GPIO.c.obj (.text.GPIO_setCallback)
                  00009600    0000001c                      : GPIOCC26XX.c.obj (.text.GPIO_setMux)
                  0000961c    0000001c                      : PowerCC26X2.c.obj (.text.Power_getTransitionLatency)
                  00009638    0000001c                      : RingBuf.c.obj (.text.RingBuf_flush)
                  00009654    0000001c     micro_sd_fat.o (.text.check_micro_sd_connected)
                  00009670    0000001c     ti_sysbios_config.o (.text.free)
                  0000968c    0000001c     ti_sysbios_config.o (.text.getClockTicks)
                  000096a8    0000001c     ti_sysbios_config.o (.text.ti_sysbios_knl_Idle_run)
                  000096c4    0000001c     ti_sysbios_config.o (.text.ti_sysbios_knl_Queue_put)
                  000096e0    0000001c     ti_sysbios_config.o (.text.ti_sysbios_knl_Semaphore_construct)
                  000096fc    0000001c     ti_sysbios_config.o (.text.ti_sysbios_knl_Swi_construct)
                  00009718    0000001c     ti_sysbios_config.o (.text.ti_sysbios_knl_Swi_destruct)
                  00009734    0000001a     drivers_cc13x2.a : UART2CC26X2.c.obj (.text.UART2Support_disableRx)
                  0000974e    0000001a     ti_sysbios_config.o (.text.ti_sysbios_knl_Task_sleepTimeout)
                  00009768    0000001a     fatfs.a : ff.c.obj (.text.unlock_fs)
                  00009782    00000002     --HOLE-- [fill = 0]
                  00009784    00000018     ti_sysbios_config.o (.text.BIOS_exitFunc)
                  0000979c    00000018     ti_sysbios_config.o (.text.BIOS_rtsUnlock)
                  000097b4    00000018     display_cc13x2.a : DisplayUart2.c.obj (.text.DisplayUart2Min_close)
                  000097cc    00000018     drivers_cc13x2.a : GPIOCC26XX.c.obj (.text.GPIO_disableInt)
                  000097e4    00000018                      : PowerCC26X2.c.obj (.text.PowerCC26XX_calibrate)
                  000097fc    00000018                      : PowerCC26X2.c.obj (.text.Power_idleFunc)
                  00009814    00000018     ti_sysbios_config.o (.text.__time64)
                  0000982c    00000018     fatfs.a : diskio.c.obj (.text.disk_initialize)
                  00009844    00000018             : diskio.c.obj (.text.disk_status)
                  0000985c    00000018             : ff.c.obj (.text.ld_clust)
                  00009874    00000018     ti_sysbios_config.o (.text.pthread_attr_init)
                  0000988c    00000018     ti_sysbios_config.o (.text.ti_sysbios_knl_Clock_scheduleNextTick)
                  000098a4    00000018     ti_sysbios_config.o (.text.ti_sysbios_knl_Swi_construct2)
                  000098bc    00000018     sysbios.a : TaskSupport_asm_gnu.obj (.text.ti_sysbios_knl_TaskSupport_glue)
                  000098d4    00000018     ti_sysbios_config.o (.text.ti_sysbios_knl_Task_unblock)
                  000098ec    00000018     drivers_cc13x2.a : UART2CC26X2.c.obj (.text.uartDmaDisable)
                  00009904    00000018                      : UART2CC26X2.c.obj (.text.uartDmaEnable)
                  0000991c    00000016     ti_drivers_config.o (.text.Board_init)
                  00009932    00000016     display_cc13x2.a : Display.c.obj (.text.Display_doPrintf)
                  00009948    00000016     ti_sysbios_config.o (.text.HwiP_interruptsEnabled)
                  0000995e    00000016     ti_sysbios_config.o (.text.clockFxn)
                  00009974    00000016     fatfs.a : ff.c.obj (.text.clst2sect)
                  0000998a    00000016             : ffsystem.c.obj (.text.ff_cre_syncobj)
                  000099a0    00000016     ti_sysbios_config.o (.text.ti_sysbios_knl_Clock_start)
                  000099b6    00000002     --HOLE-- [fill = 0]
                  000099b8    00000014     drivers_cc13x2.a : GPIOCC26XX.c.obj (.text.GPIO_read)
                  000099cc    00000014                      : GPIO.c.obj (.text.GPIO_setUserArg)
                  000099e0    00000014                      : SPICC26X2DMA.c.obj (.text.OUTLINED_FUNCTION_0)
                  000099f4    00000014                      : UART2CC26X2.c.obj (.text.UART2CC26X2_postNotifyFxn)
                  00009a08    00000014     libc.a : args_main.c.obj (.text._args_main)
                  00009a1c    00000014            : fwrite.c.obj (.text.memchr)
                  00009a30    00000014     ti_sysbios_config.o (.text.pthread_attr_setschedparam)
                  00009a44    00000014     drivers_cc13x2.a : SDSPI.c.obj (.text.spiTransfer)
                  00009a58    00000014     ti_sysbios_config.o (.text.ti_sysbios_family_arm_m3_Hwi_switchFromBootStack)
                  00009a6c    00000014     libclang_rt.builtins.a : aeabi_ldivmod.S.obj (.text)
                  00009a80    00000014                            : aeabi_memset.S.obj (.text)
                  00009a94    00000014                            : aeabi_uldivmod.S.obj (.text)
                  00009aa8    00000012     drivers_cc13x2.a : SDSPI.c.obj (.text.OUTLINED_FUNCTION_1)
                  00009aba    00000012     ti_sysbios_config.o (.text._pthread_runStub)
                  00009acc    00000012     fatfs.a : ffsystem.c.obj (.text.ff_req_grant)
                  00009ade    00000012             : ff.c.obj (.text.st_clust)
                  00009af0    00000012     ti_sysbios_config.o (.text.ti_sysbios_hal_Seconds_set)
                  00009b02    00000012     libc.a : memcpy_t2.S.obj (.text:TI_memcpy_small)
                  00009b14    00000010     ti_sysbios_config.o (.text.ClockP_getCpuFreq)
                  00009b24    00000010     drivers_cc13x2.a : GPIO.c.obj (.text.GPIO_getUserArg)
                  00009b34    00000010                      : GPIOCC26XX.c.obj (.text.GPIO_write)
                  00009b44    00000010     ti_sysbios_config.o (.text.HwiP_Params_init)
                  00009b54    00000010     drivers_cc13x2.a : PowerCC26X2_helpers.c.obj (.text.PowerCC26X2_oscCtlClearXtal)
                  00009b64    00000010                      : PowerCC26X2_helpers.c.obj (.text.PowerCC26X2_prcmEnableCacheRetention)
                  00009b74    00000010                      : PowerCC26X2_calibrateRCOSC_helpers.c.obj (.text.PowerCC26X2_readCtrim)
                  00009b84    00000010                      : PowerCC26X2_calibrateRCOSC_helpers.c.obj (.text.PowerCC26X2_readCtrimFract)
                  00009b94    00000010                      : PowerCC26X2_calibrateRCOSC_helpers.c.obj (.text.PowerCC26X2_readRtrim)
                  00009ba4    00000010                      : PowerCC26X2_helpers.c.obj (.text.PowerCC26X2_switchToTCXO)
                  00009bb4    00000010                      : PowerCC26X2.c.obj (.text.Power_getDependencyCount)
                  00009bc4    00000010                      : RingBuf.c.obj (.text.RingBuf_construct)
                  00009bd4    00000010                      : SDFatFS.c.obj (.text.SDFatFS_diskStatus)
                  00009be4    00000010     ti_sysbios_config.o (.text.SwiP_Params_init)
                  00009bf4    00000010     drivers_cc13x2.a : UART2CC26X2.c.obj (.text.UART2Support_txDone)
                  00009c04    00000010     fatfs.a : ffcio.c.obj (.text.ffcio_rename)
                  00009c14    00000010             : ffcio.c.obj (.text.ffcio_unlink)
                  00009c24    00000010     ti_sysbios_config.o (.text.ti_sysbios_family_arm_cc26xx_Timer_dynamicStub)
                  00009c34    00000010     ti_sysbios_config.o (.text.ti_sysbios_family_arm_m3_Hwi_excHandler)
                  00009c44    00000010     ti_sysbios_config.o (.text.ti_sysbios_runtime_System_vsnprintf)
                  00009c54    00000010     libc.a : copy_zero_init.c.obj (.text:decompress:ZI)
                  00009c64    0000000e     drivers_cc13x2.a : PowerCC26X2.c.obj (.text.OUTLINED_FUNCTION_0)
                  00009c72    0000000e                      : SDSPI.c.obj (.text.OUTLINED_FUNCTION_2)
                  00009c80    0000000e                      : SDSPI.c.obj (.text.SDSPI_init)
                  00009c8e    0000000e                      : SD.c.obj (.text.SD_read)
                  00009c9c    0000000e                      : SD.c.obj (.text.SD_write)
                  00009caa    0000000e                      : UART2.c.obj (.text.UART2_write)
                  00009cb8    0000000e     fatfs.a : ff.c.obj (.text.mem_cpy)
                  00009cc6    0000000e     libsysbm.a : hostrename.c.obj (.text.strcpy)
                  00009cd4    0000000e                : hostrename.c.obj (.text.strlen)
                  00009ce2    0000000e     ti_sysbios_config.o (.text.strlen)
                  00009cf0    0000000e     drivers_cc13x2.a : PowerCC26X2.c.obj (.text.switchToTCXO)
                  00009cfe    0000000e     ti_sysbios_config.o (.text.ti_sysbios_gates_GateMutex_leave)
                  00009d0c    0000000e     libc.a : memset_t2.S.obj (.text:TI_memset_small)
                  00009d1a    0000000e            : copy_decompress_none.c.obj (.text:decompress:none)
                  00009d28    0000000c     ti_sysbios_config.o (.text.BIOS_linkedWithIncorrectBootLibrary)
                  00009d34    0000000c     ti_sysbios_config.o (.text.BIOS_start)
                  00009d40    0000000c     ti_sysbios_config.o (.text.HwiP_disable)
                  00009d4c    0000000c     driverlib.lib : cpu.o (.text.NOROM_CPUcpsid)
                  00009d58    0000000c                   : cpu.o (.text.NOROM_CPUcpsie)
                  00009d64    0000000c     fat_sd_tirtos.o (.text.OUTLINED_FUNCTION_0)
                  00009d70    0000000c     main_tirtos.o (.text.OUTLINED_FUNCTION_0)
                  00009d7c    0000000c     drivers_cc13x2.a : PowerCC26X2_helpers.c.obj (.text.PowerCC26X2_oscClockSourceGet)
                  00009d88    0000000c                      : PowerCC26X2_helpers.c.obj (.text.PowerCC26X2_setPeriphDeepSleepEnable)
                  00009d94    0000000c                      : PowerCC26X2_helpers.c.obj (.text.PowerCC26X2_sysCtrlGetResetSource)
                  00009da0    0000000c                      : PowerCC26X2_helpers.c.obj (.text.PowerCC26X2_sysCtrlVoltageConditionalControl)
                  00009dac    0000000c                      : PowerCC26X2.c.obj (.text.Power_getConstraintMask)
                  00009db8    0000000c                      : SPI.c.obj (.text.SPI_Params_init)
                  00009dc4    0000000c     ti_sysbios_config.o (.text.SemaphoreP_delete)
                  00009dd0    0000000c     drivers_cc13x2.a : UART2CC26X2.c.obj (.text.UART2Support_disableTx)
                  00009ddc    0000000c                      : UART2CC26X2.c.obj (.text.UART2Support_enableTx)
                  00009de8    0000000c                      : UART2.c.obj (.text.UART2_Params_init)
                  00009df4    0000000c     libc.a : _lock.c.obj (.text._register_lock)
                  00009e00    0000000c            : _lock.c.obj (.text._register_unlock)
                  00009e0c    0000000c     ti_sysbios_config.o (.text.pthread_attr_setdetachstate)
                  00009e18    0000000c     drivers_cc13x2.a : SPICC26X2DMA.c.obj (.text.spiPostNotify)
                  00009e24    0000000c     ti_sysbios_config.o (.text.ti_sysbios_heaps_HeapMem_init)
                  00009e30    0000000c     ti_sysbios_config.o (.text.ti_sysbios_knl_ClockSupport_setNextTick)
                  00009e3c    0000000c     ti_sysbios_config.o (.text.ti_sysbios_knl_Clock_tick)
                  00009e48    0000000a     ti_sysbios_config.o (.text.ClockP_Params_init)
                  00009e52    0000000a     drivers_cc13x2.a : SPICC26X2DMA.c.obj (.text.OUTLINED_FUNCTION_2)
                  00009e5c    0000000a     fat_sd_tirtos.o (.text.OUTLINED_FUNCTION_2)
                  00009e66    0000000a     fatfs.a : ff.c.obj (.text.OUTLINED_FUNCTION_2)
                  00009e70    0000000a     drivers_cc13x2.a : PowerCC26X2_helpers.c.obj (.text.PowerCC26X2_sysCtrlStandby)
                  00009e7a    0000000a                      : SPICC26X2DMA.c.obj (.text.SPICC26X2DMA_init)
                  00009e84    0000000a     ti_sysbios_config.o (.text.SemaphoreP_pend)
                  00009e8e    0000000a     drivers_cc13x2.a : UDMACC26XX.c.obj (.text.UDMACC26XX_hwiIntFxn)
                  00009e98    0000000a     fatfs.a : ffsystem.c.obj (.text.ff_del_syncobj)
                  00009ea2    00000008     driverlib.lib : cpu.o (.text.NOROM_CPUdelay)
                  00009eaa    00000008     drivers_cc13x2.a : SPICC26X2DMA.c.obj (.text.OUTLINED_FUNCTION_1)
                  00009eb2    00000008                      : PowerCC26X2_helpers.c.obj (.text.PowerCC26X2_oschfTrySwitchToXosc)
                  00009eba    00000002     --HOLE-- [fill = 0]
                  00009ebc    00000008     libc.a : aeabi_portable.c.obj (.text.__aeabi_errno_addr)
                  00009ec4    00000008     drivers_cc13x2.a : SDSPI.c.obj (.text.assertCS)
                  00009ecc    00000008                      : SPICC26X2DMA.c.obj (.text.blockingTransferCallback)
                  00009ed4    00000008                      : SDSPI.c.obj (.text.deassertCS)
                  00009edc    00000008     libc.a : rewind.c.obj (.text.rewind)
                  00009ee4    00000008     ti_sysbios_config.o (.text.ti_sysbios_runtime_System_exit)
                  00009eec    00000006     ti_sysbios_config.o (.text.ClockP_stop)
                  00009ef2    00000006     display_cc13x2.a : DisplayUart2.c.obj (.text.DisplayUart2Min_control)
                  00009ef8    00000006                      : DisplayUart2.c.obj (.text.DisplayUart2Min_getType)
                  00009efe    00000006     ti_sysbios_config.o (.text.HwiP_restore)
                  00009f04    00000006     drivers_cc13x2.a : SDSPI.c.obj (.text.OUTLINED_FUNCTION_0)
                  00009f0a    00000006     fat_sd_tirtos.o (.text.OUTLINED_FUNCTION_1)
                  00009f10    00000006     fatfs.a : ff.c.obj (.text.OUTLINED_FUNCTION_1)
                  00009f16    00000006     drivers_cc13x2.a : SDSPI.c.obj (.text.SDSPI_control)
                  00009f1c    00000006                      : SDSPI.c.obj (.text.SDSPI_getSectorSize)
                  00009f22    00000006                      : SD.c.obj (.text.SD_close)
                  00009f28    00000006                      : SD.c.obj (.text.SD_getNumSectors)
                  00009f2e    00000006                      : SD.c.obj (.text.SD_getSectorSize)
                  00009f34    00000006                      : SD.c.obj (.text.SD_initialize)
                  00009f3a    00000006                      : SPI.c.obj (.text.SPI_close)
                  00009f40    00000006                      : SPI.c.obj (.text.SPI_transfer)
                  00009f46    00000006     fatfs.a : ff.c.obj (.text.lock_fs)
                  00009f4c    00000006     ti_sysbios_config.o (.text.pthread_attr_setstacksize)
                  00009f52    00000006     ti_sysbios_config.o (.text.ti_sysbios_family_arm_m3_Hwi_destruct)
                  00009f58    00000006     ti_sysbios_config.o (.text.ti_sysbios_family_arm_m3_Hwi_doSwiRestore)
                  00009f5e    00000006     ti_sysbios_config.o (.text.ti_sysbios_family_arm_m3_Hwi_doTaskRestore)
                  00009f64    00000006     ti_sysbios_config.o (.text.ti_sysbios_knl_Idle_loop)
                  00009f6a    00000006     ti_sysbios_config.o (.text.ti_sysbios_knl_Swi_startup)
                  00009f70    00000004     ti_sysbios_config.o (.text.ClockP_getSystemTickPeriod)
                  00009f74    00000004     ti_sysbios_config.o (.text.ClockP_getSystemTicks)
                  00009f78    00000004     ti_sysbios_config.o (.text.ClockP_start)
                  00009f7c    00000004     ti_sysbios_config.o (.text.HwiP_destruct)
                  00009f80    00000004     ti_sysbios_config.o (.text.HwiP_disableInterrupt)
                  00009f84    00000004     ti_sysbios_config.o (.text.HwiP_enableInterrupt)
                  00009f88    00000004     drivers_cc13x2.a : PowerCC26X2_helpers.c.obj (.text.PowerCC26X2_oschfSwitchToRcosc)
                  00009f8c    00000004                      : PowerCC26X2_helpers.c.obj (.text.PowerCC26X2_sysCtrlIdle)
                  00009f90    00000004                      : PowerCC26X2_helpers.c.obj (.text.PowerCC26X2_turnOnXosc)
                  00009f94    00000004     ti_sysbios_config.o (.text.ResetISR)
                  00009f98    00000004     drivers_cc13x2.a : RingBuf.c.obj (.text.RingBuf_getCount)
                  00009f9c    00000004     ti_sysbios_config.o (.text.SemaphoreP_destruct)
                  00009fa0    00000004     ti_sysbios_config.o (.text.SemaphoreP_post)
                  00009fa4    00000004     ti_sysbios_config.o (.text.SwiP_destruct)
                  00009fa8    00000004     ti_sysbios_config.o (.text.SwiP_post)
                  00009fac    00000004     ti_sysbios_config.o (.text.SystemP_vsnprintf)
                  00009fb0    00000004     ti_sysbios_config.o (.text._system_post_cinit)
                  00009fb4    00000004     ti_sysbios_config.o (.text._system_pre_init)
                  00009fb8    00000004     drivers_cc13x2.a : PowerCC26X2.c.obj (.text.configureRFCoreClocks)
                  00009fbc    00000004     fatfs.a : ffsystem.c.obj (.text.ff_rel_grant)
                  00009fc0    00000004     libc.a : fseek.c.obj (.text.fseek)
                  00009fc4    00000004     fatfs.a : diskio.c.obj (.text.get_fattime)
                  00009fc8    00000004             : ff.c.obj (.text.ld_dword)
                  00009fcc    00000004     ti_sysbios_config.o (.text.malloc)
                  00009fd0    00000004     drivers_cc13x2.a : PowerCC26X2.c.obj (.text.nopResourceHandler)
                  00009fd4    00000004     libsysbm.a : remove.c.obj (.text.remove)
                  00009fd8    00000004     ti_sysbios_config.o (.text.ti_sysbios_heaps_HeapMem_isBlocking)
                  00009fdc    00000004     libclang_rt.builtins.a : aeabi_memcpy.S.obj (.text)

.rodata.2 
*          0    00009fe0    00000e1e     
                  00009fe0    000005d0     ti_sysbios_config.o (.rodata.str1.1)
                  0000a5b0    0000023a     fat_sd_tirtos.o (.rodata.str1.1)
                  0000a7ea    0000008d     ti_sysbios_config.o (.rodata.ti_sysbios_heaps_HeapMem_alloc.err)
                  0000a877    00000089     ti_sysbios_config.o (.rodata.ti_sysbios_family_arm_m3_Hwi_Instance_init.err.1)
                  0000a900    00000089     ti_sysbios_config.o (.rodata.ti_sysbios_runtime_Memory_alloc.err)
                  0000a989    00000086     ti_sysbios_config.o (.rodata.ti_sysbios_family_arm_m3_Hwi_Instance_init.err)
                  0000aa0f    00000001     ti_drivers_config.o (.rodata.Display_count)
                  0000aa10    00000058     ti_drivers_config.o (.rodata.uart2CC26X2HWAttrs)
                  0000aa68    00000054     drivers_cc13x2.a : PowerCC26X2.c.obj (.rodata.resourceDB)
                  0000aabc    0000004d     fatfs.a : ff.c.obj (.rodata.str1.1)
                  0000ab09    00000043     fat_sd_tirtos.o (.rodata.first_writting)
                  0000ab4c    00000040     ti_drivers_config.o (.rodata.spiCC26X2DMAHWAttrs)
                  0000ab8c    00000030     libc.a : mktime64.c.obj (.rodata.mon_day)
                  0000abbc    00000030            : mktime64.c.obj (.rodata.mon_len)
                  0000abec    00000024     drivers_cc13x2.a : SDSPI.c.obj (.rodata.SDSPI_fxnTable)
                  0000ac10    00000024                      : UART2.c.obj (.rodata.UART2_defaultParams)
                  0000ac34    00000024     ti_sysbios_config.o (.rodata.ti_sysbios_knl_Task_Params_default)
                  0000ac58    00000020     display_cc13x2.a : DisplayUart2.c.obj (.rodata.DisplayUart2Min_fxnTable)
                  0000ac78    00000020     drivers_cc13x2.a : SPI.c.obj (.rodata.SPI_defaultParams)
                  0000ac98    0000001c     ti_sysbios_config.o (.rodata.ti_sysbios_family_arm_cc26xx_Timer_Params_default)
                  0000acb4    00000018     drivers_cc13x2.a : SPICC26X2DMA.c.obj (.rodata.SPICC26X2DMA_fxnTable)
                  0000accc    00000018                      : SPICC26X2DMA.c.obj (.rodata.cst8)
                  0000ace4    00000018                      : SPICC26X2DMA.c.obj (.rodata.frameFormat)
                  0000acfc    00000018     ti_sysbios_config.o (.rodata.ti_sysbios_family_arm_m3_Hwi_Params_default)
                  0000ad14    00000014     ti_drivers_config.o (.rodata.PowerCC26X2_config)
                  0000ad28    00000014     ti_drivers_config.o (.rodata.displayUart2HWAttrs)
                  0000ad3c    00000014     ti_sysbios_config.o (.rodata.ti_sysbios_knl_Swi_Params_default)
                  0000ad50    00000010     ti_drivers_config.o (.rodata.GPIO_config)
                  0000ad60    0000000c     ti_drivers_config.o (.rodata.Display_config)
                  0000ad6c    0000000c     ti_drivers_config.o (.rodata.SD_config)
                  0000ad78    0000000c     ti_drivers_config.o (.rodata.SPI_config)
                  0000ad84    0000000c     ti_sysbios_config.o (.rodata.ti_sysbios_heaps_HeapMem_Params_default)
                  0000ad90    0000000c     ti_sysbios_config.o (.rodata.ti_sysbios_knl_Clock_Params_default)
                  0000ad9c    0000000c     ti_sysbios_config.o (.rodata.ti_sysbios_knl_Semaphore_Params_default)
                  0000ada8    00000008     ti_drivers_config.o (.rodata.UART2_config)
                  0000adb0    00000008     ti_drivers_config.o (.rodata.UDMACC26XX_config)
                  0000adb8    00000008     driverlib.lib : aux_sysif.o (.rodata.cst4)
                  0000adc0    00000008     ti_sysbios_config.o (.rodata.ti_sysbios_knl_Idle_funcList)
                  0000adc8    00000008     ti_drivers_config.o (.rodata.udmaCC26XXHWAttrs)
                  0000add0    00000005     drivers_cc13x2.a : UART2CC26X2.c.obj (.rodata.parityType)
                  0000add5    00000005                      : UART2CC26X2.c.obj (.rodata.rxFifoThreshold)
                  0000adda    00000005                      : UART2CC26X2.c.obj (.rodata.txFifoThreshold)
                  0000addf    00000001     display_cc13x2.a : Display.c.obj (.rodata.Display_defaultParams)
                  0000ade0    00000004     drivers_cc13x2.a : SD.c.obj (.rodata.SD_defaultParams)
                  0000ade4    00000004                      : UART2CC26X2.c.obj (.rodata.cst4)
                  0000ade8    00000004     ti_drivers_config.o (.rodata.sdspiHWAttrs)
                  0000adec    00000004     ti_sysbios_config.o (.rodata.ti_sysbios_family_arm_m3_Hwi_swiTaskKeyAddress)
                  0000adf0    00000004     ti_sysbios_config.o (.rodata.ti_sysbios_knl_Clock_tickPeriod)
                  0000adf4    00000002     drivers_cc13x2.a : UART2CC26X2.c.obj (.rodata.stopBits)
                  0000adf6    00000002     micro_sd_fat.o (.rodata.str1.1)
                  0000adf8    00000001     ti_drivers_config.o (.rodata.GPIO_pinLowerBound)
                  0000adf9    00000001     ti_drivers_config.o (.rodata.GPIO_pinUpperBound)
                  0000adfa    00000001     ti_drivers_config.o (.rodata.SDFatFS_count)
                  0000adfb    00000001     ti_drivers_config.o (.rodata.SD_count)
                  0000adfc    00000001     ti_drivers_config.o (.rodata.SPI_count)
                  0000adfd    00000001     ti_drivers_config.o (.rodata.UART2_count)

__llvm_prf_cnts 
*          0    20000000    00000000     UNINITIALIZED

.TI.bound:dmaSpi0RxControlTableEntry 
*          0    20001830    00000010     UNINITIALIZED
                  20001830    00000010     ti_drivers_config.o (.TI.bound:dmaSpi0RxControlTableEntry)

.TI.bound:dmaSpi0TxControlTableEntry 
*          0    20001840    00000010     UNINITIALIZED
                  20001840    00000010     ti_drivers_config.o (.TI.bound:dmaSpi0TxControlTableEntry)

.TI.bound:dmaUart1RxControlTableEntry 
*          0    20001850    00000010     UNINITIALIZED
                  20001850    00000010     ti_drivers_config.o (.TI.bound:dmaUart1RxControlTableEntry)

.TI.bound:dmaUart1TxControlTableEntry 
*          0    20001860    00000010     UNINITIALIZED
                  20001860    00000010     ti_drivers_config.o (.TI.bound:dmaUart1TxControlTableEntry)

.TI.bound:dmaSpi0RxAltControlTableEntry 
*          0    20001a30    00000010     UNINITIALIZED
                  20001a30    00000010     ti_drivers_config.o (.TI.bound:dmaSpi0RxAltControlTableEntry)

.TI.bound:dmaSpi0TxAltControlTableEntry 
*          0    20001a40    00000010     UNINITIALIZED
                  20001a40    00000010     ti_drivers_config.o (.TI.bound:dmaSpi0TxAltControlTableEntry)

.args      0    0000ae00    00000008     
                  0000ae00    00000008     --HOLE-- [fill = 0]

MODULE SUMMARY

       Module                                     code    ro data   rw data
       ------                                     ----    -------   -------
    .\
       fat_sd_tirtos.o                            812     637       4248   
       main_tirtos.o                              124     0         0      
    +--+------------------------------------------+-------+---------+---------+
       Total:                                     936     637       4248   
                                                                           
    .\micro_sd_fat\
       micro_sd_fat.o                             632     2         0      
    +--+------------------------------------------+-------+---------+---------+
       Total:                                     632     2         0      
                                                                           
    .\syscfg\
       ti_sysbios_config.o                        10590   2257      1896   
       ti_drivers_config.o                        230     283       2812   
       ti_devices_config.o                        0       88        0      
    +--+------------------------------------------+-------+---------+---------+
       Total:                                     10820   2628      4708   
                                                                           
    C:/ti/simplelink_cc13xx_cc26xx_sdk_6_30_00_84/kernel/tirtos7/packages/ti/sysbios/lib/ticlang/m4f/sysbios.a
       Hwi_asm_gnu.obj                            324     0         0      
       Hwi_asm_switch_gnu.obj                     118     0         0      
       TaskSupport_asm_gnu.obj                    64      0         0      
       boot_cortex_m.obj                          52      0         0      
    +--+------------------------------------------+-------+---------+---------+
       Total:                                     558     0         0      
                                                                           
    C:/ti/simplelink_cc13xx_cc26xx_sdk_6_30_00_84/source/third_party/fatfs/lib/ticlang/m4f/fatfs.a
       ff.c.obj                                   5798    77        20     
       ffcio.c.obj                                332     0         41     
       diskio.c.obj                               236     0         80     
       ffsystem.c.obj                             54      0         0      
    +--+------------------------------------------+-------+---------+---------+
       Total:                                     6420    77        141    
                                                                           
    C:/ti/simplelink_cc13xx_cc26xx_sdk_6_30_00_84/source/ti/devices/cc13x2_cc26x2/driverlib/bin/ticlang/driverlib.lib
       osc.o                                      538     0         32     
       sys_ctrl.o                                 432     0         0      
       setup.o                                    424     0         0      
       prcm.o                                     136     0         0      
       chipinfo.o                                 128     0         0      
       aux_sysif.o                                72      8         0      
       cpu.o                                      32      0         0      
    +--+------------------------------------------+-------+---------+---------+
       Total:                                     1762    8         32     
                                                                           
    C:/ti/simplelink_cc13xx_cc26xx_sdk_6_30_00_84/source/ti/display/lib/ticlang/m4f/display_cc13x2.a
       DisplayUart2.c.obj                         184     32        0      
       Display.c.obj                              138     1         0      
    +--+------------------------------------------+-------+---------+---------+
       Total:                                     322     33        0      
                                                                           
    C:/ti/simplelink_cc13xx_cc26xx_sdk_6_30_00_84/source/ti/drivers/lib/ticlang/m4f/drivers_cc13x2.a
       SPICC26X2DMA.c.obj                         2868    72        0      
       UART2CC26X2.c.obj                          2260    21        0      
       PowerCC26X2.c.obj                          1722    84        372    
       SDSPI.c.obj                                1800    36        0      
       UART2.c.obj                                1002    36        0      
       PowerCC26X2_calibrateRCOSC.c.obj           836     0         0      
       SDFatFS.c.obj                              508     0         17     
       PowerCC26X2_calibrateRCOSC_helpers.c.obj   432     0         0      
       GPIOCC26X2.c.obj                           328     0         29     
       RingBuf.c.obj                              300     0         0      
       PowerCC26X2_helpers.c.obj                  282     0         0      
       GPIOCC26XX.c.obj                           276     0         0      
       SD.c.obj                                   184     4         1      
       SPI.c.obj                                  156     32        1      
       UDMACC26XX.c.obj                           166     0         0      
       GPIO.c.obj                                 124     0         0      
       List.c.obj                                 76      0         0      
    +--+------------------------------------------+-------+---------+---------+
       Total:                                     13320   285       420    
                                                                           
    C:\ti\ccs1040\ccs\tools\compiler\ti-cgt-armllvm_1.3.0.LTS\lib\armv7em-ti-none-eabihf/c/libc.a
       mktime64.c.obj                             640     96        0      
       fopen.c.obj                                472     0         1      
       localtim64.c.obj                           400     0         36     
       fwrite.c.obj                               408     0         0      
       defs.c.obj                                 0       0         404    
       setvbuf.c.obj                              220     0         0      
       fflush.c.obj                               186     0         0      
       fclose.c.obj                               160     0         0      
       getdevice.c.obj                            156     0         0      
       fseek.c.obj                                108     0         0      
       copy_decompress_lzss.c.obj                 106     0         0      
       _io_perm.c.obj                             96      0         0      
       autoinit.c.obj                             60      0         0      
       _lock.c.obj                                26      0         8      
       args_main.c.obj                            20      0         0      
       memcpy_t2.S.obj                            18      0         0      
       copy_zero_init.c.obj                       16      0         0      
       tmzone.c.obj                               0       0         16     
       copy_decompress_none.c.obj                 14      0         0      
       memset_t2.S.obj                            14      0         0      
       aeabi_portable.c.obj                       8       0         4      
       exit.c.obj                                 0       0         8      
       rewind.c.obj                               8       0         0      
    +--+------------------------------------------+-------+---------+---------+
       Total:                                     3136    96        477    
                                                                           
    C:\ti\ccs1040\ccs\tools\compiler\ti-cgt-armllvm_1.3.0.LTS\lib\armv7em-ti-none-eabihf/c/libsysbm.a
       trgmsg.c.obj                               100     0         288    
       add_device.c.obj                           220     0         1      
       host_device.c.obj                          0       0         200    
[...]
000096fd  ti_sysbios_knl_Swi_construct                                       
00009719  ti_sysbios_knl_Swi_destruct                                        
00009735  UART2Support_disableRx                                             
0000974f  ti_sysbios_knl_Task_sleepTimeout                                   
00009785  BIOS_exitFunc                                                      
0000979d  BIOS_rtsUnlock                                                     
000097b5  DisplayUart2Min_close                                              
000097cd  GPIO_disableInt                                                    
000097e5  PowerCC26XX_calibrate                                              
000097fd  Power_idleFunc                                                     
00009815  __time64                                                           
0000982d  disk_initialize                                                    
00009845  disk_status                                                        
00009875  pthread_attr_init                                                  
0000988d  ti_sysbios_knl_Clock_scheduleNextTick                              
000098a5  ti_sysbios_knl_Swi_construct2                                      
000098bd  ti_sysbios_knl_TaskSupport_glue                                    
000098d5  ti_sysbios_knl_Task_unblock                                        
0000991d  Board_init                                                         
00009933  Display_doPrintf                                                   
00009949  HwiP_interruptsEnabled                                             
0000998b  ff_cre_syncobj                                                     
000099a1  ti_sysbios_knl_Clock_start                                         
000099b9  GPIO_read                                                          
000099cd  GPIO_setUserArg                                                    
00009a09  _args_main                                                         
00009a31  pthread_attr_setschedparam                                         
00009a59  ti_sysbios_family_arm_m3_Hwi_switchFromBootStack                   
00009a6d  __aeabi_ldivmod                                                    
00009a81  __aeabi_memset                                                     
00009a81  __aeabi_memset4                                                    
00009a81  __aeabi_memset8                                                    
00009a8d  __aeabi_memclr                                                     
00009a8d  __aeabi_memclr4                                                    
00009a8d  __aeabi_memclr8                                                    
00009a95  __aeabi_uldivmod                                                   
00009acd  ff_req_grant                                                       
00009af1  ti_sysbios_hal_Seconds_set                                         
00009b03  TI_memcpy_small                                                    
00009b15  ClockP_getCpuFreq                                                  
00009b25  GPIO_getUserArg                                                    
00009b35  GPIO_write                                                         
00009b45  HwiP_Params_init                                                   
00009b55  PowerCC26X2_oscCtlClearXtal                                        
00009b65  PowerCC26X2_prcmEnableCacheRetention                               
00009b75  PowerCC26X2_readCtrim                                              
00009b85  PowerCC26X2_readCtrimFract                                         
00009b95  PowerCC26X2_readRtrim                                              
00009ba5  PowerCC26X2_switchToTCXO                                           
00009bb5  Power_getDependencyCount                                           
00009bc5  RingBuf_construct                                                  
00009bd5  SDFatFS_diskStatus                                                 
00009be5  SwiP_Params_init                                                   
00009bf5  UART2Support_txDone                                                
00009c05  ffcio_rename                                                       
00009c15  ffcio_unlink                                                       
00009c25  ti_sysbios_family_arm_cc26xx_Timer_dynamicStub                     
00009c35  ti_sysbios_family_arm_m3_Hwi_excHandler                            
00009c45  ti_sysbios_runtime_System_vsnprintf                                
00009c55  __TI_zero_init                                                     
00009c81  SDSPI_init                                                         
00009c8f  SD_read                                                            
00009c9d  SD_write                                                           
00009cab  UART2_write                                                        
00009cff  ti_sysbios_gates_GateMutex_leave                                   
00009d0d  TI_memset_small                                                    
00009d1b  __TI_decompress_none                                               
00009d29  BIOS_linkedWithIncorrectBootLibrary                                
00009d35  BIOS_start                                                         
00009d41  HwiP_disable                                                       
00009d4d  NOROM_CPUcpsid                                                     
00009d59  NOROM_CPUcpsie                                                     
00009d7d  PowerCC26X2_oscClockSourceGet                                      
00009d89  PowerCC26X2_setPeriphDeepSleepEnable                               
00009d95  PowerCC26X2_sysCtrlGetResetSource                                  
00009da1  PowerCC26X2_sysCtrlVoltageConditionalControl                       
00009dad  Power_getConstraintMask                                            
00009db9  SPI_Params_init                                                    
00009dc5  SemaphoreP_delete                                                  
00009dd1  UART2Support_disableTx                                             
00009ddd  UART2Support_enableTx                                              
00009de9  UART2_Params_init                                                  
00009df5  _register_lock                                                     
00009e01  _register_unlock                                                   
00009e0d  pthread_attr_setdetachstate                                        
00009e25  ti_sysbios_heaps_HeapMem_init                                      
00009e31  ti_sysbios_knl_ClockSupport_setNextTick                            
00009e3d  ti_sysbios_knl_Clock_tick                                          
00009e49  ClockP_Params_init                                                 
00009e71  PowerCC26X2_sysCtrlStandby                                         
00009e7b  SPICC26X2DMA_init                                                  
00009e85  SemaphoreP_pend                                                    
00009e8f  UDMACC26XX_hwiIntFxn                                               
00009e99  ff_del_syncobj                                                     
00009ea3  NOROM_CPUdelay                                                     
00009eb3  PowerCC26X2_oschfTrySwitchToXosc                                   
00009ebd  __aeabi_errno_addr                                                 
00009edd  rewind                                                             
00009ee5  ti_sysbios_runtime_System_exit                                     
00009eed  ClockP_stop                                                        
00009ef3  DisplayUart2Min_control                                            
00009ef9  DisplayUart2Min_getType                                            
00009eff  HwiP_restore                                                       
00009f17  SDSPI_control                                                      
00009f1d  SDSPI_getSectorSize                                                
00009f23  SD_close                                                           
00009f29  SD_getNumSectors                                                   
00009f2f  SD_getSectorSize                                                   
00009f35  SD_initialize                                                      
00009f3b  SPI_close                                                          
00009f41  SPI_transfer                                                       
00009f4d  pthread_attr_setstacksize                                          
00009f53  ti_sysbios_family_arm_m3_Hwi_destruct                              
00009f59  ti_sysbios_family_arm_m3_Hwi_doSwiRestore                          
00009f5f  ti_sysbios_family_arm_m3_Hwi_doTaskRestore                         
00009f65  ti_sysbios_knl_Idle_loop                                           
00009f6b  ti_sysbios_knl_Swi_startup                                         
00009f71  ClockP_getSystemTickPeriod                                         
00009f75  ClockP_getSystemTicks                                              
00009f79  ClockP_start                                                       
00009f7d  HwiP_destruct                                                      
00009f81  HwiP_disableInterrupt                                              
00009f85  HwiP_enableInterrupt                                               
00009f89  PowerCC26X2_oschfSwitchToRcosc                                     
00009f8d  PowerCC26X2_sysCtrlIdle                                            
00009f91  PowerCC26X2_turnOnXosc                                             
00009f95  ResetISR                                                           
00009f99  RingBuf_getCount                                                   
00009f9d  SemaphoreP_destruct                                                
00009fa1  SemaphoreP_post                                                    
00009fa5  SwiP_destruct                                                      
00009fa9  SwiP_post                                                          
00009fad  SystemP_vsnprintf                                                  
00009fb1  _system_post_cinit                                                 
00009fb5  _system_pre_init                                                   
00009fbd  ff_rel_grant                                                       
00009fc1  fseek                                                              
00009fc5  get_fattime                                                        
00009fcd  malloc                                                             
00009fd5  remove                                                             
00009fd9  ti_sysbios_heaps_HeapMem_isBlocking                                
00009fdd  __aeabi_memcpy                                                     
00009fdd  __aeabi_memcpy4                                                    
00009fdd  __aeabi_memcpy8                                                    
0000aa0f  Display_count                                                      
0000aa68  resourceDB                                                         
0000ab09  first_writting                                                     
0000ab4c  spiCC26X2DMAHWAttrs                                                
0000abec  SDSPI_fxnTable                                                     
0000ac10  UART2_defaultParams                                                
0000ac58  DisplayUart2Min_fxnTable                                           
0000ac78  SPI_defaultParams                                                  
0000acb4  SPICC26X2DMA_fxnTable                                              
0000ad14  PowerCC26X2_config                                                 
0000ad28  displayUart2HWAttrs                                                
0000ad50  GPIO_config                                                        
0000ad60  Display_config                                                     
0000ad6c  SD_config                                                          
0000ad78  SPI_config                                                         
0000ada8  UART2_config                                                       
0000adb0  UDMACC26XX_config                                                  
0000adc0  ti_sysbios_knl_Idle_funcList                                       
0000adc8  udmaCC26XXHWAttrs                                                  
0000addf  Display_defaultParams                                              
0000ade0  SD_defaultParams                                                   
0000adec  ti_sysbios_family_arm_m3_Hwi_swiTaskKeyAddress                     
0000adf0  ti_sysbios_knl_Clock_tickPeriod                                    
0000adf8  GPIO_pinLowerBound                                                 
0000adf9  GPIO_pinUpperBound                                                 
0000adfa  SDFatFS_count                                                      
0000adfb  SD_count                                                           
0000adfc  SPI_count                                                          
0000adfd  UART2_count                                                        
0000ae00  __c_args__                                                         
0000af20  __TI_Handler_Table_Base                                            
0000af2c  __TI_Handler_Table_Limit                                           
0000af68  __TI_CINIT_Base                                                    
0000afa8  __TI_CINIT_Limit                                                   
0000afa8  __TI_CINIT_Warm                                                    
00057fa8  __ccfg                                                             
20000000  __start___llvm_prf_cnts                                            
20000000  __stop___llvm_prf_cnts                                             
20000000  ti_sysbios_family_arm_m3_Hwi_ramVectors                            
200000d8  PowerCC26X2_module                                                 
2000024c  _ftable                                                            
2000033c  gpioPinConfigs                                                     
200003b8  _device                                                            
20000430  BIOS_Module_state                                                  
2000045c  ti_sysbios_family_arm_m3_Hwi_Module_state                          
20000498  ti_sysbios_runtime_Startup_done                                    
2000049b  ti_sysbios_knl_Idle_initDone                                       
2000049c  ti_sysbios_runtime_Memory_defaultHeapInstance                      
200004b4  ti_sysbios_runtime_Error_ignore                                    
200004c0  ti_sysbios_family_arm_cc26xx_Timer_Module_state                    
200004cc  ti_sysbios_runtime_System_Module_state                             
200004d8  ti_sysbios_knl_Swi_Module_state                                    
20000500  ti_sysbios_knl_Clock_Module_state                                  
20000568  _stream                                                            
20000608  ti_sysbios_knl_Task_Module_state                                   
20000690  _hposcCoeffs                                                       
200006a0  _tz                                                                
200006b0  __TI_cleanup_ptr                                                   
200006b4  __TI_dtors_ptr                                                     
200006b8  ti_sysbios_gates_GateMutex_Module_state                            
200006c0  ti_sysbios_heaps_HeapMem_Module_state                              
200006c8  ti_sysbios_knl_Semaphore_Module_state                              
200006d0  __TI_ft_end                                                        
200006d4  __aeabi_errno                                                      
200006d8  _lock                                                              
200006dc  _unlock                                                            
20001a50  __primary_heap_start__                                             
20005a50  __primary_heap_end__                                               
20005a50  data_to_write                                                      
20006e50  sdfatfsObjects                                                     
20007090  ti_sysbios_knl_Idle_taskStack                                      
20007290  uart2CC26X2Objects                                                 
20007400  __CIOBUF_                                                          
20007520  spiCC26X2DMAObjects                                                
20007620  ti_sysbios_family_arm_m3_Hwi_dispatchTable                         
200076f8  __TI_tmpnams                                                       
20007820  gpioCallbackFunctions                                              
2000789c  gpioUserArgs                                                       
20007918  ti_sysbios_knl_ClockSupport_timerStruct                            
20007978  ti_sysbios_knl_Idle_taskStruct                                     
200079d0  ti_sysbios_knl_Swi_readyQs                                         
20007a00  ti_sysbios_knl_Task_readyQs                                        
20007a30  BIOS_heapMemObject                                                 
20007a84  BIOS_rtsGate                                                       
20007aac  ti_sysbios_heaps_HeapMem_gate                                      
20007b38  ti_sysbios_runtime_System_atexitHandlers                           
20007b58  udmaCC26XXObject                                                   
20007bb0  ti_sysbios_hal_Seconds_Module_state                                
20007bd4  displayUart2Object                                                 
20007be0  sdspiObjects                                                       
20007bec  parmbuf                                                            
20007c08  PowerCC26XX_swiKey                                                 
20007c0c  PowerCC26XX_taskKey                                                
20007c10  clocktick_delta                                                    
20007c14  clocktick_end                                                      
20007c18  clocktick_start                                                    
20007c1c  ti_sysbios_family_arm_cc26xx_TimestampProvider_Module_state        
20007c20  ti_sysbios_knl_Task_defaultStackHeap                               
20013a00  __stack                                                            
20014000  __STACK_END                                                        
ffffffff  __TI_pprof_out_hndl                                                
ffffffff  __TI_prof_data_size                                                
ffffffff  __TI_prof_data_start                                               
ffffffff  __binit__                                                          
ffffffff  binit                                                              
UNDEFED   ITM_flush                                                          
UNDEFED   ITM_restore                                                        
UNDEFED   __mpu_init                                                         

[581 symbols]
