<?xml version="1.0" encoding="ISO-8859-1" ?>
<link_info>
   <banner>TI ARM Clang Linker PC v2.1.2.LTS</banner>
   <copyright>Copyright (c) 1996-2018 Texas Instruments Incorporated</copyright>
   <link_time>0x6388af04</link_time>
   <link_errors>0x0</link_errors>
   <output_file>_tortugometro_ticlang2.out</output_file>
   <entry_point>
      <name>ResetISR</name>
      <address>0xf135</address>
   </entry_point>
   <input_file_list>
      <input_file id="fl-1">
         <path>.\</path>
         <kind>object</kind>
         <file>main.o</file>
         <name>main.o</name>
      </input_file>
      <input_file id="fl-2">
         <path>.\</path>
         <kind>object</kind>
         <file>rtos_tasks.o</file>
         <name>rtos_tasks.o</name>
      </input_file>
      <input_file id="fl-3">
         <path>.\</path>
         <kind>object</kind>
         <file>task_i2c0_imu.o</file>
         <name>task_i2c0_imu.o</name>
      </input_file>
      <input_file id="fl-4">
         <path>.\</path>
         <kind>object</kind>
         <file>task_i2c0_imu_mag.o</file>
         <name>task_i2c0_imu_mag.o</name>
      </input_file>
      <input_file id="fl-5">
         <path>.\</path>
         <kind>object</kind>
         <file>task_rfsub1ghz_ka.o</file>
         <name>task_rfsub1ghz_ka.o</name>
      </input_file>
      <input_file id="fl-6">
         <path>.\</path>
         <kind>object</kind>
         <file>task_spi0_microsd.o</file>
         <name>task_spi0_microsd.o</name>
      </input_file>
      <input_file id="fl-7">
         <path>.\</path>
         <kind>object</kind>
         <file>task_temp.o</file>
         <name>task_temp.o</name>
      </input_file>
      <input_file id="fl-8">
         <path>.\</path>
         <kind>object</kind>
         <file>task_uart0_gps.o</file>
         <name>task_uart0_gps.o</name>
      </input_file>
      <input_file id="fl-9">
         <path>.\</path>
         <kind>object</kind>
         <file>ti_easylink_config.o</file>
         <name>ti_easylink_config.o</name>
      </input_file>
      <input_file id="fl-a">
         <path>.\</path>
         <kind>object</kind>
         <file>ti_radio_config.o</file>
         <name>ti_radio_config.o</name>
      </input_file>
      <input_file id="fl-b">
         <path>.\syscfg\</path>
         <kind>object</kind>
         <file>ti_devices_config.o</file>
         <name>ti_devices_config.o</name>
      </input_file>
      <input_file id="fl-c">
         <path>.\syscfg\</path>
         <kind>object</kind>
         <file>ti_radio_config.o</file>
         <name>ti_radio_config.o</name>
      </input_file>
      <input_file id="fl-d">
         <path>.\syscfg\</path>
         <kind>object</kind>
         <file>ti_drivers_config.o</file>
         <name>ti_drivers_config.o</name>
      </input_file>
      <input_file id="fl-e">
         <path>.\syscfg\</path>
         <kind>object</kind>
         <file>ti_sysbios_config.o</file>
         <name>ti_sysbios_config.o</name>
      </input_file>
      <input_file id="fl-f">
         <path>.\MAC_to\</path>
         <kind>object</kind>
         <file>MAC_to.o</file>
         <name>MAC_to.o</name>
      </input_file>
      <input_file id="fl-10">
         <path>.\RTOS_AL\</path>
         <kind>object</kind>
         <file>rtos_AL.o</file>
         <name>rtos_AL.o</name>
      </input_file>
      <input_file id="fl-11">
         <path>.\RTOS_AL\</path>
         <kind>object</kind>
         <file>semaphore_AL.o</file>
         <name>semaphore_AL.o</name>
      </input_file>
      <input_file id="fl-12">
         <path>.\drivers_AL\</path>
         <kind>object</kind>
         <file>adc_AL.o</file>
         <name>adc_AL.o</name>
      </input_file>
      <input_file id="fl-13">
         <path>.\drivers_AL\</path>
         <kind>object</kind>
         <file>gpio_AL.o</file>
         <name>gpio_AL.o</name>
      </input_file>
      <input_file id="fl-14">
         <path>.\drivers_AL\</path>
         <kind>object</kind>
         <file>i2c_AL.o</file>
         <name>i2c_AL.o</name>
      </input_file>
      <input_file id="fl-15">
         <path>.\drivers_AL\</path>
         <kind>object</kind>
         <file>pwm_AL.o</file>
         <name>pwm_AL.o</name>
      </input_file>
      <input_file id="fl-16">
         <path>.\drivers_AL\</path>
         <kind>object</kind>
         <file>uart_AL.o</file>
         <name>uart_AL.o</name>
      </input_file>
      <input_file id="fl-17">
         <path>.\drivers_AL\</path>
         <kind>object</kind>
         <file>uart_printu.o</file>
         <name>uart_printu.o</name>
      </input_file>
      <input_file id="fl-18">
         <path>.\easylink\</path>
         <kind>object</kind>
         <file>EasyLink.o</file>
         <name>EasyLink.o</name>
      </input_file>
      <input_file id="fl-19">
         <path>.\gps_parser\</path>
         <kind>object</kind>
         <file>TinyGPS++.o</file>
         <name>TinyGPS++.o</name>
      </input_file>
      <input_file id="fl-1a">
         <path>.\gps_ublox\</path>
         <kind>object</kind>
         <file>gps_ublox.o</file>
         <name>gps_ublox.o</name>
      </input_file>
      <input_file id="fl-1b">
         <path>.\lsm9ds1\</path>
         <kind>object</kind>
         <file>LSM9DS1.o</file>
         <name>LSM9DS1.o</name>
      </input_file>
      <input_file id="fl-1c">
         <path>.\micro_sd_fat\</path>
         <kind>object</kind>
         <file>micro_sd_fat.o</file>
         <name>micro_sd_fat.o</name>
      </input_file>
      <input_file id="fl-32">
         <kind>object</kind>
         <file>&lt;internal&gt;</file>
         <name>&lt;internal&gt;</name>
      </input_file>
      <input_file id="fl-33">
         <path>C:\ti\simplelink_cc13xx_cc26xx_sdk_6_30_00_84\source\ti\display\lib\ticlang\m4f\</path>
         <kind>archive</kind>
         <file>display_cc13x2.a</file>
         <name>Display.c.obj</name>
      </input_file>
      <input_file id="fl-34">
         <path>C:\ti\simplelink_cc13xx_cc26xx_sdk_6_30_00_84\source\ti\display\lib\ticlang\m4f\</path>
         <kind>archive</kind>
         <file>display_cc13x2.a</file>
         <name>DisplayUart2.c.obj</name>
      </input_file>
      <input_file id="fl-35">
         <path>C:\ti\simplelink_cc13xx_cc26xx_sdk_6_30_00_84\source\ti\drivers\rf\lib\ticlang\m4f\</path>
         <kind>archive</kind>
         <file>rf_multiMode_cc13x2.a</file>
         <name>RFCC26X2_multiMode.c.cc13x2.ticlang.o</name>
      </input_file>
      <input_file id="fl-36">
         <path>C:\ti\simplelink_cc13xx_cc26xx_sdk_6_30_00_84\source\ti\drivers\rf\lib\ticlang\m4f\</path>
         <kind>archive</kind>
         <file>rf_multiMode_cc13x2.a</file>
         <name>rfc.c.cc13x2.ticlang.o</name>
      </input_file>
      <input_file id="fl-37">
         <path>C:\ti\simplelink_cc13xx_cc26xx_sdk_6_30_00_84\source\ti\drivers\rf\lib\ticlang\m4f\</path>
         <kind>archive</kind>
         <file>rf_multiMode_cc13x2.a</file>
         <name>rf_patch_cpe_multi_protocol.c.cc13x2.ticlang.o</name>
      </input_file>
      <input_file id="fl-38">
         <path>C:\ti\simplelink_cc13xx_cc26xx_sdk_6_30_00_84\source\ti\drivers\lib\ticlang\m4f\</path>
         <kind>archive</kind>
         <file>drivers_cc13x2.a</file>
         <name>List.c.obj</name>
      </input_file>
      <input_file id="fl-39">
         <path>C:\ti\simplelink_cc13xx_cc26xx_sdk_6_30_00_84\source\ti\drivers\lib\ticlang\m4f\</path>
         <kind>archive</kind>
         <file>drivers_cc13x2.a</file>
         <name>ADC.c.obj</name>
      </input_file>
      <input_file id="fl-3a">
         <path>C:\ti\simplelink_cc13xx_cc26xx_sdk_6_30_00_84\source\ti\drivers\lib\ticlang\m4f\</path>
         <kind>archive</kind>
         <file>drivers_cc13x2.a</file>
         <name>ADCCC26XX.c.obj</name>
      </input_file>
      <input_file id="fl-3b">
         <path>C:\ti\simplelink_cc13xx_cc26xx_sdk_6_30_00_84\source\ti\drivers\lib\ticlang\m4f\</path>
         <kind>archive</kind>
         <file>drivers_cc13x2.a</file>
         <name>GPIO.c.obj</name>
      </input_file>
      <input_file id="fl-3c">
         <path>C:\ti\simplelink_cc13xx_cc26xx_sdk_6_30_00_84\source\ti\drivers\lib\ticlang\m4f\</path>
         <kind>archive</kind>
         <file>drivers_cc13x2.a</file>
         <name>GPIOCC26XX.c.obj</name>
      </input_file>
      <input_file id="fl-3d">
         <path>C:\ti\simplelink_cc13xx_cc26xx_sdk_6_30_00_84\source\ti\drivers\lib\ticlang\m4f\</path>
         <kind>archive</kind>
         <file>drivers_cc13x2.a</file>
         <name>I2C.c.obj</name>
      </input_file>
      <input_file id="fl-3e">
         <path>C:\ti\simplelink_cc13xx_cc26xx_sdk_6_30_00_84\source\ti\drivers\lib\ticlang\m4f\</path>
         <kind>archive</kind>
         <file>drivers_cc13x2.a</file>
         <name>I2CCC26XX.c.obj</name>
      </input_file>
      <input_file id="fl-3f">
         <path>C:\ti\simplelink_cc13xx_cc26xx_sdk_6_30_00_84\source\ti\drivers\lib\ticlang\m4f\</path>
         <kind>archive</kind>
         <file>drivers_cc13x2.a</file>
         <name>PowerCC26X2.c.obj</name>
      </input_file>
      <input_file id="fl-40">
         <path>C:\ti\simplelink_cc13xx_cc26xx_sdk_6_30_00_84\source\ti\drivers\lib\ticlang\m4f\</path>
         <kind>archive</kind>
         <file>drivers_cc13x2.a</file>
         <name>PowerCC26X2_calibrateRCOSC.c.obj</name>
      </input_file>
      <input_file id="fl-41">
         <path>C:\ti\simplelink_cc13xx_cc26xx_sdk_6_30_00_84\source\ti\drivers\lib\ticlang\m4f\</path>
         <kind>archive</kind>
         <file>drivers_cc13x2.a</file>
         <name>PWM.c.obj</name>
      </input_file>
      <input_file id="fl-42">
         <path>C:\ti\simplelink_cc13xx_cc26xx_sdk_6_30_00_84\source\ti\drivers\lib\ticlang\m4f\</path>
         <kind>archive</kind>
         <file>drivers_cc13x2.a</file>
         <name>SDSPI.c.obj</name>
      </input_file>
      <input_file id="fl-43">
         <path>C:\ti\simplelink_cc13xx_cc26xx_sdk_6_30_00_84\source\ti\drivers\lib\ticlang\m4f\</path>
         <kind>archive</kind>
         <file>drivers_cc13x2.a</file>
         <name>SDFatFS.c.obj</name>
      </input_file>
      <input_file id="fl-44">
         <path>C:\ti\simplelink_cc13xx_cc26xx_sdk_6_30_00_84\source\ti\drivers\lib\ticlang\m4f\</path>
         <kind>archive</kind>
         <file>drivers_cc13x2.a</file>
         <name>SPI.c.obj</name>
      </input_file>
      <input_file id="fl-45">
         <path>C:\ti\simplelink_cc13xx_cc26xx_sdk_6_30_00_84\source\ti\drivers\lib\ticlang\m4f\</path>
         <kind>archive</kind>
         <file>drivers_cc13x2.a</file>
         <name>TemperatureCC26X2.c.obj</name>
      </input_file>
      <input_file id="fl-46">
         <path>C:\ti\simplelink_cc13xx_cc26xx_sdk_6_30_00_84\source\ti\drivers\lib\ticlang\m4f\</path>
         <kind>archive</kind>
         <file>drivers_cc13x2.a</file>
         <name>UART2.c.obj</name>
      </input_file>
      <input_file id="fl-47">
         <path>C:\ti\simplelink_cc13xx_cc26xx_sdk_6_30_00_84\source\ti\drivers\lib\ticlang\m4f\</path>
         <kind>archive</kind>
         <file>drivers_cc13x2.a</file>
         <name>UART2CC26X2.c.obj</name>
      </input_file>
      <input_file id="fl-48">
         <path>C:\ti\simplelink_cc13xx_cc26xx_sdk_6_30_00_84\source\ti\drivers\lib\ticlang\m4f\</path>
         <kind>archive</kind>
         <file>drivers_cc13x2.a</file>
         <name>GPIOCC26X2.c.obj</name>
      </input_file>
      <input_file id="fl-49">
         <path>C:\ti\simplelink_cc13xx_cc26xx_sdk_6_30_00_84\source\ti\drivers\lib\ticlang\m4f\</path>
         <kind>archive</kind>
         <file>drivers_cc13x2.a</file>
         <name>PowerCC26X2_calibrateRCOSC_helpers.c.obj</name>
      </input_file>
      <input_file id="fl-4a">
         <path>C:\ti\simplelink_cc13xx_cc26xx_sdk_6_30_00_84\source\ti\drivers\lib\ticlang\m4f\</path>
         <kind>archive</kind>
         <file>drivers_cc13x2.a</file>
         <name>PowerCC26X2_helpers.c.obj</name>
      </input_file>
      <input_file id="fl-4b">
         <path>C:\ti\simplelink_cc13xx_cc26xx_sdk_6_30_00_84\source\ti\drivers\lib\ticlang\m4f\</path>
         <kind>archive</kind>
         <file>drivers_cc13x2.a</file>
         <name>SPICC26X2DMA.c.obj</name>
      </input_file>
      <input_file id="fl-4c">
         <path>C:\ti\simplelink_cc13xx_cc26xx_sdk_6_30_00_84\source\ti\drivers\lib\ticlang\m4f\</path>
         <kind>archive</kind>
         <file>drivers_cc13x2.a</file>
         <name>RingBuf.c.obj</name>
      </input_file>
      <input_file id="fl-4d">
         <path>C:\ti\simplelink_cc13xx_cc26xx_sdk_6_30_00_84\source\ti\drivers\lib\ticlang\m4f\</path>
         <kind>archive</kind>
         <file>drivers_cc13x2.a</file>
         <name>UDMACC26XX.c.obj</name>
      </input_file>
      <input_file id="fl-4e">
         <path>C:\ti\simplelink_cc13xx_cc26xx_sdk_6_30_00_84\source\ti\drivers\lib\ticlang\m4f\</path>
         <kind>archive</kind>
         <file>drivers_cc13x2.a</file>
         <name>SD.c.obj</name>
      </input_file>
      <input_file id="fl-4f">
         <path>C:\ti\simplelink_cc13xx_cc26xx_sdk_6_30_00_84\source\third_party\fatfs\lib\ticlang\m4f\</path>
         <kind>archive</kind>
         <file>fatfs.a</file>
         <name>diskio.c.obj</name>
      </input_file>
      <input_file id="fl-50">
         <path>C:\ti\simplelink_cc13xx_cc26xx_sdk_6_30_00_84\source\third_party\fatfs\lib\ticlang\m4f\</path>
         <kind>archive</kind>
         <file>fatfs.a</file>
         <name>ff.c.obj</name>
      </input_file>
      <input_file id="fl-51">
         <path>C:\ti\simplelink_cc13xx_cc26xx_sdk_6_30_00_84\source\third_party\fatfs\lib\ticlang\m4f\</path>
         <kind>archive</kind>
         <file>fatfs.a</file>
         <name>ffsystem.c.obj</name>
      </input_file>
      <input_file id="fl-52">
         <path>C:\ti\simplelink_cc13xx_cc26xx_sdk_6_30_00_84\source\third_party\fatfs\lib\ticlang\m4f\</path>
         <kind>archive</kind>
         <file>fatfs.a</file>
         <name>ffcio.c.obj</name>
      </input_file>
      <input_file id="fl-53">
         <path>C:\ti\simplelink_cc13xx_cc26xx_sdk_6_30_00_84\kernel\tirtos7\packages\ti\sysbios\lib\ticlang\m4f\</path>
         <kind>archive</kind>
         <file>sysbios.a</file>
         <name>TaskSupport_asm_gnu.obj</name>
      </input_file>
      <input_file id="fl-54">
         <path>C:\ti\simplelink_cc13xx_cc26xx_sdk_6_30_00_84\kernel\tirtos7\packages\ti\sysbios\lib\ticlang\m4f\</path>
         <kind>archive</kind>
         <file>sysbios.a</file>
         <name>Hwi_asm_gnu.obj</name>
      </input_file>
      <input_file id="fl-55">
         <path>C:\ti\simplelink_cc13xx_cc26xx_sdk_6_30_00_84\kernel\tirtos7\packages\ti\sysbios\lib\ticlang\m4f\</path>
         <kind>archive</kind>
         <file>sysbios.a</file>
         <name>Hwi_asm_switch_gnu.obj</name>
      </input_file>
      <input_file id="fl-56">
         <path>C:\ti\simplelink_cc13xx_cc26xx_sdk_6_30_00_84\kernel\tirtos7\packages\ti\sysbios\lib\ticlang\m4f\</path>
         <kind>archive</kind>
         <file>sysbios.a</file>
         <name>boot_cortex_m.obj</name>
      </input_file>
      <input_file id="fl-57">
         <path>C:\ti\simplelink_cc13xx_cc26xx_sdk_6_30_00_84\source\ti\devices\cc13x2_cc26x2\driverlib\bin\ticlang\</path>
         <kind>archive</kind>
         <file>driverlib.lib</file>
         <name>aux_adc.o</name>
      </input_file>
      <input_file id="fl-58">
         <path>C:\ti\simplelink_cc13xx_cc26xx_sdk_6_30_00_84\source\ti\devices\cc13x2_cc26x2\driverlib\bin\ticlang\</path>
         <kind>archive</kind>
         <file>driverlib.lib</file>
         <name>chipinfo.o</name>
      </input_file>
      <input_file id="fl-59">
         <path>C:\ti\simplelink_cc13xx_cc26xx_sdk_6_30_00_84\source\ti\devices\cc13x2_cc26x2\driverlib\bin\ticlang\</path>
         <kind>archive</kind>
         <file>driverlib.lib</file>
         <name>setup.o</name>
      </input_file>
      <input_file id="fl-5a">
         <path>C:\ti\simplelink_cc13xx_cc26xx_sdk_6_30_00_84\source\ti\devices\cc13x2_cc26x2\driverlib\bin\ticlang\</path>
         <kind>archive</kind>
         <file>driverlib.lib</file>
         <name>aux_sysif.o</name>
      </input_file>
      <input_file id="fl-5b">
         <path>C:\ti\simplelink_cc13xx_cc26xx_sdk_6_30_00_84\source\ti\devices\cc13x2_cc26x2\driverlib\bin\ticlang\</path>
         <kind>archive</kind>
         <file>driverlib.lib</file>
         <name>sys_ctrl.o</name>
      </input_file>
      <input_file id="fl-5c">
         <path>C:\ti\simplelink_cc13xx_cc26xx_sdk_6_30_00_84\source\ti\devices\cc13x2_cc26x2\driverlib\bin\ticlang\</path>
         <kind>archive</kind>
         <file>driverlib.lib</file>
         <name>cpu.o</name>
      </input_file>
      <input_file id="fl-5d">
         <path>C:\ti\simplelink_cc13xx_cc26xx_sdk_6_30_00_84\source\ti\devices\cc13x2_cc26x2\driverlib\bin\ticlang\</path>
         <kind>archive</kind>
         <file>driverlib.lib</file>
         <name>osc.o</name>
      </input_file>
      <input_file id="fl-5e">
         <path>C:\ti\simplelink_cc13xx_cc26xx_sdk_6_30_00_84\source\ti\devices\cc13x2_cc26x2\driverlib\bin\ticlang\</path>
         <kind>archive</kind>
         <file>driverlib.lib</file>
         <name>prcm.o</name>
      </input_file>
      <input_file id="fl-6a">
         <path>C:\ti\ti_cgt_tiarmclang_2.1.2.LTS\lib\armv7em-ti-none-eabihf\c\</path>
         <kind>archive</kind>
         <file>libc.a</file>
         <name>e_atan2.c.obj</name>
      </input_file>
      <input_file id="fl-6b">
         <path>C:\ti\ti_cgt_tiarmclang_2.1.2.LTS\lib\armv7em-ti-none-eabihf\c\</path>
         <kind>archive</kind>
         <file>libc.a</file>
         <name>e_sqrt.c.obj</name>
      </input_file>
      <input_file id="fl-6c">
         <path>C:\ti\ti_cgt_tiarmclang_2.1.2.LTS\lib\armv7em-ti-none-eabihf\c\</path>
         <kind>archive</kind>
         <file>libc.a</file>
         <name>s_atan.c.obj</name>
      </input_file>
      <input_file id="fl-6d">
         <path>C:\ti\ti_cgt_tiarmclang_2.1.2.LTS\lib\armv7em-ti-none-eabihf\c\</path>
         <kind>archive</kind>
         <file>libc.a</file>
         <name>s_cos.c.obj</name>
      </input_file>
      <input_file id="fl-6e">
         <path>C:\ti\ti_cgt_tiarmclang_2.1.2.LTS\lib\armv7em-ti-none-eabihf\c\</path>
         <kind>archive</kind>
         <file>libc.a</file>
         <name>s_sin.c.obj</name>
      </input_file>
      <input_file id="fl-6f">
         <path>C:\ti\ti_cgt_tiarmclang_2.1.2.LTS\lib\armv7em-ti-none-eabihf\c\</path>
         <kind>archive</kind>
         <file>libc.a</file>
         <name>fclose.c.obj</name>
      </input_file>
      <input_file id="fl-70">
         <path>C:\ti\ti_cgt_tiarmclang_2.1.2.LTS\lib\armv7em-ti-none-eabihf\c\</path>
         <kind>archive</kind>
         <file>libc.a</file>
         <name>fflush.c.obj</name>
      </input_file>
      <input_file id="fl-71">
         <path>C:\ti\ti_cgt_tiarmclang_2.1.2.LTS\lib\armv7em-ti-none-eabihf\c\</path>
         <kind>archive</kind>
         <file>libc.a</file>
         <name>fopen.c.obj</name>
      </input_file>
      <input_file id="fl-72">
         <path>C:\ti\ti_cgt_tiarmclang_2.1.2.LTS\lib\armv7em-ti-none-eabihf\c\</path>
         <kind>archive</kind>
         <file>libc.a</file>
         <name>fwrite.c.obj</name>
      </input_file>
      <input_file id="fl-73">
         <path>C:\ti\ti_cgt_tiarmclang_2.1.2.LTS\lib\armv7em-ti-none-eabihf\c\</path>
         <kind>archive</kind>
         <file>libc.a</file>
         <name>_io_perm.c.obj</name>
      </input_file>
      <input_file id="fl-74">
         <path>C:\ti\ti_cgt_tiarmclang_2.1.2.LTS\lib\armv7em-ti-none-eabihf\c\</path>
         <kind>archive</kind>
         <file>libc.a</file>
         <name>setvbuf.c.obj</name>
      </input_file>
      <input_file id="fl-75">
         <path>C:\ti\ti_cgt_tiarmclang_2.1.2.LTS\lib\armv7em-ti-none-eabihf\c\</path>
         <kind>archive</kind>
         <file>libc.a</file>
         <name>aeabi_portable.c.obj</name>
      </input_file>
      <input_file id="fl-76">
         <path>C:\ti\ti_cgt_tiarmclang_2.1.2.LTS\lib\armv7em-ti-none-eabihf\c\</path>
         <kind>archive</kind>
         <file>libc.a</file>
         <name>k_rem_pio2.c.obj</name>
      </input_file>
      <input_file id="fl-77">
         <path>C:\ti\ti_cgt_tiarmclang_2.1.2.LTS\lib\armv7em-ti-none-eabihf\c\</path>
         <kind>archive</kind>
         <file>libc.a</file>
         <name>exit.c.obj</name>
      </input_file>
      <input_file id="fl-78">
         <path>C:\ti\ti_cgt_tiarmclang_2.1.2.LTS\lib\armv7em-ti-none-eabihf\c\</path>
         <kind>archive</kind>
         <file>libc.a</file>
         <name>_lock.c.obj</name>
      </input_file>
      <input_file id="fl-79">
         <path>C:\ti\ti_cgt_tiarmclang_2.1.2.LTS\lib\armv7em-ti-none-eabihf\c\</path>
         <kind>archive</kind>
         <file>libc.a</file>
         <name>args_main.c.obj</name>
      </input_file>
      <input_file id="fl-7a">
         <path>C:\ti\ti_cgt_tiarmclang_2.1.2.LTS\lib\armv7em-ti-none-eabihf\c\</path>
         <kind>archive</kind>
         <file>libc.a</file>
         <name>assert.c.obj</name>
      </input_file>
      <input_file id="fl-7b">
         <path>C:\ti\ti_cgt_tiarmclang_2.1.2.LTS\lib\armv7em-ti-none-eabihf\c\</path>
         <kind>archive</kind>
         <file>libc.a</file>
         <name>atol.c.obj</name>
      </input_file>
      <input_file id="fl-7c">
         <path>C:\ti\ti_cgt_tiarmclang_2.1.2.LTS\lib\armv7em-ti-none-eabihf\c\</path>
         <kind>archive</kind>
         <file>libc.a</file>
         <name>defs.c.obj</name>
      </input_file>
      <input_file id="fl-7d">
         <path>C:\ti\ti_cgt_tiarmclang_2.1.2.LTS\lib\armv7em-ti-none-eabihf\c\</path>
         <kind>archive</kind>
         <file>libc.a</file>
         <name>localtim64.c.obj</name>
      </input_file>
      <input_file id="fl-7e">
         <path>C:\ti\ti_cgt_tiarmclang_2.1.2.LTS\lib\armv7em-ti-none-eabihf\c\</path>
         <kind>archive</kind>
         <file>libc.a</file>
         <name>mktime64.c.obj</name>
      </input_file>
      <input_file id="fl-7f">
         <path>C:\ti\ti_cgt_tiarmclang_2.1.2.LTS\lib\armv7em-ti-none-eabihf\c\</path>
         <kind>archive</kind>
         <file>libc.a</file>
         <name>rand.c.obj</name>
      </input_file>
      <input_file id="fl-80">
         <path>C:\ti\ti_cgt_tiarmclang_2.1.2.LTS\lib\armv7em-ti-none-eabihf\c\</path>
         <kind>archive</kind>
         <file>libc.a</file>
         <name>rewind.c.obj</name>
      </input_file>
      <input_file id="fl-81">
         <path>C:\ti\ti_cgt_tiarmclang_2.1.2.LTS\lib\armv7em-ti-none-eabihf\c\</path>
         <kind>archive</kind>
         <file>libc.a</file>
         <name>tmzone.c.obj</name>
      </input_file>
      <input_file id="fl-82">
         <path>C:\ti\ti_cgt_tiarmclang_2.1.2.LTS\lib\armv7em-ti-none-eabihf\c\</path>
         <kind>archive</kind>
         <file>libc.a</file>
         <name>autoinit.c.obj</name>
      </input_file>
      <input_file id="fl-83">
         <path>C:\ti\ti_cgt_tiarmclang_2.1.2.LTS\lib\armv7em-ti-none-eabihf\c\</path>
         <kind>archive</kind>
         <file>libc.a</file>
         <name>cpy_tbl.c.obj</name>
      </input_file>
      <input_file id="fl-84">
         <path>C:\ti\ti_cgt_tiarmclang_2.1.2.LTS\lib\armv7em-ti-none-eabihf\c\</path>
         <kind>archive</kind>
         <file>libc.a</file>
         <name>copy_zero_init.c.obj</name>
      </input_file>
      <input_file id="fl-85">
         <path>C:\ti\ti_cgt_tiarmclang_2.1.2.LTS\lib\armv7em-ti-none-eabihf\c\</path>
         <kind>archive</kind>
         <file>libc.a</file>
         <name>copy_decompress_none.c.obj</name>
      </input_file>
      <input_file id="fl-86">
         <path>C:\ti\ti_cgt_tiarmclang_2.1.2.LTS\lib\armv7em-ti-none-eabihf\c\</path>
         <kind>archive</kind>
         <file>libc.a</file>
         <name>copy_decompress_lzss.c.obj</name>
      </input_file>
      <input_file id="fl-87">
         <path>C:\ti\ti_cgt_tiarmclang_2.1.2.LTS\lib\armv7em-ti-none-eabihf\c\</path>
         <kind>archive</kind>
         <file>libc.a</file>
         <name>k_cos.c.obj</name>
      </input_file>
      <input_file id="fl-88">
         <path>C:\ti\ti_cgt_tiarmclang_2.1.2.LTS\lib\armv7em-ti-none-eabihf\c\</path>
         <kind>archive</kind>
         <file>libc.a</file>
         <name>k_sin.c.obj</name>
      </input_file>
      <input_file id="fl-89">
         <path>C:\ti\ti_cgt_tiarmclang_2.1.2.LTS\lib\armv7em-ti-none-eabihf\c\</path>
         <kind>archive</kind>
         <file>libc.a</file>
         <name>s_floor.c.obj</name>
      </input_file>
      <input_file id="fl-8a">
         <path>C:\ti\ti_cgt_tiarmclang_2.1.2.LTS\lib\armv7em-ti-none-eabihf\c\</path>
         <kind>archive</kind>
         <file>libc.a</file>
         <name>s_scalbn.c.obj</name>
      </input_file>
      <input_file id="fl-8b">
         <path>C:\ti\ti_cgt_tiarmclang_2.1.2.LTS\lib\armv7em-ti-none-eabihf\c\</path>
         <kind>archive</kind>
         <file>libc.a</file>
         <name>sprintf.c.obj</name>
      </input_file>
      <input_file id="fl-8c">
         <path>C:\ti\ti_cgt_tiarmclang_2.1.2.LTS\lib\armv7em-ti-none-eabihf\c\</path>
         <kind>archive</kind>
         <file>libc.a</file>
         <name>fputs.c.obj</name>
      </input_file>
      <input_file id="fl-8d">
         <path>C:\ti\ti_cgt_tiarmclang_2.1.2.LTS\lib\armv7em-ti-none-eabihf\c\</path>
         <kind>archive</kind>
         <file>libc.a</file>
         <name>fseek.c.obj</name>
      </input_file>
      <input_file id="fl-8e">
         <path>C:\ti\ti_cgt_tiarmclang_2.1.2.LTS\lib\armv7em-ti-none-eabihf\c\</path>
         <kind>archive</kind>
         <file>libc.a</file>
         <name>aeabi_ctype.S.obj</name>
      </input_file>
      <input_file id="fl-8f">
         <path>C:\ti\ti_cgt_tiarmclang_2.1.2.LTS\lib\armv7em-ti-none-eabihf\c\</path>
         <kind>archive</kind>
         <file>libc.a</file>
         <name>_printfi.c.obj</name>
      </input_file>
      <input_file id="fl-90">
         <path>C:\ti\ti_cgt_tiarmclang_2.1.2.LTS\lib\armv7em-ti-none-eabihf\c\</path>
         <kind>archive</kind>
         <file>libc.a</file>
         <name>wcslen.c.obj</name>
      </input_file>
      <input_file id="fl-91">
         <path>C:\ti\ti_cgt_tiarmclang_2.1.2.LTS\lib\armv7em-ti-none-eabihf\c\</path>
         <kind>archive</kind>
         <file>libc.a</file>
         <name>_ltoa.c.obj</name>
      </input_file>
      <input_file id="fl-92">
         <path>C:\ti\ti_cgt_tiarmclang_2.1.2.LTS\lib\armv7em-ti-none-eabihf\c\</path>
         <kind>archive</kind>
         <file>libc.a</file>
         <name>atoi.c.obj</name>
      </input_file>
      <input_file id="fl-93">
         <path>C:\ti\ti_cgt_tiarmclang_2.1.2.LTS\lib\armv7em-ti-none-eabihf\c\</path>
         <kind>archive</kind>
         <file>libc.a</file>
         <name>memccpy.c.obj</name>
      </input_file>
      <input_file id="fl-94">
         <path>C:\ti\ti_cgt_tiarmclang_2.1.2.LTS\lib\armv7em-ti-none-eabihf\c\</path>
         <kind>archive</kind>
         <file>libc.a</file>
         <name>s_frexp.c.obj</name>
      </input_file>
      <input_file id="fl-cd">
         <path>C:\ti\ti_cgt_tiarmclang_2.1.2.LTS\lib\armv7em-ti-none-eabihf\c\</path>
         <kind>archive</kind>
         <file>libsysbm.a</file>
         <name>write.c.obj</name>
      </input_file>
      <input_file id="fl-ce">
         <path>C:\ti\ti_cgt_tiarmclang_2.1.2.LTS\lib\armv7em-ti-none-eabihf\c\</path>
         <kind>archive</kind>
         <file>libsysbm.a</file>
         <name>host_device.c.obj</name>
      </input_file>
      <input_file id="fl-cf">
         <path>C:\ti\ti_cgt_tiarmclang_2.1.2.LTS\lib\armv7em-ti-none-eabihf\c\</path>
         <kind>archive</kind>
         <file>libsysbm.a</file>
         <name>remove.c.obj</name>
      </input_file>
      <input_file id="fl-d0">
         <path>C:\ti\ti_cgt_tiarmclang_2.1.2.LTS\lib\armv7em-ti-none-eabihf\c\</path>
         <kind>archive</kind>
         <file>libsysbm.a</file>
         <name>open.c.obj</name>
      </input_file>
      <input_file id="fl-d1">
         <path>C:\ti\ti_cgt_tiarmclang_2.1.2.LTS\lib\armv7em-ti-none-eabihf\c\</path>
         <kind>archive</kind>
         <file>libsysbm.a</file>
         <name>lseek.c.obj</name>
      </input_file>
      <input_file id="fl-d2">
         <path>C:\ti\ti_cgt_tiarmclang_2.1.2.LTS\lib\armv7em-ti-none-eabihf\c\</path>
         <kind>archive</kind>
         <file>libsysbm.a</file>
         <name>close.c.obj</name>
      </input_file>
      <input_file id="fl-d3">
         <path>C:\ti\ti_cgt_tiarmclang_2.1.2.LTS\lib\armv7em-ti-none-eabihf\c\</path>
         <kind>archive</kind>
         <file>libsysbm.a</file>
         <name>add_device.c.obj</name>
      </input_file>
      <input_file id="fl-d4">
         <path>C:\ti\ti_cgt_tiarmclang_2.1.2.LTS\lib\armv7em-ti-none-eabihf\c\</path>
         <kind>archive</kind>
         <file>libsysbm.a</file>
         <name>unlink.c.obj</name>
      </input_file>
      <input_file id="fl-d5">
         <path>C:\ti\ti_cgt_tiarmclang_2.1.2.LTS\lib\armv7em-ti-none-eabihf\c\</path>
         <kind>archive</kind>
         <file>libsysbm.a</file>
         <name>hostclose.c.obj</name>
      </input_file>
      <input_file id="fl-d6">
         <path>C:\ti\ti_cgt_tiarmclang_2.1.2.LTS\lib\armv7em-ti-none-eabihf\c\</path>
         <kind>archive</kind>
         <file>libsysbm.a</file>
         <name>hostlseek.c.obj</name>
      </input_file>
      <input_file id="fl-d7">
         <path>C:\ti\ti_cgt_tiarmclang_2.1.2.LTS\lib\armv7em-ti-none-eabihf\c\</path>
         <kind>archive</kind>
         <file>libsysbm.a</file>
         <name>hostopen.c.obj</name>
      </input_file>
      <input_file id="fl-d8">
         <path>C:\ti\ti_cgt_tiarmclang_2.1.2.LTS\lib\armv7em-ti-none-eabihf\c\</path>
         <kind>archive</kind>
         <file>libsysbm.a</file>
         <name>hostread.c.obj</name>
      </input_file>
      <input_file id="fl-d9">
         <path>C:\ti\ti_cgt_tiarmclang_2.1.2.LTS\lib\armv7em-ti-none-eabihf\c\</path>
         <kind>archive</kind>
         <file>libsysbm.a</file>
         <name>hostrename.c.obj</name>
      </input_file>
      <input_file id="fl-da">
         <path>C:\ti\ti_cgt_tiarmclang_2.1.2.LTS\lib\armv7em-ti-none-eabihf\c\</path>
         <kind>archive</kind>
         <file>libsysbm.a</file>
         <name>hostunlink.c.obj</name>
      </input_file>
      <input_file id="fl-db">
         <path>C:\ti\ti_cgt_tiarmclang_2.1.2.LTS\lib\armv7em-ti-none-eabihf\c\</path>
         <kind>archive</kind>
         <file>libsysbm.a</file>
         <name>hostwrite.c.obj</name>
      </input_file>
      <input_file id="fl-dc">
         <path>C:\ti\ti_cgt_tiarmclang_2.1.2.LTS\lib\armv7em-ti-none-eabihf\c\</path>
         <kind>archive</kind>
         <file>libsysbm.a</file>
         <name>trgmsg.c.obj</name>
      </input_file>
      <input_file id="fl-dd">
         <path>C:\ti\ti_cgt_tiarmclang_2.1.2.LTS\lib\clang\14.0.6\lib\armv7em-ti-none-eabihf\</path>
         <kind>archive</kind>
         <file>libclang_rt.builtins.a</file>
         <name>adddf3.S.obj</name>
      </input_file>
      <input_file id="fl-de">
         <path>C:\ti\ti_cgt_tiarmclang_2.1.2.LTS\lib\clang\14.0.6\lib\armv7em-ti-none-eabihf\</path>
         <kind>archive</kind>
         <file>libclang_rt.builtins.a</file>
         <name>muldf3.S.obj</name>
      </input_file>
      <input_file id="fl-df">
         <path>C:\ti\ti_cgt_tiarmclang_2.1.2.LTS\lib\clang\14.0.6\lib\armv7em-ti-none-eabihf\</path>
         <kind>archive</kind>
         <file>libclang_rt.builtins.a</file>
         <name>divdf3.S.obj</name>
      </input_file>
      <input_file id="fl-e0">
         <path>C:\ti\ti_cgt_tiarmclang_2.1.2.LTS\lib\clang\14.0.6\lib\armv7em-ti-none-eabihf\</path>
         <kind>archive</kind>
         <file>libclang_rt.builtins.a</file>
         <name>extendsfdf2.S.obj</name>
      </input_file>
      <input_file id="fl-e1">
         <path>C:\ti\ti_cgt_tiarmclang_2.1.2.LTS\lib\clang\14.0.6\lib\armv7em-ti-none-eabihf\</path>
         <kind>archive</kind>
         <file>libclang_rt.builtins.a</file>
         <name>fixdfsi.S.obj</name>
      </input_file>
      <input_file id="fl-e2">
         <path>C:\ti\ti_cgt_tiarmclang_2.1.2.LTS\lib\clang\14.0.6\lib\armv7em-ti-none-eabihf\</path>
         <kind>archive</kind>
         <file>libclang_rt.builtins.a</file>
         <name>fixunsdfsi.S.obj</name>
      </input_file>
      <input_file id="fl-e3">
         <path>C:\ti\ti_cgt_tiarmclang_2.1.2.LTS\lib\clang\14.0.6\lib\armv7em-ti-none-eabihf\</path>
         <kind>archive</kind>
         <file>libclang_rt.builtins.a</file>
         <name>floatsidf.S.obj</name>
      </input_file>
      <input_file id="fl-e4">
         <path>C:\ti\ti_cgt_tiarmclang_2.1.2.LTS\lib\clang\14.0.6\lib\armv7em-ti-none-eabihf\</path>
         <kind>archive</kind>
         <file>libclang_rt.builtins.a</file>
         <name>floatunsidf.S.obj</name>
      </input_file>
      <input_file id="fl-e5">
         <path>C:\ti\ti_cgt_tiarmclang_2.1.2.LTS\lib\clang\14.0.6\lib\armv7em-ti-none-eabihf\</path>
         <kind>archive</kind>
         <file>libclang_rt.builtins.a</file>
         <name>truncdfsf2.S.obj</name>
      </input_file>
      <input_file id="fl-e6">
         <path>C:\ti\ti_cgt_tiarmclang_2.1.2.LTS\lib\clang\14.0.6\lib\armv7em-ti-none-eabihf\</path>
         <kind>archive</kind>
         <file>libclang_rt.builtins.a</file>
         <name>aeabi_dcmp.S.obj</name>
      </input_file>
      <input_file id="fl-e7">
         <path>C:\ti\ti_cgt_tiarmclang_2.1.2.LTS\lib\clang\14.0.6\lib\armv7em-ti-none-eabihf\</path>
         <kind>archive</kind>
         <file>libclang_rt.builtins.a</file>
         <name>aeabi_ldivmod.S.obj</name>
      </input_file>
      <input_file id="fl-e8">
         <path>C:\ti\ti_cgt_tiarmclang_2.1.2.LTS\lib\clang\14.0.6\lib\armv7em-ti-none-eabihf\</path>
         <kind>archive</kind>
         <file>libclang_rt.builtins.a</file>
         <name>aeabi_memcpy.S.obj</name>
      </input_file>
      <input_file id="fl-e9">
         <path>C:\ti\ti_cgt_tiarmclang_2.1.2.LTS\lib\clang\14.0.6\lib\armv7em-ti-none-eabihf\</path>
         <kind>archive</kind>
         <file>libclang_rt.builtins.a</file>
         <name>aeabi_memset.S.obj</name>
      </input_file>
      <input_file id="fl-ea">
         <path>C:\ti\ti_cgt_tiarmclang_2.1.2.LTS\lib\clang\14.0.6\lib\armv7em-ti-none-eabihf\</path>
         <kind>archive</kind>
         <file>libclang_rt.builtins.a</file>
         <name>aeabi_uldivmod.S.obj</name>
      </input_file>
      <input_file id="fl-eb">
         <path>C:\ti\ti_cgt_tiarmclang_2.1.2.LTS\lib\clang\14.0.6\lib\armv7em-ti-none-eabihf\</path>
         <kind>archive</kind>
         <file>libclang_rt.builtins.a</file>
         <name>udivmoddi4.S.obj</name>
      </input_file>
      <input_file id="fl-ec">
         <path>C:\ti\ti_cgt_tiarmclang_2.1.2.LTS\lib\clang\14.0.6\lib\armv7em-ti-none-eabihf\</path>
         <kind>archive</kind>
         <file>libclang_rt.builtins.a</file>
         <name>comparedf2.c.obj</name>
      </input_file>
      <input_file id="fl-ed">
         <path>C:\ti\ti_cgt_tiarmclang_2.1.2.LTS\lib\clang\14.0.6\lib\armv7em-ti-none-eabihf\</path>
         <kind>archive</kind>
         <file>libclang_rt.builtins.a</file>
         <name>divmoddi4.c.obj</name>
      </input_file>
      <input_file id="fl-ee">
         <path>C:\ti\ti_cgt_tiarmclang_2.1.2.LTS\lib\clang\14.0.6\lib\armv7em-ti-none-eabihf\</path>
         <kind>archive</kind>
         <file>libclang_rt.builtins.a</file>
         <name>aeabi_div0.c.obj</name>
      </input_file>
      <input_file id="fl-ef">
         <path>C:\ti\ti_cgt_tiarmclang_2.1.2.LTS\lib\armv7em-ti-none-eabihf\c\</path>
         <kind>archive</kind>
         <file>libc.a</file>
         <name>getdevice.c.obj</name>
      </input_file>
      <input_file id="fl-f0">
         <path>C:\ti\ti_cgt_tiarmclang_2.1.2.LTS\lib\armv7em-ti-none-eabihf\c\</path>
         <kind>archive</kind>
         <file>libc.a</file>
         <name>memcpy_t2.S.obj</name>
      </input_file>
      <input_file id="fl-f1">
         <path>C:\ti\ti_cgt_tiarmclang_2.1.2.LTS\lib\armv7em-ti-none-eabihf\c\</path>
         <kind>archive</kind>
         <file>libc.a</file>
         <name>memset_t2.S.obj</name>
      </input_file>
   </input_file_list>
   <object_component_list>
      <object_component id="oc-4d2">
         <name>.text.RF_fsmActiveState</name>
         <load_address>0x40</load_address>
         <run_address>0x40</run_address>
         <size>0x498</size>
         <input_file_ref idref="fl-35"/>
      </object_component>
      <object_component id="oc-270">
         <name>.text.EasyLink_init</name>
         <load_address>0x4d8</load_address>
         <run_address>0x4d8</run_address>
         <size>0x370</size>
         <input_file_ref idref="fl-18"/>
      </object_component>
      <object_component id="oc-44f">
         <name>.text._ZN11TinyGPSPlus16endOfTermHandlerEv</name>
         <load_address>0x848</load_address>
         <run_address>0x848</run_address>
         <size>0x368</size>
         <input_file_ref idref="fl-19"/>
      </object_component>
      <object_component id="oc-6a6">
         <name>.text.ti_sysbios_runtime_System_doPrint</name>
         <load_address>0xbb0</load_address>
         <run_address>0xbb0</run_address>
         <size>0x340</size>
         <input_file_ref idref="fl-e"/>
      </object_component>
      <object_component id="oc-6f3">
         <name>.text.SPICC26X2DMA_transfer</name>
         <load_address>0xef0</load_address>
         <run_address>0xef0</run_address>
         <size>0x2c8</size>
         <input_file_ref idref="fl-4b"/>
      </object_component>
      <object_component id="oc-307">
         <name>.text.RF_open</name>
         <load_address>0x11b8</load_address>
         <run_address>0x11b8</run_address>
         <size>0x29c</size>
         <input_file_ref idref="fl-35"/>
      </object_component>
      <object_component id="oc-210">
         <name>.text.task_i2c0_imu_accgyro</name>
         <load_address>0x1454</load_address>
         <run_address>0x1454</run_address>
         <size>0x294</size>
         <input_file_ref idref="fl-3"/>
      </object_component>
      <object_component id="oc-49c">
         <name>.text.__mktime64</name>
         <load_address>0x16e8</load_address>
         <run_address>0x16e8</run_address>
         <size>0x288</size>
         <input_file_ref idref="fl-7e"/>
      </object_component>
      <object_component id="oc-577">
         <name>.text.find_volume</name>
         <load_address>0x1970</load_address>
         <run_address>0x1970</run_address>
         <size>0x268</size>
         <input_file_ref idref="fl-50"/>
      </object_component>
      <object_component id="oc-51f">
         <name>.text.UART2CC26X2_hwiIntFxn</name>
         <load_address>0x1bd8</load_address>
         <run_address>0x1bd8</run_address>
         <size>0x1f0</size>
         <input_file_ref idref="fl-47"/>
      </object_component>
      <object_component id="oc-489">
         <name>.text.f_open</name>
         <load_address>0x1dc8</load_address>
         <run_address>0x1dc8</run_address>
         <size>0x1ea</size>
         <input_file_ref idref="fl-50"/>
      </object_component>
      <object_component id="oc-228">
         <name>.text.BIOS_nullFunc</name>
         <load_address>0x1fb2</load_address>
         <run_address>0x1fb2</run_address>
         <size>0x2</size>
         <input_file_ref idref="fl-e"/>
      </object_component>
      <object_component id="oc-31c">
         <name>.text.RF_scheduleCmd</name>
         <load_address>0x1fb4</load_address>
         <run_address>0x1fb4</run_address>
         <size>0x1e8</size>
         <input_file_ref idref="fl-35"/>
      </object_component>
      <object_component id="oc-60c">
         <name>.text.UART2_readTimeout</name>
         <load_address>0x219c</load_address>
         <run_address>0x219c</run_address>
         <size>0x1e2</size>
         <input_file_ref idref="fl-46"/>
      </object_component>
      <object_component id="oc-11c">
         <name>.text.Board_initHook</name>
         <load_address>0x237e</load_address>
         <run_address>0x237e</run_address>
         <size>0x2</size>
         <input_file_ref idref="fl-d"/>
      </object_component>
      <object_component id="oc-4d1">
         <name>.text.RF_dispatchNextCmd</name>
         <load_address>0x2380</load_address>
         <run_address>0x2380</run_address>
         <size>0x1dc</size>
         <input_file_ref idref="fl-35"/>
      </object_component>
      <object_component id="oc-692">
         <name>.text.SDSPI_initialize</name>
         <load_address>0x255c</load_address>
         <run_address>0x255c</run_address>
         <size>0x1cc</size>
         <input_file_ref idref="fl-42"/>
      </object_component>
      <object_component id="oc-578">
         <name>.text.follow_path</name>
         <load_address>0x2728</load_address>
         <run_address>0x2728</run_address>
         <size>0x1b8</size>
         <input_file_ref idref="fl-50"/>
      </object_component>
      <object_component id="oc-36d">
         <name>.text</name>
         <load_address>0x28e0</load_address>
         <run_address>0x28e0</run_address>
         <size>0x1b6</size>
         <input_file_ref idref="fl-dd"/>
      </object_component>
      <object_component id="oc-6fe">
         <name>.text.SPICC26X2DMA_hwiFxn</name>
         <load_address>0x2a96</load_address>
         <run_address>0x2a96</run_address>
         <size>0x1ae</size>
         <input_file_ref idref="fl-4b"/>
      </object_component>
      <object_component id="oc-486">
         <name>.text.f_write</name>
         <load_address>0x2c44</load_address>
         <run_address>0x2c44</run_address>
         <size>0x19c</size>
         <input_file_ref idref="fl-50"/>
      </object_component>
      <object_component id="oc-181">
         <name>.text.PowerCC26X2_auxISR</name>
         <load_address>0x2de0</load_address>
         <run_address>0x2de0</run_address>
         <size>0x194</size>
         <input_file_ref idref="fl-40"/>
      </object_component>
      <object_component id="oc-3b4">
         <name>.text.__localtime64</name>
         <load_address>0x2f74</load_address>
         <run_address>0x2f74</run_address>
         <size>0x190</size>
         <input_file_ref idref="fl-7d"/>
      </object_component>
      <object_component id="oc-6f2">
         <name>.text.SPICC26X2DMA_open</name>
         <load_address>0x3104</load_address>
         <run_address>0x3104</run_address>
         <size>0x188</size>
         <input_file_ref idref="fl-4b"/>
      </object_component>
      <object_component id="oc-3b8">
         <name>.text.fwrite</name>
         <load_address>0x328c</load_address>
         <run_address>0x328c</run_address>
         <size>0x184</size>
         <input_file_ref idref="fl-72"/>
      </object_component>
      <object_component id="oc-437">
         <name>.text.UART2_open</name>
         <load_address>0x3410</load_address>
         <run_address>0x3410</run_address>
         <size>0x17c</size>
         <input_file_ref idref="fl-47"/>
      </object_component>
      <object_component id="oc-274">
         <name>.text.EasyLink_transmit</name>
         <load_address>0x358c</load_address>
         <run_address>0x358c</run_address>
         <size>0x174</size>
         <input_file_ref idref="fl-18"/>
      </object_component>
      <object_component id="oc-6a8">
         <name>.text.UART2_writeTimeoutBlocking</name>
         <load_address>0x3700</load_address>
         <run_address>0x3700</run_address>
         <size>0x174</size>
         <input_file_ref idref="fl-46"/>
      </object_component>
      <object_component id="oc-487">
         <name>.text.f_read</name>
         <load_address>0x3874</load_address>
         <run_address>0x3874</run_address>
         <size>0x172</size>
         <input_file_ref idref="fl-50"/>
      </object_component>
      <object_component id="oc-484">
         <name>.text.f_lseek</name>
         <load_address>0x39e6</load_address>
         <run_address>0x39e6</run_address>
         <size>0x164</size>
         <input_file_ref idref="fl-50"/>
      </object_component>
      <object_component id="oc-4f5">
         <name>.text.DisplayUart2Min_clear</name>
         <load_address>0x3b4a</load_address>
         <run_address>0x3b4a</run_address>
         <size>0x2</size>
         <input_file_ref idref="fl-34"/>
      </object_component>
      <object_component id="oc-217">
         <name>.text.task_uart0_gps</name>
         <load_address>0x3b4c</load_address>
         <run_address>0x3b4c</run_address>
         <size>0x164</size>
         <input_file_ref idref="fl-8"/>
      </object_component>
      <object_component id="oc-709">
         <name>.text.configNextTransfer</name>
         <load_address>0x3cb0</load_address>
         <run_address>0x3cb0</run_address>
         <size>0x160</size>
         <input_file_ref idref="fl-4b"/>
      </object_component>
      <object_component id="oc-24a">
         <name>.text.Power_sleep</name>
         <load_address>0x3e10</load_address>
         <run_address>0x3e10</run_address>
         <size>0x158</size>
         <input_file_ref idref="fl-3f"/>
      </object_component>
      <object_component id="oc-4d7">
         <name>.text.RF_radioOpDoneCb</name>
         <load_address>0x3f68</load_address>
         <run_address>0x3f68</run_address>
         <size>0x148</size>
         <input_file_ref idref="fl-35"/>
      </object_component>
      <object_component id="oc-6c8">
         <name>.text.ti_sysbios_runtime_System_printfExtend</name>
         <load_address>0x40b0</load_address>
         <run_address>0x40b0</run_address>
         <size>0x144</size>
         <input_file_ref idref="fl-e"/>
      </object_component>
      <object_component id="oc-41e">
         <name>.text.I2C_open</name>
         <load_address>0x41f4</load_address>
         <run_address>0x41f4</run_address>
         <size>0x13c</size>
         <input_file_ref idref="fl-3e"/>
      </object_component>
      <object_component id="oc-13c">
         <name>.text</name>
         <load_address>0x4330</load_address>
         <run_address>0x4330</run_address>
         <size>0x136</size>
         <input_file_ref idref="fl-df"/>
      </object_component>
      <object_component id="oc-4f6">
         <name>.text.DisplayUart2Min_clearLines</name>
         <load_address>0x4466</load_address>
         <run_address>0x4466</run_address>
         <size>0x2</size>
         <input_file_ref idref="fl-34"/>
      </object_component>
      <object_component id="oc-2f9">
         <name>.text.RF_close</name>
         <load_address>0x4468</load_address>
         <run_address>0x4468</run_address>
         <size>0x12c</size>
         <input_file_ref idref="fl-35"/>
      </object_component>
      <object_component id="oc-4d9">
         <name>.text.RF_fsmSetupState</name>
         <load_address>0x4594</load_address>
         <run_address>0x4594</run_address>
         <size>0x12c</size>
         <input_file_ref idref="fl-35"/>
      </object_component>
      <object_component id="oc-678">
         <name>.text.I2C_transferTimeout</name>
         <load_address>0x46c0</load_address>
         <run_address>0x46c0</run_address>
         <size>0x126</size>
         <input_file_ref idref="fl-3d"/>
      </object_component>
      <object_component id="oc-4ef">
         <name>.text.DisplayUart2Min_init</name>
         <load_address>0x47e6</load_address>
         <run_address>0x47e6</run_address>
         <size>0x2</size>
         <input_file_ref idref="fl-34"/>
      </object_component>
      <object_component id="oc-5c8">
         <name>.text.RF_abortCmd</name>
         <load_address>0x47e8</load_address>
         <run_address>0x47e8</run_address>
         <size>0x124</size>
         <input_file_ref idref="fl-35"/>
      </object_component>
      <object_component id="oc-6f4">
         <name>.text.SPICC26X2DMA_transferCancel</name>
         <load_address>0x490c</load_address>
         <run_address>0x490c</run_address>
         <size>0x122</size>
         <input_file_ref idref="fl-4b"/>
      </object_component>
      <object_component id="oc-df">
         <name>.text.I2C_init</name>
         <load_address>0x4a2e</load_address>
         <run_address>0x4a2e</run_address>
         <size>0x2</size>
         <input_file_ref idref="fl-3d"/>
      </object_component>
      <object_component id="oc-48d">
         <name>.text._openfile</name>
         <load_address>0x4a30</load_address>
         <run_address>0x4a30</run_address>
         <size>0x120</size>
         <input_file_ref idref="fl-71"/>
      </object_component>
      <object_component id="oc-231">
         <name>.text.ti_sysbios_family_arm_cc26xx_Timer_construct</name>
         <load_address>0x4b50</load_address>
         <run_address>0x4b50</run_address>
         <size>0x120</size>
         <input_file_ref idref="fl-e"/>
      </object_component>
      <object_component id="oc-7b">
         <name>.text.ti_sysbios_family_arm_m3_Hwi_dispatch</name>
         <load_address>0x4c70</load_address>
         <run_address>0x4c70</run_address>
         <size>0x11c</size>
         <input_file_ref idref="fl-54"/>
      </object_component>
      <object_component id="oc-6a7">
         <name>.text.UART2_writeTimeoutNonblocking</name>
         <load_address>0x4d8c</load_address>
         <run_address>0x4d8c</run_address>
         <size>0x11a</size>
         <input_file_ref idref="fl-46"/>
      </object_component>
      <object_component id="oc-66f">
         <name>.text.NOROM_RFCCpePatchReset</name>
         <load_address>0x4ea6</load_address>
         <run_address>0x4ea6</run_address>
         <size>0x2</size>
         <input_file_ref idref="fl-36"/>
      </object_component>
      <object_component id="oc-115">
         <name>.text.Power_init</name>
         <load_address>0x4ea8</load_address>
         <run_address>0x4ea8</run_address>
         <size>0x118</size>
         <input_file_ref idref="fl-3f"/>
      </object_component>
      <object_component id="oc-3e8">
         <name>.text.RF_decodeOverridePointers</name>
         <load_address>0x4fc0</load_address>
         <run_address>0x4fc0</run_address>
         <size>0x118</size>
         <input_file_ref idref="fl-35"/>
      </object_component>
      <object_component id="oc-47b">
         <name>.text.f_rename</name>
         <load_address>0x50d8</load_address>
         <run_address>0x50d8</run_address>
         <size>0x116</size>
         <input_file_ref idref="fl-50"/>
      </object_component>
      <object_component id="oc-3ff">
         <name>.text.RF_defaultCallback</name>
         <load_address>0x51ee</load_address>
         <run_address>0x51ee</run_address>
         <size>0x2</size>
         <input_file_ref idref="fl-35"/>
      </object_component>
      <object_component id="oc-1f1">
         <name>.text.PowerCC26X2_calibrate</name>
         <load_address>0x51f0</load_address>
         <run_address>0x51f0</run_address>
         <size>0x10c</size>
         <input_file_ref idref="fl-40"/>
      </object_component>
      <object_component id="oc-589">
         <name>.text.create_chain</name>
         <load_address>0x52fc</load_address>
         <run_address>0x52fc</run_address>
         <size>0x10c</size>
         <input_file_ref idref="fl-50"/>
      </object_component>
      <object_component id="oc-3fe">
         <name>.text.RF_fsmPowerUpState</name>
         <load_address>0x5408</load_address>
         <run_address>0x5408</run_address>
         <size>0x108</size>
         <input_file_ref idref="fl-35"/>
      </object_component>
      <object_component id="oc-271">
         <name>.text.EasyLink_setFrequency</name>
         <load_address>0x5510</load_address>
         <run_address>0x5510</run_address>
         <size>0x104</size>
         <input_file_ref idref="fl-18"/>
      </object_component>
      <object_component id="oc-d9">
         <name>.text.GPIO_init</name>
         <load_address>0x5614</load_address>
         <run_address>0x5614</run_address>
         <size>0x104</size>
         <input_file_ref idref="fl-48"/>
      </object_component>
      <object_component id="oc-51a">
         <name>.text.UART2CC26X2_initHw</name>
         <load_address>0x5718</load_address>
         <run_address>0x5718</run_address>
         <size>0x104</size>
         <input_file_ref idref="fl-47"/>
      </object_component>
      <object_component id="oc-4d3">
         <name>.text.RF_hwiCpe0Active</name>
         <load_address>0x581c</load_address>
         <run_address>0x581c</run_address>
         <size>0xfc</size>
         <input_file_ref idref="fl-35"/>
      </object_component>
      <object_component id="oc-369">
         <name>.text</name>
         <load_address>0x5918</load_address>
         <run_address>0x5918</run_address>
         <size>0xfc</size>
         <input_file_ref idref="fl-de"/>
      </object_component>
      <object_component id="oc-385">
         <name>.text.NOROM_SysCtrlStandby</name>
         <load_address>0x5a14</load_address>
         <run_address>0x5a14</run_address>
         <size>0xf4</size>
         <input_file_ref idref="fl-5b"/>
      </object_component>
      <object_component id="oc-64e">
         <name>.text.put_fat</name>
         <load_address>0x5b08</load_address>
         <run_address>0x5b08</run_address>
         <size>0xf4</size>
         <input_file_ref idref="fl-50"/>
      </object_component>
      <object_component id="oc-602">
         <name>.text.UART2Support_dmaStartRx</name>
         <load_address>0x5bfc</load_address>
         <run_address>0x5bfc</run_address>
         <size>0xf0</size>
         <input_file_ref idref="fl-47"/>
      </object_component>
      <object_component id="oc-35c">
         <name>.text._ZN11TinyGPSPlus5parseEc</name>
         <load_address>0x5cec</load_address>
         <run_address>0x5cec</run_address>
         <size>0xf0</size>
         <input_file_ref idref="fl-19"/>
      </object_component>
      <object_component id="oc-695">
         <name>.text.SDSPI_write</name>
         <load_address>0x5ddc</load_address>
         <run_address>0x5ddc</run_address>
         <size>0xec</size>
         <input_file_ref idref="fl-42"/>
      </object_component>
      <object_component id="oc-218">
         <name>.text.task_temp</name>
         <load_address>0x5ec8</load_address>
         <run_address>0x5ec8</run_address>
         <size>0xec</size>
         <input_file_ref idref="fl-7"/>
      </object_component>
      <object_component id="oc-503">
         <name>.text.I2CCC26XX_hwiFxn</name>
         <load_address>0x5fb4</load_address>
         <run_address>0x5fb4</run_address>
         <size>0xe8</size>
         <input_file_ref idref="fl-3e"/>
      </object_component>
      <object_component id="oc-211">
         <name>.text.task_i2c0_imu_mag</name>
         <load_address>0x609c</load_address>
         <run_address>0x609c</run_address>
         <size>0xe8</size>
         <input_file_ref idref="fl-4"/>
      </object_component>
      <object_component id="oc-84">
         <name>.text.NOROM_SetupTrimDevice</name>
         <load_address>0x6184</load_address>
         <run_address>0x6184</run_address>
         <size>0xe4</size>
         <input_file_ref idref="fl-59"/>
      </object_component>
      <object_component id="oc-2e9">
         <name>.text.ti_sysbios_knl_Semaphore_pend</name>
         <load_address>0x6268</load_address>
         <run_address>0x6268</run_address>
         <size>0xe4</size>
         <input_file_ref idref="fl-e"/>
      </object_component>
      <object_component id="oc-6f0">
         <name>.text.SPICC26X2DMA_control</name>
         <load_address>0x634c</load_address>
         <run_address>0x634c</run_address>
         <size>0xd8</size>
         <input_file_ref idref="fl-4b"/>
      </object_component>
      <object_component id="oc-137">
         <name>.text.pthread_create</name>
         <load_address>0x6424</load_address>
         <run_address>0x6424</run_address>
         <size>0xd8</size>
         <input_file_ref idref="fl-e"/>
      </object_component>
      <object_component id="oc-3d3">
         <name>.text.ClockP_destruct</name>
         <load_address>0x64fc</load_address>
         <run_address>0x64fc</run_address>
         <size>0x4</size>
         <input_file_ref idref="fl-e"/>
      </object_component>
      <object_component id="oc-e4">
         <name>.text.rtos_task_creation</name>
         <load_address>0x6500</load_address>
         <run_address>0x6500</run_address>
         <size>0xd8</size>
         <input_file_ref idref="fl-2"/>
      </object_component>
      <object_component id="oc-5b2">
         <name>.text.setvbuf</name>
         <load_address>0x65d8</load_address>
         <run_address>0x65d8</run_address>
         <size>0xd8</size>
         <input_file_ref idref="fl-74"/>
      </object_component>
      <object_component id="oc-152">
         <name>.text.ti_sysbios_family_arm_m3_Hwi_excFillContext</name>
         <load_address>0x66b0</load_address>
         <run_address>0x66b0</run_address>
         <size>0xd8</size>
         <input_file_ref idref="fl-e"/>
      </object_component>
      <object_component id="oc-395">
         <name>.text.add_device</name>
         <load_address>0x6788</load_address>
         <run_address>0x6788</run_address>
         <size>0xd0</size>
         <input_file_ref idref="fl-d3"/>
      </object_component>
      <object_component id="oc-1d8">
         <name>.text.configureXOSCHF</name>
         <load_address>0x6858</load_address>
         <run_address>0x6858</run_address>
         <size>0xd0</size>
         <input_file_ref idref="fl-3f"/>
      </object_component>
      <object_component id="oc-649">
         <name>.text.dir_next</name>
         <load_address>0x6928</load_address>
         <run_address>0x6928</run_address>
         <size>0xd0</size>
         <input_file_ref idref="fl-50"/>
      </object_component>
      <object_component id="oc-31d">
         <name>.text.RF_postCmd</name>
         <load_address>0x69f8</load_address>
         <run_address>0x69f8</run_address>
         <size>0xcc</size>
         <input_file_ref idref="fl-35"/>
      </object_component>
      <object_component id="oc-1cc">
         <name>.text.ti_sysbios_knl_Clock_workFuncDynamic</name>
         <load_address>0x6ac4</load_address>
         <run_address>0x6ac4</run_address>
         <size>0xcc</size>
         <input_file_ref idref="fl-e"/>
      </object_component>
      <object_component id="oc-40b">
         <name>.text.RF_updatePaConfiguration</name>
         <load_address>0x6b90</load_address>
         <run_address>0x6b90</run_address>
         <size>0xca</size>
         <input_file_ref idref="fl-35"/>
      </object_component>
      <object_component id="oc-51d">
         <name>.text.UART2CC26X2_eventCallback</name>
         <load_address>0x6c5a</load_address>
         <run_address>0x6c5a</run_address>
         <size>0x2</size>
         <input_file_ref idref="fl-47"/>
      </object_component>
      <object_component id="oc-339">
         <name>.text._ZN7LSM9DS18initGyroEv</name>
         <load_address>0x6c5c</load_address>
         <run_address>0x6c5c</run_address>
         <size>0xc8</size>
         <input_file_ref idref="fl-1b"/>
      </object_component>
      <object_component id="oc-cd">
         <name>.text.TrimAfterColdResetWakeupFromShutDown</name>
         <load_address>0x6d24</load_address>
         <run_address>0x6d24</run_address>
         <size>0xc4</size>
         <input_file_ref idref="fl-59"/>
      </object_component>
      <object_component id="oc-47a">
         <name>.text.SDFatFS_open</name>
         <load_address>0x6de8</load_address>
         <run_address>0x6de8</run_address>
         <size>0xc0</size>
         <input_file_ref idref="fl-43"/>
      </object_component>
      <object_component id="oc-3f7">
         <name>.text.RF_swiHw</name>
         <load_address>0x6ea8</load_address>
         <run_address>0x6ea8</run_address>
         <size>0xbc</size>
         <input_file_ref idref="fl-35"/>
      </object_component>
      <object_component id="oc-604">
         <name>.text.UART2Support_dmaStartTx</name>
         <load_address>0x6f64</load_address>
         <run_address>0x6f64</run_address>
         <size>0xbc</size>
         <input_file_ref idref="fl-47"/>
      </object_component>
      <object_component id="oc-23c">
         <name>.text.ti_sysbios_knl_Task_Instance_finalize</name>
         <load_address>0x7020</load_address>
         <run_address>0x7020</run_address>
         <size>0xb8</size>
         <input_file_ref idref="fl-e"/>
      </object_component>
      <object_component id="oc-2e2">
         <name>.text.NOROM_OSCHF_AttemptToSwitchToXosc</name>
         <load_address>0x70d8</load_address>
         <run_address>0x70d8</run_address>
         <size>0xb4</size>
         <input_file_ref idref="fl-5d"/>
      </object_component>
      <object_component id="oc-1da">
         <name>.text.PowerCC26XX_standbyPolicy</name>
         <load_address>0x718c</load_address>
         <run_address>0x718c</run_address>
         <size>0xb4</size>
         <input_file_ref idref="fl-e"/>
      </object_component>
      <object_component id="oc-255">
         <name>.text.Power_releaseDependency</name>
         <load_address>0x7240</load_address>
         <run_address>0x7240</run_address>
         <size>0xb4</size>
         <input_file_ref idref="fl-3f"/>
      </object_component>
      <object_component id="oc-1a0">
         <name>.text.ti_sysbios_knl_Task_setPri</name>
         <load_address>0x72f4</load_address>
         <run_address>0x72f4</run_address>
         <size>0xb4</size>
         <input_file_ref idref="fl-e"/>
      </object_component>
      <object_component id="oc-11f">
         <name>.text.Power_setDependency</name>
         <load_address>0x73a8</load_address>
         <run_address>0x73a8</run_address>
         <size>0xb0</size>
         <input_file_ref idref="fl-3f"/>
      </object_component>
      <object_component id="oc-68f">
         <name>.text.SDSPI_getNumSectors</name>
         <load_address>0x7458</load_address>
         <run_address>0x7458</run_address>
         <size>0xb0</size>
         <input_file_ref idref="fl-42"/>
      </object_component>
      <object_component id="oc-287">
         <name>.text._ZN7LSM9DS15beginEhhh</name>
         <load_address>0x7508</load_address>
         <run_address>0x7508</run_address>
         <size>0xb0</size>
         <input_file_ref idref="fl-1b"/>
      </object_component>
      <object_component id="oc-234">
         <name>.text</name>
         <load_address>0x75b8</load_address>
         <run_address>0x75b8</run_address>
         <size>0xb0</size>
         <input_file_ref idref="fl-eb"/>
      </object_component>
      <object_component id="oc-694">
         <name>.text.SDSPI_read</name>
         <load_address>0x7668</load_address>
         <run_address>0x7668</run_address>
         <size>0xae</size>
         <input_file_ref idref="fl-42"/>
      </object_component>
      <object_component id="oc-a0">
         <name>.text._ZN7LSM9DS1C2Ev</name>
         <load_address>0x7716</load_address>
         <run_address>0x7716</run_address>
         <size>0x2</size>
         <input_file_ref idref="fl-1b"/>
      </object_component>
      <object_component id="oc-31e">
         <name>.text.RF_pendCmd</name>
         <load_address>0x7718</load_address>
         <run_address>0x7718</run_address>
         <size>0xac</size>
         <input_file_ref idref="fl-35"/>
      </object_component>
      <object_component id="oc-2a1">
         <name>.text._Z16gps_memory_storeP11TinyGPSPlusj</name>
         <load_address>0x77c4</load_address>
         <run_address>0x77c4</run_address>
         <size>0xac</size>
         <input_file_ref idref="fl-8"/>
      </object_component>
      <object_component id="oc-483">
         <name>.text.f_unlink</name>
         <load_address>0x7870</load_address>
         <run_address>0x7870</run_address>
         <size>0xac</size>
         <input_file_ref idref="fl-50"/>
      </object_component>
      <object_component id="oc-590">
         <name>.text.open</name>
         <load_address>0x791c</load_address>
         <run_address>0x791c</run_address>
         <size>0xac</size>
         <input_file_ref idref="fl-d0"/>
      </object_component>
      <object_component id="oc-362">
         <name>.text.temperatureHwiFxn</name>
         <load_address>0x79c8</load_address>
         <run_address>0x79c8</run_address>
         <size>0xa8</size>
         <input_file_ref idref="fl-45"/>
      </object_component>
      <object_component id="oc-5cc">
         <name>.text.RF_initRadioSetup</name>
         <load_address>0x7a70</load_address>
         <run_address>0x7a70</run_address>
         <size>0xa4</size>
         <input_file_ref idref="fl-35"/>
      </object_component>
      <object_component id="oc-23b">
         <name>.text.ti_sysbios_knl_Task_Instance_init</name>
         <load_address>0x7b14</load_address>
         <run_address>0x7b14</run_address>
         <size>0xa4</size>
         <input_file_ref idref="fl-e"/>
      </object_component>
      <object_component id="oc-588">
         <name>.text.get_fat</name>
         <load_address>0x7bb8</load_address>
         <run_address>0x7bb8</run_address>
         <size>0xa2</size>
         <input_file_ref idref="fl-50"/>
      </object_component>
      <object_component id="oc-6ba">
         <name>.text.sendCmd</name>
         <load_address>0x7c5a</load_address>
         <run_address>0x7c5a</run_address>
         <size>0xa2</size>
         <input_file_ref idref="fl-42"/>
      </object_component>
      <object_component id="oc-504">
         <name>.text.I2CCC26XX_swiFxn</name>
         <load_address>0x7cfc</load_address>
         <run_address>0x7cfc</run_address>
         <size>0xa0</size>
         <input_file_ref idref="fl-3e"/>
      </object_component>
      <object_component id="oc-4ea">
         <name>.text.RF_calculateDispatchTime</name>
         <load_address>0x7d9c</load_address>
         <run_address>0x7d9c</run_address>
         <size>0xa0</size>
         <input_file_ref idref="fl-35"/>
      </object_component>
      <object_component id="oc-58f">
         <name>.text.f_sync</name>
         <load_address>0x7e3c</load_address>
         <run_address>0x7e3c</run_address>
         <size>0x9c</size>
         <input_file_ref idref="fl-50"/>
      </object_component>
      <object_component id="oc-673">
         <name>.text.UART2_writeCancel</name>
         <load_address>0x7ed8</load_address>
         <run_address>0x7ed8</run_address>
         <size>0x9a</size>
         <input_file_ref idref="fl-46"/>
      </object_component>
      <object_component id="oc-4ec">
         <name>.text.RF_defaultSubmitPolicy</name>
         <load_address>0x7f72</load_address>
         <run_address>0x7f72</run_address>
         <size>0x98</size>
         <input_file_ref idref="fl-35"/>
      </object_component>
      <object_component id="oc-af">
         <name>.text._ZN9GPS_ubloxC2Ev</name>
         <load_address>0x800a</load_address>
         <run_address>0x800a</run_address>
         <size>0x2</size>
         <input_file_ref idref="fl-1a"/>
      </object_component>
      <object_component id="oc-5e6">
         <name>.text.UART2_close</name>
         <load_address>0x800c</load_address>
         <run_address>0x800c</run_address>
         <size>0x98</size>
         <input_file_ref idref="fl-47"/>
      </object_component>
      <object_component id="oc-335">
         <name>.text._ZN7LSM9DS118get_m_xg_addressesEv</name>
         <load_address>0x80a4</load_address>
         <run_address>0x80a4</run_address>
         <size>0x98</size>
         <input_file_ref idref="fl-1b"/>
      </object_component>
      <object_component id="oc-5e0">
         <name>.text.RF_verifyGap</name>
         <load_address>0x813c</load_address>
         <run_address>0x813c</run_address>
         <size>0x96</size>
         <input_file_ref idref="fl-35"/>
      </object_component>
      <object_component id="oc-338">
         <name>.text._ZN7LSM9DS19initAccelEv</name>
         <load_address>0x81d2</load_address>
         <run_address>0x81d2</run_address>
         <size>0x96</size>
         <input_file_ref idref="fl-1b"/>
      </object_component>
      <object_component id="oc-4d0">
         <name>.text.RF_ratRestartChannels</name>
         <load_address>0x8268</load_address>
         <run_address>0x8268</run_address>
         <size>0x94</size>
         <input_file_ref idref="fl-35"/>
      </object_component>
      <object_component id="oc-2d4">
         <name>.text.ti_sysbios_knl_Clock_startI</name>
         <load_address>0x82fc</load_address>
         <run_address>0x82fc</run_address>
         <size>0x94</size>
         <input_file_ref idref="fl-e"/>
      </object_component>
      <object_component id="oc-295">
         <name>.text.ti_sysbios_knl_Task_sleep</name>
         <load_address>0x8390</load_address>
         <run_address>0x8390</run_address>
         <size>0x94</size>
         <input_file_ref idref="fl-e"/>
      </object_component>
      <object_component id="oc-33a">
         <name>.text._ZN7LSM9DS17initMagEv</name>
         <load_address>0x8424</load_address>
         <run_address>0x8424</run_address>
         <size>0x90</size>
         <input_file_ref idref="fl-1b"/>
      </object_component>
      <object_component id="oc-186">
         <name>.text.GPIO_setConfig</name>
         <load_address>0x84b4</load_address>
         <run_address>0x84b4</run_address>
         <size>0x8c</size>
         <input_file_ref idref="fl-3c"/>
      </object_component>
      <object_component id="oc-3a5">
         <name>.text.ffcio_open</name>
         <load_address>0x8540</load_address>
         <run_address>0x8540</run_address>
         <size>0x8c</size>
         <input_file_ref idref="fl-52"/>
      </object_component>
      <object_component id="oc-163">
         <name>.text.ti_sysbios_knl_Clock_init</name>
         <load_address>0x85cc</load_address>
         <run_address>0x85cc</run_address>
         <size>0x8c</size>
         <input_file_ref idref="fl-e"/>
      </object_component>
      <object_component id="oc-272">
         <name>.text.EasyLink_setRfPower</name>
         <load_address>0x8658</load_address>
         <run_address>0x8658</run_address>
         <size>0x88</size>
         <input_file_ref idref="fl-18"/>
      </object_component>
      <object_component id="oc-5c5">
         <name>.text.RF_cmdDispatchTime</name>
         <load_address>0x86e0</load_address>
         <run_address>0x86e0</run_address>
         <size>0x88</size>
         <input_file_ref idref="fl-35"/>
      </object_component>
      <object_component id="oc-66d">
         <name>.text.RF_discardPendCmd</name>
         <load_address>0x8768</load_address>
         <run_address>0x8768</run_address>
         <size>0x88</size>
         <input_file_ref idref="fl-35"/>
      </object_component>
      <object_component id="oc-3a7">
         <name>.text.fopen</name>
         <load_address>0x87f0</load_address>
         <run_address>0x87f0</run_address>
         <size>0x84</size>
         <input_file_ref idref="fl-71"/>
      </object_component>
      <object_component id="oc-6c5">
         <name>.text.transmitDataBlock</name>
         <load_address>0x8874</load_address>
         <run_address>0x8874</run_address>
         <size>0x82</size>
         <input_file_ref idref="fl-42"/>
      </object_component>
      <object_component id="oc-45c">
         <name>.text.NOROM_SysCtrlSetRechargeBeforePowerDown</name>
         <load_address>0x88f6</load_address>
         <run_address>0x88f6</run_address>
         <size>0x80</size>
         <input_file_ref idref="fl-5b"/>
      </object_component>
      <object_component id="oc-2c8">
         <name>.text.__aeabi_ldiv0</name>
         <load_address>0x8976</load_address>
         <run_address>0x8976</run_address>
         <size>0x2</size>
         <input_file_ref idref="fl-ee"/>
      </object_component>
      <object_component id="oc-603">
         <name>.text.UART2Support_dmaStopTx</name>
         <load_address>0x8978</load_address>
         <run_address>0x8978</run_address>
         <size>0x80</size>
         <input_file_ref idref="fl-47"/>
      </object_component>
      <object_component id="oc-20c">
         <name>.text.task_rfsub1ghz_ka</name>
         <load_address>0x89f8</load_address>
         <run_address>0x89f8</run_address>
         <size>0x80</size>
         <input_file_ref idref="fl-5"/>
      </object_component>
      <object_component id="oc-160">
         <name>.text.ti_sysbios_family_arm_m3_Hwi_initNVIC</name>
         <load_address>0x8a78</load_address>
         <run_address>0x8a78</run_address>
         <size>0x80</size>
         <input_file_ref idref="fl-e"/>
      </object_component>
      <object_component id="oc-303">
         <name>.text.NOROM_ChipInfo_GetChipType</name>
         <load_address>0x8af8</load_address>
         <run_address>0x8af8</run_address>
         <size>0x7e</size>
         <input_file_ref idref="fl-58"/>
      </object_component>
      <object_component id="oc-227">
         <name>.text._nop</name>
         <load_address>0x8b76</load_address>
         <run_address>0x8b76</run_address>
         <size>0x2</size>
         <input_file_ref idref="fl-78"/>
      </object_component>
      <object_component id="oc-6bb">
         <name>.text.recvDataBlock</name>
         <load_address>0x8b78</load_address>
         <run_address>0x8b78</run_address>
         <size>0x7c</size>
         <input_file_ref idref="fl-42"/>
      </object_component>
      <object_component id="oc-57d">
         <name>.text.sync_fs</name>
         <load_address>0x8bf4</load_address>
         <run_address>0x8bf4</run_address>
         <size>0x7c</size>
         <input_file_ref idref="fl-50"/>
      </object_component>
      <object_component id="oc-2e6">
         <name>.text.ti_sysbios_family_arm_m3_Hwi_postInit</name>
         <load_address>0x8c70</load_address>
         <run_address>0x8c70</run_address>
         <size>0x7c</size>
         <input_file_ref idref="fl-e"/>
      </object_component>
      <object_component id="oc-2d5">
         <name>.text.NOROM_OSCHF_SwitchToRcOscTurnOffXosc</name>
         <load_address>0x8cec</load_address>
         <run_address>0x8cec</run_address>
         <size>0x78</size>
         <input_file_ref idref="fl-5d"/>
      </object_component>
      <object_component id="oc-107">
         <name>.text.NOROM_OSC_CapArrayAdjustWorkaround_Boot</name>
         <load_address>0x8d64</load_address>
         <run_address>0x8d64</run_address>
         <size>0x78</size>
         <input_file_ref idref="fl-5d"/>
      </object_component>
      <object_component id="oc-4cc">
         <name>.text.RF_ratFreeChannel</name>
         <load_address>0x8ddc</load_address>
         <run_address>0x8ddc</run_address>
         <size>0x78</size>
         <input_file_ref idref="fl-35"/>
      </object_component>
      <object_component id="oc-6eb">
         <name>.text.SPICC26X2DMA_close</name>
         <load_address>0x8e54</load_address>
         <run_address>0x8e54</run_address>
         <size>0x78</size>
         <input_file_ref idref="fl-4b"/>
      </object_component>
      <object_component id="oc-25a">
         <name>.text._pthread_removeThreadKeys</name>
         <load_address>0x8ecc</load_address>
         <run_address>0x8ecc</run_address>
         <size>0x78</size>
         <input_file_ref idref="fl-e"/>
      </object_component>
      <object_component id="oc-5d8">
         <name>.text.configureMultiProtocolPatch</name>
         <load_address>0x8f44</load_address>
         <run_address>0x8f44</run_address>
         <size>0x78</size>
         <input_file_ref idref="fl-37"/>
      </object_component>
      <object_component id="oc-56e">
         <name>.text.f_mount</name>
         <load_address>0x8fbc</load_address>
         <run_address>0x8fbc</run_address>
         <size>0x78</size>
         <input_file_ref idref="fl-50"/>
      </object_component>
      <object_component id="oc-2d0">
         <name>.text.ti_sysbios_knl_Task_postInit</name>
         <load_address>0x9034</load_address>
         <run_address>0x9034</run_address>
         <size>0x78</size>
         <input_file_ref idref="fl-e"/>
      </object_component>
      <object_component id="oc-1e4">
         <name>.text.PowerCC26X2_updateSubSecInc</name>
         <load_address>0x90ac</load_address>
         <run_address>0x90ac</run_address>
         <size>0x74</size>
         <input_file_ref idref="fl-49"/>
      </object_component>
      <object_component id="oc-3f9">
         <name>.text.RF_hwiHw</name>
         <load_address>0x9120</load_address>
         <run_address>0x9120</run_address>
         <size>0x74</size>
         <input_file_ref idref="fl-35"/>
      </object_component>
      <object_component id="oc-693">
         <name>.text.SDSPI_open</name>
         <load_address>0x9194</load_address>
         <run_address>0x9194</run_address>
         <size>0x74</size>
         <input_file_ref idref="fl-42"/>
      </object_component>
      <object_component id="oc-2a7">
         <name>.text.Temperature_init</name>
         <load_address>0x9208</load_address>
         <run_address>0x9208</run_address>
         <size>0x74</size>
         <input_file_ref idref="fl-45"/>
      </object_component>
      <object_component id="oc-329">
         <name>.text._ZN7LSM9DS14initEv</name>
         <load_address>0x927c</load_address>
         <run_address>0x927c</run_address>
[...]
         <value>0x88f7</value>
         <object_component_ref idref="oc-45c"/>
      </symbol>
      <symbol id="sm-ff4">
         <name>NOROM_CPUcpsid</name>
         <value>0xede5</value>
         <object_component_ref idref="oc-245"/>
      </symbol>
      <symbol id="sm-ff5">
         <name>NOROM_CPUcpsie</name>
         <value>0xedf1</value>
         <object_component_ref idref="oc-24c"/>
      </symbol>
      <symbol id="sm-ff6">
         <name>NOROM_CPUdelay</name>
         <value>0xefb9</value>
         <object_component_ref idref="oc-1f2"/>
      </symbol>
      <symbol id="sm-1010">
         <name>NOROM_OSCHF_TurnOnXosc</name>
         <value>0xd409</value>
         <object_component_ref idref="oc-24e"/>
      </symbol>
      <symbol id="sm-1011">
         <name>NOROM_OSCHF_AttemptToSwitchToXosc</name>
         <value>0x70d9</value>
         <object_component_ref idref="oc-2e2"/>
      </symbol>
      <symbol id="sm-1012">
         <name>NOROM_OSCHF_SwitchToRcOscTurnOffXosc</name>
         <value>0x8ced</value>
         <object_component_ref idref="oc-2d5"/>
      </symbol>
      <symbol id="sm-1013">
         <name>NOROM_OSC_CapArrayAdjustWorkaround_Boot</name>
         <value>0x8d65</value>
         <object_component_ref idref="oc-107"/>
      </symbol>
      <symbol id="sm-1014">
         <name>_hposcCoeffs</name>
         <value>0x20011c98</value>
         <object_component_ref idref="oc-2e3"/>
      </symbol>
      <symbol id="sm-1015">
         <name>NOROM_OSC_HPOSCRelativeFrequencyOffsetGet</name>
         <value>0xb23d</value>
         <object_component_ref idref="oc-250"/>
      </symbol>
      <symbol id="sm-1021">
         <name>NOROM_PRCMPowerDomainsAllOff</name>
         <value>0xb875</value>
         <object_component_ref idref="oc-2e4"/>
      </symbol>
      <symbol id="sm-1022">
         <name>NOROM_PRCMPowerDomainsAllOn</name>
         <value>0xb8b9</value>
         <object_component_ref idref="oc-18e"/>
      </symbol>
      <symbol id="sm-1035">
         <name>fclose</name>
         <value>0xd27d</value>
         <object_component_ref idref="oc-3ad"/>
      </symbol>
      <symbol id="sm-1036">
         <name>__TI_closefile</name>
         <value>0x92f1</value>
         <object_component_ref idref="oc-494"/>
      </symbol>
      <symbol id="sm-1043">
         <name>fflush</name>
         <value>0x9365</value>
         <object_component_ref idref="oc-3be"/>
      </symbol>
      <symbol id="sm-1044">
         <name>__TI_doflush</name>
         <value>0xb0b7</value>
         <object_component_ref idref="oc-4b1"/>
      </symbol>
      <symbol id="sm-1058">
         <name>fopen</name>
         <value>0x87f1</value>
         <object_component_ref idref="oc-3a7"/>
      </symbol>
      <symbol id="sm-1059">
         <name>__TI_cleanup</name>
         <value>0xc9c1</value>
         <object_component_ref idref="oc-596"/>
      </symbol>
      <symbol id="sm-1067">
         <name>fwrite</name>
         <value>0x328d</value>
         <object_component_ref idref="oc-3b8"/>
      </symbol>
      <symbol id="sm-1071">
         <name>__TI_wrt_ok</name>
         <value>0xa303</value>
         <object_component_ref idref="oc-4a6"/>
      </symbol>
      <symbol id="sm-107b">
         <name>setvbuf</name>
         <value>0x65d9</value>
         <object_component_ref idref="oc-5b2"/>
      </symbol>
      <symbol id="sm-1086">
         <name>__aeabi_errno_addr</name>
         <value>0xeff9</value>
         <object_component_ref idref="oc-474"/>
      </symbol>
      <symbol id="sm-1087">
         <name>__aeabi_errno</name>
         <value>0x20011cf0</value>
         <object_component_ref idref="oc-562"/>
      </symbol>
      <symbol id="sm-1090">
         <name>__TI_cleanup_ptr</name>
         <value>0x20011cb8</value>
         <object_component_ref idref="oc-594"/>
      </symbol>
      <symbol id="sm-1091">
         <name>__TI_dtors_ptr</name>
         <value>0x20011cbc</value>
         <object_component_ref idref="oc-594"/>
      </symbol>
      <symbol id="sm-10a0">
         <name>_nop</name>
         <value>0x8b77</value>
         <object_component_ref idref="oc-227"/>
      </symbol>
      <symbol id="sm-10a1">
         <name>_register_lock</name>
         <value>0xeec9</value>
         <object_component_ref idref="oc-21d"/>
      </symbol>
      <symbol id="sm-10a2">
         <name>_lock</name>
         <value>0x20011cf4</value>
         <object_component_ref idref="oc-2b4"/>
      </symbol>
      <symbol id="sm-10a3">
         <name>_register_unlock</name>
         <value>0xeed5</value>
         <object_component_ref idref="oc-222"/>
      </symbol>
      <symbol id="sm-10a4">
         <name>_unlock</name>
         <value>0x20011cf8</value>
         <object_component_ref idref="oc-2b7"/>
      </symbol>
      <symbol id="sm-10ae">
         <name>_args_main</name>
         <value>0xe911</value>
         <object_component_ref idref="oc-62"/>
      </symbol>
      <symbol id="sm-10b9">
         <name>atol</name>
         <value>0xb521</value>
         <object_component_ref idref="oc-52c"/>
      </symbol>
      <symbol id="sm-10be">
         <name>_ftable</name>
         <value>0x20010f8c</value>
         <object_component_ref idref="oc-48f"/>
      </symbol>
      <symbol id="sm-10bf">
         <name>__TI_ft_end</name>
         <value>0x20011cec</value>
         <object_component_ref idref="oc-491"/>
      </symbol>
      <symbol id="sm-10c0">
         <name>__TI_tmpnams</name>
         <value>0x2000a2d8</value>
      </symbol>
      <symbol id="sm-10cc">
         <name>__localtime64</name>
         <value>0x2f75</value>
         <object_component_ref idref="oc-3b4"/>
      </symbol>
      <symbol id="sm-10da">
         <name>__mktime64</name>
         <value>0x16e9</value>
         <object_component_ref idref="oc-49c"/>
      </symbol>
      <symbol id="sm-10e7">
         <name>rand</name>
         <value>0xcac5</value>
         <object_component_ref idref="oc-3c8"/>
      </symbol>
      <symbol id="sm-10ef">
         <name>rewind</name>
         <value>0xf029</value>
         <object_component_ref idref="oc-3c4"/>
      </symbol>
      <symbol id="sm-10f4">
         <name>_tz</name>
         <value>0x20011ca8</value>
         <object_component_ref idref="oc-4a1"/>
      </symbol>
      <symbol id="sm-10ff">
         <name>__TI_auto_init_nobinit</name>
         <value>0xacf1</value>
         <object_component_ref idref="oc-90"/>
      </symbol>
      <symbol id="sm-110a">
         <name>__TI_zero_init</name>
         <value>0xec7d</value>
         <object_component_ref idref="oc-5f"/>
      </symbol>
      <symbol id="sm-1113">
         <name>__TI_decompress_none</name>
         <value>0xeda5</value>
         <object_component_ref idref="oc-31"/>
      </symbol>
      <symbol id="sm-111d">
         <name>__TI_decompress_lzss</name>
         <value>0x99ef</value>
         <object_component_ref idref="oc-2d"/>
      </symbol>
      <symbol id="sm-1130">
         <name>fseek</name>
         <value>0xf171</value>
         <object_component_ref idref="oc-4b6"/>
      </symbol>
      <symbol id="sm-1131">
         <name>fseeko</name>
         <value>0x9b29</value>
         <object_component_ref idref="oc-5bc"/>
      </symbol>
      <symbol id="sm-1132">
         <name>__aeabi_ctype_table_</name>
         <value>0x100a0</value>
         <object_component_ref idref="oc-608"/>
      </symbol>
      <symbol id="sm-1133">
         <name>__aeabi_ctype_table_C</name>
         <value>0x100a0</value>
         <object_component_ref idref="oc-608"/>
      </symbol>
      <symbol id="sm-1143">
         <name>write</name>
         <value>0xd3dd</value>
         <object_component_ref idref="oc-4ac"/>
      </symbol>
      <symbol id="sm-1148">
         <name>_device</name>
         <value>0x20011204</value>
         <object_component_ref idref="oc-46f"/>
      </symbol>
      <symbol id="sm-1149">
         <name>_stream</name>
         <value>0x20011914</value>
         <object_component_ref idref="oc-5b8"/>
      </symbol>
      <symbol id="sm-1151">
         <name>remove</name>
         <value>0xf185</value>
         <object_component_ref idref="oc-59e"/>
      </symbol>
      <symbol id="sm-115d">
         <name>open</name>
         <value>0x791d</value>
         <object_component_ref idref="oc-590"/>
      </symbol>
      <symbol id="sm-1167">
         <name>lseek</name>
         <value>0xd2a9</value>
         <object_component_ref idref="oc-669"/>
      </symbol>
      <symbol id="sm-1171">
         <name>close</name>
         <value>0xa365</value>
         <object_component_ref idref="oc-59a"/>
      </symbol>
      <symbol id="sm-117d">
         <name>add_device</name>
         <value>0x6789</value>
         <object_component_ref idref="oc-395"/>
      </symbol>
      <symbol id="sm-1187">
         <name>unlink</name>
         <value>0xd3b1</value>
         <object_component_ref idref="oc-65d"/>
      </symbol>
      <symbol id="sm-1191">
         <name>HOSTclose</name>
         <value>0xc149</value>
         <object_component_ref idref="oc-545"/>
      </symbol>
      <symbol id="sm-119b">
         <name>HOSTlseek</name>
         <value>0xa88d</value>
         <object_component_ref idref="oc-551"/>
      </symbol>
      <symbol id="sm-11a5">
         <name>HOSTopen</name>
         <value>0xa8e5</value>
         <object_component_ref idref="oc-541"/>
      </symbol>
      <symbol id="sm-11a6">
         <name>parmbuf</name>
         <value>0x2000aa8c</value>
      </symbol>
      <symbol id="sm-11b0">
         <name>HOSTread</name>
         <value>0xaaf9</value>
         <object_component_ref idref="oc-549"/>
      </symbol>
      <symbol id="sm-11c1">
         <name>HOSTrename</name>
         <value>0x9cc9</value>
         <object_component_ref idref="oc-559"/>
      </symbol>
      <symbol id="sm-11cb">
         <name>HOSTunlink</name>
         <value>0xb831</value>
         <object_component_ref idref="oc-555"/>
      </symbol>
      <symbol id="sm-11d5">
         <name>HOSTwrite</name>
         <value>0xab4d</value>
         <object_component_ref idref="oc-54d"/>
      </symbol>
      <symbol id="sm-11e3">
         <name>C$$IO$$</name>
         <value>0xca1f</value>
         <object_component_ref idref="oc-612"/>
      </symbol>
      <symbol id="sm-11e4">
         <name>__TI_writemsg</name>
         <value>0xc9f5</value>
         <object_component_ref idref="oc-612"/>
      </symbol>
      <symbol id="sm-11e5">
         <name>__CIOBUF_</name>
         <value>0x20009ee0</value>
         <object_component_ref idref="oc-698"/>
      </symbol>
      <symbol id="sm-11e6">
         <name>__TI_readmsg</name>
         <value>0xce51</value>
         <object_component_ref idref="oc-618"/>
      </symbol>
      <symbol id="sm-11e7">
         <name>_CIOBUF_</name>
         <value>0x20009ee0</value>
         <object_component_ref idref="oc-698"/>
      </symbol>
      <symbol id="sm-11ed">
         <name>__aeabi_dadd</name>
         <value>0x28eb</value>
         <object_component_ref idref="oc-36d"/>
      </symbol>
      <symbol id="sm-11ee">
         <name>__adddf3</name>
         <value>0x28eb</value>
         <object_component_ref idref="oc-36d"/>
      </symbol>
      <symbol id="sm-11ef">
         <name>__aeabi_dsub</name>
         <value>0x28e1</value>
         <object_component_ref idref="oc-36d"/>
      </symbol>
      <symbol id="sm-11f0">
         <name>__subdf3</name>
         <value>0x28e1</value>
         <object_component_ref idref="oc-36d"/>
      </symbol>
      <symbol id="sm-11f6">
         <name>__aeabi_dmul</name>
         <value>0x5919</value>
         <object_component_ref idref="oc-369"/>
      </symbol>
      <symbol id="sm-11f7">
         <name>__muldf3</name>
         <value>0x5919</value>
         <object_component_ref idref="oc-369"/>
      </symbol>
      <symbol id="sm-11fd">
         <name>__aeabi_ddiv</name>
         <value>0x4331</value>
         <object_component_ref idref="oc-13c"/>
      </symbol>
      <symbol id="sm-11fe">
         <name>__divdf3</name>
         <value>0x4331</value>
         <object_component_ref idref="oc-13c"/>
      </symbol>
      <symbol id="sm-1204">
         <name>__aeabi_f2d</name>
         <value>0xc7b1</value>
         <object_component_ref idref="oc-342"/>
      </symbol>
      <symbol id="sm-1205">
         <name>__extendsfdf2</name>
         <value>0xc7b1</value>
         <object_component_ref idref="oc-342"/>
      </symbol>
      <symbol id="sm-120b">
         <name>__aeabi_d2iz</name>
         <value>0xb719</value>
         <object_component_ref idref="oc-6da"/>
      </symbol>
      <symbol id="sm-120c">
         <name>__fixdfsi</name>
         <value>0xb719</value>
         <object_component_ref idref="oc-6da"/>
      </symbol>
      <symbol id="sm-1212">
         <name>__aeabi_d2uiz</name>
         <value>0xbdc5</value>
         <object_component_ref idref="oc-140"/>
      </symbol>
      <symbol id="sm-1213">
         <name>__fixunsdfsi</name>
         <value>0xbdc5</value>
         <object_component_ref idref="oc-140"/>
      </symbol>
      <symbol id="sm-1219">
         <name>__aeabi_i2d</name>
         <value>0xd119</value>
         <object_component_ref idref="oc-365"/>
      </symbol>
      <symbol id="sm-121a">
         <name>__floatsidf</name>
         <value>0xd119</value>
         <object_component_ref idref="oc-365"/>
      </symbol>
      <symbol id="sm-1220">
         <name>__aeabi_ui2d</name>
         <value>0xe12d</value>
         <object_component_ref idref="oc-138"/>
      </symbol>
      <symbol id="sm-1221">
         <name>__floatunsidf</name>
         <value>0xe12d</value>
         <object_component_ref idref="oc-138"/>
      </symbol>
      <symbol id="sm-1227">
         <name>__aeabi_d2f</name>
         <value>0x97d1</value>
         <object_component_ref idref="oc-371"/>
      </symbol>
      <symbol id="sm-1228">
         <name>__truncdfsf2</name>
         <value>0x97d1</value>
         <object_component_ref idref="oc-371"/>
      </symbol>
      <symbol id="sm-122e">
         <name>__aeabi_dcmpeq</name>
         <value>0xa2a1</value>
         <object_component_ref idref="oc-6d6"/>
      </symbol>
      <symbol id="sm-122f">
         <name>__aeabi_dcmplt</name>
         <value>0xa2b5</value>
         <object_component_ref idref="oc-6d6"/>
      </symbol>
      <symbol id="sm-1230">
         <name>__aeabi_dcmple</name>
         <value>0xa2c9</value>
         <object_component_ref idref="oc-6d6"/>
      </symbol>
      <symbol id="sm-1231">
         <name>__aeabi_dcmpge</name>
         <value>0xa2dd</value>
         <object_component_ref idref="oc-6d6"/>
      </symbol>
      <symbol id="sm-1232">
         <name>__aeabi_dcmpgt</name>
         <value>0xa2f1</value>
         <object_component_ref idref="oc-6d6"/>
      </symbol>
      <symbol id="sm-1238">
         <name>__aeabi_ldivmod</name>
         <value>0xe989</value>
         <object_component_ref idref="oc-498"/>
      </symbol>
      <symbol id="sm-123e">
         <name>__aeabi_memcpy</name>
         <value>0xf18d</value>
         <object_component_ref idref="oc-52"/>
      </symbol>
      <symbol id="sm-123f">
         <name>__aeabi_memcpy4</name>
         <value>0xf18d</value>
         <object_component_ref idref="oc-52"/>
      </symbol>
      <symbol id="sm-1240">
         <name>__aeabi_memcpy8</name>
         <value>0xf18d</value>
         <object_component_ref idref="oc-52"/>
      </symbol>
      <symbol id="sm-1246">
         <name>__aeabi_memset</name>
         <value>0xe99d</value>
         <object_component_ref idref="oc-80"/>
      </symbol>
      <symbol id="sm-1247">
         <name>__aeabi_memset4</name>
         <value>0xe99d</value>
         <object_component_ref idref="oc-80"/>
      </symbol>
      <symbol id="sm-1248">
         <name>__aeabi_memset8</name>
         <value>0xe99d</value>
         <object_component_ref idref="oc-80"/>
      </symbol>
      <symbol id="sm-1249">
         <name>__aeabi_memclr</name>
         <value>0xe9a9</value>
         <object_component_ref idref="oc-80"/>
      </symbol>
      <symbol id="sm-124a">
         <name>__aeabi_memclr4</name>
         <value>0xe9a9</value>
         <object_component_ref idref="oc-80"/>
      </symbol>
      <symbol id="sm-124b">
         <name>__aeabi_memclr8</name>
         <value>0xe9a9</value>
         <object_component_ref idref="oc-80"/>
      </symbol>
      <symbol id="sm-1251">
         <name>__aeabi_uldivmod</name>
         <value>0xe9b1</value>
         <object_component_ref idref="oc-1c6"/>
      </symbol>
      <symbol id="sm-1257">
         <name>__udivmoddi4</name>
         <value>0x75b9</value>
         <object_component_ref idref="oc-234"/>
      </symbol>
      <symbol id="sm-1263">
         <name>__ledf2</name>
         <value>0x9761</value>
         <object_component_ref idref="oc-6e2"/>
      </symbol>
      <symbol id="sm-1264">
         <name>__gedf2</name>
         <value>0x96f1</value>
         <object_component_ref idref="oc-6e8"/>
      </symbol>
      <symbol id="sm-1265">
         <name>__cmpdf2</name>
         <value>0x9761</value>
         <object_component_ref idref="oc-6e2"/>
      </symbol>
      <symbol id="sm-1266">
         <name>__eqdf2</name>
         <value>0x9761</value>
         <object_component_ref idref="oc-6e2"/>
      </symbol>
      <symbol id="sm-1267">
         <name>__ltdf2</name>
         <value>0x9761</value>
         <object_component_ref idref="oc-6e2"/>
      </symbol>
      <symbol id="sm-1268">
         <name>__nedf2</name>
         <value>0x9761</value>
         <object_component_ref idref="oc-6e2"/>
      </symbol>
      <symbol id="sm-1269">
         <name>__gtdf2</name>
         <value>0x96f1</value>
         <object_component_ref idref="oc-6e8"/>
      </symbol>
      <symbol id="sm-1272">
         <name>__divmoddi4</name>
         <value>0xa71d</value>
         <object_component_ref idref="oc-5a5"/>
      </symbol>
      <symbol id="sm-127c">
         <name>__aeabi_ldiv0</name>
         <value>0x8977</value>
         <object_component_ref idref="oc-2c8"/>
      </symbol>
      <symbol id="sm-128a">
         <name>finddevice</name>
         <value>0xca5d</value>
         <object_component_ref idref="oc-468"/>
      </symbol>
      <symbol id="sm-128b">
         <name>getdevice</name>
         <value>0x9b91</value>
         <object_component_ref idref="oc-650"/>
      </symbol>
      <symbol id="sm-1293">
         <name>TI_memcpy_small</name>
         <value>0xea79</value>
         <object_component_ref idref="oc-bf"/>
      </symbol>
      <symbol id="sm-129b">
         <name>TI_memset_small</name>
         <value>0xed97</value>
         <object_component_ref idref="oc-fe"/>
      </symbol>
      <symbol id="sm-129c">
         <name>__TI_static_base__</name>
         <value>0x0</value>
      </symbol>
      <symbol id="sm-129f">
         <name>ITM_flush</name>
         <value>0x0</value>
      </symbol>
      <symbol id="sm-12a0">
         <name>ITM_restore</name>
         <value>0x0</value>
      </symbol>
      <symbol id="sm-12a1">
         <name>__mpu_init</name>
         <value>0x0</value>
      </symbol>
   </symbol_table>
   <title>Link successful</title>
</link_info>
