******************************************************************************
            TI ARM Clang Linker PC v2.1.2                      
******************************************************************************
>> Linked Thu Dec  1 10:41:24 2022

OUTPUT FILE NAME:   <_tortugometro_ticlang2.out>
ENTRY POINT SYMBOL: "ResetISR"  address: 0000f135


MEMORY CONFIGURATION

         name            origin    length      used     unused   attr    fill
----------------------  --------  ---------  --------  --------  ----  --------
  FLASH                 00000000   00058000  00010e0a  000471f6  R  X
  GPRAM                 11000000   00002000  00000000  00002000  RW X
  SRAM                  20000000   00014000  00010a11  000035ef  RW X
  LOG_DATA              90000000   00040000  00000000  00040000  R   


SEGMENT ALLOCATION MAP

run origin  load origin   length   init length attrs members
----------  ----------- ---------- ----------- ----- -------
00000000    00000000    000109c4   000109c4    r-x
  00000000    00000000    0000003c   0000003c    r-- .resetVecs
  00000040    00000040    0000f150   0000f150    r-x .text
  0000f190    0000f190    0000182a   0000182a    r-- .rodata
  000109bc    000109bc    00000008   00000008    r-- .init_array
000109c4    000109c4    00000008   00000008    rw-
  000109c4    000109c4    00000008   00000008    rw- .args
000109cc    000109cc    000003ec   000003ec    r--
  000109cc    000109cc    000003e4   000003e4    r-- .cinit
  00010db0    00010db0    00000008   00000008    r-- .ARM.exidx
00057fa8    00057fa8    00000058   00000058    r--
  00057fa8    00057fa8    00000058   00000058    r-- .ccfg
20001810    20001810    00000010   00000000    rw-
  20001810    20001810    00000010   00000000    rw- .TI.bound:dmaUart0RxControlTableEntry
20001820    20001820    00000010   00000000    rw-
  20001820    20001820    00000010   00000000    rw- .TI.bound:dmaUart0TxControlTableEntry
20001830    20001830    00000010   00000000    rw-
  20001830    20001830    00000010   00000000    rw- .TI.bound:dmaSpi0RxControlTableEntry
20001840    20001840    00000010   00000000    rw-
  20001840    20001840    00000010   00000000    rw- .TI.bound:dmaSpi0TxControlTableEntry
20001850    20001850    00000010   00000000    rw-
  20001850    20001850    00000010   00000000    rw- .TI.bound:dmaUart1RxControlTableEntry
20001860    20001860    00000010   00000000    rw-
  20001860    20001860    00000010   00000000    rw- .TI.bound:dmaUart1TxControlTableEntry
20001a30    20001a30    00000010   00000000    rw-
  20001a30    20001a30    00000010   00000000    rw- .TI.bound:dmaSpi0RxAltControlTableEntry
20001a40    20001a40    00009074   00000000    rw-
  20001a40    20001a40    00000010   00000000    rw- .TI.bound:dmaSpi0TxAltControlTableEntry
  20001a50    20001a50    00009064   00000000    rw- .bss
2000aab8    2000aab8    00004000   00000000    r--
  2000aab8    2000aab8    00004000   00000000    r-- .priheap
2000eab8    2000eab8    00003255   00000000    rw-
  2000eab8    2000eab8    00003255   00000000    rw- .data
20013a00    20013a00    00000600   00000000    rw-
  20013a00    20013a00    00000600   00000000    rw- .stack


SECTION ALLOCATION MAP

 output                                  attributes/
section   page    origin      length       input sections
--------  ----  ----------  ----------   ----------------
.binit     0    00000000    00000000     

.cinit     0    000109cc    000003e4     
                  000109cc    0000033f     (.cinit..data.load) [load image, compression = lzss]
                  00010d0b    00000001     --HOLE-- [fill = 0]
                  00010d0c    0000000c     (__TI_handler_table)
                  00010d18    00000008     (.cinit..TI.bound:dmaSpi0RxAltControlTableEntry.load) [load image, compression = zero_init]
                  00010d20    00000008     (.cinit..TI.bound:dmaSpi0RxControlTableEntry.load) [load image, compression = zero_init]
                  00010d28    00000008     (.cinit..TI.bound:dmaSpi0TxAltControlTableEntry.load) [load image, compression = zero_init]
                  00010d30    00000008     (.cinit..TI.bound:dmaSpi0TxControlTableEntry.load) [load image, compression = zero_init]
                  00010d38    00000008     (.cinit..TI.bound:dmaUart0RxControlTableEntry.load) [load image, compression = zero_init]
                  00010d40    00000008     (.cinit..TI.bound:dmaUart0TxControlTableEntry.load) [load image, compression = zero_init]
                  00010d48    00000008     (.cinit..TI.bound:dmaUart1RxControlTableEntry.load) [load image, compression = zero_init]
                  00010d50    00000008     (.cinit..TI.bound:dmaUart1TxControlTableEntry.load) [load image, compression = zero_init]
                  00010d58    00000008     (.cinit..bss.load) [load image, compression = zero_init]
                  00010d60    00000050     (__TI_cinit_table)

.init_array 
*          0    000109bc    00000008     
                  000109bc    00000004     task_uart0_gps.o (.init_array)
                  000109c0    00000004     task_i2c0_imu.o (.init_array)

.ccfg      0    00057fa8    00000058     
                  00057fa8    00000058     ti_devices_config.o (.ccfg)

.bss       0    20001a50    00009064     UNINITIALIZED
                  20001a50    00005f70     rtos_tasks.o (.bss.task_stack)
                  200079c0    00001000     task_i2c0_imu.o (.bss.microsd_write_buffer)
                  200089c0    00000800     (.common:ti_sysbios_knl_Idle_taskStack)
                  200091c0    00000400     ti_drivers_config.o (.bss.displayUART2Buffer)
                  200095c0    000002e0     (.common:uart2CC26X2Objects)
                  200098a0    000002c0     rf_multiMode_cc13x2.a : RFCC26X2_multiMode.c.cc13x2.ticlang.o (.bss.RF_cmdPool)
                  20009b60    00000240     (.common:sdfatfsObjects)
                  20009da0    00000140     (.common:i2cCC26xxObjects)
                  20009ee0    00000120     libsysbm.a : trgmsg.c.obj (.bss:_CIOBUF_)
                  2000a000    00000100     EasyLink.o (.bss.rfObject)
                  2000a100    00000100     (.common:spiCC26X2DMAObjects)
                  2000a200    000000d8     (.common:ti_sysbios_family_arm_m3_Hwi_dispatchTable)
                  2000a2d8    000000a0     (.common:__TI_tmpnams)
                  2000a378    0000008a     EasyLink.o (.bss.txBuffer)
                  2000a402    00000002     --HOLE--
                  2000a404    00000004     task_i2c0_imu.o (.bss.display)
                  2000a408    00000088     task_spi0_microsd.o (.bss.microsd)
                  2000a490    00000080     (.common:ti_sysbios_knl_Task_readyQs)
                  2000a510    0000007c     (.common:gpioCallbackFunctions)
                  2000a58c    0000007c     (.common:gpioUserArgs)
                  2000a608    00000068     rf_multiMode_cc13x2.a : RFCC26X2_multiMode.c.cc13x2.ticlang.o (.bss.RF_ratModule)
                  2000a670    00000060     (.common:ti_sysbios_knl_ClockSupport_timerStruct)
                  2000a6d0    00000058     (.common:ti_sysbios_knl_Idle_taskStruct)
                  2000a728    00000055     task_uart0_gps.o (.bss._ZL16gps_last_message)
                  2000a77d    00000003     --HOLE--
                  2000a780    00000044     rf_multiMode_cc13x2.a : RFCC26X2_multiMode.c.cc13x2.ticlang.o (.bss.RF_clkInactivityObj)
                  2000a7c4    00000044                           : RFCC26X2_multiMode.c.cc13x2.ticlang.o (.bss.RF_clkPowerUpObj)
                  2000a808    0000003c                           : RFCC26X2_multiMode.c.cc13x2.ticlang.o (.bss.RF_swiHwObj)
                  2000a844    0000003c     ti_drivers_config.o (.bss.uart2RxRingBuffer1)
                  2000a880    00000030     (.common:ti_sysbios_knl_Swi_readyQs)
                  2000a8b0    0000002c     (.common:BIOS_heapMemObject)
                  2000a8dc    00000028     fatfs.a : ffcio.c.obj (.bss.filTable)
                  2000a904    00000028     (.common:BIOS_rtsGate)
                  2000a92c    00000028     (.common:ti_sysbios_heaps_HeapMem_gate)
                  2000a954    00000020     ti_drivers_config.o (.bss.uart2RxRingBuffer0)
                  2000a974    00000020     ti_drivers_config.o (.bss.uart2TxRingBuffer0)
                  2000a994    00000020     ti_drivers_config.o (.bss.uart2TxRingBuffer1)
                  2000a9b4    00000020     (.common:ti_sysbios_runtime_System_atexitHandlers)
                  2000a9d4    00000020     (.common:udmaCC26XXObject)
                  2000a9f4    0000001c     drivers_cc13x2.a : TemperatureCC26X2.c.obj (.bss.batmonHwi)
                  2000aa10    0000001c                      : GPIOCC26X2.c.obj (.bss.gpioHwi)
                  2000aa2c    0000001c     ti_sysbios_config.o (.bss.sem)
                  2000aa48    00000014     (.common:ti_sysbios_hal_Seconds_Module_state)
                  2000aa5c    00000010     drivers_cc13x2.a : SDFatFS.c.obj (.bss.sdFatFSHandles)
                  2000aa6c    0000000c     (.common:displayUart2Object)
                  2000aa78    0000000c     (.common:sdspiObjects)
                  2000aa84    00000008                      : TemperatureCC26X2.c.obj (.bss.notificationList)
                  2000aa8c    00000008     (.common:parmbuf)
                  2000aa94    00000004     driverlib.lib : osc.o (.bss.oscHfGlobals.0)
                  2000aa98    00000004                   : osc.o (.bss.oscHfGlobals.2)
                  2000aa9c    00000004                   : osc.o (.bss.oscHfGlobals.3)
                  2000aaa0    00000004                   : osc.o (.bss.oscHfGlobals.4)
                  2000aaa4    00000004     (.common:PowerCC26XX_swiKey)
                  2000aaa8    00000004     (.common:PowerCC26XX_taskKey)
                  2000aaac    00000004     (.common:ti_sysbios_family_arm_cc26xx_TimestampProvider_Module_state)
                  2000aab0    00000004     (.common:ti_sysbios_knl_Task_defaultStackHeap)

.data      0    2000eab8    00003255     UNINITIALIZED
                  2000eab8    00001000     task_i2c0_imu.o (.data._ZL21imu_gyro_accel_buffer)
                  2000fab8    00000800     task_i2c0_imu_mag.o (.data._ZL14imu_mag_buffer)
                  200102b8    00000400     task_uart0_gps.o (.data._ZL15gpsneoxm_buffer)
                  200106b8    00000250     task_temp.o (.data.temperature_buffer)
                  20010908    00000210     task_i2c0_imu.o (.data.imu)
                  20010b18    000001c8     task_uart0_gps.o (.data._ZL10gps_parser)
                  20010ce0    00000174     drivers_cc13x2.a : PowerCC26X2.c.obj (.data.PowerCC26X2_module)
                  20010e54    00000138     task_uart0_gps.o (.data._ZL3gps)
                  20010f8c    000000f0     libc.a : defs.c.obj (.data._ftable)
                  2001107c    00000090     task_rfsub1ghz_ka.o (.data.txPacket)
                  2001110c    0000007c     EasyLink.o (.data..L_MergedGlobals.3)
                  20011188    0000007c     ti_drivers_config.o (.data.gpioPinConfigs)
                  20011204    00000078     libsysbm.a : host_device.c.obj (.data._device)
                  2001127c    00000078     rtos_tasks.o (.data.taskdata_i2c0_imu_accgyro)
                  200112f4    00000078     rtos_tasks.o (.data.taskdata_i2c0_imu_mag)
                  2001136c    00000078     rtos_tasks.o (.data.taskdata_rfsub_keep_alive)
                  200113e4    00000078     rtos_tasks.o (.data.taskdata_spi0_microsd)
                  2001145c    00000078     rtos_tasks.o (.data.taskdata_temp)
                  200114d4    00000078     rtos_tasks.o (.data.taskdata_uart0_gps)
                  2001154c    00000068     rf_multiMode_cc13x2.a : RFCC26X2_multiMode.c.cc13x2.ticlang.o (.data..L_MergedGlobals.1)
                  200115b4    00000004     drivers_cc13x2.a : TemperatureCC26X2.c.obj (.data..L_MergedGlobals)
                  200115b8    00000068     ti_sysbios_config.o (.data..L_MergedGlobals.70)
                  20011620    00000068     ti_sysbios_config.o (.data..L_MergedGlobals)
                  20011688    00000068     ti_sysbios_config.o (.data.ti_sysbios_knl_Clock_Module_state)
                  200116f0    00000064     EasyLink.o (.data..L_MergedGlobals.2)
                  20011754    00000064     rf_multiMode_cc13x2.a : RFCC26X2_multiMode.c.cc13x2.ticlang.o (.data..L_MergedGlobals.3)
                  200117b8    0000005a     ti_radio_config.o (.data.txPowerTable_169)
                  20011812    00000001     rf_multiMode_cc13x2.a : rf_patch_cpe_multi_protocol.c.cc13x2.ticlang.o (.data.bMultiProtocolPatchEntered)
                  20011813    00000001     drivers_cc13x2.a : GPIOCC26X2.c.obj (.data.initCalled)
                  20011814    00000058     rf_multiMode_cc13x2.a : RFCC26X2_multiMode.c.cc13x2.ticlang.o (.data..L_MergedGlobals.2)
                  2001186c    00000058     EasyLink.o (.data..L_MergedGlobals.4)
                  200118c4    00000050     task_uart0_gps.o (.data..L_MergedGlobals)
                  20011914    00000050     libsysbm.a : host_device.c.obj (.data._stream)
                  20011964    00000050     fatfs.a : diskio.c.obj (.data.drive_fxn_table)
                  200119b4    0000004c     EasyLink.o (.data..L_MergedGlobals)
                  20011a00    00000048     task_i2c0_imu.o (.data..L_MergedGlobals)
                  20011a48    00000040     LSM9DS1.o (.data._ZL8i2c0_imu)
                  20011a88    00000040     EasyLink.o (.data.addrFilterTable)
                  20011ac8    0000003c     ti_sysbios_config.o (.data.ti_sysbios_knl_Task_Module_state)
                  20011b04    00000030     ti_radio_config.o (.data.RF_cmdPropRxAdv)
                  20011b34    00000030     ti_radio_config.o (.data.pOverrides)
                  20011b64    00000028     ti_radio_config.o (.data.RF_cmdPropRadioDivSetup)
                  20011b8c    00000024     ti_easylink_config.o (.data.EasyLink_supportedPhys)
                  20011bb0    00000024     task_uart0_gps.o (.data._ZL22sem_gps_uart0_callback)
                  20011bd4    00000024     libc.a : localtim64.c.obj (.data.local_tm)
                  20011bf8    00000018     ti_radio_config.o (.data.RF_cmdFs)
                  20011c10    00000018     ti_radio_config.o (.data.RF_cmdPropTx)
                  20011c28    00000018     rtos_tasks.o (.data.task_data_p)
                  20011c40    00000014     fatfs.a : ff.c.obj (.data..L_MergedGlobals)
                  20011c54    00000014     ti_sysbios_config.o (.data.defaultPthreadAttrs)
                  20011c68    00000010     task_uart0_gps.o (.data.GPGSA_count)
                  20011c78    00000010     task_uart0_gps.o (.data.GPRMC_count)
                  20011c88    00000010     ti_radio_config.o (.data.RF_prop)
                  20011c98    00000010     driverlib.lib : osc.o (.data._hposcCoeffs)
                  20011ca8    00000010     libc.a : tmzone.c.obj (.data._tz)
                  20011cb8    00000008            : exit.c.obj (.data..L_MergedGlobals)
                  20011cc0    00000008     rf_multiMode_cc13x2.a : RFCC26X2_multiMode.c.cc13x2.ticlang.o (.data..L_MergedGlobals)
                  20011cc8    00000008                           : RFCC26X2_multiMode.c.cc13x2.ticlang.o (.data.RFCC26XX_schedulerPolicy)
                  20011cd0    00000008     ti_sysbios_config.o (.data.ti_sysbios_gates_GateMutex_Module_state)
                  20011cd8    00000008     ti_sysbios_config.o (.data.ti_sysbios_heaps_HeapMem_Module_state)
                  20011ce0    00000008     ti_sysbios_config.o (.data.ti_sysbios_knl_Semaphore_Module_state)
                  20011ce8    00000004     rf_multiMode_cc13x2.a : RFCC26X2_multiMode.c.cc13x2.ticlang.o (.data.RF_fsmActiveState.lfClockSourceLast)
                  20011cec    00000004     libc.a : defs.c.obj (.data.__TI_ft_end)
                  20011cf0    00000004            : aeabi_portable.c.obj (.data.__aeabi_errno)
                  20011cf4    00000004            : _lock.c.obj (.data._lock)
                  20011cf8    00000004            : _lock.c.obj (.data._unlock)
                  20011cfc    00000004            : rand.c.obj (.data.next)
                  20011d00    00000001            : fopen.c.obj (.data._search_fp.init)
                  20011d01    00000001     drivers_cc13x2.a : SD.c.obj (.data.isInitialized)
                  20011d02    00000001                      : SDFatFS.c.obj (.data.isInitialized)
                  20011d03    00000001                      : SPI.c.obj (.data.isInitialized)
                  20011d04    00000001     libsysbm.a : add_device.c.obj (.data.add_device.device_init)
                  20011d05    00000001     drivers_cc13x2.a : TemperatureCC26X2.c.obj (.data.isInitialized)
                  20011d06    00000002     --HOLE--
                  20011d08    00000001     fatfs.a : ffcio.c.obj (.data.init)
                  20011d09    00000003     --HOLE--
                  20011d0c    00000001     libsysbm.a : open.c.obj (.data.open.stream_init)

.stack     0    20013a00    00000600     UNINITIALIZED
                  20013a00    00000004     sysbios.a : boot_cortex_m.obj (.stack)
                  20013a04    000005fc     --HOLE--

.priheap   0    2000aab8    00004000     UNINITIALIZED
                  2000aab8    00004000     --HOLE--

.log_data 
*          0    90000000    00000000     COPY SECTION

.resetVecs 
*          0    00000000    0000003c     
                  00000000    0000003c     ti_sysbios_config.o (.resetVecs)

.vecs      0    20000000    000000d8     NOLOAD SECTION
                  20000000    000000d8     ti_sysbios_config.o (.vecs)

.text      0    00000040    0000f150     
                  00000040    00000498     rf_multiMode_cc13x2.a : RFCC26X2_multiMode.c.cc13x2.ticlang.o (.text.RF_fsmActiveState)
                  000004d8    00000370     EasyLink.o (.text.EasyLink_init)
                  00000848    00000368     TinyGPS++.o (.text._ZN11TinyGPSPlus16endOfTermHandlerEv)
                  00000bb0    00000340     ti_sysbios_config.o (.text.ti_sysbios_runtime_System_doPrint)
                  00000ef0    000002c8     drivers_cc13x2.a : SPICC26X2DMA.c.obj (.text.SPICC26X2DMA_transfer)
                  000011b8    0000029c     rf_multiMode_cc13x2.a : RFCC26X2_multiMode.c.cc13x2.ticlang.o (.text.RF_open)
                  00001454    00000294     task_i2c0_imu.o (.text.task_i2c0_imu_accgyro)
                  000016e8    00000288     libc.a : mktime64.c.obj (.text.__mktime64)
                  00001970    00000268     fatfs.a : ff.c.obj (.text.find_volume)
                  00001bd8    000001f0     drivers_cc13x2.a : UART2CC26X2.c.obj (.text.UART2CC26X2_hwiIntFxn)
                  00001dc8    000001ea     fatfs.a : ff.c.obj (.text.f_open)
                  00001fb2    00000002     ti_sysbios_config.o (.text.BIOS_nullFunc)
                  00001fb4    000001e8     rf_multiMode_cc13x2.a : RFCC26X2_multiMode.c.cc13x2.ticlang.o (.text.RF_scheduleCmd)
                  0000219c    000001e2     drivers_cc13x2.a : UART2.c.obj (.text.UART2_readTimeout)
                  0000237e    00000002     ti_drivers_config.o (.text.Board_initHook)
                  00002380    000001dc     rf_multiMode_cc13x2.a : RFCC26X2_multiMode.c.cc13x2.ticlang.o (.text.RF_dispatchNextCmd)
                  0000255c    000001cc     drivers_cc13x2.a : SDSPI.c.obj (.text.SDSPI_initialize)
                  00002728    000001b8     fatfs.a : ff.c.obj (.text.follow_path)
                  000028e0    000001b6     libclang_rt.builtins.a : adddf3.S.obj (.text)
                  00002a96    000001ae     drivers_cc13x2.a : SPICC26X2DMA.c.obj (.text.SPICC26X2DMA_hwiFxn)
                  00002c44    0000019c     fatfs.a : ff.c.obj (.text.f_write)
                  00002de0    00000194     drivers_cc13x2.a : PowerCC26X2_calibrateRCOSC.c.obj (.text.PowerCC26X2_auxISR)
                  00002f74    00000190     libc.a : localtim64.c.obj (.text.__localtime64)
                  00003104    00000188     drivers_cc13x2.a : SPICC26X2DMA.c.obj (.text.SPICC26X2DMA_open)
                  0000328c    00000184     libc.a : fwrite.c.obj (.text.fwrite)
                  00003410    0000017c     drivers_cc13x2.a : UART2CC26X2.c.obj (.text.UART2_open)
                  0000358c    00000174     EasyLink.o (.text.EasyLink_transmit)
                  00003700    00000174     drivers_cc13x2.a : UART2.c.obj (.text.UART2_writeTimeoutBlocking)
                  00003874    00000172     fatfs.a : ff.c.obj (.text.f_read)
                  000039e6    00000164             : ff.c.obj (.text.f_lseek)
                  00003b4a    00000002     display_cc13x2.a : DisplayUart2.c.obj (.text.DisplayUart2Min_clear)
                  00003b4c    00000164     task_uart0_gps.o (.text.task_uart0_gps)
                  00003cb0    00000160     drivers_cc13x2.a : SPICC26X2DMA.c.obj (.text.configNextTransfer)
                  00003e10    00000158                      : PowerCC26X2.c.obj (.text.Power_sleep)
                  00003f68    00000148     rf_multiMode_cc13x2.a : RFCC26X2_multiMode.c.cc13x2.ticlang.o (.text.RF_radioOpDoneCb)
                  000040b0    00000144     ti_sysbios_config.o (.text.ti_sysbios_runtime_System_printfExtend)
                  000041f4    0000013c     drivers_cc13x2.a : I2CCC26XX.c.obj (.text.I2C_open)
                  00004330    00000136     libclang_rt.builtins.a : divdf3.S.obj (.text)
                  00004466    00000002     display_cc13x2.a : DisplayUart2.c.obj (.text.DisplayUart2Min_clearLines)
                  00004468    0000012c     rf_multiMode_cc13x2.a : RFCC26X2_multiMode.c.cc13x2.ticlang.o (.text.RF_close)
                  00004594    0000012c                           : RFCC26X2_multiMode.c.cc13x2.ticlang.o (.text.RF_fsmSetupState)
                  000046c0    00000126     drivers_cc13x2.a : I2C.c.obj (.text.I2C_transferTimeout)
                  000047e6    00000002     display_cc13x2.a : DisplayUart2.c.obj (.text.DisplayUart2Min_init)
                  000047e8    00000124     rf_multiMode_cc13x2.a : RFCC26X2_multiMode.c.cc13x2.ticlang.o (.text.RF_abortCmd)
                  0000490c    00000122     drivers_cc13x2.a : SPICC26X2DMA.c.obj (.text.SPICC26X2DMA_transferCancel)
                  00004a2e    00000002                      : I2C.c.obj (.text.I2C_init)
                  00004a30    00000120     libc.a : fopen.c.obj (.text._openfile)
                  00004b50    00000120     ti_sysbios_config.o (.text.ti_sysbios_family_arm_cc26xx_Timer_construct)
                  00004c70    0000011c     sysbios.a : Hwi_asm_gnu.obj (.text.ti_sysbios_family_arm_m3_Hwi_dispatch)
                  00004d8c    0000011a     drivers_cc13x2.a : UART2.c.obj (.text.UART2_writeTimeoutNonblocking)
                  00004ea6    00000002     rf_multiMode_cc13x2.a : rfc.c.cc13x2.ticlang.o (.text.NOROM_RFCCpePatchReset)
                  00004ea8    00000118     drivers_cc13x2.a : PowerCC26X2.c.obj (.text.Power_init)
                  00004fc0    00000118     rf_multiMode_cc13x2.a : RFCC26X2_multiMode.c.cc13x2.ticlang.o (.text.RF_decodeOverridePointers)
                  000050d8    00000116     fatfs.a : ff.c.obj (.text.f_rename)
                  000051ee    00000002     rf_multiMode_cc13x2.a : RFCC26X2_multiMode.c.cc13x2.ticlang.o (.text.RF_defaultCallback)
                  000051f0    0000010c     drivers_cc13x2.a : PowerCC26X2_calibrateRCOSC.c.obj (.text.PowerCC26X2_calibrate)
                  000052fc    0000010c     fatfs.a : ff.c.obj (.text.create_chain)
                  00005408    00000108     rf_multiMode_cc13x2.a : RFCC26X2_multiMode.c.cc13x2.ticlang.o (.text.RF_fsmPowerUpState)
                  00005510    00000104     EasyLink.o (.text.EasyLink_setFrequency)
                  00005614    00000104     drivers_cc13x2.a : GPIOCC26X2.c.obj (.text.GPIO_init)
                  00005718    00000104                      : UART2CC26X2.c.obj (.text.UART2CC26X2_initHw)
                  0000581c    000000fc     rf_multiMode_cc13x2.a : RFCC26X2_multiMode.c.cc13x2.ticlang.o (.text.RF_hwiCpe0Active)
                  00005918    000000fc     libclang_rt.builtins.a : muldf3.S.obj (.text)
                  00005a14    000000f4     driverlib.lib : sys_ctrl.o (.text.NOROM_SysCtrlStandby)
                  00005b08    000000f4     fatfs.a : ff.c.obj (.text.put_fat)
                  00005bfc    000000f0     drivers_cc13x2.a : UART2CC26X2.c.obj (.text.UART2Support_dmaStartRx)
                  00005cec    000000f0     TinyGPS++.o (.text._ZN11TinyGPSPlus5parseEc)
                  00005ddc    000000ec     drivers_cc13x2.a : SDSPI.c.obj (.text.SDSPI_write)
                  00005ec8    000000ec     task_temp.o (.text.task_temp)
                  00005fb4    000000e8     drivers_cc13x2.a : I2CCC26XX.c.obj (.text.I2CCC26XX_hwiFxn)
                  0000609c    000000e8     task_i2c0_imu_mag.o (.text.task_i2c0_imu_mag)
                  00006184    000000e4     driverlib.lib : setup.o (.text.NOROM_SetupTrimDevice)
                  00006268    000000e4     ti_sysbios_config.o (.text.ti_sysbios_knl_Semaphore_pend)
                  0000634c    000000d8     drivers_cc13x2.a : SPICC26X2DMA.c.obj (.text.SPICC26X2DMA_control)
                  00006424    000000d8     ti_sysbios_config.o (.text.pthread_create)
                  000064fc    00000004     ti_sysbios_config.o (.text.ClockP_destruct)
                  00006500    000000d8     rtos_tasks.o (.text.rtos_task_creation)
                  000065d8    000000d8     libc.a : setvbuf.c.obj (.text.setvbuf)
                  000066b0    000000d8     ti_sysbios_config.o (.text.ti_sysbios_family_arm_m3_Hwi_excFillContext)
                  00006788    000000d0     libsysbm.a : add_device.c.obj (.text.add_device)
                  00006858    000000d0     drivers_cc13x2.a : PowerCC26X2.c.obj (.text.configureXOSCHF)
                  00006928    000000d0     fatfs.a : ff.c.obj (.text.dir_next)
                  000069f8    000000cc     rf_multiMode_cc13x2.a : RFCC26X2_multiMode.c.cc13x2.ticlang.o (.text.RF_postCmd)
                  00006ac4    000000cc     ti_sysbios_config.o (.text.ti_sysbios_knl_Clock_workFuncDynamic)
                  00006b90    000000ca     rf_multiMode_cc13x2.a : RFCC26X2_multiMode.c.cc13x2.ticlang.o (.text.RF_updatePaConfiguration)
                  00006c5a    00000002     drivers_cc13x2.a : UART2CC26X2.c.obj (.text.UART2CC26X2_eventCallback)
                  00006c5c    000000c8     LSM9DS1.o (.text._ZN7LSM9DS18initGyroEv)
                  00006d24    000000c4     driverlib.lib : setup.o (.text.TrimAfterColdResetWakeupFromShutDown)
                  00006de8    000000c0     drivers_cc13x2.a : SDFatFS.c.obj (.text.SDFatFS_open)
                  00006ea8    000000bc     rf_multiMode_cc13x2.a : RFCC26X2_multiMode.c.cc13x2.ticlang.o (.text.RF_swiHw)
                  00006f64    000000bc     drivers_cc13x2.a : UART2CC26X2.c.obj (.text.UART2Support_dmaStartTx)
                  00007020    000000b8     ti_sysbios_config.o (.text.ti_sysbios_knl_Task_Instance_finalize)
                  000070d8    000000b4     driverlib.lib : osc.o (.text.NOROM_OSCHF_AttemptToSwitchToXosc)
                  0000718c    000000b4     ti_sysbios_config.o (.text.PowerCC26XX_standbyPolicy)
                  00007240    000000b4     drivers_cc13x2.a : PowerCC26X2.c.obj (.text.Power_releaseDependency)
                  000072f4    000000b4     ti_sysbios_config.o (.text.ti_sysbios_knl_Task_setPri)
                  000073a8    000000b0     drivers_cc13x2.a : PowerCC26X2.c.obj (.text.Power_setDependency)
                  00007458    000000b0                      : SDSPI.c.obj (.text.SDSPI_getNumSectors)
                  00007508    000000b0     LSM9DS1.o (.text._ZN7LSM9DS15beginEhhh)
                  000075b8    000000b0     libclang_rt.builtins.a : udivmoddi4.S.obj (.text)
                  00007668    000000ae     drivers_cc13x2.a : SDSPI.c.obj (.text.SDSPI_read)
                  00007716    00000002     LSM9DS1.o (.text._ZN7LSM9DS1C2Ev)
                  00007718    000000ac     rf_multiMode_cc13x2.a : RFCC26X2_multiMode.c.cc13x2.ticlang.o (.text.RF_pendCmd)
                  000077c4    000000ac     task_uart0_gps.o (.text._Z16gps_memory_storeP11TinyGPSPlusj)
                  00007870    000000ac     fatfs.a : ff.c.obj (.text.f_unlink)
                  0000791c    000000ac     libsysbm.a : open.c.obj (.text.open)
                  000079c8    000000a8     drivers_cc13x2.a : TemperatureCC26X2.c.obj (.text.temperatureHwiFxn)
                  00007a70    000000a4     rf_multiMode_cc13x2.a : RFCC26X2_multiMode.c.cc13x2.ticlang.o (.text.RF_initRadioSetup)
                  00007b14    000000a4     ti_sysbios_config.o (.text.ti_sysbios_knl_Task_Instance_init)
                  00007bb8    000000a2     fatfs.a : ff.c.obj (.text.get_fat)
                  00007c5a    000000a2     drivers_cc13x2.a : SDSPI.c.obj (.text.sendCmd)
                  00007cfc    000000a0                      : I2CCC26XX.c.obj (.text.I2CCC26XX_swiFxn)
                  00007d9c    000000a0     rf_multiMode_cc13x2.a : RFCC26X2_multiMode.c.cc13x2.ticlang.o (.text.RF_calculateDispatchTime)
                  00007e3c    0000009c     fatfs.a : ff.c.obj (.text.f_sync)
                  00007ed8    0000009a     drivers_cc13x2.a : UART2.c.obj (.text.UART2_writeCancel)
                  00007f72    00000098     rf_multiMode_cc13x2.a : RFCC26X2_multiMode.c.cc13x2.ticlang.o (.text.RF_defaultSubmitPolicy)
                  0000800a    00000002     gps_ublox.o (.text._ZN9GPS_ubloxC2Ev)
                  0000800c    00000098     drivers_cc13x2.a : UART2CC26X2.c.obj (.text.UART2_close)
                  000080a4    00000098     LSM9DS1.o (.text._ZN7LSM9DS118get_m_xg_addressesEv)
                  0000813c    00000096     rf_multiMode_cc13x2.a : RFCC26X2_multiMode.c.cc13x2.ticlang.o (.text.RF_verifyGap)
                  000081d2    00000096     LSM9DS1.o (.text._ZN7LSM9DS19initAccelEv)
                  00008268    00000094     rf_multiMode_cc13x2.a : RFCC26X2_multiMode.c.cc13x2.ticlang.o (.text.RF_ratRestartChannels)
                  000082fc    00000094     ti_sysbios_config.o (.text.ti_sysbios_knl_Clock_startI)
                  00008390    00000094     ti_sysbios_config.o (.text.ti_sysbios_knl_Task_sleep)
                  00008424    00000090     LSM9DS1.o (.text._ZN7LSM9DS17initMagEv)
                  000084b4    0000008c     drivers_cc13x2.a : GPIOCC26XX.c.obj (.text.GPIO_setConfig)
                  00008540    0000008c     fatfs.a : ffcio.c.obj (.text.ffcio_open)
                  000085cc    0000008c     ti_sysbios_config.o (.text.ti_sysbios_knl_Clock_init)
                  00008658    00000088     EasyLink.o (.text.EasyLink_setRfPower)
                  000086e0    00000088     rf_multiMode_cc13x2.a : RFCC26X2_multiMode.c.cc13x2.ticlang.o (.text.RF_cmdDispatchTime)
                  00008768    00000088                           : RFCC26X2_multiMode.c.cc13x2.ticlang.o (.text.RF_discardPendCmd)
                  000087f0    00000084     libc.a : fopen.c.obj (.text.fopen)
                  00008874    00000082     drivers_cc13x2.a : SDSPI.c.obj (.text.transmitDataBlock)
                  000088f6    00000080     driverlib.lib : sys_ctrl.o (.text.NOROM_SysCtrlSetRechargeBeforePowerDown)
                  00008976    00000002     libclang_rt.builtins.a : aeabi_div0.c.obj (.text.__aeabi_ldiv0)
                  00008978    00000080     drivers_cc13x2.a : UART2CC26X2.c.obj (.text.UART2Support_dmaStopTx)
                  000089f8    00000080     task_rfsub1ghz_ka.o (.text.task_rfsub1ghz_ka)
                  00008a78    00000080     ti_sysbios_config.o (.text.ti_sysbios_family_arm_m3_Hwi_initNVIC)
                  00008af8    0000007e     driverlib.lib : chipinfo.o (.text.NOROM_ChipInfo_GetChipType)
                  00008b76    00000002     libc.a : _lock.c.obj (.text._nop)
                  00008b78    0000007c     drivers_cc13x2.a : SDSPI.c.obj (.text.recvDataBlock)
                  00008bf4    0000007c     fatfs.a : ff.c.obj (.text.sync_fs)
                  00008c70    0000007c     ti_sysbios_config.o (.text.ti_sysbios_family_arm_m3_Hwi_postInit)
                  00008cec    00000078     driverlib.lib : osc.o (.text.NOROM_OSCHF_SwitchToRcOscTurnOffXosc)
                  00008d64    00000078                   : osc.o (.text.NOROM_OSC_CapArrayAdjustWorkaround_Boot)
                  00008ddc    00000078     rf_multiMode_cc13x2.a : RFCC26X2_multiMode.c.cc13x2.ticlang.o (.text.RF_ratFreeChannel)
                  00008e54    00000078     drivers_cc13x2.a : SPICC26X2DMA.c.obj (.text.SPICC26X2DMA_close)
                  00008ecc    00000078     ti_sysbios_config.o (.text._pthread_removeThreadKeys)
                  00008f44    00000078     rf_multiMode_cc13x2.a : rf_patch_cpe_multi_protocol.c.cc13x2.ticlang.o (.text.configureMultiProtocolPatch)
                  00008fbc    00000078     fatfs.a : ff.c.obj (.text.f_mount)
                  00009034    00000078     ti_sysbios_config.o (.text.ti_sysbios_knl_Task_postInit)
                  000090ac    00000074     drivers_cc13x2.a : PowerCC26X2_calibrateRCOSC_helpers.c.obj (.text.PowerCC26X2_updateSubSecInc)
                  00009120    00000074     rf_multiMode_cc13x2.a : RFCC26X2_multiMode.c.cc13x2.ticlang.o (.text.RF_hwiHw)
                  00009194    00000074     drivers_cc13x2.a : SDSPI.c.obj (.text.SDSPI_open)
                  00009208    00000074                      : TemperatureCC26X2.c.obj (.text.Temperature_init)
                  0000927c    00000074     LSM9DS1.o (.text._ZN7LSM9DS14initEv)
                  000092f0    00000074     libc.a : fclose.c.obj (.text.__TI_closefile)
                  00009364    00000074            : fflush.c.obj (.text.fflush)
                  000093d8    00000074     ti_sysbios_config.o (.text.ti_sysbios_knl_Swi_restoreHwi)
                  0000944c    00000004     ti_sysbios_config.o (.text.ClockP_getSystemTickPeriod)
                  00009450    00000070     TinyGPS++.o (.text._ZN10TinyGPSDOP6commitEv)
                  000094c0    00000070     LSM9DS1.o (.text._ZN7LSM9DS118readFIFO_continousEv)
                  00009530    00000070     fatfs.a : ff.c.obj (.text.remove_chain)
                  000095a0    00000070     ti_sysbios_config.o (.text.ti_sysbios_family_arm_m3_Hwi_Instance_init)
                  00009610    00000070     ti_sysbios_config.o (.text.ti_sysbios_knl_Task_startup)
                  00009680    00000070     ti_sysbios_config.o (.text.ti_sysbios_runtime_System_formatNum)
                  000096f0    0000006e     libclang_rt.builtins.a : comparedf2.c.obj (.text.__gedf2)
                  0000975e    00000002     drivers_cc13x2.a : PowerCC26X2.c.obj (.text.emptyClockFunc)
                  00009760    0000006e     libclang_rt.builtins.a : comparedf2.c.obj (.text.__ledf2)
                  000097ce    00000002     ti_sysbios_config.o (.text.ti_sysbios_runtime_System_exitSpin)
                  000097d0    0000006e     libclang_rt.builtins.a : truncdfsf2.S.obj (.text)
                  0000983e    00000002     --HOLE-- [fill = 0]
                  00009840    0000006c     rf_multiMode_cc13x2.a : RFCC26X2_multiMode.c.cc13x2.ticlang.o (.text.RF_issueRadioFreeCb)
                  000098ac    0000006c     ti_sysbios_config.o (.text.ti_sysbios_family_arm_m3_Hwi_dispatchC)
                  00009918    0000006c     ti_sysbios_config.o (.text.ti_sysbios_hal_Seconds_getTime)
                  00009984    0000006a     drivers_cc13x2.a : I2CCC26XX.c.obj (.text.I2CSupport_primeTransfer)
                  000099ee    0000006a     libc.a : copy_decompress_lzss.c.obj (.text:decompress:lzss)
                  00009a58    00000068     rf_multiMode_cc13x2.a : RFCC26X2_multiMode.c.cc13x2.ticlang.o (.text.RF_detachOverrides)
                  00009ac0    00000068     drivers_cc13x2.a : UART2CC26X2.c.obj (.text.UART2Support_dmaStopRx)
                  00009b28    00000068     libc.a : fseek.c.obj (.text.fseeko)
                  00009b90    00000068            : getdevice.c.obj (.text.getdevice)
                  00009bf8    00000068     micro_sd_fat.o (.text.microsd_init)
                  00009c60    00000068     ti_sysbios_config.o (.text.ti_sysbios_knl_Swi_run)
                  00009cc8    00000064     libsysbm.a : hostrename.c.obj (.text.HOSTrename)
                  00009d2c    00000064     drivers_cc13x2.a : PowerCC26X2_calibrateRCOSC.c.obj (.text.PowerCC26X2_initiateCalibration)
                  00009d90    00000064     rf_multiMode_cc13x2.a : RFCC26X2_multiMode.c.cc13x2.ticlang.o (.text.RF_attachOverrides)
                  00009df4    00000064                           : RFCC26X2_multiMode.c.cc13x2.ticlang.o (.text.RF_dispatchNextEvent)
                  00009e58    00000064                           : RFCC26X2_multiMode.c.cc13x2.ticlang.o (.text.RF_hwiCpe0PowerFsm)
                  00009ebc    00000064     drivers_cc13x2.a : UDMACC26XX.c.obj (.text.UDMACC26XX_open)
                  00009f20    00000064     TinyGPS++.o (.text._ZN11TinyGPSPlusC2Ev)
                  00009f84    00000064     gps_ublox.o (.text._ZN9GPS_ublox9configureEv)
                  00009fe8    00000064     fatfs.a : ff.c.obj (.text.check_fs)
                  0000a04c    00000064     drivers_cc13x2.a : PowerCC26X2.c.obj (.text.oscillatorISR)
                  0000a0b0    00000064     ti_sysbios_config.o (.text.ti_sysbios_knl_Idle_init)
                  0000a114    00000064     ti_sysbios_config.o (.text.ti_sysbios_knl_TaskSupport_buildTaskStack)
                  0000a178    00000062     rf_multiMode_cc13x2.a : RFCC26X2_multiMode.c.cc13x2.ticlang.o (.text.RF_syncCb)
                  0000a1da    00000062     fatfs.a : ff.c.obj (.text.dir_read)
                  0000a23c    00000062             : ff.c.obj (.text.dir_sdi)
                  0000a29e    00000002     --HOLE-- [fill = 0]
                  0000a2a0    00000062     libclang_rt.builtins.a : aeabi_dcmp.S.obj (.text)
                  0000a302    00000060     libc.a : _io_perm.c.obj (.text.__TI_wrt_ok)
                  0000a362    00000002     --HOLE-- [fill = 0]
                  0000a364    00000060     libsysbm.a : close.c.obj (.text.close)
                  0000a3c4    00000060     drivers_cc13x2.a : SPICC26X2DMA.c.obj (.text.csnCallback)
                  0000a424    00000060     micro_sd_fat.o (.text.microsd_set_mount)
                  0000a484    00000060     ti_sysbios_config.o (.text.ti_sysbios_heaps_HeapMem_allocUnprotected)
                  0000a4e4    00000060     ti_sysbios_config.o (.text.ti_sysbios_knl_Clock_walkQueueDynamic)
                  0000a544    00000060     ti_sysbios_config.o (.text.ti_sysbios_knl_Semaphore_post)
                  0000a5a4    00000060     ti_sysbios_config.o (.text.ti_sysbios_knl_Swi_schedule)
                  0000a604    0000005e     rf_multiMode_cc13x2.a : rfc.c.cc13x2.ticlang.o (.text.NOROM_RFCAnaDivTxOverride)
                  0000a662    0000005c     TinyGPS++.o (.text._ZN11TinyGPSPlus12parseDecimalEPKc)
                  0000a6be    00000002     --HOLE-- [fill = 0]
                  0000a6c0    0000005c     TinyGPS++.o (.text._ZN11TinyGPSPlus12parseDegreesEPKcR10RawDegrees)
                  0000a71c    0000005c     libclang_rt.builtins.a : divmoddi4.c.obj (.text.__divmoddi4)
                  0000a778    0000005c     fatfs.a : ff.c.obj (.text.dir_register)
                  0000a7d4    0000005c     ti_sysbios_config.o (.text.pthread_exit)
                  0000a830    0000005c     rtos_tasks.o (.text.rtos_task_init_parameter)
                  0000a88c    00000058     libsysbm.a : hostlseek.c.obj (.text.HOSTlseek)
                  0000a8e4    00000058                : hostopen.c.obj (.text.HOSTopen)
                  0000a93c    00000058     rf_multiMode_cc13x2.a : RFCC26X2_multiMode.c.cc13x2.ticlang.o (.text.RF_applyRfCorePatch)
                  0000a994    00000004     ti_sysbios_config.o (.text.ClockP_getSystemTicks)
                  0000a998    00000058     task_uart0_gps.o (.text._Z9gps_startP9GPS_ublox)
                  0000a9f0    00000058     sysbios.a : Hwi_asm_switch_gnu.obj (.text.ti_sysbios_family_arm_m3_Hwi_initStacks)
                  0000aa48    00000058     drivers_cc13x2.a : SDSPI.c.obj (.text.waitUntilReady)
                  0000aaa0    00000056                      : UART2.c.obj (.text.UART2_readCancel)
                  0000aaf6    00000002     --HOLE-- [fill = 0]
                  0000aaf8    00000054     libsysbm.a : hostread.c.obj (.text.HOSTread)
                  0000ab4c    00000054                : hostwrite.c.obj (.text.HOSTwrite)
                  0000aba0    00000054     drivers_cc13x2.a : I2CCC26XX.c.obj (.text.I2CCC26XX_initHw)
                  0000abf4    00000054     rf_multiMode_cc13x2.a : RFCC26X2_multiMode.c.cc13x2.ticlang.o (.text.RF_fsmXOSCState)
                  0000ac48    00000054                           : RFCC26X2_multiMode.c.cc13x2.ticlang.o (.text.RF_getCurrentTime)
                  0000ac9c    00000054     LSM9DS1.o (.text._ZN7LSM9DS115constrainScalesEv)
                  0000acf0    00000054     libc.a : autoinit.c.obj (.text:__TI_auto_init_nobinit)
                  0000ad44    00000052     display_cc13x2.a : DisplayUart2.c.obj (.text.DisplayUart2Min_vprintf)
                  0000ad96    00000052     driverlib.lib : chipinfo.o (.text.NOROM_ChipInfo_GetHwRevision)
                  0000ade8    00000050     ti_drivers_config.o (.text.Board_shutDownExtFlash)
                  0000ae38    00000050     display_cc13x2.a : Display.c.obj (.text.Display_doOpen)
                  0000ae88    00000050     rf_multiMode_cc13x2.a : RFCC26X2_multiMode.c.cc13x2.ticlang.o (.text.RF_wakeupNotification)
                  0000aed8    00000050     task_uart0_gps.o (.text._Z20task_uart0_gps_setupv)
                  0000af28    00000050     gpio_AL.o (.text.gpio_init)
                  0000af78    00000050     ti_sysbios_config.o (.text.ti_sysbios_hal_Seconds_setTime)
                  0000afc8    00000050     ti_sysbios_config.o (.text.ti_sysbios_knl_Swi_post)
                  0000b018    00000050     ti_sysbios_config.o (.text.ti_sysbios_knl_Swi_runLoop)
                  0000b068    0000004e     ti_drivers_config.o (.text.Board_sendExtFlashByte)
                  0000b0b6    0000004e     libc.a : fflush.c.obj (.text.__TI_doflush)
                  0000b104    0000004e     fatfs.a : ff.c.obj (.text.dir_clear)
                  0000b152    0000004e     ti_sysbios_config.o (.text.ti_sysbios_heaps_HeapMem_freeUnprotected)
                  0000b1a0    0000004e     fatfs.a : ff.c.obj (.text.validate)
                  0000b1ee    00000002     --HOLE-- [fill = 0]
                  0000b1f0    0000004c     ti_sysbios_config.o (.text.BIOS_startFunc)
                  0000b23c    0000004c     driverlib.lib : osc.o (.text.NOROM_OSC_HPOSCRelativeFrequencyOffsetGet)
                  0000b288    0000004c     drivers_cc13x2.a : SPICC26X2DMA.c.obj (.text.initHw)
                  0000b2d4    0000004c                      : PowerCC26X2.c.obj (.text.switchXOSCHF)
                  0000b320    0000004c     ti_sysbios_config.o (.text.ti_sysbios_knl_Swi_Instance_init)
                  0000b36c    0000004a     LSM9DS1.o (.text._ZN7LSM9DS17readAllEv)
                  0000b3b6    00000002     --HOLE-- [fill = 0]
                  0000b3b8    00000048     ti_sysbios_config.o (.text.BIOS_init)
                  0000b400    00000048     driverlib.lib : aux_sysif.o (.text.NOROM_AUXSYSIFOpModeChange)
                  0000b448    00000048     rf_multiMode_cc13x2.a : rfc.c.cc13x2.ticlang.o (.text.NOROM_RFCSynthPowerDown)
                  0000b490    00000048     drivers_cc13x2.a : PowerCC26X2.c.obj (.text.PowerCC26XX_switchXOSC_HF)
                  0000b4d8    00000048                      : UART2.c.obj (.text.UART2_readFull)
                  0000b520    00000048     libc.a : atol.c.obj (.text.atol)
                  0000b568    00000048     i2c_AL.o (.text.i2c_init)
                  0000b5b0    00000048     ti_sysbios_config.o (.text.ti_sysbios_family_arm_cc26xx_Timer_start)
                  0000b5f8    00000048     ti_sysbios_config.o (.text.ti_sysbios_heaps_HeapMem_Instance_init)
                  0000b640    00000048     ti_sysbios_config.o (.text.ti_sysbios_heaps_HeapMem_alloc)
                  0000b688    00000048     ti_sysbios_config.o (.text.ti_sysbios_knl_Task_schedule)
                  0000b6d0    00000048     ti_sysbios_config.o (.text.ti_sysbios_runtime_Startup_exec)
                  0000b718    00000048     libclang_rt.builtins.a : fixdfsi.S.obj (.text)
                  0000b760    00000046     drivers_cc13x2.a : RingBuf.c.obj (.text.RingBuf_put)
                  0000b7a6    00000002     --HOLE-- [fill = 0]
                  0000b7a8    00000044     ti_sysbios_config.o (.text.BIOS_atExitFunc)
                  0000b7ec    00000044     drivers_cc13x2.a : GPIOCC26X2.c.obj (.text.GPIO_hwiIntFxn)
                  0000b830    00000044     libsysbm.a : hostunlink.c.obj (.text.HOSTunlink)
                  0000b874    00000044     driverlib.lib : prcm.o (.text.NOROM_PRCMPowerDomainsAllOff)
                  0000b8b8    00000044                   : prcm.o (.text.NOROM_PRCMPowerDomainsAllOn)
                  0000b8fc    00000044     rf_multiMode_cc13x2.a : RFCC26X2_multiMode.c.cc13x2.ticlang.o (.text.RF_TxPowerTable_findValue)
                  0000b940    00000044                           : RFCC26X2_multiMode.c.cc13x2.ticlang.o (.text.RF_cmdGet)
                  0000b984    00000044                           : RFCC26X2_multiMode.c.cc13x2.ticlang.o (.text.RF_updatePowerupDuration)
                  0000b9c8    00000044     drivers_cc13x2.a : SDFatFS.c.obj (.text.SDFatFS_init)
                  0000ba0c    00000044                      : SD.c.obj (.text.SD_init)
                  0000ba50    00000044                      : SPI.c.obj (.text.SPI_init)
                  0000ba94    00000044     LSM9DS1.o (.text._ZN7LSM9DS18readGyroEv)
                  0000bad8    00000044     LSM9DS1.o (.text._ZN7LSM9DS19readAccelEv)
                  0000bb1c    00000044     drivers_cc13x2.a : TemperatureCC26X2.c.obj (.text.degreesToCode)
                  0000bb60    00000044                      : TemperatureCC26X2.c.obj (.text.setNextThresholds)
                  0000bba4    00000044     fatfs.a : ff.c.obj (.text.sync_window)
                  0000bbe8    00000044     task_spi0_microsd.o (.text.task_spi0_microsd)
                  0000bc2c    00000044     ti_sysbios_config.o (.text.ti_sysbios_family_arm_m3_Hwi_Instance_finalize)
                  0000bc70    00000044     ti_sysbios_config.o (.text.ti_sysbios_family_arm_m3_Hwi_construct2)
                  0000bcb4    00000044     ti_sysbios_config.o (.text.ti_sysbios_family_arm_m3_Hwi_disableInterrupt)
                  0000bcf8    00000044     ti_sysbios_config.o (.text.ti_sysbios_family_arm_m3_Hwi_enableInterrupt)
                  0000bd3c    00000044     ti_sysbios_config.o (.text.ti_sysbios_knl_Swi_restore)
                  0000bd80    00000044     uart_AL.o (.text.uart_init)
                  0000bdc4    00000044     libclang_rt.builtins.a : fixunsdfsi.S.obj (.text)
                  0000be08    00000042     fatfs.a : ff.c.obj (.text.get_ldnumber)
                  0000be4a    00000002     --HOLE-- [fill = 0]
                  0000be4c    00000040     drivers_cc13x2.a : PowerCC26X2_calibrateRCOSC.c.obj (.text.PowerCC26X2_RCOSC_clockFunc)
                  0000be8c    00000040                      : PowerCC26X2_calibrateRCOSC_helpers.c.obj (.text.PowerCC26X2_setAclkRefSrc)
                  0000becc    00000040                      : SD.c.obj (.text.SD_open)
                  0000bf0c    00000040                      : SPI.c.obj (.text.SPI_open)
                  0000bf4c    00000040     ti_sysbios_config.o (.text.SemaphoreP_create)
                  0000bf8c    00000040     task_uart0_gps.o (.text._Z18callback_uart0_gpsP13UART2_Config_PvjS1_i)
                  0000bfcc    00000004     ti_sysbios_config.o (.text.ClockP_getTimeout)
                  0000bfd0    00000040     LSM9DS1.o (.text._ZN7LSM9DS18calcTempEs)
                  0000c010    00000040     ti_sysbios_config.o (.text.ti_sysbios_heaps_HeapMem_getStats)
                  0000c050    00000040     ti_sysbios_config.o (.text.ti_sysbios_knl_Clock_getTicksUntilInterrupt)
                  0000c090    00000040     ti_sysbios_config.o (.text.ti_sysbios_knl_Task_exit)
                  0000c0d0    0000003c     display_cc13x2.a : DisplayUart2.c.obj (.text.DisplayUart2Min_open)
                  0000c10c    0000003c     drivers_cc13x2.a : GPIO.c.obj (.text.GPIO_resetConfig)
                  0000c148    0000003c     libsysbm.a : hostclose.c.obj (.text.HOSTclose)
                  0000c184    0000003c     ti_sysbios_config.o (.text.HwiP_construct)
                  0000c1c0    0000003c     driverlib.lib : sys_ctrl.o (.text.NOROM_SysCtrlIdle)
                  0000c1fc    0000003c     drivers_cc13x2.a : PowerCC26X2_calibrateRCOSC_helpers.c.obj (.text.PowerCC26X2_setTdcClkSrc24M)
                  0000c238    0000003c                      : SDFatFS.c.obj (.text.SDFatFS_diskIOctrl)
                  0000c274    0000003c     EasyLink.o (.text.calculateCmdTime)
                  0000c2b0    0000003c     fatfs.a : ffcio.c.obj (.text.ffcio_lseek)
                  0000c2ec    0000003c     micro_sd_fat.o (.text.microsd_update_file_all)
                  0000c328    0000003c     ti_sysbios_config.o (.text.ti_sysbios_family_arm_cc26xx_Timer_periodicStub)
                  0000c364    0000003c     ti_sysbios_config.o (.text.ti_sysbios_family_arm_cc26xx_Timer_setThreshold)
                  0000c3a0    0000003c     ti_sysbios_config.o (.text.ti_sysbios_heaps_HeapMem_construct)
                  0000c3dc    0000003c     ti_sysbios_config.o (.text.ti_sysbios_knl_ClockSupport_init)
                  0000c418    0000003c     ti_sysbios_config.o (.text.ti_sysbios_knl_Task_blockI)
                  0000c454    0000003c     ti_sysbios_config.o (.text.ti_sysbios_knl_Task_create)
                  0000c490    0000003c     ti_sysbios_config.o (.text.ti_sysbios_knl_Task_restore)
                  0000c4cc    0000003c     ti_sysbios_config.o (.text.ti_sysbios_runtime_Memory_alloc)
                  0000c508    0000003c     drivers_cc13x2.a : TemperatureCC26X2.c.obj (.text.updateThresholds)
                  0000c544    0000003c     rtos_AL.o (.text.vTaskDelayUntil)
                  0000c580    00000038     ti_sysbios_config.o (.text.MemAlloc_alloc)
                  0000c5b8    00000038     drivers_cc13x2.a : PowerCC26X2_helpers.c.obj (.text.PowerCC26X2_oscDisableQualifiers)
                  0000c5f0    00000038                      : RingBuf.c.obj (.text.RingBuf_putAdvance)
                  0000c628    00000038                      : UART2.c.obj (.text.UART2_rxEnable)
                  0000c660    00000038                      : UDMACC26XX.c.obj (.text.UDMACC26XX_close)
                  0000c698    00000038     EasyLink.o (.text.createTxAdvFromTx)
                  0000c6d0    00000038     ti_sysbios_config.o (.text.getTime)
                  0000c708    00000038     fatfs.a : ff.c.obj (.text.move_window)
                  0000c740    00000038     rf_multiMode_cc13x2.a : rf_patch_cpe_multi_protocol.c.cc13x2.ticlang.o (.text.rf_patch_cpe_multi_protocol)
                  0000c778    00000038     ti_sysbios_config.o (.text.ti_sysbios_knl_Task_processVitalTaskFlag)
                  0000c7b0    00000038     libclang_rt.builtins.a : extendsfdf2.S.obj (.text)
                  0000c7e8    00000036     micro_sd_fat.o (.text.fatfs_getFatTime)
                  0000c81e    00000002     --HOLE-- [fill = 0]
                  0000c820    00000034     drivers_cc13x2.a : PowerCC26X2.c.obj (.text.Power_releaseConstraint)
                  0000c854    00000034     rf_multiMode_cc13x2.a : RFCC26X2_multiMode.c.cc13x2.ticlang.o (.text.RF_powerConstraintRelease)
                  0000c888    00000034                           : RFCC26X2_multiMode.c.cc13x2.ticlang.o (.text.RF_runDirectImmediateCmd)
                  0000c8bc    00000034     drivers_cc13x2.a : SDFatFS.c.obj (.text.SDFatFS_close)
                  0000c8f0    00000034     ti_sysbios_config.o (.text.SwiP_construct)
                  0000c924    00000034     drivers_cc13x2.a : UART2CC26X2.c.obj (.text.UART2Support_sendData)
                  0000c958    00000034                      : UART2.c.obj (.text.UART2_rxDisable)
                  0000c98c    00000034     LSM9DS1.o (.text._ZN7LSM9DS18calcgResEv)
                  0000c9c0    00000034     libc.a : fopen.c.obj (.text.__TI_cleanup)
                  0000c9f4    00000034     libsysbm.a : trgmsg.c.obj (.text.__TI_writemsg)
                  0000ca28    00000034     ti_sysbios_config.o (.text._pthread_cleanupFxn)
                  0000ca5c    00000034     libc.a : getdevice.c.obj (.text.finddevice)
                  0000ca90    00000034     task_spi0_microsd.o (.text.microsd_start)
                  0000cac4    00000034     libc.a : rand.c.obj (.text.rand)
                  0000caf8    00000034     task_spi0_microsd.o (.text.task_spi0_microsd_write_block)
                  0000cb2c    00000034     ti_sysbios_config.o (.text.ti_sysbios_family_arm_m3_Hwi_getStackInfo)
                  0000cb60    00000034     ti_sysbios_config.o (.text.ti_sysbios_family_arm_m3_Hwi_init)
                  0000cb94    00000034     ti_sysbios_config.o (.text.ti_sysbios_knl_Clock_Instance_init)
                  0000cbc8    00000034     ti_sysbios_config.o (.text.ti_sysbios_knl_Task_unblockI)
                  0000cbfc    00000034     ti_sysbios_config.o (.text.ti_sysbios_runtime_Error_raiseX)
                  0000cc30    00000034     sysbios.a : boot_cortex_m.obj (.text:_c_int00)
                  0000cc64    00000032     LSM9DS1.o (.text._ZN7LSM9DS110xgReadByteEh)
                  0000cc96    00000032     LSM9DS1.o (.text._ZN7LSM9DS19mReadByteEh)
                  0000ccc8    00000032     micro_sd_fat.o (.text.microsd_open_write_close)
                  0000ccfa    00000032     rtos_AL.o (.text.thread_create)
                  0000cd2c    00000032     ti_sysbios_config.o (.text.ti_sysbios_knl_Semaphore_pendTimeout)
                  0000cd5e    00000002     --HOLE-- [fill = 0]
                  0000cd60    00000030     ti_drivers_config.o (.text.Board_wakeUpExtFlash)
                  0000cd90    00000030     ti_sysbios_config.o (.text.ClockP_construct)
                  0000cdc0    00000030     drivers_cc13x2.a : GPIOCC26XX.c.obj (.text.GPIO_setInterruptConfig)
                  0000cdf0    00000030                      : PowerCC26X2.c.obj (.text.Power_setConstraint)
                  0000ce20    00000030     rf_multiMode_cc13x2.a : RFCC26X2_multiMode.c.cc13x2.ticlang.o (.text.RF_checkCmdFsError)
                  0000ce50    00000030     libsysbm.a : trgmsg.c.obj (.text.__TI_readmsg)
                  0000ce80    00000030     ti_sysbios_config.o (.text.clock_settime)
                  0000ceb0    00000030     micro_sd_fat.o (.text.microsd_open_file)
                  0000cee0    00000030     micro_sd_fat.o (.text.microsd_set_file_properties)
                  0000cf10    00000030     drivers_cc13x2.a : PowerCC26X2.c.obj (.text.notify)
                  0000cf40    00000030     ti_sysbios_config.o (.text.ti_sysbios_family_arm_m3_Hwi_excHandlerMin)
                  0000cf70    00000030     ti_sysbios_config.o (.text.ti_sysbios_heaps_HeapMem_free)
                  0000cfa0    00000030     ti_sysbios_config.o (.text.ti_sysbios_knl_TaskSupport_start)
                  0000cfd0    00000030     ti_sysbios_config.o (.text.ti_sysbios_runtime_System_atexit)
                  0000d000    00000030     ti_sysbios_config.o (.text.ti_sysbios_runtime_System_processAtExit)
                  0000d030    0000002e     driverlib.lib : chipinfo.o (.text.NOROM_ThisLibraryIsFor_CC13x2_CC26x2_HwRev20AndLater_HaltIfViolated)
                  0000d05e    0000002e     rf_multiMode_cc13x2.a : RFCC26X2_multiMode.c.cc13x2.ticlang.o (.text.RF_calculateDeltaTimeUs)
                  0000d08c    0000002e     drivers_cc13x2.a : RingBuf.c.obj (.text.RingBuf_getConsume)
                  0000d0ba    0000002e                      : RingBuf.c.obj (.text.RingBuf_putPointer)
                  0000d0e8    0000002e     task_uart0_gps.o (.text._ZN11TinyGPSPlus19get_last_message_okEPc)
                  0000d116    00000002     --HOLE-- [fill = 0]
                  0000d118    0000002e     libclang_rt.builtins.a : floatsidf.S.obj (.text)
                  0000d146    00000002     --HOLE-- [fill = 0]
                  0000d148    0000002c     ti_sysbios_config.o (.text.PowerCC26XX_schedulerDisable)
                  0000d174    0000002c     rf_multiMode_cc13x2.a : RFCC26X2_multiMode.c.cc13x2.ticlang.o (.text.RF_executeDirectImmediateCmd)
                  0000d1a0    0000002c     drivers_cc13x2.a : UART2CC26X2.c.obj (.text.UART2CC26X2_getRxData)
                  0000d1cc    0000002c                      : UART2CC26X2.c.obj (.text.UART2Support_enableInts)
                  0000d1f8    0000002c     LSM9DS1.o (.text._ZN7LSM9DS17setFIFOE13fifoMode_typeh)
                  0000d224    0000002c     ti_sysbios_config.o (.text._pthread_delete)
                  0000d250    0000002c     fatfs.a : diskio.c.obj (.text.disk_register)
                  0000d27c    0000002c     libc.a : fclose.c.obj (.text.fclose)
                  0000d2a8    0000002c     libsysbm.a : lseek.c.obj (.text.lseek)
                  0000d2d4    0000002c     ti_sysbios_config.o (.text.pthread_detach)
                  0000d300    0000002c     ti_sysbios_config.o (.text.ti_sysbios_gates_GateMutex_enter)
                  0000d32c    0000002c     ti_sysbios_config.o (.text.ti_sysbios_knl_Clock_getTicks)
                  0000d358    0000002c     ti_sysbios_config.o (.text.ti_sysbios_knl_Clock_getTimeout)
                  0000d384    0000002c     ti_sysbios_config.o (.text.ti_sysbios_knl_Task_restoreHwi)
                  0000d3b0    0000002c     libsysbm.a : unlink.c.obj (.text.unlink)
                  0000d3dc    0000002c                : write.c.obj (.text.write)
                  0000d408    0000002a     driverlib.lib : osc.o (.text.NOROM_OSCHF_TurnOnXosc)
                  0000d432    0000002a     drivers_cc13x2.a : SPICC26X2DMA.c.obj (.text.SPICC26X2DMA_swiFxn)
                  0000d45c    0000002a                      : UART2CC26X2.c.obj (.text.UART2Support_powerRelConstraint)
                  0000d486    0000002a     ti_sysbios_config.o (.text.ti_sysbios_family_arm_cc26xx_Timer_setNextTick)
                  0000d4b0    0000002a     ti_sysbios_config.o (.text.ti_sysbios_knl_Task_allBlockedFunction)
                  0000d4da    00000002     --HOLE-- [fill = 0]
                  0000d4dc    00000028     ti_sysbios_config.o (.text.BIOS_registerRTSLock)
                  0000d504    00000028     drivers_cc13x2.a : I2C.c.obj (.text.I2C_cancel)
                  0000d52c    00000028                      : List.c.obj (.text.List_remove)
                  0000d554    00000028     driverlib.lib : chipinfo.o (.text.NOROM_ChipInfo_GetChipFamily)
                  0000d57c    00000028     drivers_cc13x2.a : PowerCC26X2.c.obj (.text.PowerCC26XX_isStableXOSC_HF)
                  0000d5a4    00000028     rf_multiMode_cc13x2.a : RFCC26X2_multiMode.c.cc13x2.ticlang.o (.text.RF_cmdStoreEvents)
                  0000d5cc    00000028     drivers_cc13x2.a : SDFatFS.c.obj (.text.SDFatFS_diskInitialize)
                  0000d5f4    00000028                      : SDFatFS.c.obj (.text.SDFatFS_diskRead)
                  0000d61c    00000028                      : SDFatFS.c.obj (.text.SDFatFS_diskWrite)
                  0000d644    00000028     LSM9DS1.o (.text._ZN7LSM9DS110mReadBytesEhPht)
                  0000d66c    00000028     LSM9DS1.o (.text._ZN7LSM9DS111xgReadBytesEhPht)
                  0000d694    00000028     LSM9DS1.o (.text._ZN7LSM9DS114I2CsendreceiveEhPvtS0_t)
                  0000d6bc    00000028     LSM9DS1.o (.text._ZN7LSM9DS18calcaResEv)
                  0000d6e4    00000028     fatfs.a : ff.c.obj (.text.f_close)
                  0000d70c    00000028     sysbios.a : Hwi_asm_gnu.obj (.text.ti_sysbios_family_arm_m3_Hwi_excHandlerAsm)
                  0000d734    00000028     ti_sysbios_config.o (.text.ti_sysbios_gates_GateMutex_Instance_init)
                  0000d75c    00000028     ti_sysbios_config.o (.text.ti_sysbios_knl_Semaphore_Instance_init)
                  0000d784    00000028     ti_sysbios_config.o (.text.ti_sysbios_knl_Swi_init)
                  0000d7ac    00000028     sysbios.a : TaskSupport_asm_gnu.obj (.text.ti_sysbios_knl_TaskSupport_swap)
                  0000d7d4    00000028     ti_sysbios_config.o (.text.ti_sysbios_knl_Task_construct)
                  0000d7fc    00000028     ti_sysbios_config.o (.text.ti_sysbios_knl_Task_init)
                  0000d824    00000026     drivers_cc13x2.a : List.c.obj (.text.List_insert)
                  0000d84a    00000026                      : List.c.obj (.text.List_putHead)
                  0000d870    00000026     rf_multiMode_cc13x2.a : RFCC26X2_multiMode.c.cc13x2.ticlang.o (.text.RF_runCmd)
                  0000d896    00000026                           : RFCC26X2_multiMode.c.cc13x2.ticlang.o (.text.RF_runScheduleCmd)
                  0000d8bc    00000026     drivers_cc13x2.a : UART2CC26X2.c.obj (.text.UART2Support_powerSetConstraint)
                  0000d8e2    00000026     LSM9DS1.o (.text._ZN7LSM9DS110mWriteByteEhh)
                  0000d908    00000026     LSM9DS1.o (.text._ZN7LSM9DS111xgWriteByteEhh)
                  0000d92e    00000026     drivers_cc13x2.a : SPICC26X2DMA.c.obj (.text.flushFifos)
                  0000d954    00000024     ti_sysbios_config.o (.text.BIOS_removeRTSLock)
                  0000d978    00000024     drivers_cc13x2.a : List.c.obj (.text.List_put)
                  0000d99c    00000024                      : PowerCC26X2_helpers.c.obj (.text.PowerCC26X2_getOscHfSourceReady)
                  0000d9c0    00000024                      : PowerCC26X2_helpers.c.obj (.text.PowerCC26X2_setSubSecIncToXoscLf)
                  0000d9e4    00000024                      : PowerCC26X2_calibrateRCOSC_helpers.c.obj (.text.PowerCC26X2_writeCtrim)
                  0000da08    00000024                      : PowerCC26X2_calibrateRCOSC_helpers.c.obj (.text.PowerCC26X2_writeCtrimFract)
                  0000da2c    00000024                      : PowerCC26X2_calibrateRCOSC_helpers.c.obj (.text.PowerCC26X2_writeCtrimFractEn)
                  0000da50    00000024                      : PowerCC26X2_calibrateRCOSC_helpers.c.obj (.text.PowerCC26X2_writeRtrim)
                  0000da74    00000024                      : PowerCC26X2.c.obj (.text.Power_registerNotify)
                  0000da98    00000024     rf_multiMode_cc13x2.a : RFCC26X2_multiMode.c.cc13x2.ticlang.o (.text.RF_clkPowerUp)
                  0000dabc    00000024                           : RFCC26X2_multiMode.c.cc13x2.ticlang.o (.text.RF_hwiCpe0ChangePhy)
                  0000dae0    00000024                           : RFCC26X2_multiMode.c.cc13x2.ticlang.o (.text.RF_isStateTransitionAllowed)
                  0000db04    00000024                           : RFCC26X2_multiMode.c.cc13x2.ticlang.o (.text.RF_searchAndReplacePAOverride)
                  0000db28    00000024     ti_sysbios_config.o (.text.SemaphoreP_createBinary)
                  0000db4c    00000024     TinyGPS++.o (.text._ZL7strncpyPcPKcj)
                  0000db70    00000024     fatfs.a : diskio.c.obj (.text.disk_read)
                  0000db94    00000024             : diskio.c.obj (.text.disk_unregister)
                  0000dbb8    00000024             : diskio.c.obj (.text.disk_write)
                  0000dbdc    00000024             : ffcio.c.obj (.text.ffcio_close)
                  0000dc00    00000024     micro_sd_fat.o (.text.microsd_close_file)
                  0000dc24    00000024     drivers_cc13x2.a : SPICC26X2DMA.c.obj (.text.releaseConstraint)
                  0000dc48    00000024     micro_sd_fat.o (.text.strncat)
                  0000dc6c    00000024     ti_sysbios_config.o (.text.ti_sysbios_family_arm_m3_Hwi_construct)
                  0000dc90    00000024     ti_sysbios_config.o (.text.ti_sysbios_knl_Semaphore_create)
                  0000dcb4    00000024     ti_sysbios_config.o (.text.ti_sysbios_knl_Semaphore_destruct)
                  0000dcd8    00000024     ti_sysbios_config.o (.text.ti_sysbios_knl_Task_enter)
                  0000dcfc    00000022     drivers_cc13x2.a : List.c.obj (.text.List_get)
                  0000dd1e    00000022     rf_multiMode_cc13x2.a : RFCC26X2_multiMode.c.cc13x2.ticlang.o (.text.RF_queueEnd)
                  0000dd40    00000022     drivers_cc13x2.a : RingBuf.c.obj (.text.RingBuf_getPointer)
                  0000dd62    00000022                      : SDSPI.c.obj (.text.SDSPI_close)
                  0000dd84    00000022                      : UART2.c.obj (.text.UART2_read)
                  0000dda6    00000022     TinyGPS++.o (.text._ZN15TinyGPSLocationC2Ev)
                  0000ddc8    00000022     micro_sd_fat.o (.text.microsd_mount_sd)
                  0000ddea    00000022     micro_sd_fat.o (.text.microsd_write_block)
                  0000de0c    00000020     EasyLink.o (.text.EasyLink_getAbsTime)
                  0000de2c    00000020     ti_sysbios_config.o (.text.HwiP_clearInterrupt)
                  0000de4c    00000020     rf_multiMode_cc13x2.a : rfc.c.cc13x2.ticlang.o (.text.NOROM_RFCDoorbellSendTo)
                  0000de6c    00000020                           : rfc.c.cc13x2.ticlang.o (.text.NOROM_RFCOverrideSearch)
                  0000de8c    00000020     drivers_cc13x2.a : PowerCC26X2_helpers.c.obj (.text.PowerCC26X2_disableTCXOQual)
                  0000deac    00000020                      : PowerCC26X2_helpers.c.obj (.text.PowerCC26X2_enableTCXOQual)
                  0000decc    00000020     ti_sysbios_config.o (.text.PowerCC26XX_schedulerRestore)
                  0000deec    00000020     drivers_cc13x2.a : PowerCC26X2.c.obj (.text.Power_unregisterNotify)
                  0000df0c    00000020     rf_multiMode_cc13x2.a : RFCC26X2_multiMode.c.cc13x2.ticlang.o (.text.RF_cmdAlloc)
                  0000df2c    00000020                           : RFCC26X2_multiMode.c.cc13x2.ticlang.o (.text.RF_invokeGlobalCallback)
                  0000df4c    00000020                           : RFCC26X2_multiMode.c.cc13x2.ticlang.o (.text.RF_ratIsRunning)
                  0000df6c    00000020                           : RFCC26X2_multiMode.c.cc13x2.ticlang.o (.text.RF_setTxPower)
                  0000df8c    00000020     ti_sysbios_config.o (.text.SemaphoreP_constructBinary)
                  0000dfac    00000020     TinyGPS++.o (.text._ZN11TinyGPSPlus11parse_resetEv)
                  0000dfcc    00000020     LSM9DS1.o (.text._ZN7LSM9DS120enableFIFO_continousEv)
                  0000dfec    00000020     LSM9DS1.o (.text._ZN7LSM9DS18calcmResEv)
                  0000e00c    00000020     gps_ublox.o (.text._ZN9GPS_ublox13uart_tx_ubloxEPKct)
                  0000e02c    00000020     fatfs.a : diskio.c.obj (.text.disk_ioctl)
                  0000e04c    00000020             : ffcio.c.obj (.text.ffcio_read)
                  0000e06c    00000020             : ffcio.c.obj (.text.ffcio_write)
                  0000e08c    00000020     semaphore_AL.o (.text.semaphore_init)
                  0000e0ac    00000020     ti_sysbios_config.o (.text.ti_sysbios_family_arm_m3_Hwi_initStack)
                  0000e0cc    00000020     ti_sysbios_config.o (.text.ti_sysbios_knl_Semaphore_delete)
                  0000e0ec    00000020     ti_sysbios_config.o (.text.ti_sysbios_knl_Task_delete)
                  0000e10c    00000020     ti_sysbios_config.o (.text.ti_sysbios_knl_Task_destruct)
                  0000e12c    00000020     libclang_rt.builtins.a : floatunsidf.S.obj (.text)
                  0000e14c    0000001e     drivers_cc13x2.a : UART2.c.obj (.text.UART2_writeTimeout)
                  0000e16a    0000001e     LSM9DS1.o (.text._ZN7LSM9DS17readMagEv)
                  0000e188    0000001e     fatfs.a : ff.c.obj (.text.dir_remove)
                  0000e1a6    0000001e             : ff.c.obj (.text.mem_cmp)
                  0000e1c4    0000001e     sysbios.a : Hwi_asm_switch_gnu.obj (.text.ti_sysbios_family_arm_m3_Hwi_switchAndRunFunc)
                  0000e1e2    00000002     --HOLE-- [fill = 0]
                  0000e1e4    0000001c     ti_sysbios_config.o (.text.BIOS_rtsLock)
                  0000e200    0000001c     drivers_cc13x2.a : GPIO.c.obj (.text.GPIO_setCallback)
                  0000e21c    0000001c                      : GPIOCC26XX.c.obj (.text.GPIO_setMux)
                  0000e238    0000001c                      : PowerCC26X2.c.obj (.text.Power_getTransitionLatency)
                  0000e254    0000001c     rf_multiMode_cc13x2.a : RFCC26X2_multiMode.c.cc13x2.ticlang.o (.text.RF_clkInactivityCallback)
                  0000e270    0000001c                           : RFCC26X2_multiMode.c.cc13x2.ticlang.o (.text.RF_getPAOverrideOffsetAndValue)
                  0000e28c    0000001c                           : RFCC26X2_multiMode.c.cc13x2.ticlang.o (.text.RF_powerConstraintSet)
                  0000e2a8    0000001c                           : RFCC26X2_multiMode.c.cc13x2.ticlang.o (.text.RF_swiFsm)
                  0000e2c4    0000001c     drivers_cc13x2.a : RingBuf.c.obj (.text.RingBuf_flush)
                  0000e2e0    0000001c     task_uart0_gps.o (.text._GLOBAL__sub_I_task_uart0_gps.cpp)
                  0000e2fc    0000001c     TinyGPS++.o (.text._ZN10TinyGPSDOP7setHDOPEPKc)
                  0000e318    0000001c     TinyGPS++.o (.text._ZN10TinyGPSDOP7setPDOPEPKc)
                  0000e334    0000001c     TinyGPS++.o (.text._ZN10TinyGPSDOP7setVDOPEPKc)
                  0000e350    0000001c     LSM9DS1.o (.text._ZN7LSM9DS110enableFIFOEb)
                  0000e36c    0000001c     LSM9DS1.o (.text._ZN7LSM9DS19sleepGyroEb)
                  0000e388    0000001c     micro_sd_fat.o (.text.check_micro_sd_connected)
                  0000e3a4    0000001c     ti_sysbios_config.o (.text.free)
                  0000e3c0    0000001c     i2c_AL.o (.text.i2c_send_receive)
                  0000e3dc    0000001c     drivers_cc13x2.a : TemperatureCC26X2.c.obj (.text.setTempLowerLimit)
                  0000e3f8    0000001c                      : TemperatureCC26X2.c.obj (.text.setTempUpperLimit)
                  0000e414    0000001c     ti_sysbios_config.o (.text.ti_sysbios_knl_Clock_Instance_finalize)
                  0000e430    0000001c     ti_sysbios_config.o (.text.ti_sysbios_knl_Idle_run)
                  0000e44c    0000001c     ti_sysbios_config.o (.text.ti_sysbios_knl_Queue_put)
                  0000e468    0000001c     ti_sysbios_config.o (.text.ti_sysbios_knl_Semaphore_construct)
                  0000e484    0000001c     ti_sysbios_config.o (.text.ti_sysbios_knl_Swi_construct)
                  0000e4a0    0000001c     ti_sysbios_config.o (.text.ti_sysbios_knl_Swi_destruct)
                  0000e4bc    0000001a     drivers_cc13x2.a : I2CCC26XX.c.obj (.text.I2CCC26XX_completeTransfer)
                  0000e4d6    0000001a                      : UART2CC26X2.c.obj (.text.UART2Support_disableRx)
                  0000e4f0    0000001a     TinyGPS++.o (.text._ZN11TinyGPSPlus15parse_chararrayEPct)
                  0000e50a    0000001a     main.o (.text.main)
                  0000e524    0000001a     ti_sysbios_config.o (.text.ti_sysbios_knl_Task_sleepTimeout)
                  0000e53e    0000001a     fatfs.a : ff.c.obj (.text.unlock_fs)
                  0000e558    00000018     ti_sysbios_config.o (.text.BIOS_exitFunc)
                  0000e570    00000018     ti_sysbios_config.o (.text.BIOS_rtsUnlock)
                  0000e588    00000018     display_cc13x2.a : DisplayUart2.c.obj (.text.DisplayUart2Min_close)
                  0000e5a0    00000018     drivers_cc13x2.a : GPIOCC26XX.c.obj (.text.GPIO_disableInt)
                  0000e5b8    00000018                      : GPIOCC26XX.c.obj (.text.GPIO_enableInt)
                  0000e5d0    00000018                      : PowerCC26X2.c.obj (.text.PowerCC26XX_calibrate)
                  0000e5e8    00000018                      : PowerCC26X2.c.obj (.text.Power_idleFunc)
                  0000e600    00000018     rf_multiMode_cc13x2.a : RFCC26X2_multiMode.c.cc13x2.ticlang.o (.text.RF_ScheduleCmdParams_init)
                  0000e618    00000018                           : RFCC26X2_multiMode.c.cc13x2.ticlang.o (.text.RF_restartClockTimeout)
                  0000e630    00000018     LSM9DS1.o (.text._ZN7LSM9DS18readTempEv)
                  0000e648    00000018     ti_sysbios_config.o (.text.__time64)
                  0000e660    00000018     fatfs.a : diskio.c.obj (.text.disk_initialize)
                  0000e678    00000018             : diskio.c.obj (.text.disk_status)
                  0000e690    00000018     i2c_AL.o (.text.i2c_set)
                  0000e6a8    00000018     fatfs.a : ff.c.obj (.text.ld_clust)
                  0000e6c0    00000018     ti_sysbios_config.o (.text.pthread_attr_init)
                  0000e6d8    00000018     ti_sysbios_config.o (.text.ti_sysbios_knl_Clock_scheduleNextTick)
                  0000e6f0    00000018     ti_sysbios_config.o (.text.ti_sysbios_knl_Swi_construct2)
                  0000e708    00000018     ti_sysbios_config.o (.text.ti_sysbios_knl_Swi_or)
                  0000e720    00000018     sysbios.a : TaskSupport_asm_gnu.obj (.text.ti_sysbios_knl_TaskSupport_glue)
                  0000e738    00000018     ti_sysbios_config.o (.text.ti_sysbios_knl_Task_unblock)
                  0000e750    00000018     drivers_cc13x2.a : UART2CC26X2.c.obj (.text.uartDmaDisable)
                  0000e768    00000018                      : UART2CC26X2.c.obj (.text.uartDmaEnable)
                  0000e780    00000016     ti_drivers_config.o (.text.Board_init)
                  0000e796    00000016     display_cc13x2.a : Display.c.obj (.text.Display_doPrintf)
                  0000e7ac    00000016     ti_sysbios_config.o (.text.HwiP_interruptsEnabled)
                  0000e7c2    00000016     ti_sysbios_config.o (.text.HwiP_setFunc)
                  0000e7d8    00000016     drivers_cc13x2.a : List.c.obj (.text.List_clearList)
                  0000e7ee    00000016     TinyGPS++.o (.text.OUTLINED_FUNCTION_2)
                  0000e804    00000016     fatfs.a : ff.c.obj (.text.clst2sect)
                  0000e81a    00000016             : ffsystem.c.obj (.text.ff_cre_syncobj)
                  0000e830    00000016     ti_sysbios_config.o (.text.ti_sysbios_knl_Clock_start)
                  0000e846    00000002     --HOLE-- [fill = 0]
                  0000e848    00000014     drivers_cc13x2.a : GPIOCC26XX.c.obj (.text.GPIO_read)
                  0000e85c    00000014                      : GPIO.c.obj (.text.GPIO_setUserArg)
                  0000e870    00000014                      : I2CCC26XX.c.obj (.text.I2CCC26XX_postNotify)
                  0000e884    00000014                      : SPICC26X2DMA.c.obj (.text.OUTLINED_FUNCTION_0)
                  0000e898    00000014     rf_multiMode_cc13x2.a : RFCC26X2_multiMode.c.cc13x2.ticlang.o (.text.RF_dbellSyncOnAck)
                  0000e8ac    00000014     ti_sysbios_config.o (.text.SwiP_disable)
                  0000e8c0    00000014     drivers_cc13x2.a : TemperatureCC26X2.c.obj (.text.Temperature_getTemperature)
                  0000e8d4    00000014                      : UART2CC26X2.c.obj (.text.UART2CC26X2_postNotifyFxn)
                  0000e8e8    00000014     TinyGPS++.o (.text._ZL6strcmpPKcS0_)
                  0000e8fc    00000014     LSM9DS1.o (.text._ZN7LSM9DS114getFIFOSamplesEv)
                  0000e910    00000014     libc.a : args_main.c.obj (.text._args_main)
                  0000e924    00000014            : fwrite.c.obj (.text.memchr)
                  0000e938    00000014     ti_sysbios_config.o (.text.pthread_attr_setschedparam)
                  0000e94c    00000014     drivers_cc13x2.a : SDSPI.c.obj (.text.spiTransfer)
                  0000e960    00000014     ti_sysbios_config.o (.text.ti_sysbios_family_arm_m3_Hwi_switchFromBootStack)
                  0000e974    00000014     ti_sysbios_config.o (.text.ti_sysbios_runtime_Error_init)
                  0000e988    00000014     libclang_rt.builtins.a : aeabi_ldivmod.S.obj (.text)
                  0000e99c    00000014                            : aeabi_memset.S.obj (.text)
                  0000e9b0    00000014                            : aeabi_uldivmod.S.obj (.text)
                  0000e9c4    00000012     drivers_cc13x2.a : I2C.c.obj (.text.I2C_transfer)
                  0000e9d6    00000012     EasyLink.o (.text.OUTLINED_FUNCTION_0)
                  0000e9e8    00000012     EasyLink.o (.text.OUTLINED_FUNCTION_1)
                  0000e9fa    00000012     drivers_cc13x2.a : SDSPI.c.obj (.text.OUTLINED_FUNCTION_1)
                  0000ea0c    00000012     TinyGPS++.o (.text.OUTLINED_FUNCTION_3)
                  0000ea1e    00000012     LSM9DS1.o (.text._ZN7LSM9DS19calcAccelEs)
                  0000ea30    00000012     ti_sysbios_config.o (.text._pthread_runStub)
                  0000ea42    00000012     fatfs.a : ffsystem.c.obj (.text.ff_req_grant)
                  0000ea54    00000012             : ff.c.obj (.text.st_clust)
                  0000ea66    00000012     ti_sysbios_config.o (.text.ti_sysbios_hal_Seconds_set)
                  0000ea78    00000012     libc.a : memcpy_t2.S.obj (.text:TI_memcpy_small)
                  0000ea8a    00000010     EasyLink.o (.text.ChipInfo_ChipFamilyIs_CC13x2_CC26x2)
                  0000ea9a    00000010     EasyLink.o (.text.ChipInfo_ChipFamilyIs_CC13x2x7_CC26x2x7)
                  0000eaaa    00000010     EasyLink.o (.text.ChipInfo_ChipFamilyIs_CC26x0R2)
                  0000eaba    00000002     --HOLE-- [fill = 0]
                  0000eabc    00000010     ti_sysbios_config.o (.text.ClockP_getCpuFreq)
                  0000eacc    00000010     EasyLink.o (.text.EasyLink_Params_init)
                  0000eadc    00000010     drivers_cc13x2.a : GPIO.c.obj (.text.GPIO_getUserArg)
                  0000eaec    00000010                      : GPIOCC26XX.c.obj (.text.GPIO_write)
                  0000eafc    00000010     ti_sysbios_config.o (.text.HwiP_Params_init)
                  0000eb0c    00000010     ti_sysbios_config.o (.text.HwiP_post)
[...]
0000edf1  NOROM_CPUcpsie                                                     
0000ee15  PowerCC26X2_oscClockSourceGet                                      
0000ee21  PowerCC26X2_setPeriphDeepSleepEnable                               
0000ee2d  PowerCC26X2_sysCtrlGetResetSource                                  
0000ee39  PowerCC26X2_sysCtrlVoltageConditionalControl                       
0000ee45  Power_getConstraintMask                                            
0000ee51  RF_Params_init                                                     
0000ee5d  SPI_Params_init                                                    
0000ee69  SemaphoreP_delete                                                  
0000ee75  SwiP_getTrigger                                                    
0000ee81  UART2Support_disableTx                                             
0000ee8d  UART2Support_enableRx                                              
0000ee99  UART2Support_enableTx                                              
0000eea5  UART2_Params_init                                                  
0000eebd  _ZN9GPS_ublox4initEP11uart_structP11gpio_struct                    
0000eec9  _register_lock                                                     
0000eed5  _register_unlock                                                   
0000eee1  pthread_attr_setdetachstate                                        
0000eef9  ti_sysbios_heaps_HeapMem_init                                      
0000ef05  ti_sysbios_knl_ClockSupport_setNextTick                            
0000ef11  ti_sysbios_knl_Clock_tick                                          
0000ef1d  ClockP_Params_init                                                 
0000ef4f  PowerCC26X2_sysCtrlStandby                                         
0000ef59  SPICC26X2DMA_init                                                  
0000ef63  SemaphoreP_pend                                                    
0000ef6d  UDMACC26XX_hwiIntFxn                                               
0000ef77  _ZN9GPS_ublox7gpio_onEv                                            
0000ef81  _ZN9GPS_ublox8gpio_offEv                                           
0000ef8b  ff_del_syncobj                                                     
0000ef95  semaphore_trytotake                                                
0000ef9f  ti_sysbios_knl_Semaphore_Params_init                               
0000efb1  I2CSupport_masterFinish                                            
0000efb9  NOROM_CPUdelay                                                     
0000efe1  PowerCC26X2_oschfTrySwitchToXosc                                   
0000efe9  _ZN9GPS_ublox13uart_rx_ubloxEPKct                                  
0000eff1  _ZN9GPS_ublox7recieveEv                                            
0000eff9  __aeabi_errno_addr                                                 
0000f019  gpio_set                                                           
0000f021  pthread_attr_setstack                                              
0000f029  rewind                                                             
0000f031  ti_sysbios_runtime_System_exit                                     
0000f039  uart_recieve                                                       
0000f041  uart_send                                                          
0000f049  ClockP_stop                                                        
0000f04f  DisplayUart2Min_control                                            
0000f055  DisplayUart2Min_getType                                            
0000f05b  HwiP_restore                                                       
0000f061  I2CSupport_powerRelConstraint                                      
0000f067  I2CSupport_powerSetConstraint                                      
0000f097  SDSPI_control                                                      
0000f09d  SDSPI_getSectorSize                                                
0000f0a3  SD_close                                                           
0000f0a9  SD_getNumSectors                                                   
0000f0af  SD_getSectorSize                                                   
0000f0b5  SD_initialize                                                      
0000f0bb  SPI_close                                                          
0000f0c1  SPI_transfer                                                       
0000f0c7  gpio_write                                                         
0000f0cd  i2c_set_slave_addres                                               
0000f0d9  semaphore_release                                                  
0000f0df  semaphore_trytotake_time                                           
0000f0e5  ti_sysbios_family_arm_m3_Hwi_destruct                              
0000f0eb  ti_sysbios_family_arm_m3_Hwi_doSwiRestore                          
0000f0f1  ti_sysbios_family_arm_m3_Hwi_doTaskRestore                         
0000f0f7  ti_sysbios_knl_Idle_loop                                           
0000f0fd  ti_sysbios_knl_Swi_startup                                         
0000f103  ti_sysbios_knl_Task_enable                                         
0000f109  ClockP_isActive                                                    
0000f10d  ClockP_setTimeout                                                  
0000f111  ClockP_start                                                       
0000f115  HwiP_destruct                                                      
0000f119  HwiP_disableInterrupt                                              
0000f11d  HwiP_enableInterrupt                                               
0000f121  NOROM_RFCOverrideUpdate                                            
0000f125  PowerCC26X2_oschfSwitchToRcosc                                     
0000f129  PowerCC26X2_sysCtrlIdle                                            
0000f12d  PowerCC26X2_turnOnXosc                                             
0000f131  RF_defaultExecutionPolicy                                          
0000f135  ResetISR                                                           
0000f139  RingBuf_getCount                                                   
0000f13d  SemaphoreP_destruct                                                
0000f141  SemaphoreP_post                                                    
0000f145  SwiP_destruct                                                      
0000f149  SwiP_or                                                            
0000f14d  SwiP_post                                                          
0000f151  SwiP_restore                                                       
0000f155  SystemP_vsnprintf                                                  
0000f159  _ZN9GPS_ublox7turn_onEv                                            
0000f15d  _ZN9GPS_ublox8turn_offEv                                           
0000f161  _system_post_cinit                                                 
0000f165  _system_pre_init                                                   
0000f16d  ff_rel_grant                                                       
0000f171  fseek                                                              
0000f175  get_fattime                                                        
0000f17d  malloc                                                             
0000f185  remove                                                             
0000f189  ti_sysbios_heaps_HeapMem_isBlocking                                
0000f18d  __aeabi_memcpy                                                     
0000f18d  __aeabi_memcpy4                                                    
0000f18d  __aeabi_memcpy8                                                    
000100a0  __aeabi_ctype_table_                                               
000100a0  __aeabi_ctype_table_C                                              
000104d1  Display_count                                                      
000104d2  resourceDB                                                         
00010573  first_writting                                                     
000105bc  spiCC26X2DMAHWAttrs                                                
0001065c  SDSPI_fxnTable                                                     
00010680  UART2_defaultParams                                                
000106c8  DisplayUart2Min_fxnTable                                           
000106e8  SPI_defaultParams                                                  
00010764  SPICC26X2DMA_fxnTable                                              
000107ac  i2cCC26xxHWAttrs                                                   
000107f3  Display_defaultParams                                              
000107f4  PowerCC26X2_config                                                 
00010808  displayUart2HWAttrs                                                
00010840  GPIO_config                                                        
00010850  UART2_config                                                       
00010900  Display_config                                                     
0001090c  RFCC26XX_hwAttrs                                                   
00010918  SD_config                                                          
00010924  SPI_config                                                         
0001095c  I2C_config                                                         
00010964  UDMACC26XX_config                                                  
00010974  ti_sysbios_knl_Idle_funcList                                       
0001097c  udmaCC26XXHWAttrs                                                  
00010993  EasyLink_numSupportedPhys                                          
00010994  SDFatFS_config                                                     
00010998  SD_defaultParams                                                   
000109a8  ti_sysbios_family_arm_m3_Hwi_swiTaskKeyAddress                     
000109ac  ti_sysbios_knl_Clock_tickPeriod                                    
000109b2  GPIO_pinLowerBound                                                 
000109b3  GPIO_pinUpperBound                                                 
000109b4  I2C_count                                                          
000109b5  SDFatFS_count                                                      
000109b6  SD_count                                                           
000109b7  SPI_count                                                          
000109b8  TemperatureCC26X2_config                                           
000109b9  UART2_count                                                        
000109bc  SHT$$INIT_ARRAY$$Base                                              
000109c4  SHT$$INIT_ARRAY$$Limit                                             
000109c4  __c_args__                                                         
00010d0c  __TI_Handler_Table_Base                                            
00010d18  __TI_Handler_Table_Limit                                           
00010d60  __TI_CINIT_Base                                                    
00010db0  .ARM.exidx$$Base                                                   
00010db0  __TI_CINIT_Limit                                                   
00010db0  __TI_CINIT_Warm                                                    
00010db0  __TI_UNWIND_TABLE_START                                            
00010db8  .ARM.exidx$$Limit                                                  
00010db8  __TI_UNWIND_TABLE_END                                              
00057fa8  __ccfg                                                             
20000000  __start___llvm_prf_bits                                            
20000000  __start___llvm_prf_cnts                                            
20000000  __stop___llvm_prf_bits                                             
20000000  __stop___llvm_prf_cnts                                             
20000000  ti_sysbios_family_arm_m3_Hwi_ramVectors                            
200079c0  microsd_write_buffer                                               
200089c0  ti_sysbios_knl_Idle_taskStack                                      
200095c0  uart2CC26X2Objects                                                 
20009b60  sdfatfsObjects                                                     
20009da0  i2cCC26xxObjects                                                   
20009ee0  _CIOBUF_                                                           
20009ee0  __CIOBUF_                                                          
2000a100  spiCC26X2DMAObjects                                                
2000a200  ti_sysbios_family_arm_m3_Hwi_dispatchTable                         
2000a2d8  __TI_tmpnams                                                       
2000a404  display                                                            
2000a490  ti_sysbios_knl_Task_readyQs                                        
2000a510  gpioCallbackFunctions                                              
2000a58c  gpioUserArgs                                                       
2000a670  ti_sysbios_knl_ClockSupport_timerStruct                            
2000a6d0  ti_sysbios_knl_Idle_taskStruct                                     
2000a880  ti_sysbios_knl_Swi_readyQs                                         
2000a8b0  BIOS_heapMemObject                                                 
2000a904  BIOS_rtsGate                                                       
2000a92c  ti_sysbios_heaps_HeapMem_gate                                      
2000a9b4  ti_sysbios_runtime_System_atexitHandlers                           
2000a9d4  udmaCC26XXObject                                                   
2000aa48  ti_sysbios_hal_Seconds_Module_state                                
2000aa6c  displayUart2Object                                                 
2000aa78  sdspiObjects                                                       
2000aa8c  parmbuf                                                            
2000aaa4  PowerCC26XX_swiKey                                                 
2000aaa8  PowerCC26XX_taskKey                                                
2000aaac  ti_sysbios_family_arm_cc26xx_TimestampProvider_Module_state        
2000aab0  ti_sysbios_knl_Task_defaultStackHeap                               
2000aab8  __primary_heap_start__                                             
2000eab8  __primary_heap_end__                                               
200106b8  temperature_buffer                                                 
20010908  imu                                                                
20010ce0  PowerCC26X2_module                                                 
20010f8c  _ftable                                                            
2001107c  txPacket                                                           
20011188  gpioPinConfigs                                                     
20011204  _device                                                            
2001127c  taskdata_i2c0_imu_accgyro                                          
200112f4  taskdata_i2c0_imu_mag                                              
2001136c  taskdata_rfsub_keep_alive                                          
200113e4  taskdata_spi0_microsd                                              
2001145c  taskdata_temp                                                      
200114d4  taskdata_uart0_gps                                                 
200115b8  BIOS_Module_state                                                  
200115e4  ti_sysbios_family_arm_m3_Hwi_Module_state                          
20011620  ti_sysbios_runtime_Startup_done                                    
20011623  ti_sysbios_knl_Idle_initDone                                       
20011624  ti_sysbios_runtime_Memory_defaultHeapInstance                      
2001163c  ti_sysbios_runtime_Error_ignore                                    
20011648  ti_sysbios_family_arm_cc26xx_Timer_Module_state                    
20011654  ti_sysbios_runtime_System_Module_state                             
20011660  ti_sysbios_knl_Swi_Module_state                                    
20011688  ti_sysbios_knl_Clock_Module_state                                  
200117b8  txPowerTable_169                                                   
200118c4  gps_messages_amount                                                
200118c8  pGPS_messages                                                      
200118d0  gpio_gps                                                           
200118e0  uart0_gps                                                          
20011914  _stream                                                            
20011a00  sem_i2c0                                                           
20011a24  sem_spi0_microsd                                                   
20011ac8  ti_sysbios_knl_Task_Module_state                                   
20011b04  RF_cmdPropRxAdv                                                    
20011b34  pOverrides                                                         
20011b64  RF_cmdPropRadioDivSetup                                            
20011b8c  EasyLink_supportedPhys                                             
20011bf8  RF_cmdFs                                                           
20011c10  RF_cmdPropTx                                                       
20011c28  task_data_p                                                        
20011c68  GPGSA_count                                                        
20011c78  GPRMC_count                                                        
20011c88  RF_prop                                                            
20011c98  _hposcCoeffs                                                       
20011ca8  _tz                                                                
20011cb8  __TI_cleanup_ptr                                                   
20011cbc  __TI_dtors_ptr                                                     
20011cc8  RFCC26XX_schedulerPolicy                                           
20011cd0  ti_sysbios_gates_GateMutex_Module_state                            
20011cd8  ti_sysbios_heaps_HeapMem_Module_state                              
20011ce0  ti_sysbios_knl_Semaphore_Module_state                              
20011cec  __TI_ft_end                                                        
20011cf0  __aeabi_errno                                                      
20011cf4  _lock                                                              
20011cf8  _unlock                                                            
20013a00  __stack                                                            
20014000  __STACK_END                                                        
ffffffff  __TI_pprof_out_hndl                                                
ffffffff  __TI_prof_data_size                                                
ffffffff  __TI_prof_data_start                                               
ffffffff  __binit__                                                          
ffffffff  binit                                                              
UNDEFED   ITM_flush                                                          
UNDEFED   ITM_restore                                                        
UNDEFED   __mpu_init                                                         

[792 symbols]
